06-19 18:35:05.143 27434 27434 I A       : Trimming objects from memory, since app is in the background.
06-19 18:35:05.144  1777  4346 I ProcessManager: OneKeyClean: kill com.google.android.permissioncontroller Adj=905 State=19
06-19 18:35:05.144  2821  2821 E Launcher: changeViewByFsGestureState,  view=ShortcutMenuLayer,  alpha=0.0075295568,  scale=0.75137
06-19 18:35:05.144  1777  4346 I ActivityManager: Killing 32507:com.google.android.permissioncontroller/u0a94 (adj 905): OneKeyClean
06-19 18:35:05.145  1777  4346 I Process : PerfMonitor : current process sending signal quiet. PID: 32507 SIG: 9
06-19 18:35:05.145 23989 23989 I A       : Trimming objects from memory, since app is in the background.
06-19 18:35:05.148   988   988 I ANDR-PERF-LM: LMPerfGlue: perfmodule_submit_request() 132: perfmodule_submit_request()
06-19 18:35:05.148   988   988 I ANDR-PERF-LM: Core: getInstance() 84: LM getInstance
06-19 18:35:05.148   988   988 I ANDR-PERF-LM: WQ: push() 59: LMTriggerQ push() size=0
06-19 18:35:05.148   988   988 I ANDR-PERF-LM: WQ: push() 61: LMTriggerQ push() done size=1
06-19 18:35:05.148   988  1035 I ANDR-PERF-LM: WQ: pop() 42: LMTriggerQ pop() done size=0
06-19 18:35:05.148   988  1035 I ANDR-PERF-LM: Core: lmMain() 381: Calling runAsync for PreKill
06-19 18:35:05.148  1777  4346 I ProcessManager: OneKeyClean: kill com.xiaomi.discover Adj=905 State=19
06-19 18:35:05.148  1777  4346 I ActivityManager: Killing 1143:com.xiaomi.discover/u0a109 (adj 905): OneKeyClean
06-19 18:35:05.148   988  1035 I ANDR-PERF-LM: Core: lmMain() 391: runAsync for PreKill returned
06-19 18:35:05.148   988  1035 I ANDR-PERF-LM: Core: lmMain() 373: Waiting on trigger Queue
06-19 18:35:05.148   988  1035 I ANDR-PERF-LM: WQ: pop() 31: LMTriggerQ pop() size=0
06-19 18:35:05.148  1777  4346 I Process : PerfMonitor : current process sending signal quiet. PID: 1143 SIG: 9
06-19 18:35:05.149   988   988 I ANDR-PERF-LM: LMPerfGlue: perfmodule_submit_request() 132: perfmodule_submit_request()
06-19 18:35:05.149   988   988 I ANDR-PERF-LM: Core: getInstance() 84: LM getInstance
06-19 18:35:05.149   988   988 I ANDR-PERF-LM: WQ: push() 59: LMTriggerQ push() size=0
06-19 18:35:05.149   988   988 I ANDR-PERF-LM: WQ: push() 61: LMTriggerQ push() done size=1
06-19 18:35:05.149   988  1035 I ANDR-PERF-LM: WQ: pop() 42: LMTriggerQ pop() done size=0
06-19 18:35:05.149   988  1035 I ANDR-PERF-LM: Core: lmMain() 381: Calling runAsync for PreKill
06-19 18:35:05.149  1777  4346 I ProcessManager: OneKeyClean: kill com.miui.msa.global Adj=100 State=8
06-19 18:35:05.149  1777  4346 I ActivityManager: Killing 32285:com.miui.msa.global/u0a118 (adj 100): OneKeyClean
06-19 18:35:05.150  1777  4346 I Process : PerfMonitor : current process sending signal quiet. PID: 32285 SIG: 9
06-19 18:35:05.150   988  1035 I ANDR-PERF-LM: Core: lmMain() 391: runAsync for PreKill returned
06-19 18:35:05.150   988  1035 I ANDR-PERF-LM: Core: lmMain() 373: Waiting on trigger Queue
06-19 18:35:05.150   988  1035 I ANDR-PERF-LM: WQ: pop() 31: LMTriggerQ pop() size=0
06-19 18:35:05.150   988   988 I ANDR-PERF-LM: LMPerfGlue: perfmodule_submit_request() 132: perfmodule_submit_request()
06-19 18:35:05.150   988   988 I ANDR-PERF-LM: Core: getInstance() 84: LM getInstance
06-19 18:35:05.150   988   988 I ANDR-PERF-LM: WQ: push() 59: LMTriggerQ push() size=0
06-19 18:35:05.150   988   988 I ANDR-PERF-LM: WQ: push() 61: LMTriggerQ push() done size=1
06-19 18:35:05.150   988  1035 I ANDR-PERF-LM: WQ: pop() 42: LMTriggerQ pop() done size=0
06-19 18:35:05.150   988  1035 I ANDR-PERF-LM: Core: lmMain() 381: Calling runAsync for PreKill
06-19 18:35:05.150  1777  4346 I ProcessManager: OneKeyClean: kill com.miui.analytics Adj=100 State=4
06-19 18:35:05.150  1777  4346 I ActivityManager: Killing 30968:com.miui.analytics/u0a100 (adj 100): OneKeyClean
06-19 18:35:05.150   988  1035 I ANDR-PERF-LM: Core: lmMain() 391: runAsync for PreKill returned
06-19 18:35:05.150   988  1035 I ANDR-PERF-LM: Core: lmMain() 373: Waiting on trigger Queue
06-19 18:35:05.150   988  1035 I ANDR-PERF-LM: WQ: pop() 31: LMTriggerQ pop() size=0
06-19 18:35:05.150  1777  4346 I Process : PerfMonitor : current process sending signal quiet. PID: 30968 SIG: 9
06-19 18:35:05.151   988   988 I ANDR-PERF-LM: LMPerfGlue: perfmodule_submit_request() 132: perfmodule_submit_request()
06-19 18:35:05.151   988   988 I ANDR-PERF-LM: Core: getInstance() 84: LM getInstance
06-19 18:35:05.151   988   988 I ANDR-PERF-LM: WQ: push() 59: LMTriggerQ push() size=0
06-19 18:35:05.151   988   988 I ANDR-PERF-LM: WQ: push() 61: LMTriggerQ push() done size=1
06-19 18:35:05.153   988  1035 I ANDR-PERF-LM: WQ: pop() 42: LMTriggerQ pop() done size=0
06-19 18:35:05.153   988  1035 I ANDR-PERF-LM: Core: lmMain() 381: Calling runAsync for PreKill
06-19 18:35:05.153   988  1035 I ANDR-PERF-LM: Core: lmMain() 391: runAsync for PreKill returned
06-19 18:35:05.153   988  1035 I ANDR-PERF-LM: Core: lmMain() 373: Waiting on trigger Queue
06-19 18:35:05.153   988  1035 I ANDR-PERF-LM: WQ: pop() 31: LMTriggerQ pop() size=0
06-19 18:35:05.158  1777  4346 I ProcessManager: OneKeyClean: kill com.android.vending Adj=915 State=19
06-19 18:35:05.158  1777  4346 I ActivityManager: Killing 31896:com.android.vending/u0a179 (adj 915): OneKeyClean
06-19 18:35:05.158  1777  4346 I Process : PerfMonitor : current process sending signal quiet. PID: 31896 SIG: 9
06-19 18:35:05.159   988   988 I ANDR-PERF-LM: LMPerfGlue: perfmodule_submit_request() 132: perfmodule_submit_request()
06-19 18:35:05.159   988   988 I ANDR-PERF-LM: Core: getInstance() 84: LM getInstance
06-19 18:35:05.159   988   988 I ANDR-PERF-LM: WQ: push() 59: LMTriggerQ push() size=0
06-19 18:35:05.159   988   988 I ANDR-PERF-LM: WQ: push() 61: LMTriggerQ push() done size=1
06-19 18:35:05.159   988  1035 I ANDR-PERF-LM: WQ: pop() 42: LMTriggerQ pop() done size=0
06-19 18:35:05.159   988  1035 I ANDR-PERF-LM: Core: lmMain() 381: Calling runAsync for PreKill
06-19 18:35:05.159   988  1035 I ANDR-PERF-LM: Core: lmMain() 391: runAsync for PreKill returned
06-19 18:35:05.159   988  1035 I ANDR-PERF-LM: Core: lmMain() 373: Waiting on trigger Queue
06-19 18:35:05.159   988  1035 I ANDR-PERF-LM: WQ: pop() 31: LMTriggerQ pop() size=0
06-19 18:35:05.159  1777  4346 I ProcessManager: OneKeyClean: kill com.xiaomi.simactivate.service Adj=915 State=19
06-19 18:35:05.159  1777  4346 I ActivityManager: Killing 845:com.xiaomi.simactivate.service/u0a154 (adj 915): OneKeyClean
06-19 18:35:05.159  1777  4346 I Process : PerfMonitor : current process sending signal quiet. PID: 845 SIG: 9
06-19 18:35:05.160   988   988 I ANDR-PERF-LM: LMPerfGlue: perfmodule_submit_request() 132: perfmodule_submit_request()
06-19 18:35:05.160   988   988 I ANDR-PERF-LM: Core: getInstance() 84: LM getInstance
06-19 18:35:05.160   988   988 I ANDR-PERF-LM: WQ: push() 59: LMTriggerQ push() size=0
06-19 18:35:05.160   988   988 I ANDR-PERF-LM: WQ: push() 61: LMTriggerQ push() done size=1
06-19 18:35:05.160   988  1035 I ANDR-PERF-LM: WQ: pop() 42: LMTriggerQ pop() done size=0
06-19 18:35:05.160   988  1035 I ANDR-PERF-LM: Core: lmMain() 381: Calling runAsync for PreKill
06-19 18:35:05.160  1777  4346 I ProcessManager: OneKeyClean: kill com.miui.cloudservice Adj=925 State=19
06-19 18:35:05.160  1777  4346 I ActivityManager: Killing 608:com.miui.cloudservice/u0a120 (adj 925): OneKeyClean
06-19 18:35:05.160   988  1035 I ANDR-PERF-LM: Core: lmMain() 391: runAsync for PreKill returned
06-19 18:35:05.160   988  1035 I ANDR-PERF-LM: Core: lmMain() 373: Waiting on trigger Queue
06-19 18:35:05.160   988  1035 I ANDR-PERF-LM: WQ: pop() 31: LMTriggerQ pop() size=0
06-19 18:35:05.160  1777  4346 I Process : PerfMonitor : current process sending signal quiet. PID: 608 SIG: 9
06-19 18:35:05.161   988   988 I ANDR-PERF-LM: LMPerfGlue: perfmodule_submit_request() 132: perfmodule_submit_request()
06-19 18:35:05.161   988   988 I ANDR-PERF-LM: Core: getInstance() 84: LM getInstance
06-19 18:35:05.161   988   988 I ANDR-PERF-LM: WQ: push() 59: LMTriggerQ push() size=0
06-19 18:35:05.161   988   988 I ANDR-PERF-LM: WQ: push() 61: LMTriggerQ push() done size=1
06-19 18:35:05.161   988  1035 I ANDR-PERF-LM: WQ: pop() 42: LMTriggerQ pop() done size=0
06-19 18:35:05.161   988  1035 I ANDR-PERF-LM: Core: lmMain() 381: Calling runAsync for PreKill
06-19 18:35:05.161  1777  4346 I ProcessManager: OneKeyClean: kill com.android.settings Adj=915 State=10
06-19 18:35:05.161  1777  4346 I ActivityManager: Killing 31066:com.android.settings/1000 (adj 915): OneKeyClean
06-19 18:35:05.161  2821  2821 E Launcher: changeViewByFsGestureState,  view=ShortcutMenuLayer,  alpha=0.0020971298,  scale=0.7503816
06-19 18:35:05.161  1777  4346 I Process : PerfMonitor : current process sending signal quiet. PID: 31066 SIG: 9
06-19 18:35:05.162   988   988 I ANDR-PERF-LM: LMPerfGlue: perfmodule_submit_request() 132: perfmodule_submit_request()
06-19 18:35:05.162   988   988 I ANDR-PERF-LM: Core: getInstance() 84: LM getInstance
06-19 18:35:05.162   988   988 I ANDR-PERF-LM: WQ: push() 59: LMTriggerQ push() size=0
06-19 18:35:05.162   988   988 I ANDR-PERF-LM: WQ: push() 61: LMTriggerQ push() done size=1
06-19 18:35:05.162  1777  4346 I ProcessManager: OneKeyClean: kill com.google.process.gservices Adj=935 State=19
06-19 18:35:05.162  1777  4346 I ActivityManager: Killing 31105:com.google.process.gservices/u0a190 (adj 935): OneKeyClean
06-19 18:35:05.163   988  1035 I ANDR-PERF-LM: Core: lmMain() 391: runAsync for PreKill returned
06-19 18:35:05.163   988  1035 I ANDR-PERF-LM: Core: lmMain() 373: Waiting on trigger Queue
06-19 18:35:05.163   988  1035 I ANDR-PERF-LM: WQ: pop() 31: LMTriggerQ pop() size=1
06-19 18:35:05.163   988  1035 I ANDR-PERF-LM: WQ: pop() 42: LMTriggerQ pop() done size=0
06-19 18:35:05.163   988  1035 I ANDR-PERF-LM: Core: lmMain() 381: Calling runAsync for PreKill
06-19 18:35:05.163   988  1035 I ANDR-PERF-LM: FeatureState: readState() 162: PreKill: DB: com.android.settings app state = 1
06-19 18:35:05.163   988  1035 I ANDR-PERF-LM: Core: lmMain() 391: runAsync for PreKill returned
06-19 18:35:05.163   988  1035 I ANDR-PERF-LM: Core: lmMain() 373: Waiting on trigger Queue
06-19 18:35:05.163   988  1035 I ANDR-PERF-LM: WQ: pop() 31: LMTriggerQ pop() size=0
06-19 18:35:05.167  1777  4346 I Process : PerfMonitor : current process sending signal quiet. PID: 31105 SIG: 9
06-19 18:35:05.168   988   988 I ANDR-PERF-LM: LMPerfGlue: perfmodule_submit_request() 132: perfmodule_submit_request()
06-19 18:35:05.168   988   988 I ANDR-PERF-LM: Core: getInstance() 84: LM getInstance
06-19 18:35:05.168   988   988 I ANDR-PERF-LM: WQ: push() 59: LMTriggerQ push() size=0
06-19 18:35:05.168   988   988 I ANDR-PERF-LM: WQ: push() 61: LMTriggerQ push() done size=1
06-19 18:35:05.168   988  1035 I ANDR-PERF-LM: WQ: pop() 42: LMTriggerQ pop() done size=0
06-19 18:35:05.168   988  1035 I ANDR-PERF-LM: Core: lmMain() 381: Calling runAsync for PreKill
06-19 18:35:05.168  1777  4346 I ProcessManager: OneKeyClean: kill com.google.android.packageinstaller Adj=935 State=19
06-19 18:35:05.168  1777  4346 I ActivityManager: Killing 835:com.google.android.packageinstaller/u0a92 (adj 935): OneKeyClean
06-19 18:35:05.168   988  1035 I ANDR-PERF-LM: Core: lmMain() 391: runAsync for PreKill returned
06-19 18:35:05.168   988  1035 I ANDR-PERF-LM: Core: lmMain() 373: Waiting on trigger Queue
06-19 18:35:05.168   988  1035 I ANDR-PERF-LM: WQ: pop() 31: LMTriggerQ pop() size=0
06-19 18:35:05.168  1777  4346 I Process : PerfMonitor : current process sending signal quiet. PID: 835 SIG: 9
06-19 18:35:05.168   988   988 I ANDR-PERF-LM: LMPerfGlue: perfmodule_submit_request() 132: perfmodule_submit_request()
06-19 18:35:05.168   988   988 I ANDR-PERF-LM: Core: getInstance() 84: LM getInstance
06-19 18:35:05.168   988   988 I ANDR-PERF-LM: WQ: push() 59: LMTriggerQ push() size=0
06-19 18:35:05.168   988   988 I ANDR-PERF-LM: WQ: push() 61: LMTriggerQ push() done size=1
06-19 18:35:05.169   988  1035 I ANDR-PERF-LM: WQ: pop() 42: LMTriggerQ pop() done size=0
06-19 18:35:05.169   988  1035 I ANDR-PERF-LM: Core: lmMain() 381: Calling runAsync for PreKill
06-19 18:35:05.169   988  1035 I ANDR-PERF-LM: Core: lmMain() 391: runAsync for PreKill returned
06-19 18:35:05.169   988  1035 I ANDR-PERF-LM: Core: lmMain() 373: Waiting on trigger Queue
06-19 18:35:05.169   988  1035 I ANDR-PERF-LM: WQ: pop() 31: LMTriggerQ pop() size=0
06-19 18:35:05.169   822   822 I Zygote  : Process 1880 exited due to signal 9 (Killed)
06-19 18:35:05.169   988   988 I ANDR-PERF-LM: LMPerfGlue: perfmodule_submit_request() 132: perfmodule_submit_request()
06-19 18:35:05.169   988   988 I ANDR-PERF-LM: Core: getInstance() 84: LM getInstance
06-19 18:35:05.169   988   988 I ANDR-PERF-LM: WQ: push() 59: LMTriggerQ push() size=0
06-19 18:35:05.169   988   988 I ANDR-PERF-LM: WQ: push() 61: LMTriggerQ push() done size=1
06-19 18:35:05.170   988  1035 I ANDR-PERF-LM: WQ: pop() 42: LMTriggerQ pop() done size=0
06-19 18:35:05.170   988  1035 I ANDR-PERF-LM: Core: lmMain() 381: Calling runAsync for PreKill
06-19 18:35:05.170   988  1035 I ANDR-PERF-LM: Core: lmMain() 391: runAsync for PreKill returned
06-19 18:35:05.170   988  1035 I ANDR-PERF-LM: Core: lmMain() 373: Waiting on trigger Queue
06-19 18:35:05.170   988  1035 I ANDR-PERF-LM: WQ: pop() 31: LMTriggerQ pop() size=0
06-19 18:35:05.171   992   992 I vendor.qti.hardware.servicetracker@1.2-service: killProcess is called for pid : 1880
06-19 18:35:05.172  5762 27145 I com.xiaomi.xms: oneway function results will be dropped but finished with status UNKNOWN_TRANSACTION and parcel size 0
06-19 18:35:05.174  2821  2821 I ActivityThread: Removing dead content provider:android.content.ContentProviderProxy@f62b88d
06-19 18:35:05.178  2821  2821 E Launcher: changeViewByFsGestureState,  view=ShortcutMenuLayer,  alpha=2.1600723E-4,  scale=0.75003934
06-19 18:35:05.174  2821  2821 I ActivityThread: Removing dead content provider:android.content.ContentProviderProxy@f62b88d
06-19 18:35:05.185  1777  4346 I ProcessManager: OneKeyClean: kill com.miui.cleaner Adj=905 State=19
06-19 18:35:05.185  1777  4346 I ActivityManager: Killing 32479:com.miui.cleaner/u0a21 (adj 905): OneKeyClean
06-19 18:35:05.185  1777  4346 I Process : PerfMonitor : current process sending signal quiet. PID: 32479 SIG: 9
06-19 18:35:05.190  1777  2208 I MiuiNetworkPolicy: removeUidState uid = 10079
06-19 18:35:05.190  1777  2208 I MiuiNetworkPolicy: updateUidState uid = 10218, uidState = 19
06-19 18:35:05.190  1777  2208 I MiuiNetworkPolicy: updateUidState uid = 10118, uidState = 19
06-19 18:35:05.190  1777  2208 I MiuiNetworkPolicy: updateUidState uid = 10100, uidState = 19
06-19 18:35:05.191   988   988 I ANDR-PERF-LM: LMPerfGlue: perfmodule_submit_request() 132: perfmodule_submit_request()
06-19 18:35:05.191   988   988 I ANDR-PERF-LM: Core: getInstance() 84: LM getInstance
06-19 18:35:05.191   988   988 I ANDR-PERF-LM: WQ: push() 59: LMTriggerQ push() size=0
06-19 18:35:05.191   988   988 I ANDR-PERF-LM: WQ: push() 61: LMTriggerQ push() done size=1
06-19 18:35:05.191   988  1035 I ANDR-PERF-LM: WQ: pop() 42: LMTriggerQ pop() done size=0
06-19 18:35:05.191   988  1035 I ANDR-PERF-LM: Core: lmMain() 381: Calling runAsync for PreKill
06-19 18:35:05.191   988  1035 I ANDR-PERF-LM: Core: lmMain() 391: runAsync for PreKill returned
06-19 18:35:05.191   988  1035 I ANDR-PERF-LM: Core: lmMain() 373: Waiting on trigger Queue
06-19 18:35:05.191   988  1035 I ANDR-PERF-LM: WQ: pop() 31: LMTriggerQ pop() size=0
06-19 18:35:05.194  1777  4346 I ProcessManager: OneKeyClean: kill com.google.android.apps.photos Adj=905 State=19
06-19 18:35:05.194  2821  2821 E Launcher: changeViewByFsGestureState,  view=ShortcutMenuLayer,  alpha=0.0,  scale=0.75
06-19 18:35:05.194  1777  4346 I ActivityManager: Killing 304:com.google.android.apps.photos/u0a247 (adj 905): OneKeyClean
06-19 18:35:05.195  1777  4346 I Process : PerfMonitor : current process sending signal quiet. PID: 304 SIG: 9
06-19 18:35:05.196   988   988 I ANDR-PERF-LM: LMPerfGlue: perfmodule_submit_request() 132: perfmodule_submit_request()
06-19 18:35:05.196   988   988 I ANDR-PERF-LM: Core: getInstance() 84: LM getInstance
06-19 18:35:05.196   988   988 I ANDR-PERF-LM: WQ: push() 59: LMTriggerQ push() size=0
06-19 18:35:05.196   988   988 I ANDR-PERF-LM: WQ: push() 61: LMTriggerQ push() done size=1
06-19 18:35:05.196   988  1035 I ANDR-PERF-LM: WQ: pop() 42: LMTriggerQ pop() done size=0
06-19 18:35:05.196   988  1035 I ANDR-PERF-LM: Core: lmMain() 381: Calling runAsync for PreKill
06-19 18:35:05.197  1777  4346 I ProcessManager: OneKeyClean: kill com.google.android.documentsui Adj=915 State=19
06-19 18:35:05.197  1777  4346 I ActivityManager: Killing 32738:com.google.android.documentsui/u0a66 (adj 915): OneKeyClean
06-19 18:35:05.197   988  1035 I ANDR-PERF-LM: Core: lmMain() 391: runAsync for PreKill returned
06-19 18:35:05.197   988  1035 I ANDR-PERF-LM: Core: lmMain() 373: Waiting on trigger Queue
06-19 18:35:05.197  1777  4346 I Process : PerfMonitor : current process sending signal quiet. PID: 32738 SIG: 9
06-19 18:35:05.197   988  1035 I ANDR-PERF-LM: WQ: pop() 31: LMTriggerQ pop() size=0
06-19 18:35:05.197   988   988 I ANDR-PERF-LM: LMPerfGlue: perfmodule_submit_request() 132: perfmodule_submit_request()
06-19 18:35:05.197   988   988 I ANDR-PERF-LM: Core: getInstance() 84: LM getInstance
06-19 18:35:05.197   988   988 I ANDR-PERF-LM: WQ: push() 59: LMTriggerQ push() size=0
06-19 18:35:05.197   988   988 I ANDR-PERF-LM: WQ: push() 61: LMTriggerQ push() done size=1
06-19 18:35:05.197   988  1035 I ANDR-PERF-LM: WQ: pop() 42: LMTriggerQ pop() done size=0
06-19 18:35:05.197   988  1035 I ANDR-PERF-LM: Core: lmMain() 381: Calling runAsync for PreKill
06-19 18:35:05.197  1777  4346 I ProcessManager: OneKeyClean: kill com.google.android.apps.wellbeing Adj=915 State=19
06-19 18:35:05.197  1777  4346 I ActivityManager: Killing 32672:com.google.android.apps.wellbeing/u0a172 (adj 915): OneKeyClean
06-19 18:35:05.198  1777  4346 I Process : PerfMonitor : current process sending signal quiet. PID: 32672 SIG: 9
06-19 18:35:05.198   988  1035 I ANDR-PERF-LM: Core: lmMain() 391: runAsync for PreKill returned
06-19 18:35:05.198   988  1035 I ANDR-PERF-LM: Core: lmMain() 373: Waiting on trigger Queue
06-19 18:35:05.198   988  1035 I ANDR-PERF-LM: WQ: pop() 31: LMTriggerQ pop() size=0
06-19 18:35:05.198   988   988 I ANDR-PERF-LM: LMPerfGlue: perfmodule_submit_request() 132: perfmodule_submit_request()
06-19 18:35:05.198   988   988 I ANDR-PERF-LM: Core: getInstance() 84: LM getInstance
06-19 18:35:05.198   988   988 I ANDR-PERF-LM: WQ: push() 59: LMTriggerQ push() size=0
06-19 18:35:05.198   988   988 I ANDR-PERF-LM: WQ: push() 61: LMTriggerQ push() done size=1
06-19 18:35:05.198   988  1035 I ANDR-PERF-LM: WQ: pop() 42: LMTriggerQ pop() done size=0
06-19 18:35:05.198   988  1035 I ANDR-PERF-LM: Core: lmMain() 381: Calling runAsync for PreKill
06-19 18:35:05.198   988  1035 I ANDR-PERF-LM: Core: lmMain() 391: runAsync for PreKill returned
06-19 18:35:05.198   988  1035 I ANDR-PERF-LM: Core: lmMain() 373: Waiting on trigger Queue
06-19 18:35:05.198   988  1035 I ANDR-PERF-LM: WQ: pop() 31: LMTriggerQ pop() size=0
06-19 18:35:05.198  1777  4346 I ProcessManager: OneKeyClean: kill com.facebook.appmanager Adj=925 State=19
06-19 18:35:05.199  1777  4346 I ActivityManager: Killing 32565:com.facebook.appmanager/u0a133 (adj 925): OneKeyClean
06-19 18:35:05.199  1777  4346 I Process : PerfMonitor : current process sending signal quiet. PID: 32565 SIG: 9
06-19 18:35:05.199   988   988 I ANDR-PERF-LM: LMPerfGlue: perfmodule_submit_request() 132: perfmodule_submit_request()
06-19 18:35:05.199   988   988 I ANDR-PERF-LM: Core: getInstance() 84: LM getInstance
06-19 18:35:05.199   988   988 I ANDR-PERF-LM: WQ: push() 59: LMTriggerQ push() size=0
06-19 18:35:05.199   988   988 I ANDR-PERF-LM: WQ: push() 61: LMTriggerQ push() done size=1
06-19 18:35:05.200  1777  4346 I ProcessManager: OneKeyClean: kill com.facebook.system Adj=925 State=19
06-19 18:35:05.200  1777  4346 I ActivityManager: Killing 32624:com.facebook.system/u0a88 (adj 925): OneKeyClean
06-19 18:35:05.200  1777  4346 I Process : PerfMonitor : current process sending signal quiet. PID: 32624 SIG: 9
06-19 18:35:05.201   988   988 I ANDR-PERF-LM: LMPerfGlue: perfmodule_submit_request() 132: perfmodule_submit_request()
06-19 18:35:05.201   988   988 I ANDR-PERF-LM: Core: getInstance() 84: LM getInstance
06-19 18:35:05.201   988   988 I ANDR-PERF-LM: WQ: push() 59: LMTriggerQ push() size=1
06-19 18:35:05.201   988   988 I ANDR-PERF-LM: WQ: push() 61: LMTriggerQ push() done size=2
06-19 18:35:05.202  1777  4346 I ProcessManager: OneKeyClean: kill com.google.android.apps.maps Adj=935 State=19
06-19 18:35:05.202  1777  4346 I ActivityManager: Killing 32595:com.google.android.apps.maps/u0a222 (adj 935): OneKeyClean
06-19 18:35:05.202  1777  4346 I Process : PerfMonitor : current process sending signal quiet. PID: 32595 SIG: 9
06-19 18:35:05.203   988  1035 I ANDR-PERF-LM: WQ: pop() 42: LMTriggerQ pop() done size=1
06-19 18:35:05.203   988  1035 I ANDR-PERF-LM: Core: lmMain() 381: Calling runAsync for PreKill
06-19 18:35:05.204   988  1035 I ANDR-PERF-LM: Core: lmMain() 391: runAsync for PreKill returned
06-19 18:35:05.204   988  1035 I ANDR-PERF-LM: Core: lmMain() 373: Waiting on trigger Queue
06-19 18:35:05.204   988  1035 I ANDR-PERF-LM: WQ: pop() 31: LMTriggerQ pop() size=1
06-19 18:35:05.204   988  1035 I ANDR-PERF-LM: WQ: pop() 42: LMTriggerQ pop() done size=0
06-19 18:35:05.204   988  1035 I ANDR-PERF-LM: Core: lmMain() 381: Calling runAsync for PreKill
06-19 18:35:05.204   988  1035 I ANDR-PERF-LM: Core: lmMain() 391: runAsync for PreKill returned
06-19 18:35:05.204   988  1035 I ANDR-PERF-LM: Core: lmMain() 373: Waiting on trigger Queue
06-19 18:35:05.204   988  1035 I ANDR-PERF-LM: WQ: pop() 31: LMTriggerQ pop() size=0
06-19 18:35:05.205   988   988 I ANDR-PERF-LM: LMPerfGlue: perfmodule_submit_request() 132: perfmodule_submit_request()
06-19 18:35:05.205   988   988 I ANDR-PERF-LM: Core: getInstance() 84: LM getInstance
06-19 18:35:05.205   988   988 I ANDR-PERF-LM: WQ: push() 59: LMTriggerQ push() size=0
06-19 18:35:05.205   988   988 I ANDR-PERF-LM: WQ: push() 61: LMTriggerQ push() done size=1
06-19 18:35:05.205   988  1035 I ANDR-PERF-LM: WQ: pop() 42: LMTriggerQ pop() done size=0
06-19 18:35:05.205   988  1035 I ANDR-PERF-LM: Core: lmMain() 381: Calling runAsync for PreKill
06-19 18:35:05.205   988  1035 I ANDR-PERF-LM: Core: lmMain() 391: runAsync for PreKill returned
06-19 18:35:05.205   988  1035 I ANDR-PERF-LM: Core: lmMain() 373: Waiting on trigger Queue
06-19 18:35:05.205   988  1035 I ANDR-PERF-LM: WQ: pop() 31: LMTriggerQ pop() size=0
06-19 18:35:05.209  1777  4346 I ProcessManager: OneKeyClean: kill com.whatsapp Adj=800 State=10
06-19 18:35:05.210  1777  4346 I ActivityManager: Killing 31178:com.whatsapp/u0a252 (adj 800): OneKeyClean
06-19 18:35:05.210  1777  4346 I Process : PerfMonitor : current process sending signal quiet. PID: 31178 SIG: 9
06-19 18:35:05.214   988   988 I ANDR-PERF-LM: LMPerfGlue: perfmodule_submit_request() 132: perfmodule_submit_request()
06-19 18:35:05.214   988   988 I ANDR-PERF-LM: Core: getInstance() 84: LM getInstance
06-19 18:35:05.214   988   988 I ANDR-PERF-LM: WQ: push() 59: LMTriggerQ push() size=0
06-19 18:35:05.214   988   988 I ANDR-PERF-LM: WQ: push() 61: LMTriggerQ push() done size=1
06-19 18:35:05.214   988  1035 I ANDR-PERF-LM: WQ: pop() 42: LMTriggerQ pop() done size=0
06-19 18:35:05.214   988  1035 I ANDR-PERF-LM: Core: lmMain() 381: Calling runAsync for PreKill
06-19 18:35:05.215   988  1035 I ANDR-PERF-LM: FeatureState: readState() 162: PreKill: DB: com.whatsapp app state = 1
06-19 18:35:05.215   988  1035 I ANDR-PERF-LM: Core: lmMain() 391: runAsync for PreKill returned
06-19 18:35:05.215   988  1035 I ANDR-PERF-LM: Core: lmMain() 373: Waiting on trigger Queue
06-19 18:35:05.215   988  1035 I ANDR-PERF-LM: WQ: pop() 31: LMTriggerQ pop() size=0
06-19 18:35:05.215  1777  4346 I ProcessManager: OneKeyClean: kill com.qti.diagservices Adj=800 State=10
06-19 18:35:05.215  1777  4346 I ActivityManager: Killing 31160:com.qti.diagservices/1000 (adj 800): OneKeyClean
06-19 18:35:05.216  1777  4346 I Process : PerfMonitor : current process sending signal quiet. PID: 31160 SIG: 9
06-19 18:35:05.218   988   988 I ANDR-PERF-LM: LMPerfGlue: perfmodule_submit_request() 132: perfmodule_submit_request()
06-19 18:35:05.218   988   988 I ANDR-PERF-LM: Core: getInstance() 84: LM getInstance
06-19 18:35:05.218   988   988 I ANDR-PERF-LM: WQ: push() 59: LMTriggerQ push() size=0
06-19 18:35:05.218   988   988 I ANDR-PERF-LM: WQ: push() 61: LMTriggerQ push() done size=1
06-19 18:35:05.218   988  1035 I ANDR-PERF-LM: WQ: pop() 42: LMTriggerQ pop() done size=0
06-19 18:35:05.218   988  1035 I ANDR-PERF-LM: Core: lmMain() 381: Calling runAsync for PreKill
06-19 18:35:05.218   988  1035 I ANDR-PERF-LM: Core: lmMain() 391: runAsync for PreKill returned
06-19 18:35:05.219   988  1035 I ANDR-PERF-LM: Core: lmMain() 373: Waiting on trigger Queue
06-19 18:35:05.219   988  1035 I ANDR-PERF-LM: WQ: pop() 31: LMTriggerQ pop() size=0
06-19 18:35:05.219  1777  4346 I ProcessManager: OneKeyClean: kill com.qualcomm.telephony Adj=800 State=10
06-19 18:35:05.219  1777  4346 I ActivityManager: Killing 31136:com.qualcomm.telephony/u0a220 (adj 800): OneKeyClean
06-19 18:35:05.219  1777  4346 I Process : PerfMonitor : current process sending signal quiet. PID: 31136 SIG: 9
06-19 18:35:05.220   988   988 I ANDR-PERF-LM: LMPerfGlue: perfmodule_submit_request() 132: perfmodule_submit_request()
06-19 18:35:05.220   988   988 I ANDR-PERF-LM: Core: getInstance() 84: LM getInstance
06-19 18:35:05.220   988   988 I ANDR-PERF-LM: WQ: push() 59: LMTriggerQ push() size=0
06-19 18:35:05.220   988   988 I ANDR-PERF-LM: WQ: push() 61: LMTriggerQ push() done size=1
06-19 18:35:05.220   988  1035 I ANDR-PERF-LM: WQ: pop() 42: LMTriggerQ pop() done size=0
06-19 18:35:05.220   988  1035 I ANDR-PERF-LM: Core: lmMain() 381: Calling runAsync for PreKill
06-19 18:35:05.220   988  1035 I ANDR-PERF-LM: Core: lmMain() 391: runAsync for PreKill returned
06-19 18:35:05.220   988  1035 I ANDR-PERF-LM: Core: lmMain() 373: Waiting on trigger Queue
06-19 18:35:05.220   988  1035 I ANDR-PERF-LM: WQ: pop() 31: LMTriggerQ pop() size=0
06-19 18:35:05.221   822   822 I Zygote  : Process 31334 exited due to signal 9 (Killed)
06-19 18:35:05.222  1777  4346 I ProcessManager: OneKeyClean: kill com.android.smspush Adj=100 State=6
06-19 18:35:05.222  1777  1944 I libprocessgroup: Successfully killed process cgroup uid 10208 pid 31334 in 129ms
06-19 18:35:05.222  1777  4346 I ActivityManager: Killing 31044:com.android.smspush/u0a151 (adj 100): OneKeyClean
06-19 18:35:05.223  1777  1944 I Process : PerfMonitor : current process killing process group. PID: 31825
06-19 18:35:05.223   988   988 I ANDR-PERF-LM: LMPerfGlue: perfmodule_submit_request() 132: perfmodule_submit_request()
06-19 18:35:05.223   988   988 I ANDR-PERF-LM: Core: getInstance() 84: LM getInstance
06-19 18:35:05.223   988   988 I ANDR-PERF-LM: WQ: push() 59: LMTriggerQ push() size=0
06-19 18:35:05.223   988   988 I ANDR-PERF-LM: WQ: push() 61: LMTriggerQ push() done size=1
06-19 18:35:05.224   988  1035 I ANDR-PERF-LM: WQ: pop() 42: LMTriggerQ pop() done size=0
06-19 18:35:05.224   988  1035 I ANDR-PERF-LM: Core: lmMain() 381: Calling runAsync for PreKill
06-19 18:35:05.224   988  1035 I ANDR-PERF-LM: FeatureState: readState() 162: PreKill: DB: com.google.android.apps.messaging app state = 0
06-19 18:35:05.224   988  1035 I ANDR-PERF-LM: Core: lmMain() 391: runAsync for PreKill returned
06-19 18:35:05.224   988  1035 I ANDR-PERF-LM: Core: lmMain() 373: Waiting on trigger Queue
06-19 18:35:05.224   988  1035 I ANDR-PERF-LM: WQ: pop() 31: LMTriggerQ pop() size=0
06-19 18:35:05.225   992   992 I vendor.qti.hardware.servicetracker@1.2-service: killProcess is called for pid : 31334
06-19 18:35:05.225   992   992 I vendor.qti.hardware.servicetracker@1.2-service: process with pid 31334 is client
06-19 18:35:05.225   992   992 I vendor.qti.hardware.servicetracker@1.2-service: removing client with pid 31334process namecom.google.android.apps.messaging
06-19 18:35:05.225  5762 27145 I com.xiaomi.xms: oneway function results will be dropped but finished with status UNKNOWN_TRANSACTION and parcel size 0
06-19 18:35:05.228  1777  2208 I MiuiNetworkPolicy: removeUidState uid = 10208
06-19 18:35:05.229  1777  2208 I MiuiNetworkPolicy: updateUidState uid = 10252, uidState = 19
06-19 18:35:05.229  1777  2208 I MiuiNetworkPolicy: updateUidState uid = 10220, uidState = 19
06-19 18:35:05.234  1777  4346 I Process : PerfMonitor : current process sending signal quiet. PID: 31044 SIG: 9
06-19 18:35:05.236   988   988 I ANDR-PERF-LM: LMPerfGlue: perfmodule_submit_request() 132: perfmodule_submit_request()
06-19 18:35:05.236   988   988 I ANDR-PERF-LM: Core: getInstance() 84: LM getInstance
06-19 18:35:05.236   988   988 I ANDR-PERF-LM: WQ: push() 59: LMTriggerQ push() size=0
06-19 18:35:05.236   988   988 I ANDR-PERF-LM: WQ: push() 61: LMTriggerQ push() done size=1
06-19 18:35:05.236   988  1035 I ANDR-PERF-LM: WQ: pop() 42: LMTriggerQ pop() done size=0
06-19 18:35:05.236   988  1035 I ANDR-PERF-LM: Core: lmMain() 381: Calling runAsync for PreKill
06-19 18:35:05.236   988  1035 I ANDR-PERF-LM: Core: lmMain() 391: runAsync for PreKill returned
06-19 18:35:05.236   988  1035 I ANDR-PERF-LM: Core: lmMain() 373: Waiting on trigger Queue
06-19 18:35:05.236   988  1035 I ANDR-PERF-LM: WQ: pop() 31: LMTriggerQ pop() size=0
06-19 18:35:05.238  1777  2185 D MIUIInput: [MotionEvent] publisher action=0x0, 167945276, channel '6273193 GestureStub (server)'
06-19 18:35:05.238  2821  3022 D NavStubView: onTouchEvent: action=0, count=1
06-19 18:35:05.238  2821  3022 D NavStubView: onTouch ACTION_DOWN sendMessageDelayed MSG_CHECK_GESTURE_STUB_TOUCHABLE
06-19 18:35:05.239  1777  4346 I ProcessManager: OneKeyClean: kill com.miui.notification Adj=100 State=4
06-19 18:35:05.239  1777  2278 W SchedBoost: SchedBoost continue: proc: 2821/3024
06-19 18:35:05.239  1777  4346 I ActivityManager: Killing 30991:com.miui.notification/1000 (adj 100): OneKeyClean
06-19 18:35:05.240  1777  4346 I Process : PerfMonitor : current process sending signal quiet. PID: 30991 SIG: 9
06-19 18:35:05.241   988   988 I ANDR-PERF-LM: LMPerfGlue: perfmodule_submit_request() 132: perfmodule_submit_request()
06-19 18:35:05.241   988   988 I ANDR-PERF-LM: Core: getInstance() 84: LM getInstance
06-19 18:35:05.241   988   988 I ANDR-PERF-LM: WQ: push() 59: LMTriggerQ push() size=0
06-19 18:35:05.241   988   988 I ANDR-PERF-LM: WQ: push() 61: LMTriggerQ push() done size=1
06-19 18:35:05.241   988  1035 I ANDR-PERF-LM: WQ: pop() 42: LMTriggerQ pop() done size=0
06-19 18:35:05.241   988  1035 I ANDR-PERF-LM: Core: lmMain() 381: Calling runAsync for PreKill
06-19 18:35:05.241   988  1035 I ANDR-PERF-LM: Core: lmMain() 391: runAsync for PreKill returned
06-19 18:35:05.241   988  1035 I ANDR-PERF-LM: Core: lmMain() 373: Waiting on trigger Queue
06-19 18:35:05.241   988  1035 I ANDR-PERF-LM: WQ: pop() 31: LMTriggerQ pop() size=0
06-19 18:35:05.242  1777  4346 I ProcessManager: OneKeyClean: kill com.miui.notification:remote Adj=100 State=4
06-19 18:35:05.242  1777  4346 I ActivityManager: Killing 30939:com.miui.notification:remote/1000 (adj 100): OneKeyClean
06-19 18:35:05.243  1777  4346 I Process : PerfMonitor : current process sending signal quiet. PID: 30939 SIG: 9
06-19 18:35:05.243   988   988 I ANDR-PERF-LM: LMPerfGlue: perfmodule_submit_request() 132: perfmodule_submit_request()
06-19 18:35:05.243   988   988 I ANDR-PERF-LM: Core: getInstance() 84: LM getInstance
06-19 18:35:05.243   988   988 I ANDR-PERF-LM: WQ: push() 59: LMTriggerQ push() size=0
06-19 18:35:05.243   988   988 I ANDR-PERF-LM: WQ: push() 61: LMTriggerQ push() done size=1
06-19 18:35:05.243   988  1035 I ANDR-PERF-LM: WQ: pop() 42: LMTriggerQ pop() done size=0
06-19 18:35:05.243   988  1035 I ANDR-PERF-LM: Core: lmMain() 381: Calling runAsync for PreKill
06-19 18:35:05.243  1777  4346 I ProcessManager: OneKeyClean: kill com.miui.analytics Adj=800 State=10
06-19 18:35:05.243  1777  4346 I ActivityManager: Killing 30902:com.miui.analytics/u999a100 (adj 800): OneKeyClean
06-19 18:35:05.244   988  1035 I ANDR-PERF-LM: Core: lmMain() 391: runAsync for PreKill returned
06-19 18:35:05.244   988  1035 I ANDR-PERF-LM: Core: lmMain() 373: Waiting on trigger Queue
06-19 18:35:05.244   988  1035 I ANDR-PERF-LM: WQ: pop() 31: LMTriggerQ pop() size=0
06-19 18:35:05.244  1777  4346 I Process : PerfMonitor : current process sending signal quiet. PID: 30902 SIG: 9
06-19 18:35:05.244   988   988 I ANDR-PERF-LM: LMPerfGlue: perfmodule_submit_request() 132: perfmodule_submit_request()
06-19 18:35:05.244   988   988 I ANDR-PERF-LM: Core: getInstance() 84: LM getInstance
06-19 18:35:05.244   988   988 I ANDR-PERF-LM: WQ: push() 59: LMTriggerQ push() size=0
06-19 18:35:05.244   988   988 I ANDR-PERF-LM: WQ: push() 61: LMTriggerQ push() done size=1
06-19 18:35:05.245   988  1035 I ANDR-PERF-LM: WQ: pop() 42: LMTriggerQ pop() done size=0
06-19 18:35:05.245   988  1035 I ANDR-PERF-LM: Core: lmMain() 381: Calling runAsync for PreKill
06-19 18:35:05.245   988  1035 I ANDR-PERF-LM: Core: lmMain() 391: runAsync for PreKill returned
06-19 18:35:05.245   988  1035 I ANDR-PERF-LM: Core: lmMain() 373: Waiting on trigger Queue
06-19 18:35:05.245   988  1035 I ANDR-PERF-LM: WQ: pop() 31: LMTriggerQ pop() size=0
06-19 18:35:05.249   988   988 I ANDR-PERF-LM: LMPerfGlue: perfmodule_submit_request() 132: perfmodule_submit_request()
06-19 18:35:05.249   988   988 I ANDR-PERF-LM: Core: getInstance() 84: LM getInstance
06-19 18:35:05.249   988   988 D ANDR-PERF-LM: Feature: lookup() 101: Feature Name = AppClassifier, total featuers = 4, featureFound = 1
06-19 18:35:05.249  1777  2278 W SchedBoost: SchedBoost continue: proc: 2821/3024
06-19 18:35:05.249   988   988 D ANDR-PERF-LM: Feature: getData() 112: data.data = 1
06-19 18:35:05.249   988   988 I ANDR-PERF-LM: FeedbackAPI: getFeedback() 60: app:com.miui.home feature:AppClassifier feedback = 1
06-19 18:35:05.252   988   988 I ANDR-PERF-LM: LMPerfGlue: perfmodule_submit_request() 132: perfmodule_submit_request()
06-19 18:35:05.252   988   988 I ANDR-PERF-LM: Core: getInstance() 84: LM getInstance
06-19 18:35:05.252   988   988 I ANDR-PERF-LM: WQ: push() 59: LMTriggerQ push() size=0
06-19 18:35:05.253   988   988 I ANDR-PERF-LM: WQ: push() 61: LMTriggerQ push() done size=1
06-19 18:35:05.254   988  1035 I ANDR-PERF-LM: WQ: pop() 42: LMTriggerQ pop() done size=0
06-19 18:35:05.254   988  1035 I ANDR-PERF-LM: Core: lmMain() 373: Waiting on trigger Queue
06-19 18:35:05.254   988  1035 I ANDR-PERF-LM: WQ: pop() 31: LMTriggerQ pop() size=0
06-19 18:35:05.256   988   988 I ANDR-PERF-LM: LMPerfGlue: perfmodule_submit_request() 132: perfmodule_submit_request()
06-19 18:35:05.256   988   988 I ANDR-PERF-LM: Core: getInstance() 84: LM getInstance
06-19 18:35:05.256   988   988 D ANDR-PERF-LM: Feature: lookup() 101: Feature Name = AppClassifier, total featuers = 4, featureFound = 1
06-19 18:35:05.257   988   988 D ANDR-PERF-LM: Feature: getData() 112: data.data = 1
06-19 18:35:05.257   988   988 I ANDR-PERF-LM: FeedbackAPI: getFeedback() 60: app:com.miui.home feature:AppClassifier feedback = 1
06-19 18:35:05.261  2821  3022 D NavStubView: onTouchEvent: action=2, count=1
06-19 18:35:05.261  2821  3072 D MiBridge: requestCpuHighFreq---- uid: 10091 level: 1 timeoutms:1000
06-19 18:35:05.267  2821  3022 D NavStubView: onPointEvent: rawX=442.0   rawY=2399.0   action=0   mIsInFsMode=false
06-19 18:35:05.267  2821  3022 E RotationHelper: setCurrentTransitionRequest: request=2
06-19 18:35:05.267  2821  3022 E RotationHelper: notifyChange activityFlags=1, mMultiWindowRotationRequest=3, mCurrentTransitionRequest=2, mCurrentStateRequest=1
06-19 18:35:05.267  2821  3022 W RecentsModel: getRunningTaskContainHome
06-19 18:35:05.268  2821  3022 W RecentsModel: getRunningTask   taskInfo=TaskInfo{userId=0 stackId=1 taskId=2 displayId=0 isRunning=true baseIntent=Intent { act=android.intent.action.MAIN cat=[android.intent.category.HOME] flg=0x10800100 cmp=com.miui.home/.launcher.Launcher } baseActivity=ComponentInfo{com.miui.home/com.miui.home.launcher.Launcher} topActivity=ComponentInfo{com.miui.home/com.miui.home.launcher.Launcher} origActivity=null realActivity=ComponentInfo{com.miui.home/com.miui.home.launcher.Launcher} numActivities=1 lastActiveTime=457038723 supportsSplitScreenMultiWindow=true resizeMode=2 isResizeable=true token=android.window.WindowContainerToken@893dd71 topActivityType=2 pictureInPictureParams=null topActivityInfo=ActivityInfo{1ebda16 com.miui.home.launcher.Launcher}
06-19 18:35:05.268  2821  3022 W RecentsModel: getTaskInfoIgnoreFreeform   taskInfo=ComponentInfo{com.miui.home/com.miui.home.launcher.Launcher}
06-19 18:35:05.269  1777  2879 W ActivityHelper: Unable to access /d/ion/heaps/system: No such file or directory
06-19 18:35:05.269  1777  2879 W ActivityHelper: Unable to access /d/ion/ion_mm_heap: No such file or directory
06-19 18:35:05.269  2821  3021 I Launcher: notifyPowerKeeperGesture status: gesture_start
06-19 18:35:05.269  1343  1356 W MiuiBooster: "MiuiBoosterService requestCpuHighFreq: 10091, 1, 1000"
06-19 18:35:05.270  1343  1356 W MiuiBooster: "requestCpuHighFreq,final level:1,final timeoutms:1000"
06-19 18:35:05.270  1343  1356 W MiuiBooster: "perf_hint_hc start"
06-19 18:35:05.270  1343  1356 W MiuiBooster: "big_core_value[level-1]:4095"
06-19 18:35:05.270  1343  1356 W MiuiBooster: "little_core_value[level-1]:4095"
06-19 18:35:05.270  2821  3022 D NavStubView: current window mode:3 (1:home, 2:app, 3:recent-task, 4:keyguard)
06-19 18:35:05.270  1343  1356 W MiuiBooster: "perf_handle:158638"
06-19 18:35:05.270  2821  3022 D EventBus: No subscribers registered for event class com.miui.home.launcher.common.messages.CloseAllOverLauncherWindowMessage
06-19 18:35:05.270  2821  3022 D EventBus: No subscribers registered for event class org.greenrobot.eventbus.NoSubscriberEvent
06-19 18:35:05.270  2821  3022 D NavStubView: onPointEvent: rawX=467.99576   rawY=2280.2195   action=2   mIsInFsMode=false
06-19 18:35:05.270  2821  3022 W GestureStateMachine: InitState msg=1
06-19 18:35:05.270  2821  3022 W GestureStateMachine: RecentsDragState msg=3
06-19 18:35:05.271  2821  3022 W GestureStateMachine: RecentsDragState msg=2
06-19 18:35:05.272  2821  3072 D MiBridge: requestCpuHighFreq handle: 1
06-19 18:35:05.272  2821  3072 D Launcher_CPUBooster: boostCpuToMax:0
06-19 18:35:05.272  1777  2185 D MIUIInput: [MotionEvent] publisher action=0x1, 167945309, channel '6273193 GestureStub (server)'
06-19 18:35:05.272  2821  3022 D NavStubView: onTouchEvent: action=2, count=1
06-19 18:35:05.272  2821  3022 D NavStubView: onTouchEvent: action=1, count=1
06-19 18:35:05.272  2821  3022 D NavStubView: ACTION_UP: mIsGestureStarted: true
06-19 18:35:05.272  2821  3022 D NavStubView: onPointEvent: rawX=480.0   rawY=2218.0   action=2   mIsInFsMode=false
06-19 18:35:05.272  2821  3022 D NavStubView: onPointEvent: rawX=480.0   rawY=2218.0   action=1   mIsInFsMode=false
06-19 18:35:05.272  2821  3022 D NavStubView: isFastPullUp  mPivotLocY=2306   mFollowTailY=2384.0   TAIL_GAP=25   vx=2.263987   vy=-11.429813
06-19 18:35:05.272  2821  3022 D NavStubView: ===>>>finalization executed from: recentsTouchResolution
06-19 18:35:05.272  2821  3022 E RotationHelper: setCurrentTransitionRequest: request=0
06-19 18:35:05.272  2821  3022 E RotationHelper: notifyChange activityFlags=1, mMultiWindowRotationRequest=3, mCurrentTransitionRequest=0, mCurrentStateRequest=1
06-19 18:35:05.272  2821  3022 W GestureStateMachine: RecentsDragState msg=3
06-19 18:35:05.272  2821  3022 W GestureStateMachine: RecentsDragState msg=5
06-19 18:35:05.272  2821  3022 D NavStubView: performRecentsToHome
06-19 18:35:05.273  2337  2431 D HomeWallpaperRenderer: OFFSET  x: 0.0  y: 0.0
06-19 18:35:05.274  2821  3023 D RecentsContainer: getFreeMemory:3766684672
06-19 18:35:05.274  1777  1890 D WindowManager: onSwipeFromBottom getFScreenFlag-----false
06-19 18:35:05.275  2425  2425 V ShadeControllerImpl: NotificationShadeWindow: com.android.systemui.statusbar.phone.NotificationShadeWindowView{eb3c93c I.E...... ......ID 0,0-1080,2400} canPanelBeCollapsed(): false
06-19 18:35:05.276   988   988 I ANDR-PERF-LM: LMPerfGlue: perfmodule_submit_request() 132: perfmodule_submit_request()
06-19 18:35:05.276   988   988 I ANDR-PERF-LM: Core: getInstance() 84: LM getInstance
06-19 18:35:05.276   988   988 D ANDR-PERF-LM: Feature: lookup() 101: Feature Name = AppClassifier, total featuers = 4, featureFound = 1
06-19 18:35:05.276   988   988 D ANDR-PERF-LM: Feature: getData() 112: data.data = 1
06-19 18:35:05.277   988   988 I ANDR-PERF-LM: FeedbackAPI: getFeedback() 60: app:com.miui.home feature:AppClassifier feedback = 1
06-19 18:35:05.277   988   988 I ANDR-PERF-LM: LMPerfGlue: perfmodule_submit_request() 132: perfmodule_submit_request()
06-19 18:35:05.277   988   988 I ANDR-PERF-LM: Core: getInstance() 84: LM getInstance
06-19 18:35:05.277   988   988 I ANDR-PERF-LM: WQ: push() 59: LMTriggerQ push() size=0
06-19 18:35:05.277   988   988 I ANDR-PERF-LM: WQ: push() 61: LMTriggerQ push() done size=1
06-19 18:35:05.277   988  1035 I ANDR-PERF-LM: WQ: pop() 42: LMTriggerQ pop() done size=0
06-19 18:35:05.277   988  1035 I ANDR-PERF-LM: Core: lmMain() 373: Waiting on trigger Queue
06-19 18:35:05.277   988  1035 I ANDR-PERF-LM: WQ: pop() 31: LMTriggerQ pop() size=0
06-19 18:35:05.277  2425  2425 I vol.MiuiVolumeDialogImp-plugin: dismissH mShowing:false dialog showing:false reason:2
06-19 18:35:05.279   988   988 I ANDR-PERF-LM: LMPerfGlue: perfmodule_submit_request() 132: perfmodule_submit_request()
06-19 18:35:05.279   988   988 I ANDR-PERF-LM: Core: getInstance() 84: LM getInstance
06-19 18:35:05.279   988   988 D ANDR-PERF-LM: Feature: lookup() 101: Feature Name = AppClassifier, total featuers = 4, featureFound = 1
06-19 18:35:05.279   988   988 D ANDR-PERF-LM: Feature: getData() 112: data.data = 1
06-19 18:35:05.279   988   988 I ANDR-PERF-LM: FeedbackAPI: getFeedback() 60: app:com.miui.home feature:AppClassifier feedback = 1
06-19 18:35:05.280  2821  2821 D StateManager: goToState  state=LauncherState   anim=true
06-19 18:35:05.280  2821  2821 E StateManager: setWorkspaceProperty  state=LauncherState
06-19 18:35:05.280  2821  2821 E StateManager: setShortcutMenuLayerProperty  state=LauncherState   alpha=1.0   scale=1.0
06-19 18:35:05.280  2821  2821 E RecentsViewStateController: setState: state=LauncherState   mIsIgnoreOverviewAnim=false
06-19 18:35:05.280  2821  2821 E BlurUtils: fastBlur ratio=0.0   withAnim=false   sBlurRatioValue=0.0
06-19 18:35:05.280  2821  2821 D NavStubView: ===>>>finalization executed from: performRecentsToHome
06-19 18:35:05.280  2821  2821 E RotationHelper: setCurrentTransitionRequest: request=0
06-19 18:35:05.282   988   988 I ANDR-PERF-LM: LMPerfGlue: perfmodule_submit_request() 132: perfmodule_submit_request()
06-19 18:35:05.282   988   988 I ANDR-PERF-LM: Core: getInstance() 84: LM getInstance
06-19 18:35:05.282   988   988 I ANDR-PERF-LM: WQ: push() 59: LMTriggerQ push() size=0
06-19 18:35:05.282   988   988 I ANDR-PERF-LM: WQ: push() 61: LMTriggerQ push() done size=1
06-19 18:35:05.282   988  1035 I ANDR-PERF-LM: WQ: pop() 42: LMTriggerQ pop() done size=0
06-19 18:35:05.282   988  1035 I ANDR-PERF-LM: Core: lmMain() 373: Waiting on trigger Queue
06-19 18:35:05.282   988  1035 I ANDR-PERF-LM: WQ: pop() 31: LMTriggerQ pop() size=0
06-19 18:35:05.283  2821  2977 E StateBroadcastUtils: sendFsStateBroadCast state=toHome   channel=gesture   packageName=
06-19 18:35:05.283  2821  2977 D StatusBarController: handleMessage: flag 800000  disable true
06-19 18:35:05.283   988   988 I ANDR-PERF-LM: LMPerfGlue: perfmodule_submit_request() 132: perfmodule_submit_request()
06-19 18:35:05.283   988   988 I ANDR-PERF-LM: Core: getInstance() 84: LM getInstance
06-19 18:35:05.283   988   988 D ANDR-PERF-LM: Feature: lookup() 101: Feature Name = AppClassifier, total featuers = 4, featureFound = 1
06-19 18:35:05.283   988   988 D ANDR-PERF-LM: Feature: getData() 112: data.data = 1
06-19 18:35:05.283   988   988 I ANDR-PERF-LM: FeedbackAPI: getFeedback() 60: app:com.miui.home feature:AppClassifier feedback = 1
06-19 18:35:05.284  2337  2431 D HomeWallpaperRenderer: OFFSET  x: 0.0  y: 0.0
06-19 18:35:05.291 11216 11216 I Analytics-Api-SysAnalytics: onServiceDisconnected, pid:11216, tid:11216
06-19 18:35:05.291   822   822 I Zygote  : Process 30968 exited due to signal 9 (Killed)
06-19 18:35:05.291   988   988 I ANDR-PERF-LM: LMPerfGlue: perfmodule_submit_request() 132: perfmodule_submit_request()
06-19 18:35:05.291   988   988 I ANDR-PERF-LM: Core: getInstance() 84: LM getInstance
06-19 18:35:05.291   988   988 I ANDR-PERF-LM: WQ: push() 59: LMTriggerQ push() size=0
06-19 18:35:05.291   988   988 I ANDR-PERF-LM: WQ: push() 61: LMTriggerQ push() done size=1
06-19 18:35:05.291 11216 11216 D OneTrack-Api-ServiceConnectManager: onServiceDisconnected:  mConnecting false mIOneTrackService 0
06-19 18:35:05.291   988  1035 I ANDR-PERF-LM: WQ: pop() 42: LMTriggerQ pop() done size=0
06-19 18:35:05.291   988  1035 I ANDR-PERF-LM: Core: lmMain() 381: Calling runAsync for PreKill
06-19 18:35:05.291   988  1035 I ANDR-PERF-LM: Core: lmMain() 391: runAsync for PreKill returned
06-19 18:35:05.291   988  1035 I ANDR-PERF-LM: Core: lmMain() 373: Waiting on trigger Queue
06-19 18:35:05.291   988  1035 I ANDR-PERF-LM: WQ: pop() 31: LMTriggerQ pop() size=0
06-19 18:35:05.293   992   992 I vendor.qti.hardware.servicetracker@1.2-service: killProcess is called for pid : 30968
06-19 18:35:05.293   992   992 I vendor.qti.hardware.servicetracker@1.2-service: process with pid 30968 is service
06-19 18:35:05.293   992   992 I chatty  : uid=1000(system) servicetracker@ identical 1 line
06-19 18:35:05.293   992   992 I vendor.qti.hardware.servicetracker@1.2-service: process with pid 30968 is service
06-19 18:35:05.293   992   992 I vendor.qti.hardware.servicetracker@1.2-service: size of client connections for client: com.miui.notification:remoteafter removal is 1
06-19 18:35:05.293   992   992 I vendor.qti.hardware.servicetracker@1.2-service: size of client connections for client: com.miui.notificationafter removal is 0
06-19 18:35:05.293   992   992 I vendor.qti.hardware.servicetracker@1.2-service: process with pid 30968 is client
06-19 18:35:05.293   992   992 I vendor.qti.hardware.servicetracker@1.2-service: removing client with pid 30968process namecom.miui.analytics
06-19 18:35:05.278  1777  2278 W SchedBoost: SchedBoost continue: proc: 2821/3024
06-19 18:35:05.293  1777  2879 W ActivityManager: Scheduling restart of crashed service com.miui.analytics/.onetrack.OneTrackService in 24049ms for connection
06-19 18:35:05.294  1777  2879 W ActivityManager: Scheduling restart of crashed service com.miui.analytics/.internal.WakeupService in 34049ms for start-requested
06-19 18:35:05.294  1777  2879 W ActivityManager: Scheduling restart of crashed service com.miui.analytics/.AnalyticsService in 44048ms for connection
06-19 18:35:05.295  2821  2821 D ScreenView_Workspace: dispatchDraw:0
06-19 18:35:05.296  1777  1777 W Looper  : Slow dispatch took 109ms main h=com.android.server.job.JobSchedulerService$JobHandler c=null m=1
06-19 18:35:05.297  2821  2821 E OverviewState: onExitState
06-19 18:35:05.297  5762 27145 I com.xiaomi.xms: oneway function results will be dropped but finished with status UNKNOWN_TRANSACTION and parcel size 0
06-19 18:35:05.298  2337  2431 D HomeWallpaperRenderer: OFFSET  x: 0.0  y: 0.0
06-19 18:35:05.299  2821  2977 D RecentsContainer: notifyRecentTaskState: false
06-19 18:35:05.299  2821  2821 D StateManager: LauncherState changed, from com.miui.home.recents.OverviewState@58a40f3 to com.miui.home.launcher.LauncherState@f3d5762
06-19 18:35:05.299  2821  2821 E RotationHelper: setCurrentStateRequest: request=0
06-19 18:35:05.299  2821  2821 E RotationHelper: notifyChange activityFlags=1, mMultiWindowRotationRequest=3, mCurrentTransitionRequest=0, mCurrentStateRequest=0
06-19 18:35:05.299  2821  2821 D Launcher_WallpaperUtils: changeStatusBarMode:false
06-19 18:35:05.302  1777  2208 I MiuiNetworkPolicy: removeUidState uid = 10100
06-19 18:35:05.302  1777  2208 I MiuiNetworkPolicy: updateUidState uid = 99910100, uidState = 19
06-19 18:35:05.302  1777  2208 I MiuiNetworkPolicy: updateUidState uid = 10151, uidState = 19
06-19 18:35:05.316   988   988 I ANDR-PERF-LM: LMPerfGlue: perfmodule_submit_request() 132: perfmodule_submit_request()
06-19 18:35:05.316   988   988 I ANDR-PERF-LM: Core: getInstance() 84: LM getInstance
06-19 18:35:05.316   988   988 I ANDR-PERF-LM: WQ: push() 59: LMTriggerQ push() size=0
06-19 18:35:05.316   988   988 I ANDR-PERF-LM: WQ: push() 61: LMTriggerQ push() done size=1
06-19 18:35:05.316   988  1035 I ANDR-PERF-LM: WQ: pop() 42: LMTriggerQ pop() done size=0
06-19 18:35:05.316   988  1035 I ANDR-PERF-LM: Core: lmMain() 381: Calling runAsync for PreKill
06-19 18:35:05.316   988  1035 I ANDR-PERF-LM: Core: lmMain() 391: runAsync for PreKill returned
06-19 18:35:05.316   988  1035 I ANDR-PERF-LM: Core: lmMain() 373: Waiting on trigger Queue
06-19 18:35:05.316   988  1035 I ANDR-PERF-LM: WQ: pop() 31: LMTriggerQ pop() size=0
06-19 18:35:05.317   822   822 I Zygote  : Process 835 exited due to signal 9 (Killed)
06-19 18:35:05.320  5762 27145 I com.xiaomi.xms: oneway function results will be dropped but finished with status UNKNOWN_TRANSACTION and parcel size 0
