06-19 02:28:19.819   887   887 E libc    : Access denied finding property "ro.hardware.fp.fod"
06-19 02:28:19.819   887   887 E libc    : Access denied finding property "ro.hardware.fp.sideCap"
06-19 02:28:19.834   887   887 E libc    : Access denied finding property "ro.hardware.fp.fod"
06-19 02:28:19.834   887   887 E libc    : Access denied finding property "ro.hardware.fp.sideCap"
06-19 02:28:19.852   887   887 E libc    : Access denied finding property "ro.hardware.fp.fod"
06-19 02:28:19.852   887   887 E libc    : Access denied finding property "ro.hardware.fp.sideCap"
06-19 02:28:19.867   878  1192 D AF::Track: interceptBuffer: took 220us to intercept 0 tracks
06-19 02:28:19.868   887   887 E libc    : Access denied finding property "ro.hardware.fp.fod"
06-19 02:28:19.868   887   887 E libc    : Access denied finding property "ro.hardware.fp.sideCap"
06-19 02:28:19.887   887   887 E libc    : Access denied finding property "ro.hardware.fp.fod"
06-19 02:28:19.887   887   887 E libc    : Access denied finding property "ro.hardware.fp.sideCap"
06-19 02:28:19.892  2104  5219 I PackageManager.DexOptimizer: Running dexopt (dexoptNeeded=1) on: /data/app/es.udc.DDM.Grupo3DDM-6nec3ZuYbEik2L8q-OB9-A==/base.apk pkg=es.udc.DDM.Grupo3DDM isa=arm64 dexoptFlags=boot_complete,debuggable,public,enable_hidden_api_checks targetFilter=quicken oatDir=/data/app/es.udc.DDM.Grupo3DDM-6nec3ZuYbEik2L8q-OB9-A==/oat classLoaderContext=PCL[]
06-19 02:28:19.894  1280  2326 V installd: DexInv: --- BEGIN '/data/app/es.udc.DDM.Grupo3DDM-6nec3ZuYbEik2L8q-OB9-A==/base.apk' ---
06-19 02:28:19.908   887   887 E libc    : Access denied finding property "ro.hardware.fp.fod"
06-19 02:28:19.908   887   887 E libc    : Access denied finding property "ro.hardware.fp.sideCap"
06-19 02:28:19.918   887   887 E libc    : Access denied finding property "ro.hardware.fp.fod"
06-19 02:28:19.918   887   887 E libc    : Access denied finding property "ro.hardware.fp.sideCap"
06-19 02:28:19.923  2328  2829 D MobileSignalController: onSignalStrengthsChanged: SignalStrength:{mCdma=CellSignalStrengthCdma: cdmaDbm=2147483647 cdmaEcio=2147483647 evdoDbm=2147483647 evdoEcio=2147483647 evdoSnr=2147483647 miuiLevel=0 level=0,mGsm=CellSignalStrengthGsm: rssi=2147483647 ber=2147483647 mTa=2147483647 miuiLevel=0 mLevel=0,mWcdma=CellSignalStrengthWcdma: ss=-101 ber=2147483647 rscp=-103 ecno=-8 miuiLevel=3 level=1,mTdscdma=CellSignalStrengthTdscdma: rssi=2147483647 ber=2147483647 rscp=2147483647 miuiLevel=0 level=0,mLte=CellSignalStrengthLte: rssi=2147483647 rsrp=2147483647 rsrq=2147483647 rssnr=2147483647 cqi=2147483647 ta=2147483647 miuiLevel=0 level=0,mNr=CellSignalStrengthNr:{ csiRsrp = 2147483647 csiRsrq = 2147483647 csiSinr = 2147483647 ssRsrp = 2147483647 ssRsrq = 2147483647 ssSinr = 2147483647 miuiLevel = 0 level = 0 },primary=CellSignalStrengthWcdma}
06-19 02:28:19.924  2328  2829 D NetworkController.MobileSignalController(1): 4G level = 3
06-19 02:28:19.933   887   887 E libc    : Access denied finding property "ro.hardware.fp.fod"
06-19 02:28:19.934   887   887 E libc    : Access denied finding property "ro.hardware.fp.sideCap"
06-19 02:28:19.950   887   887 E libc    : Access denied finding property "ro.hardware.fp.fod"
06-19 02:28:19.950   887   887 E libc    : Access denied finding property "ro.hardware.fp.sideCap"
06-19 02:28:19.966   887   887 E libc    : Access denied finding property "ro.hardware.fp.fod"
06-19 02:28:19.967   887   887 E libc    : Access denied finding property "ro.hardware.fp.sideCap"
06-19 02:28:19.984   887   887 E libc    : Access denied finding property "ro.hardware.fp.fod"
06-19 02:28:19.984   887   887 E libc    : Access denied finding property "ro.hardware.fp.sideCap"
06-19 02:28:19.992  1264  1264 I dex2oat : dex2oat of ppid 1280, cpu affinity is set to 0,1,4,5,2,3, success.
06-19 02:28:19.992  1264  1264 I dex2oat : /apex/com.android.runtime/bin/dex2oat --input-vdex-fd=-1 --output-vdex-fd=11 --call-from-installd=1 --resolve-startup-const-strings=true --max-image-block-size=524288 --compiler-filter=quicken -j6 --debuggable --classpath-dir=/data/app/es.udc.DDM.Grupo3DDM-6nec3ZuYbEik2L8q-OB9-A== --class-loader-context=PCL[] --generate-mini-debug-info --compilation-reason=unknown
06-19 02:28:19.995  1264  1264 I dex2oat : setting boot class path to /apex/com.android.runtime/javalib/core-oj.jar:/apex/com.android.runtime/javalib/core-libart.jar:/apex/com.android.runtime/javalib/okhttp.jar:/apex/com.android.runtime/javalib/bouncycastle.jar:/apex/com.android.runtime/javalib/apache-xml.jar:/system/framework/framework.jar:/system/framework/ext.jar:/system/framework/telephony-common.jar:/system/framework/voip-common.jar:/system/framework/ims-common.jar:/system/framework/miuisdk@boot.jar:/system/framework/miuisystemsdk@boot.jar:/system/framework/android.test.base.jar:/system/framework/telephony-ext.jar:/system/framework/tcmiface.jar:/system/framework/qcom.fmradio.jar:/system/framework/QPerformance.jar:/system/framework/UxPerformance.jar:/system/framework/WfdCommon.jar
06-19 02:28:20.001   887   887 E libc    : Access denied finding property "ro.hardware.fp.fod"
06-19 02:28:20.001   887   887 E libc    : Access denied finding property "ro.hardware.fp.sideCap"
06-19 02:28:20.018   887   887 E libc    : Access denied finding property "ro.hardware.fp.fod"
06-19 02:28:20.018   887   887 E libc    : Access denied finding property "ro.hardware.fp.sideCap"
06-19 02:28:20.035   887   887 E libc    : Access denied finding property "ro.hardware.fp.fod"
06-19 02:28:20.035   887   887 E libc    : Access denied finding property "ro.hardware.fp.sideCap"
06-19 02:28:20.052   887   887 E libc    : Access denied finding property "ro.hardware.fp.fod"
06-19 02:28:20.052   887   887 E libc    : Access denied finding property "ro.hardware.fp.sideCap"
06-19 02:28:20.068   887   887 E libc    : Access denied finding property "ro.hardware.fp.fod"
06-19 02:28:20.068   887   887 E libc    : Access denied finding property "ro.hardware.fp.sideCap"
06-19 02:28:20.083   887   887 E libc    : Access denied finding property "ro.hardware.fp.fod"
06-19 02:28:20.084   887   887 E libc    : Access denied finding property "ro.hardware.fp.sideCap"
06-19 02:28:20.101   887   887 E libc    : Access denied finding property "ro.hardware.fp.fod"
06-19 02:28:20.101   887   887 E libc    : Access denied finding property "ro.hardware.fp.sideCap"
06-19 02:28:20.119   887   887 E libc    : Access denied finding property "ro.hardware.fp.fod"
06-19 02:28:20.119   887   887 E libc    : Access denied finding property "ro.hardware.fp.sideCap"
06-19 02:28:20.136   887   887 E libc    : Access denied finding property "ro.hardware.fp.fod"
06-19 02:28:20.136   887   887 E libc    : Access denied finding property "ro.hardware.fp.sideCap"
06-19 02:28:20.152   887   887 E libc    : Access denied finding property "ro.hardware.fp.fod"
06-19 02:28:20.153   887   887 E libc    : Access denied finding property "ro.hardware.fp.sideCap"
06-19 02:28:20.168   887   887 E libc    : Access denied finding property "ro.hardware.fp.fod"
06-19 02:28:20.168   887   887 E libc    : Access denied finding property "ro.hardware.fp.sideCap"
06-19 02:28:20.185   887   887 E libc    : Access denied finding property "ro.hardware.fp.fod"
06-19 02:28:20.185   887   887 E libc    : Access denied finding property "ro.hardware.fp.sideCap"
06-19 02:28:20.202   887   887 E libc    : Access denied finding property "ro.hardware.fp.fod"
06-19 02:28:20.202   887   887 E libc    : Access denied finding property "ro.hardware.fp.sideCap"
06-19 02:28:20.218   887   887 E libc    : Access denied finding property "ro.hardware.fp.fod"
06-19 02:28:20.219   887   887 E libc    : Access denied finding property "ro.hardware.fp.sideCap"
06-19 02:28:20.235   887   887 E libc    : Access denied finding property "ro.hardware.fp.fod"
06-19 02:28:20.236   887   887 E libc    : Access denied finding property "ro.hardware.fp.sideCap"
06-19 02:28:20.252   887   887 E libc    : Access denied finding property "ro.hardware.fp.fod"
06-19 02:28:20.252   887   887 E libc    : Access denied finding property "ro.hardware.fp.sideCap"
06-19 02:28:20.268   887   887 E libc    : Access denied finding property "ro.hardware.fp.fod"
06-19 02:28:20.268   887   887 E libc    : Access denied finding property "ro.hardware.fp.sideCap"
06-19 02:28:20.283   887   887 E libc    : Access denied finding property "ro.hardware.fp.fod"
06-19 02:28:20.284   887   887 E libc    : Access denied finding property "ro.hardware.fp.sideCap"
06-19 02:28:20.300   887   887 E libc    : Access denied finding property "ro.hardware.fp.fod"
06-19 02:28:20.300   887   887 E libc    : Access denied finding property "ro.hardware.fp.sideCap"
06-19 02:28:20.318   887   887 E libc    : Access denied finding property "ro.hardware.fp.fod"
06-19 02:28:20.318   887   887 E libc    : Access denied finding property "ro.hardware.fp.sideCap"
06-19 02:28:20.335   887   887 E libc    : Access denied finding property "ro.hardware.fp.fod"
06-19 02:28:20.336   887   887 E libc    : Access denied finding property "ro.hardware.fp.sideCap"
06-19 02:28:20.352   887   887 E libc    : Access denied finding property "ro.hardware.fp.fod"
06-19 02:28:20.352   887   887 E libc    : Access denied finding property "ro.hardware.fp.sideCap"
06-19 02:28:20.369   887   887 E libc    : Access denied finding property "ro.hardware.fp.fod"
06-19 02:28:20.369   887   887 E libc    : Access denied finding property "ro.hardware.fp.sideCap"
06-19 02:28:20.385   887   887 E libc    : Access denied finding property "ro.hardware.fp.fod"
06-19 02:28:20.385   887   887 E libc    : Access denied finding property "ro.hardware.fp.sideCap"
06-19 02:28:20.408   887   887 E libc    : Access denied finding property "ro.hardware.fp.fod"
06-19 02:28:20.409   887   887 E libc    : Access denied finding property "ro.hardware.fp.sideCap"
06-19 02:28:20.419   887   887 E libc    : Access denied finding property "ro.hardware.fp.fod"
06-19 02:28:20.419   887   887 E libc    : Access denied finding property "ro.hardware.fp.sideCap"
06-19 02:28:20.433   887   887 E libc    : Access denied finding property "ro.hardware.fp.fod"
06-19 02:28:20.433   887   887 E libc    : Access denied finding property "ro.hardware.fp.sideCap"
06-19 02:28:20.450   887   887 E libc    : Access denied finding property "ro.hardware.fp.fod"
06-19 02:28:20.451   887   887 E libc    : Access denied finding property "ro.hardware.fp.sideCap"
06-19 02:28:20.468   887   887 E libc    : Access denied finding property "ro.hardware.fp.fod"
06-19 02:28:20.468   887   887 E libc    : Access denied finding property "ro.hardware.fp.sideCap"
06-19 02:28:20.485   887   887 E libc    : Access denied finding property "ro.hardware.fp.fod"
06-19 02:28:20.485   887   887 E libc    : Access denied finding property "ro.hardware.fp.sideCap"
06-19 02:28:20.503   887   887 E libc    : Access denied finding property "ro.hardware.fp.fod"
06-19 02:28:20.503   887   887 E libc    : Access denied finding property "ro.hardware.fp.sideCap"
06-19 02:28:20.519   887   887 E libc    : Access denied finding property "ro.hardware.fp.fod"
06-19 02:28:20.519   887   887 E libc    : Access denied finding property "ro.hardware.fp.sideCap"
06-19 02:28:20.536   887   887 E libc    : Access denied finding property "ro.hardware.fp.fod"
06-19 02:28:20.536   887   887 E libc    : Access denied finding property "ro.hardware.fp.sideCap"
06-19 02:28:20.552   887   887 E libc    : Access denied finding property "ro.hardware.fp.fod"
06-19 02:28:20.552   887   887 E libc    : Access denied finding property "ro.hardware.fp.sideCap"
06-19 02:28:20.567   887   887 E libc    : Access denied finding property "ro.hardware.fp.fod"
06-19 02:28:20.567   887   887 E libc    : Access denied finding property "ro.hardware.fp.sideCap"
06-19 02:28:20.584   887   887 E libc    : Access denied finding property "ro.hardware.fp.fod"
06-19 02:28:20.584   887   887 E libc    : Access denied finding property "ro.hardware.fp.sideCap"
06-19 02:28:20.600   887   887 E libc    : Access denied finding property "ro.hardware.fp.fod"
06-19 02:28:20.601   887   887 E libc    : Access denied finding property "ro.hardware.fp.sideCap"
06-19 02:28:20.617   887   887 E libc    : Access denied finding property "ro.hardware.fp.fod"
06-19 02:28:20.617   887   887 E libc    : Access denied finding property "ro.hardware.fp.sideCap"
06-19 02:28:20.634   887   887 E libc    : Access denied finding property "ro.hardware.fp.fod"
06-19 02:28:20.634   887   887 E libc    : Access denied finding property "ro.hardware.fp.sideCap"
06-19 02:28:20.651   887   887 E libc    : Access denied finding property "ro.hardware.fp.fod"
06-19 02:28:20.651   887   887 E libc    : Access denied finding property "ro.hardware.fp.sideCap"
06-19 02:28:20.667   887   887 E libc    : Access denied finding property "ro.hardware.fp.fod"
06-19 02:28:20.667   887   887 E libc    : Access denied finding property "ro.hardware.fp.sideCap"
06-19 02:28:20.684   887   887 E libc    : Access denied finding property "ro.hardware.fp.fod"
06-19 02:28:20.684   887   887 E libc    : Access denied finding property "ro.hardware.fp.sideCap"
06-19 02:28:20.701   887   887 E libc    : Access denied finding property "ro.hardware.fp.fod"
06-19 02:28:20.701   887   887 E libc    : Access denied finding property "ro.hardware.fp.sideCap"
06-19 02:28:20.702   887   887 W surfaceflinger: type=1400 audit(0.0:1106999): avc: denied { read } for name="u:object_r:vendor_fp_prop:s0" dev="tmpfs" ino=16614 scontext=u:r:surfaceflinger:s0 tcontext=u:object_r:vendor_fp_prop:s0 tclass=file permissive=0
06-19 02:28:20.702   887   887 W surfaceflinger: type=1400 audit(0.0:1107000): avc: denied { read } for name="u:object_r:vendor_fp_prop:s0" dev="tmpfs" ino=16614 scontext=u:r:surfaceflinger:s0 tcontext=u:object_r:vendor_fp_prop:s0 tclass=file permissive=0
06-19 02:28:20.717   887   887 E libc    : Access denied finding property "ro.hardware.fp.fod"
06-19 02:28:20.717   887   887 E libc    : Access denied finding property "ro.hardware.fp.sideCap"
06-19 02:28:20.734  1264  1264 I dex2oat : Explicit concurrent copying GC freed 17094(3155KB) AllocSpace objects, 0(0B) LOS objects, 97% free, 43KB/1579KB, paused 37us total 8.697ms
06-19 02:28:20.722   887   887 W surfaceflinger: type=1400 audit(0.0:1107001): avc: denied { read } for name="u:object_r:vendor_fp_prop:s0" dev="tmpfs" ino=16614 scontext=u:r:surfaceflinger:s0 tcontext=u:object_r:vendor_fp_prop:s0 tclass=file permissive=0
06-19 02:28:20.736   887   887 E libc    : Access denied finding property "ro.hardware.fp.fod"
06-19 02:28:20.736   887   887 E libc    : Access denied finding property "ro.hardware.fp.sideCap"
06-19 02:28:20.722   887   887 W surfaceflinger: type=1400 audit(0.0:1107002): avc: denied { read } for name="u:object_r:vendor_fp_prop:s0" dev="tmpfs" ino=16614 scontext=u:r:surfaceflinger:s0 tcontext=u:object_r:vendor_fp_prop:s0 tclass=file permissive=0
06-19 02:28:20.753   887   887 E libc    : Access denied finding property "ro.hardware.fp.fod"
06-19 02:28:20.742   887   887 W surfaceflinger: type=1400 audit(0.0:1107003): avc: denied { read } for name="u:object_r:vendor_fp_prop:s0" dev="tmpfs" ino=16614 scontext=u:r:surfaceflinger:s0 tcontext=u:object_r:vendor_fp_prop:s0 tclass=file permissive=0
06-19 02:28:20.753   887   887 E libc    : Access denied finding property "ro.hardware.fp.sideCap"
06-19 02:28:20.776   887   887 E libc    : Access denied finding property "ro.hardware.fp.fod"
06-19 02:28:20.777   887   887 E libc    : Access denied finding property "ro.hardware.fp.sideCap"
06-19 02:28:20.786   887   887 E libc    : Access denied finding property "ro.hardware.fp.fod"
06-19 02:28:20.786   887   887 E libc    : Access denied finding property "ro.hardware.fp.sideCap"
06-19 02:28:20.790  1256  1256 D Zygote  : Forked child process 1310
06-19 02:28:20.791  1289  1525 D OemNetd : setPidForPackage: packageName=com.facemoji.lite.xiaomi, pid=1310, pid=10137
06-19 02:28:20.792  2104  2142 I ActivityManager: Start proc 1310:com.facemoji.lite.xiaomi:push/u0a137 for service {com.facemoji.lite.xiaomi/com.preff.kb.common.statistic.StatisticService} caller=com.facemoji.lite.xiaomi
06-19 02:28:20.794  1264  1264 I dex2oat : Explicit concurrent copying GC freed 1735(434KB) AllocSpace objects, 0(0B) LOS objects, 96% free, 49KB/1585KB, paused 28us total 3.200ms
06-19 02:28:20.797  1310  1310 E ite.xiaomi:pus: Not starting debugger since process cannot load the jdwp agent.
06-19 02:28:20.801   887   887 E libc    : Access denied finding property "ro.hardware.fp.fod"
06-19 02:28:20.801   887   887 E libc    : Access denied finding property "ro.hardware.fp.sideCap"
06-19 02:28:20.803  2104  8010 D CompatibilityInfo: mCompatibilityFlags - 0
06-19 02:28:20.803  2104  8010 D CompatibilityInfo: applicationDensity - 440
06-19 02:28:20.803  2104  8010 D CompatibilityInfo: applicationScale - 1.0
06-19 02:28:20.807  2104  8010 I ActivityManager: Killing 32137:com.google.android.documentsui/u0a288 (adj 995): empty #17
06-19 02:28:20.809  2104  8010 D CompatibilityInfo: mCompatibilityFlags - 0
06-19 02:28:20.809  2104  8010 D CompatibilityInfo: applicationDensity - 440
06-19 02:28:20.809  2104  8010 D CompatibilityInfo: applicationScale - 1.0
06-19 02:28:20.810   572   572 E SELinux : avc:  denied  { find } for interface=vendor.qti.hardware.servicetracker::IServicetracker sid=u:r:system_server:s0 pid=2104 scontext=u:r:system_server:s0 tcontext=u:object_r:default_android_hwservice:s0 tclass=hwservice_manager permissive=0
06-19 02:28:20.812  1264  1264 I dex2oat : Explicit concurrent copying GC freed 16(31KB) AllocSpace objects, 0(0B) LOS objects, 96% free, 50KB/1586KB, paused 33us total 2.516ms
06-19 02:28:20.818   887   887 E libc    : Access denied finding property "ro.hardware.fp.fod"
06-19 02:28:20.818   887   887 E libc    : Access denied finding property "ro.hardware.fp.sideCap"
06-19 02:28:20.834   887   887 E libc    : Access denied finding property "ro.hardware.fp.fod"
06-19 02:28:20.834   887   887 E libc    : Access denied finding property "ro.hardware.fp.sideCap"
06-19 02:28:20.835   572   572 E SELinux : avc:  denied  { find } for interface=vendor.qti.hardware.servicetracker::IServicetracker sid=u:r:system_server:s0 pid=2104 scontext=u:r:system_server:s0 tcontext=u:object_r:default_android_hwservice:s0 tclass=hwservice_manager permissive=0
06-19 02:28:20.836   572   572 E SELinux : avc:  denied  { find } for interface=vendor.qti.hardware.servicetracker::IServicetracker sid=u:r:system_server:s0 pid=2104 scontext=u:r:system_server:s0 tcontext=u:object_r:default_android_hwservice:s0 tclass=hwservice_manager permissive=0
06-19 02:28:20.837 28800 28800 D BoundBrokerSvc: onUnbind: Intent { act=com.google.android.gms.measurement.START pkg=com.google.android.gms }
06-19 02:28:20.837  1264  1264 I dex2oat : Explicit concurrent copying GC freed 40(47KB) AllocSpace objects, 0(0B) LOS objects, 96% free, 50KB/1586KB, paused 52us total 5.878ms
06-19 02:28:20.841  1256  1256 I Zygote  : Process 32137 exited due to signal 9 (Killed)
06-19 02:28:20.842   572   572 E SELinux : avc:  denied  { find } for interface=vendor.qti.hardware.servicetracker::IServicetracker sid=u:r:system_server:s0 pid=2104 scontext=u:r:system_server:s0 tcontext=u:object_r:default_android_hwservice:s0 tclass=hwservice_manager permissive=0
06-19 02:28:20.844  2104  2143 I libprocessgroup: Successfully killed process cgroup uid 10288 pid 32137 in 36ms
06-19 02:28:20.845  2104  2264 I MiuiNetworkPolicy: removeUidState uid = 10288
06-19 02:28:20.851   887   887 E libc    : Access denied finding property "ro.hardware.fp.fod"
06-19 02:28:20.851   887   887 E libc    : Access denied finding property "ro.hardware.fp.sideCap"
06-19 02:28:20.856  1264  1264 I dex2oat : dex2oat took 866.040ms (1.228s cpu) (threads: 6) arena alloc=517KB (530376B) java alloc=50KB (52168B) native alloc=2405KB (2463712B) free=5274KB (5400608B)
06-19 02:28:20.863  1280  2326 V installd: DexInv: --- END '/data/app/es.udc.DDM.Grupo3DDM-6nec3ZuYbEik2L8q-OB9-A==/base.apk' (success) ---
06-19 02:28:20.863  2104  5219 W BpBinder: Slow Binder: BpBinder transact took 971 ms, interface=android.os.IInstalld, code=14 oneway=false
06-19 02:28:20.864  2104  5219 I PackageManagerServiceInjector: FirstUseActivity Pinning optimized code es.udc.DDM.Grupo3DDM
06-19 02:28:20.868   887   887 E libc    : Access denied finding property "ro.hardware.fp.fod"
06-19 02:28:20.868   887   887 E libc    : Access denied finding property "ro.hardware.fp.sideCap"
06-19 02:28:20.870  1310  1310 I Perf    : Connecting to perf service.
06-19 02:28:20.878  1310  1310 I FeatureParser: can't find beryllium.xml in assets/device_features/,it may be in /system/etc/device_features
06-19 02:28:20.880  1310  1310 E libc    : Access denied finding property "ro.vendor.df.effect.conflict"
06-19 02:28:20.884   887   887 E libc    : Access denied finding property "ro.hardware.fp.fod"
06-19 02:28:20.884   887   887 E libc    : Access denied finding property "ro.hardware.fp.sideCap"
06-19 02:28:20.901  1310  1421 W ite.xiaomi:pus: Class e.i.d.t.r.e failed lock verification and will run slower.
06-19 02:28:20.901  1310  1421 W ite.xiaomi:pus: Common causes for lock verification issues are non-optimized dex code
06-19 02:28:20.901  1310  1421 W ite.xiaomi:pus: and incorrect proguard optimizations.
06-19 02:28:20.902   887   887 E libc    : Access denied finding property "ro.hardware.fp.fod"
06-19 02:28:20.902   887   887 E libc    : Access denied finding property "ro.hardware.fp.sideCap"
06-19 02:28:20.903  2104  3444 W AccountManagerService: insertAccountIntoDatabase: Account {name=xxxxx xxxxxxxx, type=com.facemoji.lite.xiaomi.sync.account}, skipping since the account already exists
06-19 02:28:20.913  1310  1460 D NetworkSecurityConfig: No Network Security Config specified, using platform default
06-19 02:28:20.918   887   887 E libc    : Access denied finding property "ro.hardware.fp.fod"
06-19 02:28:20.918   887   887 E libc    : Access denied finding property "ro.hardware.fp.sideCap"
06-19 02:28:20.920  1310  1506 E Perf    : Fail to get file list lib
06-19 02:28:20.922  2104  8299 D CompatibilityInfo: mCompatibilityFlags - 0
06-19 02:28:20.922  2104  8299 D CompatibilityInfo: applicationDensity - 440
06-19 02:28:20.922  2104  8299 D CompatibilityInfo: applicationScale - 1.0
06-19 02:28:20.923  1310  1506 E Perf    : getFolderSize() : Exception_1 = java.lang.NullPointerException: Attempt to get length of null array
06-19 02:28:20.923   572   572 E SELinux : avc:  denied  { find } for interface=vendor.qti.hardware.servicetracker::IServicetracker sid=u:r:system_server:s0 pid=2104 scontext=u:r:system_server:s0 tcontext=u:object_r:default_android_hwservice:s0 tclass=hwservice_manager permissive=0
06-19 02:28:20.925   572   572 E SELinux : avc:  denied  { find } for interface=vendor.qti.hardware.servicetracker::IServicetracker sid=u:r:system_server:s0 pid=2104 scontext=u:r:system_server:s0 tcontext=u:object_r:default_android_hwservice:s0 tclass=hwservice_manager permissive=0
06-19 02:28:20.935   887   887 E libc    : Access denied finding property "ro.hardware.fp.fod"
06-19 02:28:20.935   887   887 E libc    : Access denied finding property "ro.hardware.fp.sideCap"
06-19 02:28:20.939  2104  6532 D CompatibilityInfo: mCompatibilityFlags - 0
06-19 02:28:20.939  2104  6532 D CompatibilityInfo: applicationDensity - 440
06-19 02:28:20.939  2104  6532 D CompatibilityInfo: applicationScale - 1.0
06-19 02:28:20.940   572   572 E SELinux : avc:  denied  { find } for interface=vendor.qti.hardware.servicetracker::IServicetracker sid=u:r:system_server:s0 pid=2104 scontext=u:r:system_server:s0 tcontext=u:object_r:default_android_hwservice:s0 tclass=hwservice_manager permissive=0
06-19 02:28:20.942   572   572 E SELinux : avc:  denied  { find } for interface=vendor.qti.hardware.servicetracker::IServicetracker sid=u:r:system_server:s0 pid=2104 scontext=u:r:system_server:s0 tcontext=u:object_r:default_android_hwservice:s0 tclass=hwservice_manager permissive=0
06-19 02:28:20.951   887   887 E libc    : Access denied finding property "ro.hardware.fp.fod"
06-19 02:28:20.952   887   887 E libc    : Access denied finding property "ro.hardware.fp.sideCap"
06-19 02:28:20.961  1310  1538 W ite.xiaomi:pus: Unsupported class loader
06-19 02:28:20.968   887   887 E libc    : Access denied finding property "ro.hardware.fp.fod"
06-19 02:28:20.968   887   887 E libc    : Access denied finding property "ro.hardware.fp.sideCap"
06-19 02:28:20.980   572   572 E SELinux : avc:  denied  { find } for interface=vendor.qti.hardware.servicetracker::IServicetracker sid=u:r:system_server:s0 pid=2104 scontext=u:r:system_server:s0 tcontext=u:object_r:default_android_hwservice:s0 tclass=hwservice_manager permissive=0
06-19 02:28:20.985   887   887 E libc    : Access denied finding property "ro.hardware.fp.fod"
06-19 02:28:20.985   887   887 E libc    : Access denied finding property "ro.hardware.fp.sideCap"
06-19 02:28:20.985  2104  6532 I ActivityManager: Killing 32225:com.miui.vsimcore/1001 (adj 995): empty #17
06-19 02:28:21.001   887   887 E libc    : Access denied finding property "ro.hardware.fp.fod"
06-19 02:28:21.001   887   887 E libc    : Access denied finding property "ro.hardware.fp.sideCap"
06-19 02:28:21.011  1310  1540 D libcrashlytics: Initializing libcrashlytics version 3.2.0
06-19 02:28:21.015  1310  1506 E Perf    : Fail to get file list com.facemoji.lite.xiaomi
06-19 02:28:21.018   887   887 E libc    : Access denied finding property "ro.hardware.fp.fod"
06-19 02:28:21.018   887   887 E libc    : Access denied finding property "ro.hardware.fp.sideCap"
06-19 02:28:21.019  1310  1506 E Perf    : getFolderSize() : Exception_1 = java.lang.NullPointerException: Attempt to get length of null array
06-19 02:28:21.020  1310  1506 E Perf    : Fail to get file list oat
06-19 02:28:21.024  1310  1506 E Perf    : getFolderSize() : Exception_1 = java.lang.NullPointerException: Attempt to get length of null array
06-19 02:28:21.026  1256  1256 I Zygote  : Process 32225 exited due to signal 9 (Killed)
06-19 02:28:21.027  2104  2143 I libprocessgroup: Successfully killed process cgroup uid 1001 pid 32225 in 41ms
06-19 02:28:21.028   572   572 E SELinux : avc:  denied  { find } for interface=vendor.qti.hardware.servicetracker::IServicetracker sid=u:r:system_server:s0 pid=2104 scontext=u:r:system_server:s0 tcontext=u:object_r:default_android_hwservice:s0 tclass=hwservice_manager permissive=0
06-19 02:28:21.035   887   887 E libc    : Access denied finding property "ro.hardware.fp.fod"
06-19 02:28:21.035   887   887 E libc    : Access denied finding property "ro.hardware.fp.sideCap"
06-19 02:28:21.037  1310  1540 D libcrashlytics: Initializing native crash handling successful.
06-19 02:28:21.043  1310  1552 I FA      : App measurement initialized, version: 29000
06-19 02:28:21.043  1310  1552 I FA      : To enable debug logging run: adb shell setprop log.tag.FA VERBOSE
06-19 02:28:21.043  1310  1552 I FA      : To enable faster debug mode event logging run:
06-19 02:28:21.043  1310  1552 I FA      :   adb shell setprop debug.firebase.analytics.app com.facemoji.lite.xiaomi
06-19 02:28:21.051   887   887 E libc    : Access denied finding property "ro.hardware.fp.fod"
06-19 02:28:21.051   887   887 E libc    : Access denied finding property "ro.hardware.fp.sideCap"
06-19 02:28:21.068   887   887 E libc    : Access denied finding property "ro.hardware.fp.fod"
06-19 02:28:21.068   887   887 E libc    : Access denied finding property "ro.hardware.fp.sideCap"
06-19 02:28:21.069   572   572 E SELinux : avc:  denied  { find } for interface=vendor.qti.hardware.servicetracker::IServicetracker sid=u:r:system_server:s0 pid=2104 scontext=u:r:system_server:s0 tcontext=u:object_r:default_android_hwservice:s0 tclass=hwservice_manager permissive=0
06-19 02:28:21.072  2104  2502 D CompatibilityInfo: mCompatibilityFlags - 0
06-19 02:28:21.072  2104  2502 D CompatibilityInfo: applicationDensity - 440
06-19 02:28:21.072  2104  2502 D CompatibilityInfo: applicationScale - 1.0
06-19 02:28:21.072   572   572 E SELinux : avc:  denied  { find } for interface=vendor.qti.hardware.servicetracker::IServicetracker sid=u:r:system_server:s0 pid=2104 scontext=u:r:system_server:s0 tcontext=u:object_r:default_android_hwservice:s0 tclass=hwservice_manager permissive=0
06-19 02:28:21.074 28800 28800 D BoundBrokerSvc: onBind: Intent { act=com.google.android.gms.measurement.START pkg=com.google.android.gms }
06-19 02:28:21.074 28800 28800 D BoundBrokerSvc: Loading bound service for intent: Intent { act=com.google.android.gms.measurement.START pkg=com.google.android.gms }
06-19 02:28:21.085   887   887 E libc    : Access denied finding property "ro.hardware.fp.fod"
06-19 02:28:21.085   887   887 E libc    : Access denied finding property "ro.hardware.fp.sideCap"
06-19 02:28:21.095   572   572 E SELinux : avc:  denied  { find } for interface=vendor.qti.hardware.servicetracker::IServicetracker sid=u:r:system_server:s0 pid=2104 scontext=u:r:system_server:s0 tcontext=u:object_r:default_android_hwservice:s0 tclass=hwservice_manager permissive=0
06-19 02:28:21.097  2104  8300 D CompatibilityInfo: mCompatibilityFlags - 0
06-19 02:28:21.097  2104  8300 D CompatibilityInfo: applicationDensity - 440
06-19 02:28:21.097  2104  8300 D CompatibilityInfo: applicationScale - 1.0
06-19 02:28:21.098   572   572 E SELinux : avc:  denied  { find } for interface=vendor.qti.hardware.servicetracker::IServicetracker sid=u:r:system_server:s0 pid=2104 scontext=u:r:system_server:s0 tcontext=u:object_r:default_android_hwservice:s0 tclass=hwservice_manager permissive=0
06-19 02:28:21.102   887   887 E libc    : Access denied finding property "ro.hardware.fp.fod"
06-19 02:28:21.102   887   887 E libc    : Access denied finding property "ro.hardware.fp.sideCap"
06-19 02:28:21.105   572   572 E SELinux : avc:  denied  { find } for interface=vendor.qti.hardware.servicetracker::IServicetracker sid=u:r:system_server:s0 pid=2104 scontext=u:r:system_server:s0 tcontext=u:object_r:default_android_hwservice:s0 tclass=hwservice_manager permissive=0
06-19 02:28:21.106   572   572 E SELinux : avc:  denied  { find } for interface=vendor.qti.hardware.servicetracker::IServicetracker sid=u:r:system_server:s0 pid=2104 scontext=u:r:system_server:s0 tcontext=u:object_r:default_android_hwservice:s0 tclass=hwservice_manager permissive=0
06-19 02:28:21.118   887   887 E libc    : Access denied finding property "ro.hardware.fp.fod"
06-19 02:28:21.118   887   887 E libc    : Access denied finding property "ro.hardware.fp.sideCap"
06-19 02:28:21.135   887   887 E libc    : Access denied finding property "ro.hardware.fp.fod"
06-19 02:28:21.135   887   887 E libc    : Access denied finding property "ro.hardware.fp.sideCap"
06-19 02:28:21.152   887   887 E libc    : Access denied finding property "ro.hardware.fp.fod"
06-19 02:28:21.152   887   887 E libc    : Access denied finding property "ro.hardware.fp.sideCap"
06-19 02:28:21.169   887   887 E libc    : Access denied finding property "ro.hardware.fp.fod"
06-19 02:28:21.169   887   887 E libc    : Access denied finding property "ro.hardware.fp.sideCap"
06-19 02:28:21.185   887   887 E libc    : Access denied finding property "ro.hardware.fp.fod"
06-19 02:28:21.186   887   887 E libc    : Access denied finding property "ro.hardware.fp.sideCap"
06-19 02:28:21.204   887   887 E libc    : Access denied finding property "ro.hardware.fp.fod"
06-19 02:28:21.204   887   887 E libc    : Access denied finding property "ro.hardware.fp.sideCap"
06-19 02:28:21.221   887   887 E libc    : Access denied finding property "ro.hardware.fp.fod"
06-19 02:28:21.221   887   887 E libc    : Access denied finding property "ro.hardware.fp.sideCap"
06-19 02:28:21.238   887   887 E libc    : Access denied finding property "ro.hardware.fp.fod"
06-19 02:28:21.238   887   887 E libc    : Access denied finding property "ro.hardware.fp.sideCap"
06-19 02:28:21.254   887   887 E libc    : Access denied finding property "ro.hardware.fp.fod"
06-19 02:28:21.254   887   887 E libc    : Access denied finding property "ro.hardware.fp.sideCap"
06-19 02:28:21.271   887   887 E libc    : Access denied finding property "ro.hardware.fp.fod"
06-19 02:28:21.271   887   887 E libc    : Access denied finding property "ro.hardware.fp.sideCap"
06-19 02:28:21.287   887   887 E libc    : Access denied finding property "ro.hardware.fp.fod"
06-19 02:28:21.288   887   887 E libc    : Access denied finding property "ro.hardware.fp.sideCap"
06-19 02:28:21.304   887   887 E libc    : Access denied finding property "ro.hardware.fp.fod"
06-19 02:28:21.305   887   887 E libc    : Access denied finding property "ro.hardware.fp.sideCap"
06-19 02:28:21.322   887   887 E libc    : Access denied finding property "ro.hardware.fp.fod"
06-19 02:28:21.322   887   887 E libc    : Access denied finding property "ro.hardware.fp.sideCap"
06-19 02:28:21.338   887   887 E libc    : Access denied finding property "ro.hardware.fp.fod"
06-19 02:28:21.338   887   887 E libc    : Access denied finding property "ro.hardware.fp.sideCap"
06-19 02:28:21.355   887   887 E libc    : Access denied finding property "ro.hardware.fp.fod"
06-19 02:28:21.355   887   887 E libc    : Access denied finding property "ro.hardware.fp.sideCap"
06-19 02:28:21.371   887   887 E libc    : Access denied finding property "ro.hardware.fp.fod"
06-19 02:28:21.371   887   887 E libc    : Access denied finding property "ro.hardware.fp.sideCap"
06-19 02:28:21.388   887   887 E libc    : Access denied finding property "ro.hardware.fp.fod"
06-19 02:28:21.388   887   887 E libc    : Access denied finding property "ro.hardware.fp.sideCap"
06-19 02:28:21.404   887   887 E libc    : Access denied finding property "ro.hardware.fp.fod"
06-19 02:28:21.404   887   887 E libc    : Access denied finding property "ro.hardware.fp.sideCap"
06-19 02:28:21.422   887   887 E libc    : Access denied finding property "ro.hardware.fp.fod"
06-19 02:28:21.422   887   887 E libc    : Access denied finding property "ro.hardware.fp.sideCap"
06-19 02:28:21.438   887   887 E libc    : Access denied finding property "ro.hardware.fp.fod"
06-19 02:28:21.439   887   887 E libc    : Access denied finding property "ro.hardware.fp.sideCap"
06-19 02:28:21.455   887   887 E libc    : Access denied finding property "ro.hardware.fp.fod"
06-19 02:28:21.455   887   887 E libc    : Access denied finding property "ro.hardware.fp.sideCap"
06-19 02:28:21.472   887   887 E libc    : Access denied finding property "ro.hardware.fp.fod"
06-19 02:28:21.472   887   887 E libc    : Access denied finding property "ro.hardware.fp.sideCap"
06-19 02:28:21.488   887   887 E libc    : Access denied finding property "ro.hardware.fp.fod"
06-19 02:28:21.488   887   887 E libc    : Access denied finding property "ro.hardware.fp.sideCap"
06-19 02:28:21.505   887   887 E libc    : Access denied finding property "ro.hardware.fp.fod"
06-19 02:28:21.505   887   887 E libc    : Access denied finding property "ro.hardware.fp.sideCap"
06-19 02:28:21.522   887   887 E libc    : Access denied finding property "ro.hardware.fp.fod"
06-19 02:28:21.522   887   887 E libc    : Access denied finding property "ro.hardware.fp.sideCap"
06-19 02:28:21.538   887   887 E libc    : Access denied finding property "ro.hardware.fp.fod"
06-19 02:28:21.538   887   887 E libc    : Access denied finding property "ro.hardware.fp.sideCap"
06-19 02:28:21.555   887   887 E libc    : Access denied finding property "ro.hardware.fp.fod"
06-19 02:28:21.555   887   887 E libc    : Access denied finding property "ro.hardware.fp.sideCap"
06-19 02:28:21.572   887   887 E libc    : Access denied finding property "ro.hardware.fp.fod"
06-19 02:28:21.572   887   887 E libc    : Access denied finding property "ro.hardware.fp.sideCap"
06-19 02:28:21.589   887   887 E libc    : Access denied finding property "ro.hardware.fp.fod"
06-19 02:28:21.590   887   887 E libc    : Access denied finding property "ro.hardware.fp.sideCap"
06-19 02:28:21.607   887   887 E libc    : Access denied finding property "ro.hardware.fp.fod"
06-19 02:28:21.607   887   887 E libc    : Access denied finding property "ro.hardware.fp.sideCap"
06-19 02:28:21.623   887   887 E libc    : Access denied finding property "ro.hardware.fp.fod"
06-19 02:28:21.623   887   887 E libc    : Access denied finding property "ro.hardware.fp.sideCap"
06-19 02:28:21.641   887   887 E libc    : Access denied finding property "ro.hardware.fp.fod"
06-19 02:28:21.641   887   887 E libc    : Access denied finding property "ro.hardware.fp.sideCap"
06-19 02:28:21.662   887   887 E libc    : Access denied finding property "ro.hardware.fp.fod"
06-19 02:28:21.663   887   887 E libc    : Access denied finding property "ro.hardware.fp.sideCap"
06-19 02:28:21.673   887   887 E libc    : Access denied finding property "ro.hardware.fp.fod"
06-19 02:28:21.673   887   887 E libc    : Access denied finding property "ro.hardware.fp.sideCap"
06-19 02:28:21.689   887   887 E libc    : Access denied finding property "ro.hardware.fp.fod"
06-19 02:28:21.689   887   887 E libc    : Access denied finding property "ro.hardware.fp.sideCap"
06-19 02:28:21.704   887   887 E libc    : Access denied finding property "ro.hardware.fp.fod"
06-19 02:28:21.704   887   887 E libc    : Access denied finding property "ro.hardware.fp.sideCap"
06-19 02:28:21.722   887   887 E libc    : Access denied finding property "ro.hardware.fp.fod"
06-19 02:28:21.722   887   887 E libc    : Access denied finding property "ro.hardware.fp.sideCap"
06-19 02:28:21.712   887   887 W surfaceflinger: type=1400 audit(0.0:1107120): avc: denied { read } for name="u:object_r:vendor_fp_prop:s0" dev="tmpfs" ino=16614 scontext=u:r:surfaceflinger:s0 tcontext=u:object_r:vendor_fp_prop:s0 tclass=file permissive=0
06-19 02:28:21.732   887   887 I chatty  : uid=1000(system) /system/bin/surfaceflinger identical 2 lines
06-19 02:28:21.732   887   887 W surfaceflinger: type=1400 audit(0.0:1107123): avc: denied { read } for name="u:object_r:vendor_fp_prop:s0" dev="tmpfs" ino=16614 scontext=u:r:surfaceflinger:s0 tcontext=u:object_r:vendor_fp_prop:s0 tclass=file permissive=0
06-19 02:28:21.740   887   887 E libc    : Access denied finding property "ro.hardware.fp.fod"
06-19 02:28:21.740   887   887 E libc    : Access denied finding property "ro.hardware.fp.sideCap"
06-19 02:28:21.742   887   887 W surfaceflinger: type=1400 audit(0.0:1107124): avc: denied { read } for name="u:object_r:vendor_fp_prop:s0" dev="tmpfs" ino=16614 scontext=u:r:surfaceflinger:s0 tcontext=u:object_r:vendor_fp_prop:s0 tclass=file permissive=0
06-19 02:28:21.756   887   887 E libc    : Access denied finding property "ro.hardware.fp.fod"
06-19 02:28:21.756   887   887 E libc    : Access denied finding property "ro.hardware.fp.sideCap"
06-19 02:28:21.772   887   887 E libc    : Access denied finding property "ro.hardware.fp.fod"
06-19 02:28:21.773   887   887 E libc    : Access denied finding property "ro.hardware.fp.sideCap"
06-19 02:28:21.788   887   887 E libc    : Access denied finding property "ro.hardware.fp.fod"
06-19 02:28:21.788   887   887 E libc    : Access denied finding property "ro.hardware.fp.sideCap"
06-19 02:28:21.806   887   887 E libc    : Access denied finding property "ro.hardware.fp.fod"
06-19 02:28:21.806   887   887 E libc    : Access denied finding property "ro.hardware.fp.sideCap"
06-19 02:28:21.824   887   887 E libc    : Access denied finding property "ro.hardware.fp.fod"
06-19 02:28:21.825   887   887 E libc    : Access denied finding property "ro.hardware.fp.sideCap"
06-19 02:28:21.840   887   887 E libc    : Access denied finding property "ro.hardware.fp.fod"
06-19 02:28:21.840   887   887 E libc    : Access denied finding property "ro.hardware.fp.sideCap"
06-19 02:28:21.857   887   887 E libc    : Access denied finding property "ro.hardware.fp.fod"
06-19 02:28:21.858   887   887 E libc    : Access denied finding property "ro.hardware.fp.sideCap"
06-19 02:28:21.874   887   887 E libc    : Access denied finding property "ro.hardware.fp.fod"
06-19 02:28:21.875   887   887 E libc    : Access denied finding property "ro.hardware.fp.sideCap"
06-19 02:28:21.889   887   887 E libc    : Access denied finding property "ro.hardware.fp.fod"
06-19 02:28:21.889   887   887 E libc    : Access denied finding property "ro.hardware.fp.sideCap"
06-19 02:28:21.905   887   887 E libc    : Access denied finding property "ro.hardware.fp.fod"
06-19 02:28:21.905   887   887 E libc    : Access denied finding property "ro.hardware.fp.sideCap"
06-19 02:28:21.923   887   887 E libc    : Access denied finding property "ro.hardware.fp.fod"
06-19 02:28:21.923   887   887 E libc    : Access denied finding property "ro.hardware.fp.sideCap"
06-19 02:28:21.928  1018  1134 D UE4     : [GameActivity] Used memory: 430393 (VmRSS:	  389984 kB)
06-19 02:28:21.940   887   887 E libc    : Access denied finding property "ro.hardware.fp.fod"
06-19 02:28:21.940   887   887 E libc    : Access denied finding property "ro.hardware.fp.sideCap"
06-19 02:28:21.956   887   887 E libc    : Access denied finding property "ro.hardware.fp.fod"
06-19 02:28:21.956   887   887 E libc    : Access denied finding property "ro.hardware.fp.sideCap"
06-19 02:28:21.973   887   887 E libc    : Access denied finding property "ro.hardware.fp.fod"
06-19 02:28:21.974   887   887 E libc    : Access denied finding property "ro.hardware.fp.sideCap"
06-19 02:28:21.990   887   887 E libc    : Access denied finding property "ro.hardware.fp.fod"
06-19 02:28:21.991   887   887 E libc    : Access denied finding property "ro.hardware.fp.sideCap"
06-19 02:28:22.007   887   887 E libc    : Access denied finding property "ro.hardware.fp.fod"
06-19 02:28:22.007   887   887 E libc    : Access denied finding property "ro.hardware.fp.sideCap"
06-19 02:28:22.024   887   887 E libc    : Access denied finding property "ro.hardware.fp.fod"
06-19 02:28:22.024   887   887 E libc    : Access denied finding property "ro.hardware.fp.sideCap"
06-19 02:28:22.040   887   887 E libc    : Access denied finding property "ro.hardware.fp.fod"
06-19 02:28:22.041   887   887 E libc    : Access denied finding property "ro.hardware.fp.sideCap"
06-19 02:28:22.057   887   887 E libc    : Access denied finding property "ro.hardware.fp.fod"
06-19 02:28:22.057   887   887 E libc    : Access denied finding property "ro.hardware.fp.sideCap"
06-19 02:28:22.074   887   887 E libc    : Access denied finding property "ro.hardware.fp.fod"
06-19 02:28:22.074   887   887 E libc    : Access denied finding property "ro.hardware.fp.sideCap"
06-19 02:28:22.089   887   887 E libc    : Access denied finding property "ro.hardware.fp.fod"
06-19 02:28:22.090   887   887 E libc    : Access denied finding property "ro.hardware.fp.sideCap"
06-19 02:28:22.107   887   887 E libc    : Access denied finding property "ro.hardware.fp.fod"
06-19 02:28:22.107   887   887 E libc    : Access denied finding property "ro.hardware.fp.sideCap"
06-19 02:28:22.124   887   887 E libc    : Access denied finding property "ro.hardware.fp.fod"
06-19 02:28:22.124   887   887 E libc    : Access denied finding property "ro.hardware.fp.sideCap"
06-19 02:28:22.141   887   887 E libc    : Access denied finding property "ro.hardware.fp.fod"
06-19 02:28:22.141   887   887 E libc    : Access denied finding property "ro.hardware.fp.sideCap"
06-19 02:28:22.157   887   887 E libc    : Access denied finding property "ro.hardware.fp.fod"
06-19 02:28:22.157   887   887 E libc    : Access denied finding property "ro.hardware.fp.sideCap"
06-19 02:28:22.174   887   887 E libc    : Access denied finding property "ro.hardware.fp.fod"
06-19 02:28:22.174   887   887 E libc    : Access denied finding property "ro.hardware.fp.sideCap"
06-19 02:28:22.191   887   887 E libc    : Access denied finding property "ro.hardware.fp.fod"
06-19 02:28:22.191   887   887 E libc    : Access denied finding property "ro.hardware.fp.sideCap"
06-19 02:28:22.208   887   887 E libc    : Access denied finding property "ro.hardware.fp.fod"
06-19 02:28:22.208   887   887 E libc    : Access denied finding property "ro.hardware.fp.sideCap"
06-19 02:28:22.224   887   887 E libc    : Access denied finding property "ro.hardware.fp.fod"
06-19 02:28:22.225   887   887 E libc    : Access denied finding property "ro.hardware.fp.sideCap"
06-19 02:28:22.241   887   887 E libc    : Access denied finding property "ro.hardware.fp.fod"
06-19 02:28:22.241   887   887 E libc    : Access denied finding property "ro.hardware.fp.sideCap"
06-19 02:28:22.257   887   887 E libc    : Access denied finding property "ro.hardware.fp.fod"
06-19 02:28:22.258   887   887 E libc    : Access denied finding property "ro.hardware.fp.sideCap"
06-19 02:28:22.275   887   887 E libc    : Access denied finding property "ro.hardware.fp.fod"
06-19 02:28:22.275   887   887 E libc    : Access denied finding property "ro.hardware.fp.sideCap"
06-19 02:28:22.290   887   887 E libc    : Access denied finding property "ro.hardware.fp.fod"
06-19 02:28:22.290   887   887 E libc    : Access denied finding property "ro.hardware.fp.sideCap"
06-19 02:28:22.307   887   887 E libc    : Access denied finding property "ro.hardware.fp.fod"
06-19 02:28:22.307   887   887 E libc    : Access denied finding property "ro.hardware.fp.sideCap"
06-19 02:28:22.323   887   887 E libc    : Access denied finding property "ro.hardware.fp.fod"
06-19 02:28:22.323   887   887 E libc    : Access denied finding property "ro.hardware.fp.sideCap"
06-19 02:28:22.339   887   887 E libc    : Access denied finding property "ro.hardware.fp.fod"
06-19 02:28:22.339   887   887 E libc    : Access denied finding property "ro.hardware.fp.sideCap"
06-19 02:28:22.355   887   887 E libc    : Access denied finding property "ro.hardware.fp.fod"
06-19 02:28:22.356   887   887 E libc    : Access denied finding property "ro.hardware.fp.sideCap"
06-19 02:28:22.372   887   887 E libc    : Access denied finding property "ro.hardware.fp.fod"
06-19 02:28:22.373   887   887 E libc    : Access denied finding property "ro.hardware.fp.sideCap"
06-19 02:28:22.390   887   887 E libc    : Access denied finding property "ro.hardware.fp.fod"
06-19 02:28:22.390   887   887 E libc    : Access denied finding property "ro.hardware.fp.sideCap"
06-19 02:28:22.407   887   887 E libc    : Access denied finding property "ro.hardware.fp.fod"
06-19 02:28:22.407   887   887 E libc    : Access denied finding property "ro.hardware.fp.sideCap"
06-19 02:28:22.424   887   887 E libc    : Access denied finding property "ro.hardware.fp.fod"
06-19 02:28:22.424   887   887 E libc    : Access denied finding property "ro.hardware.fp.sideCap"
06-19 02:28:22.441   887   887 E libc    : Access denied finding property "ro.hardware.fp.fod"
06-19 02:28:22.442   887   887 E libc    : Access denied finding property "ro.hardware.fp.sideCap"
06-19 02:28:22.458   887   887 E libc    : Access denied finding property "ro.hardware.fp.fod"
06-19 02:28:22.458   887   887 E libc    : Access denied finding property "ro.hardware.fp.sideCap"
06-19 02:28:22.474   887   887 E libc    : Access denied finding property "ro.hardware.fp.fod"
06-19 02:28:22.475   887   887 E libc    : Access denied finding property "ro.hardware.fp.sideCap"
06-19 02:28:22.492   887   887 E libc    : Access denied finding property "ro.hardware.fp.fod"
06-19 02:28:22.492   887   887 E libc    : Access denied finding property "ro.hardware.fp.sideCap"
06-19 02:28:22.508   887   887 E libc    : Access denied finding property "ro.hardware.fp.fod"
06-19 02:28:22.508   887   887 E libc    : Access denied finding property "ro.hardware.fp.sideCap"
06-19 02:28:22.525   887   887 E libc    : Access denied finding property "ro.hardware.fp.fod"
06-19 02:28:22.525   887   887 E libc    : Access denied finding property "ro.hardware.fp.sideCap"
06-19 02:28:22.542   887   887 E libc    : Access denied finding property "ro.hardware.fp.fod"
06-19 02:28:22.542   887   887 E libc    : Access denied finding property "ro.hardware.fp.sideCap"
06-19 02:28:22.558   887   887 E libc    : Access denied finding property "ro.hardware.fp.fod"
06-19 02:28:22.558   887   887 E libc    : Access denied finding property "ro.hardware.fp.sideCap"
06-19 02:28:22.575   887   887 E libc    : Access denied finding property "ro.hardware.fp.fod"
06-19 02:28:22.575   887   887 E libc    : Access denied finding property "ro.hardware.fp.sideCap"
06-19 02:28:22.592   887   887 E libc    : Access denied finding property "ro.hardware.fp.fod"
06-19 02:28:22.592   887   887 E libc    : Access denied finding property "ro.hardware.fp.sideCap"
06-19 02:28:22.608   887   887 E libc    : Access denied finding property "ro.hardware.fp.fod"
06-19 02:28:22.608   887   887 E libc    : Access denied finding property "ro.hardware.fp.sideCap"
06-19 02:28:22.625   887   887 E libc    : Access denied finding property "ro.hardware.fp.fod"
06-19 02:28:22.625   887   887 E libc    : Access denied finding property "ro.hardware.fp.sideCap"
06-19 02:28:22.642   887   887 E libc    : Access denied finding property "ro.hardware.fp.fod"
06-19 02:28:22.642   887   887 E libc    : Access denied finding property "ro.hardware.fp.sideCap"
06-19 02:28:22.659   887   887 E libc    : Access denied finding property "ro.hardware.fp.fod"
06-19 02:28:22.659   887   887 E libc    : Access denied finding property "ro.hardware.fp.sideCap"
06-19 02:28:22.675   887   887 E libc    : Access denied finding property "ro.hardware.fp.fod"
06-19 02:28:22.675   887   887 E libc    : Access denied finding property "ro.hardware.fp.sideCap"
06-19 02:28:22.693   887   887 E libc    : Access denied finding property "ro.hardware.fp.fod"
06-19 02:28:22.693   887   887 E libc    : Access denied finding property "ro.hardware.fp.sideCap"
06-19 02:28:22.709   887   887 E libc    : Access denied finding property "ro.hardware.fp.fod"
