06-19 02:28:13.613   764 13753 D audio_hw_utils: audio_extn_btsco_get_sample_rate:Not a BT SCO device, need not update sampling rate
06-19 02:28:13.613   764 13753 I audio_hw_utils: send_app_type_cfg_for_device PLAYBACK app_type 69937, acdb_dev_id 15, sample_rate 48000, snd_device_be_idx 39
06-19 02:28:13.614   764 13753 D msm8974_platform: platform_split_snd_device: snd_device(2) num devices(1) new_snd_devices(0)
06-19 02:28:13.614   764 13753 D audio_hw_utils: audio_extn_btsco_get_sample_rate:Not a BT SCO device, need not update sampling rate
06-19 02:28:13.614   764 13753 D ACDB-LOADER: ACDB -> send_audio_cal, acdb_id = 15, path = 0, app id = 0x11131, sample rate = 48000
06-19 02:28:13.614   764 13753 D ACDB-LOADER: ACDB -> send_asm_topology
06-19 02:28:13.612   764   764 W writer  : type=1400 audit(0.0:1106172): avc: denied { search } for name="clients" dev="debugfs" ino=1139 scontext=u:r:hal_audio_default:s0 tcontext=u:object_r:debugfs_ion:s0 tclass=dir permissive=0
06-19 02:28:13.614   764 13753 D ACDB-LOADER: ACDB -> ACDB_CMD_GET_AUDPROC_STREAM_TOPOLOGY_ID
06-19 02:28:13.614   764 13753 D ACDB-LOADER: ACDB -> send_adm_topology
06-19 02:28:13.614   764 13753 D ACDB-LOADER: ACDB -> ACDB_CMD_GET_AUDPROC_COMMON_TOPOLOGY_ID
06-19 02:28:13.614   764 13753 D ACDB-LOADER: ACDB -> send_audtable
06-19 02:28:13.615   764 13753 D ACDB-LOADER: ACDB -> ACDB_CMD_GET_AUDPROC_COMMON_TABLE_SIZE
06-19 02:28:13.615   764 13753 D ACDB-LOADER: ACDB -> ACDB_CMD_GET_AUDPROC_COMMON_TABLE
06-19 02:28:13.615   764 13753 D ACDB-LOADER: ACDB -> AUDIO_SET_AUDPROC_CAL
06-19 02:28:13.615   764 13753 D ACDB-LOADER: ACDB -> send_audvoltable
06-19 02:28:13.615   764 13753 D ACDB-LOADER: ACDB -> ACDB_CMD_GET_AUDPROC_VOL_STEP_TABLE_SIZE
06-19 02:28:13.615   764 13753 D ACDB-LOADER: ACDB -> ACDB_CMD_GET_AUDPROC_GAIN_DEP_STEP_TABLE, vol index 0
06-19 02:28:13.615   764 13753 D         : Failed to fetch the lookup information of the device 0000000F 
06-19 02:28:13.615   764 13753 E ACDB-LOADER: Error: ACDB AudProc vol returned = -19
06-19 02:28:13.615   764 13753 D ACDB-LOADER: ACDB -> AUDIO_SET_VOL_CAL cal type = 12
06-19 02:28:13.615   764 13753 D ACDB-LOADER: ACDB -> ACDB_CMD_GET_AUDPROC_STREAM_TABLE_SIZE
06-19 02:28:13.615   764 13753 D ACDB-LOADER: ACDB -> send_audstrmtable
06-19 02:28:13.615   764 13753 D ACDB-LOADER: ACDB -> ACDB_CMD_GET_AUDPROC_STREAM_TABLE_V2
06-19 02:28:13.615   764 13753 D ACDB-LOADER: ACDB -> audstrm_cal->cal_type.cal_data.cal_size = 16
06-19 02:28:13.615   764 13753 D ACDB-LOADER: ACDB -> send_afe_topology
06-19 02:28:13.615   764 13753 D ACDB-LOADER: ACDB -> ACDB_CMD_GET_AFE_TOPOLOGY_ID
06-19 02:28:13.615   764 13753 D ACDB-LOADER: ACDB -> GET_AFE_TOPOLOGY_ID for adcd_id 15, Topology Id 112fc
06-19 02:28:13.615   764 13753 D ACDB-LOADER: ACDB -> send_afe_cal
06-19 02:28:13.615   764 13753 D ACDB-LOADER: ACDB -> ACDB_CMD_GET_AFE_COMMON_TABLE_SIZE
06-19 02:28:13.615   764 13753 D         : Failed to fetch the lookup information of the device 0000000F 
06-19 02:28:13.615   764 13753 E ACDB-LOADER: Error: ACDB_CMD_GET_AFE_COMMON_TABLE_SIZE Returned = -19
06-19 02:28:13.615   764 13753 D ACDB-LOADER: ACDB -> ACDB_CMD_GET_AFE_COMMON_TABLE
06-19 02:28:13.615   764 13753 D         : Failed to fetch the lookup information of the device 0000000F 
06-19 02:28:13.615   764 13753 E ACDB-LOADER: Error: ACDB AFE returned = -19
06-19 02:28:13.615   764 13753 D ACDB-LOADER: ACDB -> AUDIO_SET_AFE_CAL
06-19 02:28:13.615   764 13753 D ACDB-LOADER: ACDB -> send_hw_delay : acdb_id = 15 path = 0
06-19 02:28:13.615   764 13753 D ACDB-LOADER: ACDB -> ACDB_AVSYNC_INFO: ACDB_CMD_GET_DEVICE_PROPERTY
06-19 02:28:13.615   764 13753 D msm8974_platform: platform_split_snd_device: snd_device(2) num devices(0) new_snd_devices(0)
06-19 02:28:13.615   764 13753 I msm8974_platform: platform_get_custom_mtmx_params: no matching param with id 0 ip_ch 2 op_ch 2 uc_id 1 snd_dev 2
06-19 02:28:13.615   764 13753 D audio_hw_primary: enable_audio_route: apply mixer and update path: low-latency-playback speaker
06-19 02:28:13.616   764 13753 E audio_route: # Path: low-latency-playback speaker, length: 1
06-19 02:28:13.616   764 13753 E audio_route: #  id=0: ctl=QUAT_MI2S_RX Audio Mixer MultiMedia5
06-19 02:28:13.616   764 13753 E audio_route: #    id=0 value=1
06-19 02:28:13.616   764 13753 D audio_route: Apply path: low-latency-playback speaker
06-19 02:28:13.616   764 13753 D audio_route: audio_route_apply_and_update_path name low-latency-playback speaker
06-19 02:28:13.617   764 13753 D send_data_to_xlog: send_misound_data_to_xlog: enter: usecase(1)
06-19 02:28:13.617   764 13753 D audio_hw_primary: select_devices: done
06-19 02:28:13.617   764 13753 D audio_hw_primary: start_output_stream: Opening PCM device card_id(0) device_id(13) format(0x4)
06-19 02:28:13.618   887   887 E libc    : Access denied finding property "ro.hardware.fp.fod"
06-19 02:28:13.619   887   887 E libc    : Access denied finding property "ro.hardware.fp.sideCap"
06-19 02:28:13.627  1018  1110 D UE4     : [2022.06.19-00.28.13:627][  0]LogAudio: Display: Audio Device (ID: 1) registered with world 'Untitled'.
06-19 02:28:13.628  1018  1110 D UE4     : [2022.06.19-00.28.13:628][  0]LogSlate: Updating window title bar state: overlay mode, drag disabled, window buttons hidden, title bar hidden
06-19 02:28:13.629  1018  1110 D UE4     : [2022.06.19-00.28.13:628][  0]LogInit: Display: Game Engine Initialized.
06-19 02:28:13.630  1018  1110 D UE4     : [2022.06.19-00.28.13:630][  0]LogInit: Display: Starting Game.
06-19 02:28:13.630  1018  1110 D UE4     : [2022.06.19-00.28.13:630][  0]LogNet: Browse: /Game/2DSideScrollerBP/Maps/2DSideScrollerExampleMap_Dom_Test?Name=Player
06-19 02:28:13.630  1018  1110 D UE4     : [2022.06.19-00.28.13:630][  0]LogLoad: LoadMap: /Game/2DSideScrollerBP/Maps/2DSideScrollerExampleMap_Dom_Test?Name=Player
06-19 02:28:13.630  1018  1110 D UE4     : [2022.06.19-00.28.13:630][  0]LogWorld: BeginTearingDown for /Temp/Untitled_0
06-19 02:28:13.632  1018  1110 D UE4     : [2022.06.19-00.28.13:632][  0]LogWorld: UWorld::CleanupWorld for Untitled, bSessionEnded=true, bCleanupResources=true
06-19 02:28:13.632  1018  1110 D UE4     : [2022.06.19-00.28.13:632][  0]LogSlate: InvalidateAllWidgets triggered.  All widgets were invalidated
06-19 02:28:13.637  1018  1110 D UE4     : [2022.06.19-00.28.13:637][  0]LogAudio: Display: Audio Device unregistered from world 'None'.
06-19 02:28:13.640  1018  1110 D UE4     : [2022.06.19-00.28.13:640][  0]LogUObjectHash: Compacting FUObjectHashTables data took   1.70ms
06-19 02:28:13.655   887   887 E libc    : Access denied finding property "ro.hardware.fp.fod"
06-19 02:28:13.656   887   887 E libc    : Access denied finding property "ro.hardware.fp.sideCap"
06-19 02:28:13.642   887   887 W surfaceflinger: type=1400 audit(0.0:1106173): avc: denied { read } for name="u:object_r:vendor_fp_prop:s0" dev="tmpfs" ino=16614 scontext=u:r:surfaceflinger:s0 tcontext=u:object_r:vendor_fp_prop:s0 tclass=file permissive=0
06-19 02:28:13.642   887   887 W surfaceflinger: type=1400 audit(0.0:1106174): avc: denied { read } for name="u:object_r:vendor_fp_prop:s0" dev="tmpfs" ino=16614 scontext=u:r:surfaceflinger:s0 tcontext=u:object_r:vendor_fp_prop:s0 tclass=file permissive=0
06-19 02:28:13.669   887   887 E libc    : Access denied finding property "ro.hardware.fp.fod"
06-19 02:28:13.669   887   887 E libc    : Access denied finding property "ro.hardware.fp.sideCap"
06-19 02:28:13.652   887   887 W surfaceflinger: type=1400 audit(0.0:1106175): avc: denied { read } for name="u:object_r:vendor_fp_prop:s0" dev="tmpfs" ino=16614 scontext=u:r:surfaceflinger:s0 tcontext=u:object_r:vendor_fp_prop:s0 tclass=file permissive=0
06-19 02:28:13.652   887   887 W surfaceflinger: type=1400 audit(0.0:1106176): avc: denied { read } for name="u:object_r:vendor_fp_prop:s0" dev="tmpfs" ino=16614 scontext=u:r:surfaceflinger:s0 tcontext=u:object_r:vendor_fp_prop:s0 tclass=file permissive=0
06-19 02:28:13.683   764 13753 D msm8974_platform: platform_set_channel_map mixer_ctl_name:Playback Channel Map13
06-19 02:28:13.684   764 13753 D msm8974_platform: platform_set_channel_map: set mapping(1 2 0 0 0 0 0 0) for channel:2
06-19 02:28:13.684   764 13753 E msm8974_platform: platform_set_channel_map: Could not set ctl, error:-22 ch_count:2
06-19 02:28:13.684   764 13753 D audio_hw_primary: start_output_stream: pcm_prepare
06-19 02:28:13.684   764 13753 D audio_hw_primary: start_output_stream: exit
06-19 02:28:13.684   764 13753 D audio_hw_primary: out_write: retry previous failed cal level set
06-19 02:28:13.684   764 13753 D msm8974_platform: platform_split_snd_device: snd_device(2) num devices(1) new_snd_devices(0)
06-19 02:28:13.684   764 13753 D ACDB-LOADER: ACDB -> send_audvoltable
06-19 02:28:13.684   764 13753 D ACDB-LOADER: ACDB -> ACDB_CMD_GET_AUDPROC_VOL_STEP_TABLE_SIZE
06-19 02:28:13.685   764 13753 D ACDB-LOADER: ACDB -> ACDB_CMD_GET_AUDPROC_GAIN_DEP_STEP_TABLE, vol index 5
06-19 02:28:13.685   764 13753 D         : Failed to fetch the lookup information of the device 0000000F 
06-19 02:28:13.685   764 13753 E ACDB-LOADER: Error: ACDB AudProc vol returned = -19
06-19 02:28:13.685   764 13753 D ACDB-LOADER: ACDB -> AUDIO_SET_VOL_CAL cal type = 40
06-19 02:28:13.685   764 13753 D msm8974_platform: platform_split_snd_device: snd_device(2) num devices(0) new_snd_devices(0)
06-19 02:28:13.685   764 13753 I msm8974_platform: platform_get_custom_mtmx_params: no matching param with id 0 ip_ch 2 op_ch 2 uc_id 1 snd_dev 2
06-19 02:28:13.685   887   887 E libc    : Access denied finding property "ro.hardware.fp.fod"
06-19 02:28:13.685   887   887 E libc    : Access denied finding property "ro.hardware.fp.sideCap"
06-19 02:28:13.694  1018  1110 D UE4     : [2022.06.19-00.28.13:694][  0]LogAudio: Display: Audio Device (ID: 1) registered with world '2DSideScrollerExampleMap_Dom_Test'.
06-19 02:28:13.695  1018  1110 D UE4     : [2022.06.19-00.28.13:695][  0]LogAIModule: Creating AISystem for world 2DSideScrollerExampleMap_Dom_Test
06-19 02:28:13.696  1018  1110 D UE4     : [2022.06.19-00.28.13:696][  0]LogLoad: Game class is 'Gameplay_Mode_C'
06-19 02:28:13.698  1018  1110 D UE4     : [2022.06.19-00.28.13:698][  0]LogWorld: Bringing World /Game/2DSideScrollerBP/Maps/2DSideScrollerExampleMap_Dom_Test.2DSideScrollerExampleMap_Dom_Test up for play (max tick rate 0) at 2022.06.19-02.28.13
06-19 02:28:13.698  1018  1110 D UE4     : [2022.06.19-00.28.13:698][  0]LogWorld: Bringing up level for play took: 0.001400
06-19 02:28:13.699  1018  1110 D UE4     : [2022.06.19-00.28.13:699][  0]LogOnline: OSS: Creating online subsystem instance for: GooglePlay
06-19 02:28:13.699  1018  1110 D UE4     : [2022.06.19-00.28.13:699][  0]LogOnline: Warning: OSS: FOnlineSubsystemGooglePlayModule was disabled
06-19 02:28:13.706   764   897 D msm8974_platform: platform_split_snd_device: snd_device(2) num devices(1) new_snd_devices(0)
06-19 02:28:13.706   764   897 D ACDB-LOADER: ACDB -> send_audvoltable
06-19 02:28:13.706   764   897 D ACDB-LOADER: ACDB -> ACDB_CMD_GET_AUDPROC_VOL_STEP_TABLE_SIZE
06-19 02:28:13.706   764   897 D ACDB-LOADER: ACDB -> ACDB_CMD_GET_AUDPROC_GAIN_DEP_STEP_TABLE, vol index 4
06-19 02:28:13.706   764   897 D         : Failed to fetch the lookup information of the device 0000000F 
06-19 02:28:13.706   764   897 E ACDB-LOADER: Error: ACDB AudProc vol returned = -19
06-19 02:28:13.706   764   897 D ACDB-LOADER: ACDB -> AUDIO_SET_VOL_CAL cal type = 40
06-19 02:28:13.707  1018  1110 D UE4     : [2022.06.19-00.28.13:707][  0]LogScript: Warning: Script Msg: External UI not supported by the current online subsystem
06-19 02:28:13.707  1018  1110 D UE4     : [2022.06.19-00.28.13:707][  0]LogBlueprintUserMessages: [Gameplay_Mode_C_2147482563] Mal
06-19 02:28:13.708  1018  1110 D UE4     : [2022.06.19-00.28.13:708][  0]LogLoad: Took 0.078036 seconds to LoadMap(/Game/2DSideScrollerBP/Maps/2DSideScrollerExampleMap_Dom_Test)
06-19 02:28:13.720   887   887 E libc    : Access denied finding property "ro.hardware.fp.fod"
06-19 02:28:13.720   887   887 E libc    : Access denied finding property "ro.hardware.fp.sideCap"
06-19 02:28:13.725  1018  1218 D UE4     : AndroidEGL::  ReleaseContextOwnership,  thread releasing rendering context tid: 1218
06-19 02:28:13.725  1018  1218 D UE4     : AndroidEGL::ResetDisplay()
06-19 02:28:13.731  1018  1235 D UE4     : [2022.06.19-00.28.13:731][  0]LogRenderer: Reallocating scene render targets to support 1432x720 Format 2 NumSamples 1 (Frame:1).
06-19 02:28:13.732  1018  1218 D UE4     : [2022.06.19-00.28.13:732][  0]LogRHI: AndroidOpenGL: Using a maximum of 510 occlusion queries.
06-19 02:28:13.733  1018  1110 D UE4     : [2022.06.19-00.28.13:733][  0]LogSlate: Took 0.004062 seconds to synchronously load lazily loaded font '../../../Engine/Content/Slate/Fonts/Roboto-Regular.ttf' (155K)
06-19 02:28:13.734  1018  1110 D UE4     : [2022.06.19-00.28.13:734][  0]LogRHI: Display: ShaderPipelineCache: Paused Batching. 1
06-19 02:28:13.734  1018  1110 D UE4     : [2022.06.19-00.28.13:734][  0]LogRHI: Display: ShaderPipelineCache: Resumed Batching. 0
06-19 02:28:13.734  1018  1110 D UE4     : [2022.06.19-00.28.13:734][  0]LogRHI: Display: ShaderPipelineCache: Batching Resumed.
06-19 02:28:13.734  1018  1110 D UE4     : [2022.06.19-00.28.13:734][  0]LogInit: Display: Engine is initialized. Leaving FEngineLoop::Init()
06-19 02:28:13.734  1018  1110 D UE4     : [2022.06.19-00.28.13:734][  0]LogAndroid: Passed GEngineLoop.Init()
06-19 02:28:13.734  1018  1110 D UE4     : [2022.06.19-00.28.13:734][  0]LogAndroidEvents: Display: LogAndroidEvents::DequeueAppEvent : 9, [width=-1, height=-1], APP_EVENT_STATE_ON_START
06-19 02:28:13.734  1018  1110 D UE4     : FAppEventManager::Tick processing, 9
06-19 02:28:13.734  1018  1110 D UE4     : [2022.06.19-00.28.13:734][  0]LogAndroidEvents: Display: LogAndroidEvents::DequeueAppEvent : 7, [width=-1, height=-1], APP_EVENT_STATE_ON_RESUME
06-19 02:28:13.734  1018  1110 D UE4     : FAppEventManager::Tick processing, 7
06-19 02:28:13.734  1018  1110 D UE4     : [2022.06.19-00.28.13:734][  0]LogAndroidEvents: Display: LogAndroidEvents::DequeueAppEvent : 0, [width=2157, height=1080], APP_EVENT_STATE_WINDOW_CREATED
06-19 02:28:13.734  1018  1110 D UE4     : FAppEventManager::Tick processing, 0
06-19 02:28:13.734  1018  1110 D UE4     : [2022.06.19-00.28.13:734][  0]LogAndroidEvents: Display: ExecWindowCreated
06-19 02:28:13.734  1018  1110 D UE4     : AndroidEGL::ReInitWindow()
06-19 02:28:13.734  1018  1110 D UE4     : [2022.06.19-00.28.13:734][  0]LogAndroid: AndroidEGL::RefreshWindowSize updating window size = 1432, 720, cached size : 0, 0 tid : 1110
06-19 02:28:13.734  1018  1110 D UE4     : [2022.06.19-00.28.13:734][  0]LogAndroid: AndroidEGL::ResizeSharedContextSurface, PImplData->Window=0x7863d4e010, PImplData->eglWidth=8, PImplData->eglHeight=8!, CachedWidth=1432, CachedHeight=720, tid: 1110
06-19 02:28:13.734  1018  1110 D UE4     : AndroidEGL::UnBindShared()
06-19 02:28:13.734  1018  1110 D UE4     : AndroidEGL::ResetDisplay()
06-19 02:28:13.735  1018  1110 D UE4     : AndroidEGL::DestroySharedSurface()
06-19 02:28:13.735  1018  1110 D UE4     : AndroidEGL::InitSharedSurface 0
06-19 02:28:13.735  1018  1110 D UE4     : AndroidEGL::InitSharedSurface, Using CachedWindowRect, width: 1432, height 720 
06-19 02:28:13.735  1018  1110 D UE4     : AndroidEGL::InitSharedSurface, Using width: 1432, height 720 
06-19 02:28:13.735  1018  1110 D UE4     : AndroidEGL::InitSharedSurface, width: 1432, height 720 
06-19 02:28:13.735  1018  1110 D UE4     : AndroidEGL::CreateEGLSharedSurface(), auxSurface = eglCreatePbufferSurface(), 8x8
06-19 02:28:13.735  1018  1110 D UE4     : ExecWindowCreated, 0, 1, 1
06-19 02:28:13.735  1018  1110 D UE4     : [2022.06.19-00.28.13:735][  0]LogAndroidEvents: Display: LogAndroidEvents::DequeueAppEvent : 11, [width=-1, height=-1], APP_EVENT_STATE_WINDOW_GAINED_FOCUS
06-19 02:28:13.735  1018  1110 D UE4     : FAppEventManager::Tick processing, 11
06-19 02:28:13.735  1018  1110 D UE4     : [2022.06.19-00.28.13:735][  0]LogAndroidEvents: Display: LogAndroidEvents::DequeueAppEvent : 14, [width=-1, height=-1], APP_EVENT_STATE_APP_ACTIVATED
06-19 02:28:13.735  1018  1110 D UE4     : FAppEventManager::Tick processing, 14
06-19 02:28:13.735  1018  1110 D UE4     : Execution will be resumed!
06-19 02:28:13.735  1018  1110 D UE4     : [2022.06.19-00.28.13:735][  0]LogAndroidEvents: Display: LogAndroidEvents::DequeueAppEvent : 15, [width=-1, height=-1], APP_EVENT_RUN_CALLBACK
06-19 02:28:13.735  1018  1110 D UE4     : FAppEventManager::Tick processing, 15
06-19 02:28:13.735  1018  1110 D UE4     : [2022.06.19-00.28.13:735][  0]LogAndroidEvents: Display: Event thread callback running.
06-19 02:28:13.735  1018  1110 D UE4     : [2022.06.19-00.28.13:735][  0]LogAndroid: performing app foregrounding callback.
06-19 02:28:13.735   887   887 E libc    : Access denied finding property "ro.hardware.fp.fod"
06-19 02:28:13.735  1018  1110 D UE4     : [GameActivity] Registering volume receiver
06-19 02:28:13.735   887   887 E libc    : Access denied finding property "ro.hardware.fp.sideCap"
06-19 02:28:13.738  1018  1110 D AudioManager: getStreamVolume isRestricted mode = 0
06-19 02:28:13.739  1018  1110 D UE4     : [GameActivity] startVolumeReceiver: 9
06-19 02:28:13.739  1018  1110 D UE4     : nativeVolumeEvent(9)
06-19 02:28:13.739  1018  1110 D UE4     : [GameActivity] Registering battery receiver
06-19 02:28:13.741  1018  1110 D UE4     : [GameActivity] Registering headset receiver
06-19 02:28:13.741  1018  1110 D UE4     : [GameActivity] startHeadsetReceiver: 0
06-19 02:28:13.741  1018  1110 D UE4     : nativeHeadsetEvent(0)
06-19 02:28:13.741  1018  1110 D UE4     : [2022.06.19-00.28.13:741][  0]LogCore: Display: AppLifetime: Application has entered foreground
06-19 02:28:13.742  1018  1018 D UE4     : [GameActivity] Battery: status = 5, rawlevel = 100, scale = 100
06-19 02:28:13.743  1018  1018 D UE4     : nativeBatteryEvent(stat = 5, lvl = 100  temp = 30.00 C)
06-19 02:28:13.743  1018  1018 D UE4     : [GameActivity] headsetReceiver::onReceive
06-19 02:28:13.743  1018  1018 D UE4     : nativeHeadsetEvent(0)
06-19 02:28:13.745  1018  1218 D UE4     : [2022.06.19-00.28.13:745][  0]LogRHI: Using OpenGL program LRU cache: 0
06-19 02:28:13.755   887   887 E libc    : Access denied finding property "ro.hardware.fp.fod"
06-19 02:28:13.755   887   887 E libc    : Access denied finding property "ro.hardware.fp.sideCap"
06-19 02:28:13.770   887   887 E libc    : Access denied finding property "ro.hardware.fp.fod"
06-19 02:28:13.770   887   887 E libc    : Access denied finding property "ro.hardware.fp.sideCap"
06-19 02:28:13.802   887   887 E libc    : Access denied finding property "ro.hardware.fp.fod"
06-19 02:28:13.803   887   887 E libc    : Access denied finding property "ro.hardware.fp.sideCap"
06-19 02:28:13.819   887   887 E libc    : Access denied finding property "ro.hardware.fp.fod"
06-19 02:28:13.819   887   887 E libc    : Access denied finding property "ro.hardware.fp.sideCap"
06-19 02:28:13.836   887   887 E libc    : Access denied finding property "ro.hardware.fp.fod"
06-19 02:28:13.836   887   887 E libc    : Access denied finding property "ro.hardware.fp.sideCap"
06-19 02:28:13.853   887   887 E libc    : Access denied finding property "ro.hardware.fp.fod"
06-19 02:28:13.853   887   887 E libc    : Access denied finding property "ro.hardware.fp.sideCap"
06-19 02:28:13.869   887   887 E libc    : Access denied finding property "ro.hardware.fp.fod"
06-19 02:28:13.869   887   887 E libc    : Access denied finding property "ro.hardware.fp.sideCap"
06-19 02:28:13.885   887   887 E libc    : Access denied finding property "ro.hardware.fp.fod"
06-19 02:28:13.886   887   887 E libc    : Access denied finding property "ro.hardware.fp.sideCap"
06-19 02:28:13.902  2328  2829 D MobileSignalController: onSignalStrengthsChanged: SignalStrength:{mCdma=CellSignalStrengthCdma: cdmaDbm=2147483647 cdmaEcio=2147483647 evdoDbm=2147483647 evdoEcio=2147483647 evdoSnr=2147483647 miuiLevel=0 level=0,mGsm=CellSignalStrengthGsm: rssi=2147483647 ber=2147483647 mTa=2147483647 miuiLevel=0 mLevel=0,mWcdma=CellSignalStrengthWcdma: ss=-101 ber=2147483647 rscp=-104 ecno=-8 miuiLevel=3 level=1,mTdscdma=CellSignalStrengthTdscdma: rssi=2147483647 ber=2147483647 rscp=2147483647 miuiLevel=0 level=0,mLte=CellSignalStrengthLte: rssi=2147483647 rsrp=2147483647 rsrq=2147483647 rssnr=2147483647 cqi=2147483647 ta=2147483647 miuiLevel=0 level=0,mNr=CellSignalStrengthNr:{ csiRsrp = 2147483647 csiRsrq = 2147483647 csiSinr = 2147483647 ssRsrp = 2147483647 ssRsrq = 2147483647 ssSinr = 2147483647 miuiLevel = 0 level = 0 },primary=CellSignalStrengthWcdma}
06-19 02:28:13.904   887   887 E libc    : Access denied finding property "ro.hardware.fp.fod"
06-19 02:28:13.904  2328  2829 D NetworkController.MobileSignalController(1): 4G level = 3
06-19 02:28:13.904   887   887 E libc    : Access denied finding property "ro.hardware.fp.sideCap"
06-19 02:28:13.919   887   887 E libc    : Access denied finding property "ro.hardware.fp.fod"
06-19 02:28:13.919   887   887 E libc    : Access denied finding property "ro.hardware.fp.sideCap"
06-19 02:28:13.936   887   887 E libc    : Access denied finding property "ro.hardware.fp.fod"
06-19 02:28:13.937   887   887 E libc    : Access denied finding property "ro.hardware.fp.sideCap"
06-19 02:28:13.952   887   887 E libc    : Access denied finding property "ro.hardware.fp.fod"
06-19 02:28:13.953   887   887 E libc    : Access denied finding property "ro.hardware.fp.sideCap"
06-19 02:28:13.970   887   887 E libc    : Access denied finding property "ro.hardware.fp.fod"
06-19 02:28:13.970   887   887 E libc    : Access denied finding property "ro.hardware.fp.sideCap"
06-19 02:28:13.986   887   887 E libc    : Access denied finding property "ro.hardware.fp.fod"
06-19 02:28:13.986   887   887 E libc    : Access denied finding property "ro.hardware.fp.sideCap"
06-19 02:28:14.003   887   887 E libc    : Access denied finding property "ro.hardware.fp.fod"
06-19 02:28:14.004   887   887 E libc    : Access denied finding property "ro.hardware.fp.sideCap"
06-19 02:28:14.020   887   887 E libc    : Access denied finding property "ro.hardware.fp.fod"
06-19 02:28:14.020   887   887 E libc    : Access denied finding property "ro.hardware.fp.sideCap"
06-19 02:28:14.037   887   887 E libc    : Access denied finding property "ro.hardware.fp.fod"
06-19 02:28:14.037   887   887 E libc    : Access denied finding property "ro.hardware.fp.sideCap"
06-19 02:28:14.053   887   887 E libc    : Access denied finding property "ro.hardware.fp.fod"
06-19 02:28:14.054   887   887 E libc    : Access denied finding property "ro.hardware.fp.sideCap"
06-19 02:28:14.071   887   887 E libc    : Access denied finding property "ro.hardware.fp.fod"
06-19 02:28:14.071   887   887 E libc    : Access denied finding property "ro.hardware.fp.sideCap"
06-19 02:28:14.085   887   887 E libc    : Access denied finding property "ro.hardware.fp.fod"
06-19 02:28:14.085   887   887 E libc    : Access denied finding property "ro.hardware.fp.sideCap"
06-19 02:28:14.119   887   887 E libc    : Access denied finding property "ro.hardware.fp.fod"
06-19 02:28:14.119   887   887 E libc    : Access denied finding property "ro.hardware.fp.sideCap"
06-19 02:28:14.134   887   887 E libc    : Access denied finding property "ro.hardware.fp.fod"
06-19 02:28:14.134   887   887 E libc    : Access denied finding property "ro.hardware.fp.sideCap"
06-19 02:28:14.168   887   887 E libc    : Access denied finding property "ro.hardware.fp.fod"
06-19 02:28:14.168   887   887 E libc    : Access denied finding property "ro.hardware.fp.sideCap"
06-19 02:28:14.184   887   887 E libc    : Access denied finding property "ro.hardware.fp.fod"
06-19 02:28:14.185   887   887 E libc    : Access denied finding property "ro.hardware.fp.sideCap"
06-19 02:28:14.201   887   887 E libc    : Access denied finding property "ro.hardware.fp.fod"
06-19 02:28:14.201   887   887 E libc    : Access denied finding property "ro.hardware.fp.sideCap"
06-19 02:28:14.215  2328  2328 D SignalClusterView: updateMobileTypeImage  0
06-19 02:28:14.228  3477 24085 W MiuiPerfServiceClient: interceptAndQueuing:2328|com.android.systemui|233|80|unknown|null|StatusBar|27039981826662|Slow main thread|5
06-19 02:28:14.220  2328  2328 I chatty  : uid=1000(system) com.android.systemui identical 5 lines
06-19 02:28:14.221  2328  2328 D SignalClusterView: updateMobileTypeImage  0
06-19 02:28:14.236   887   887 E libc    : Access denied finding property "ro.hardware.fp.fod"
06-19 02:28:14.236   887   887 E libc    : Access denied finding property "ro.hardware.fp.sideCap"
06-19 02:28:14.254   887   887 E libc    : Access denied finding property "ro.hardware.fp.fod"
06-19 02:28:14.254   887   887 E libc    : Access denied finding property "ro.hardware.fp.sideCap"
06-19 02:28:14.288   887   887 E libc    : Access denied finding property "ro.hardware.fp.fod"
06-19 02:28:14.288   887   887 E libc    : Access denied finding property "ro.hardware.fp.sideCap"
06-19 02:28:14.304   887   887 E libc    : Access denied finding property "ro.hardware.fp.fod"
06-19 02:28:14.305   887   887 E libc    : Access denied finding property "ro.hardware.fp.sideCap"
06-19 02:28:14.321   887   887 E libc    : Access denied finding property "ro.hardware.fp.fod"
06-19 02:28:14.322   887   887 E libc    : Access denied finding property "ro.hardware.fp.sideCap"
06-19 02:28:14.336   887   887 E libc    : Access denied finding property "ro.hardware.fp.fod"
06-19 02:28:14.336   887   887 E libc    : Access denied finding property "ro.hardware.fp.sideCap"
06-19 02:28:14.353   887   887 E libc    : Access denied finding property "ro.hardware.fp.fod"
06-19 02:28:14.353   887   887 E libc    : Access denied finding property "ro.hardware.fp.sideCap"
06-19 02:28:14.370   887   887 E libc    : Access denied finding property "ro.hardware.fp.fod"
06-19 02:28:14.371   887   887 E libc    : Access denied finding property "ro.hardware.fp.sideCap"
06-19 02:28:14.388   887   887 E libc    : Access denied finding property "ro.hardware.fp.fod"
06-19 02:28:14.388   887   887 E libc    : Access denied finding property "ro.hardware.fp.sideCap"
06-19 02:28:14.403   887   887 E libc    : Access denied finding property "ro.hardware.fp.fod"
06-19 02:28:14.403   887   887 E libc    : Access denied finding property "ro.hardware.fp.sideCap"
06-19 02:28:14.419   887   887 E libc    : Access denied finding property "ro.hardware.fp.fod"
06-19 02:28:14.420   887   887 E libc    : Access denied finding property "ro.hardware.fp.sideCap"
06-19 02:28:14.437   887   887 E libc    : Access denied finding property "ro.hardware.fp.fod"
06-19 02:28:14.437   887   887 E libc    : Access denied finding property "ro.hardware.fp.sideCap"
06-19 02:28:14.454   887   887 E libc    : Access denied finding property "ro.hardware.fp.fod"
06-19 02:28:14.455   887   887 E libc    : Access denied finding property "ro.hardware.fp.sideCap"
06-19 02:28:14.467  1018  1239 D UE4     : [2022.06.19-00.28.14:467][  0]LogTcpMessaging: Started Connection to '127.0.0.1:44279'
06-19 02:28:14.468  1018  1239 D UE4     : [2022.06.19-00.28.14:468][  0]LogTcpMessaging: Discovered node '5ED85FF24860A6EAD0141AA0E4EF95EC' on connection '127.0.0.1:44279'...
06-19 02:28:14.471   887   887 E libc    : Access denied finding property "ro.hardware.fp.fod"
06-19 02:28:14.471   887   887 E libc    : Access denied finding property "ro.hardware.fp.sideCap"
06-19 02:28:14.487   887   887 E libc    : Access denied finding property "ro.hardware.fp.fod"
06-19 02:28:14.488   887   887 E libc    : Access denied finding property "ro.hardware.fp.sideCap"
06-19 02:28:14.504   887   887 E libc    : Access denied finding property "ro.hardware.fp.fod"
06-19 02:28:14.504   887   887 E libc    : Access denied finding property "ro.hardware.fp.sideCap"
06-19 02:28:14.521   887   887 E libc    : Access denied finding property "ro.hardware.fp.fod"
06-19 02:28:14.521   887   887 E libc    : Access denied finding property "ro.hardware.fp.sideCap"
06-19 02:28:14.538   887   887 E libc    : Access denied finding property "ro.hardware.fp.fod"
06-19 02:28:14.538   887   887 E libc    : Access denied finding property "ro.hardware.fp.sideCap"
06-19 02:28:14.554   887   887 E libc    : Access denied finding property "ro.hardware.fp.fod"
06-19 02:28:14.554   887   887 E libc    : Access denied finding property "ro.hardware.fp.sideCap"
06-19 02:28:14.570  1018  1110 D UE4     : [2022.06.19-00.28.14:570][  0]LogUdpMessaging: Initializing bridge on interface 0.0.0.0:0 to multicast group 230.0.0.1:6666.
06-19 02:28:14.571   887   887 E libc    : Access denied finding property "ro.hardware.fp.fod"
06-19 02:28:14.572   887   887 E libc    : Access denied finding property "ro.hardware.fp.sideCap"
06-19 02:28:14.588   887   887 E libc    : Access denied finding property "ro.hardware.fp.fod"
06-19 02:28:14.588   887   887 E libc    : Access denied finding property "ro.hardware.fp.sideCap"
06-19 02:28:14.605   887   887 E libc    : Access denied finding property "ro.hardware.fp.fod"
06-19 02:28:14.605   887   887 E libc    : Access denied finding property "ro.hardware.fp.sideCap"
06-19 02:28:14.622   887   887 E libc    : Access denied finding property "ro.hardware.fp.fod"
06-19 02:28:14.622   887   887 E libc    : Access denied finding property "ro.hardware.fp.sideCap"
06-19 02:28:14.639   887   887 E libc    : Access denied finding property "ro.hardware.fp.fod"
06-19 02:28:14.639   887   887 E libc    : Access denied finding property "ro.hardware.fp.sideCap"
06-19 02:28:14.622   887   887 W surfaceflinger: type=1400 audit(0.0:1106279): avc: denied { read } for name="u:object_r:vendor_fp_prop:s0" dev="tmpfs" ino=16614 scontext=u:r:surfaceflinger:s0 tcontext=u:object_r:vendor_fp_prop:s0 tclass=file permissive=0
06-19 02:28:14.642   887   887 I chatty  : uid=1000(system) /system/bin/surfaceflinger identical 2 lines
06-19 02:28:14.642   887   887 W surfaceflinger: type=1400 audit(0.0:1106282): avc: denied { read } for name="u:object_r:vendor_fp_prop:s0" dev="tmpfs" ino=16614 scontext=u:r:surfaceflinger:s0 tcontext=u:object_r:vendor_fp_prop:s0 tclass=file permissive=0
06-19 02:28:14.654   887   887 E libc    : Access denied finding property "ro.hardware.fp.fod"
06-19 02:28:14.655   887   887 E libc    : Access denied finding property "ro.hardware.fp.sideCap"
06-19 02:28:14.662   887   887 W surfaceflinger: type=1400 audit(0.0:1106283): avc: denied { read } for name="u:object_r:vendor_fp_prop:s0" dev="tmpfs" ino=16614 scontext=u:r:surfaceflinger:s0 tcontext=u:object_r:vendor_fp_prop:s0 tclass=file permissive=0
06-19 02:28:14.672   887   887 E libc    : Access denied finding property "ro.hardware.fp.fod"
06-19 02:28:14.672   887   887 E libc    : Access denied finding property "ro.hardware.fp.sideCap"
06-19 02:28:14.687   887   887 E libc    : Access denied finding property "ro.hardware.fp.fod"
06-19 02:28:14.688   887   887 E libc    : Access denied finding property "ro.hardware.fp.sideCap"
06-19 02:28:14.705   887   887 E libc    : Access denied finding property "ro.hardware.fp.fod"
06-19 02:28:14.705   887   887 E libc    : Access denied finding property "ro.hardware.fp.sideCap"
06-19 02:28:14.722   887   887 E libc    : Access denied finding property "ro.hardware.fp.fod"
06-19 02:28:14.722   887   887 E libc    : Access denied finding property "ro.hardware.fp.sideCap"
06-19 02:28:14.738   887   887 E libc    : Access denied finding property "ro.hardware.fp.fod"
06-19 02:28:14.739   887   887 E libc    : Access denied finding property "ro.hardware.fp.sideCap"
06-19 02:28:14.755   887   887 E libc    : Access denied finding property "ro.hardware.fp.fod"
06-19 02:28:14.756   887   887 E libc    : Access denied finding property "ro.hardware.fp.sideCap"
06-19 02:28:14.771   887   887 E libc    : Access denied finding property "ro.hardware.fp.fod"
06-19 02:28:14.771   887   887 E libc    : Access denied finding property "ro.hardware.fp.sideCap"
06-19 02:28:14.789   887   887 E libc    : Access denied finding property "ro.hardware.fp.fod"
06-19 02:28:14.789   887   887 E libc    : Access denied finding property "ro.hardware.fp.sideCap"
06-19 02:28:14.805   887   887 E libc    : Access denied finding property "ro.hardware.fp.fod"
06-19 02:28:14.805   887   887 E libc    : Access denied finding property "ro.hardware.fp.sideCap"
06-19 02:28:14.822   887   887 E libc    : Access denied finding property "ro.hardware.fp.fod"
06-19 02:28:14.822   887   887 E libc    : Access denied finding property "ro.hardware.fp.sideCap"
06-19 02:28:14.839   887   887 E libc    : Access denied finding property "ro.hardware.fp.fod"
06-19 02:28:14.839   887   887 E libc    : Access denied finding property "ro.hardware.fp.sideCap"
06-19 02:28:14.855   887   887 E libc    : Access denied finding property "ro.hardware.fp.fod"
06-19 02:28:14.856   887   887 E libc    : Access denied finding property "ro.hardware.fp.sideCap"
06-19 02:28:14.872   887   887 E libc    : Access denied finding property "ro.hardware.fp.fod"
06-19 02:28:14.872   887   887 E libc    : Access denied finding property "ro.hardware.fp.sideCap"
06-19 02:28:14.889   887   887 E libc    : Access denied finding property "ro.hardware.fp.fod"
06-19 02:28:14.889   887   887 E libc    : Access denied finding property "ro.hardware.fp.sideCap"
06-19 02:28:14.905   887   887 E libc    : Access denied finding property "ro.hardware.fp.fod"
06-19 02:28:14.905   887   887 E libc    : Access denied finding property "ro.hardware.fp.sideCap"
06-19 02:28:14.923   887   887 E libc    : Access denied finding property "ro.hardware.fp.fod"
06-19 02:28:14.923   887   887 E libc    : Access denied finding property "ro.hardware.fp.sideCap"
06-19 02:28:14.956   887   887 E libc    : Access denied finding property "ro.hardware.fp.fod"
06-19 02:28:14.956   887   887 E libc    : Access denied finding property "ro.hardware.fp.sideCap"
06-19 02:28:14.972   887   887 E libc    : Access denied finding property "ro.hardware.fp.fod"
06-19 02:28:14.972   887   887 E libc    : Access denied finding property "ro.hardware.fp.sideCap"
06-19 02:28:14.989   887   887 E libc    : Access denied finding property "ro.hardware.fp.fod"
06-19 02:28:14.989   887   887 E libc    : Access denied finding property "ro.hardware.fp.sideCap"
06-19 02:28:15.005   887   887 E libc    : Access denied finding property "ro.hardware.fp.fod"
06-19 02:28:15.006   887   887 E libc    : Access denied finding property "ro.hardware.fp.sideCap"
06-19 02:28:15.021   887   887 E libc    : Access denied finding property "ro.hardware.fp.fod"
06-19 02:28:15.021   887   887 E libc    : Access denied finding property "ro.hardware.fp.sideCap"
06-19 02:28:15.038   887   887 E libc    : Access denied finding property "ro.hardware.fp.fod"
06-19 02:28:15.038   887   887 E libc    : Access denied finding property "ro.hardware.fp.sideCap"
06-19 02:28:15.056   887   887 E libc    : Access denied finding property "ro.hardware.fp.fod"
06-19 02:28:15.056   887   887 E libc    : Access denied finding property "ro.hardware.fp.sideCap"
06-19 02:28:15.073   887   887 E libc    : Access denied finding property "ro.hardware.fp.fod"
06-19 02:28:15.073   887   887 E libc    : Access denied finding property "ro.hardware.fp.sideCap"
06-19 02:28:15.089   887   887 E libc    : Access denied finding property "ro.hardware.fp.fod"
06-19 02:28:15.090   887   887 E libc    : Access denied finding property "ro.hardware.fp.sideCap"
06-19 02:28:15.106   887   887 E libc    : Access denied finding property "ro.hardware.fp.fod"
06-19 02:28:15.106   887   887 E libc    : Access denied finding property "ro.hardware.fp.sideCap"
06-19 02:28:15.123   887   887 E libc    : Access denied finding property "ro.hardware.fp.fod"
06-19 02:28:15.124   887   887 E libc    : Access denied finding property "ro.hardware.fp.sideCap"
06-19 02:28:15.140   887   887 E libc    : Access denied finding property "ro.hardware.fp.fod"
06-19 02:28:15.140   887   887 E libc    : Access denied finding property "ro.hardware.fp.sideCap"
06-19 02:28:15.156   887   887 E libc    : Access denied finding property "ro.hardware.fp.fod"
06-19 02:28:15.156   887   887 E libc    : Access denied finding property "ro.hardware.fp.sideCap"
06-19 02:28:15.173   887   887 E libc    : Access denied finding property "ro.hardware.fp.fod"
06-19 02:28:15.173   887   887 E libc    : Access denied finding property "ro.hardware.fp.sideCap"
06-19 02:28:15.189   887   887 E libc    : Access denied finding property "ro.hardware.fp.fod"
06-19 02:28:15.190   887   887 E libc    : Access denied finding property "ro.hardware.fp.sideCap"
06-19 02:28:15.206   887   887 E libc    : Access denied finding property "ro.hardware.fp.fod"
06-19 02:28:15.206   887   887 E libc    : Access denied finding property "ro.hardware.fp.sideCap"
06-19 02:28:15.224   887   887 E libc    : Access denied finding property "ro.hardware.fp.fod"
06-19 02:28:15.224   887   887 E libc    : Access denied finding property "ro.hardware.fp.sideCap"
06-19 02:28:15.239   887   887 E libc    : Access denied finding property "ro.hardware.fp.fod"
06-19 02:28:15.239   887   887 E libc    : Access denied finding property "ro.hardware.fp.sideCap"
06-19 02:28:15.274   887   887 E libc    : Access denied finding property "ro.hardware.fp.fod"
06-19 02:28:15.274   887   887 E libc    : Access denied finding property "ro.hardware.fp.sideCap"
06-19 02:28:15.292   572   572 E SELinux : avc:  denied  { find } for interface=vendor.qti.hardware.servicetracker::IServicetracker sid=u:r:system_server:s0 pid=2104 scontext=u:r:system_server:s0 tcontext=u:object_r:default_android_hwservice:s0 tclass=hwservice_manager permissive=0
06-19 02:28:15.307   887   887 E libc    : Access denied finding property "ro.hardware.fp.fod"
06-19 02:28:15.307   887   887 E libc    : Access denied finding property "ro.hardware.fp.sideCap"
06-19 02:28:15.322   887   887 E libc    : Access denied finding property "ro.hardware.fp.fod"
06-19 02:28:15.322   887   887 E libc    : Access denied finding property "ro.hardware.fp.sideCap"
06-19 02:28:15.339   887   887 E libc    : Access denied finding property "ro.hardware.fp.fod"
06-19 02:28:15.339   887   887 E libc    : Access denied finding property "ro.hardware.fp.sideCap"
06-19 02:28:15.356   887   887 E libc    : Access denied finding property "ro.hardware.fp.fod"
06-19 02:28:15.356   887   887 E libc    : Access denied finding property "ro.hardware.fp.sideCap"
06-19 02:28:15.373   887   887 E libc    : Access denied finding property "ro.hardware.fp.fod"
06-19 02:28:15.373   887   887 E libc    : Access denied finding property "ro.hardware.fp.sideCap"
06-19 02:28:15.395   887   887 E libc    : Access denied finding property "ro.hardware.fp.fod"
06-19 02:28:15.395   887   887 E libc    : Access denied finding property "ro.hardware.fp.sideCap"
06-19 02:28:15.406   887   887 E libc    : Access denied finding property "ro.hardware.fp.fod"
06-19 02:28:15.406   887   887 E libc    : Access denied finding property "ro.hardware.fp.sideCap"
06-19 02:28:15.422   887   887 E libc    : Access denied finding property "ro.hardware.fp.fod"
06-19 02:28:15.422   887   887 E libc    : Access denied finding property "ro.hardware.fp.sideCap"
06-19 02:28:15.439   887   887 E libc    : Access denied finding property "ro.hardware.fp.fod"
06-19 02:28:15.439   887   887 E libc    : Access denied finding property "ro.hardware.fp.sideCap"
06-19 02:28:15.455   887   887 E libc    : Access denied finding property "ro.hardware.fp.fod"
06-19 02:28:15.455   887   887 E libc    : Access denied finding property "ro.hardware.fp.sideCap"
06-19 02:28:15.471  1018  1239 D UE4     : [2022.06.19-00.28.15:471][  0]LogTcpMessaging: Lost node '5ED85FF24860A6EAD0141AA0E4EF95EC' on connection '127.0.0.1:44279'...
06-19 02:28:15.473   887   887 E libc    : Access denied finding property "ro.hardware.fp.fod"
06-19 02:28:15.473   887   887 E libc    : Access denied finding property "ro.hardware.fp.sideCap"
06-19 02:28:15.489   887   887 E libc    : Access denied finding property "ro.hardware.fp.fod"
06-19 02:28:15.489   887   887 E libc    : Access denied finding property "ro.hardware.fp.sideCap"
06-19 02:28:15.505   887   887 E libc    : Access denied finding property "ro.hardware.fp.fod"
06-19 02:28:15.506   887   887 E libc    : Access denied finding property "ro.hardware.fp.sideCap"
06-19 02:28:15.523   887   887 E libc    : Access denied finding property "ro.hardware.fp.fod"
06-19 02:28:15.524   887   887 E libc    : Access denied finding property "ro.hardware.fp.sideCap"
06-19 02:28:15.539   887   887 E libc    : Access denied finding property "ro.hardware.fp.fod"
06-19 02:28:15.539   887   887 E libc    : Access denied finding property "ro.hardware.fp.sideCap"
06-19 02:28:15.557   887   887 E libc    : Access denied finding property "ro.hardware.fp.fod"
06-19 02:28:15.557   887   887 E libc    : Access denied finding property "ro.hardware.fp.sideCap"
06-19 02:28:15.573  1018  1110 D UE4     : [2022.06.19-00.28.15:573][  0]LogTcpMessaging: Initializing TcpMessaging bridge, listening on 127.0.0.1:6666
06-19 02:28:15.577  1018  1110 D UE4     : [2022.06.19-00.28.15:577][  0]LogCore: Display: AppLifetime: Application has reactivated
06-19 02:28:15.577  1018  1110 D UE4     : [2022.06.19-00.28.15:577][  0]LogTemp: Android resume audio
06-19 02:28:15.577  1018  1110 D UE4     : [2022.06.19-00.28.15:577][  0]LogInit: First time updating LLM stats...
06-19 02:28:15.592   887   887 E libc    : Access denied finding property "ro.hardware.fp.fod"
06-19 02:28:15.592   887   887 E libc    : Access denied finding property "ro.hardware.fp.sideCap"
06-19 02:28:15.607   887   887 E libc    : Access denied finding property "ro.hardware.fp.fod"
06-19 02:28:15.607   887   887 E libc    : Access denied finding property "ro.hardware.fp.sideCap"
06-19 02:28:15.615  1018  1218 D UE4     : [2022.06.19-00.28.15:615][  0]LogAndroid: AndroidEGL::ResizeRenderContextSurface, PImplData->Window=0x7863d4e010, PImplData->eglWidth=8, PImplData->eglHeight=8!, CachedWidth=1432, CachedHeight=720, tid: 1218
06-19 02:28:15.615  1018  1218 D UE4     : AndroidEGL::UnBindRender()
06-19 02:28:15.615  1018  1218 D UE4     : AndroidEGL::ResetDisplay()
06-19 02:28:15.617  1018  1218 D UE4     : AndroidEGL::DestroyRenderSurface()
06-19 02:28:15.624   887   887 E libc    : Access denied finding property "ro.hardware.fp.fod"
06-19 02:28:15.624   887   887 E libc    : Access denied finding property "ro.hardware.fp.sideCap"
06-19 02:28:15.628  1018  1218 D UE4     : AndroidEGL::InitRenderSurface 0, 1
06-19 02:28:15.628  1018  1218 D UE4     : AndroidEGL::InitRenderSurface, Using CachedWindowRect, width: 1432, height 720 
06-19 02:28:15.628  1018  1218 D UE4     : AndroidEGL::InitRenderSurface, Using width: 1432, height 720 
06-19 02:28:15.628  1018  1218 D UE4     : AndroidEGL::InitRenderSurface, wnd: 0x7863d4e010, width: 1432, height 720 
06-19 02:28:15.628  1018  1218 D UE4     : AndroidEGL::CreateEGLRenderSurface() 0x77d59d3580
06-19 02:28:15.633  1018  1110 D UE4     : [2022.06.19-00.28.15:633][  0]LogAndroid: Display: Low Power Mode Changed: 0
06-19 02:28:15.632   887   887 W surfaceflinger: type=1400 audit(0.0:1106391): avc: denied { read } for name="u:object_r:vendor_fp_prop:s0" dev="tmpfs" ino=16614 scontext=u:r:surfaceflinger:s0 tcontext=u:object_r:vendor_fp_prop:s0 tclass=file permissive=0
06-19 02:28:15.632   887   887 W surfaceflinger: type=1400 audit(0.0:1106392): avc: denied { read } for name="u:object_r:vendor_fp_prop:s0" dev="tmpfs" ino=16614 scontext=u:r:surfaceflinger:s0 tcontext=u:object_r:vendor_fp_prop:s0 tclass=file permissive=0
06-19 02:28:15.641   887   887 E libc    : Access denied finding property "ro.hardware.fp.fod"
06-19 02:28:15.641   887   887 E libc    : Access denied finding property "ro.hardware.fp.sideCap"
06-19 02:28:15.642   887   887 W surfaceflinger: type=1400 audit(0.0:1106393): avc: denied { read } for name="u:object_r:vendor_fp_prop:s0" dev="tmpfs" ino=16614 scontext=u:r:surfaceflinger:s0 tcontext=u:object_r:vendor_fp_prop:s0 tclass=file permissive=0
06-19 02:28:15.642   887   887 W surfaceflinger: type=1400 audit(0.0:1106394): avc: denied { read } for name="u:object_r:vendor_fp_prop:s0" dev="tmpfs" ino=16614 scontext=u:r:surfaceflinger:s0 tcontext=u:object_r:vendor_fp_prop:s0 tclass=file permissive=0
06-19 02:28:15.657   887   887 E libc    : Access denied finding property "ro.hardware.fp.fod"
06-19 02:28:15.657   887   887 E libc    : Access denied finding property "ro.hardware.fp.sideCap"
06-19 02:28:15.662   887   887 W surfaceflinger: type=1400 audit(0.0:1106395): avc: denied { read } for name="u:object_r:vendor_fp_prop:s0" dev="tmpfs" ino=16614 scontext=u:r:surfaceflinger:s0 tcontext=u:object_r:vendor_fp_prop:s0 tclass=file permissive=0
06-19 02:28:15.674   887   887 E libc    : Access denied finding property "ro.hardware.fp.fod"
06-19 02:28:15.674   887   887 E libc    : Access denied finding property "ro.hardware.fp.sideCap"
06-19 02:28:15.690   887   887 E libc    : Access denied finding property "ro.hardware.fp.fod"
06-19 02:28:15.691   887   887 E libc    : Access denied finding property "ro.hardware.fp.sideCap"
06-19 02:28:15.709   887   887 E libc    : Access denied finding property "ro.hardware.fp.fod"
06-19 02:28:15.709   887   887 E libc    : Access denied finding property "ro.hardware.fp.sideCap"
06-19 02:28:15.723   887   887 E libc    : Access denied finding property "ro.hardware.fp.fod"
06-19 02:28:15.723   887   887 E libc    : Access denied finding property "ro.hardware.fp.sideCap"
06-19 02:28:15.742   887   887 E libc    : Access denied finding property "ro.hardware.fp.fod"
06-19 02:28:15.742   887   887 E libc    : Access denied finding property "ro.hardware.fp.sideCap"
06-19 02:28:15.758   887   887 E libc    : Access denied finding property "ro.hardware.fp.fod"
06-19 02:28:15.758   887   887 E libc    : Access denied finding property "ro.hardware.fp.sideCap"
06-19 02:28:15.775   887   887 E libc    : Access denied finding property "ro.hardware.fp.fod"
06-19 02:28:15.776   887   887 E libc    : Access denied finding property "ro.hardware.fp.sideCap"
06-19 02:28:15.792   887   887 E libc    : Access denied finding property "ro.hardware.fp.fod"
06-19 02:28:15.792   887   887 E libc    : Access denied finding property "ro.hardware.fp.sideCap"
06-19 02:28:15.808   887   887 E libc    : Access denied finding property "ro.hardware.fp.fod"
06-19 02:28:15.808   887   887 E libc    : Access denied finding property "ro.hardware.fp.sideCap"
06-19 02:28:15.825   887   887 E libc    : Access denied finding property "ro.hardware.fp.fod"
06-19 02:28:15.825   887   887 E libc    : Access denied finding property "ro.hardware.fp.sideCap"
06-19 02:28:15.842   887   887 E libc    : Access denied finding property "ro.hardware.fp.fod"
06-19 02:28:15.843   887   887 E libc    : Access denied finding property "ro.hardware.fp.sideCap"
06-19 02:28:15.857   887   887 E libc    : Access denied finding property "ro.hardware.fp.fod"
06-19 02:28:15.857   887   887 E libc    : Access denied finding property "ro.hardware.fp.sideCap"
06-19 02:28:15.873   887   887 E libc    : Access denied finding property "ro.hardware.fp.fod"
06-19 02:28:15.873   887   887 E libc    : Access denied finding property "ro.hardware.fp.sideCap"
06-19 02:28:15.889   887   887 E libc    : Access denied finding property "ro.hardware.fp.fod"
06-19 02:28:15.890   887   887 E libc    : Access denied finding property "ro.hardware.fp.sideCap"
06-19 02:28:15.906   887   887 E libc    : Access denied finding property "ro.hardware.fp.fod"
06-19 02:28:15.906   887   887 E libc    : Access denied finding property "ro.hardware.fp.sideCap"
06-19 02:28:15.923   887   887 E libc    : Access denied finding property "ro.hardware.fp.fod"
06-19 02:28:15.923   887   887 E libc    : Access denied finding property "ro.hardware.fp.sideCap"
06-19 02:28:15.940   887   887 E libc    : Access denied finding property "ro.hardware.fp.fod"
06-19 02:28:15.940   887   887 E libc    : Access denied finding property "ro.hardware.fp.sideCap"
06-19 02:28:15.958   887   887 E libc    : Access denied finding property "ro.hardware.fp.fod"
06-19 02:28:15.958   887   887 E libc    : Access denied finding property "ro.hardware.fp.sideCap"
06-19 02:28:15.975   887   887 E libc    : Access denied finding property "ro.hardware.fp.fod"
06-19 02:28:15.975   887   887 E libc    : Access denied finding property "ro.hardware.fp.sideCap"
06-19 02:28:15.992   887   887 E libc    : Access denied finding property "ro.hardware.fp.fod"
06-19 02:28:15.993   887   887 E libc    : Access denied finding property "ro.hardware.fp.sideCap"
06-19 02:28:16.009   887   887 E libc    : Access denied finding property "ro.hardware.fp.fod"
06-19 02:28:16.010   887   887 E libc    : Access denied finding property "ro.hardware.fp.sideCap"
06-19 02:28:16.025   887   887 E libc    : Access denied finding property "ro.hardware.fp.fod"
06-19 02:28:16.026   887   887 E libc    : Access denied finding property "ro.hardware.fp.sideCap"
06-19 02:28:16.042   887   887 E libc    : Access denied finding property "ro.hardware.fp.fod"
06-19 02:28:16.042   887   887 E libc    : Access denied finding property "ro.hardware.fp.sideCap"
06-19 02:28:16.059   887   887 E libc    : Access denied finding property "ro.hardware.fp.fod"
06-19 02:28:16.059   887   887 E libc    : Access denied finding property "ro.hardware.fp.sideCap"
06-19 02:28:16.076   887   887 E libc    : Access denied finding property "ro.hardware.fp.fod"
06-19 02:28:16.076   887   887 E libc    : Access denied finding property "ro.hardware.fp.sideCap"
06-19 02:28:16.093   887   887 E libc    : Access denied finding property "ro.hardware.fp.fod"
