06-19 02:28:13.014  1018  1110 D UE4     : [2022.06.19-00.28.13:014][  0]LogAndroid: Display: Detected thermal sensor `xo_therm` at /sys/devices/virtual/thermal/thermal_zone65/temp
06-19 02:28:13.014  1018  1110 D UE4     : [2022.06.19-00.28.13:014][  0]LogAndroid: Display: Detected thermal sensor `cam_therm0` at /sys/devices/virtual/thermal/thermal_zone66/temp
06-19 02:28:13.014  1018  1110 D UE4     : [2022.06.19-00.28.13:014][  0]LogAndroid: Display: Detected thermal sensor `cam_therm1` at /sys/devices/virtual/thermal/thermal_zone67/temp
06-19 02:28:13.014  1018  1110 D UE4     : [2022.06.19-00.28.13:014][  0]LogAndroid: Display: Detected thermal sensor `pa_therm0` at /sys/devices/virtual/thermal/thermal_zone68/temp
06-19 02:28:13.014  1018  1110 D UE4     : [2022.06.19-00.28.13:014][  0]LogAndroid: Display: Detected thermal sensor `pa_therm1` at /sys/devices/virtual/thermal/thermal_zone69/temp
06-19 02:28:13.014  1018  1110 D UE4     : [2022.06.19-00.28.13:014][  0]LogAndroid: Display: Detected thermal sensor `quiet_therm` at /sys/devices/virtual/thermal/thermal_zone70/temp
06-19 02:28:13.014  1018  1110 D UE4     : [2022.06.19-00.28.13:014][  0]LogAndroid: Display: Detected thermal sensor `backlight_therm` at /sys/devices/virtual/thermal/thermal_zone71/temp
06-19 02:28:13.014  1018  1110 D UE4     : [2022.06.19-00.28.13:014][  0]LogAndroid: Display: Detected thermal sensor `battery` at /sys/devices/virtual/thermal/thermal_zone72/temp
06-19 02:28:13.015  1018  1110 D UE4     : [2022.06.19-00.28.13:015][  0]LogAndroid: Display: Detected thermal sensor `bms` at /sys/devices/virtual/thermal/thermal_zone73/temp
06-19 02:28:13.015  1018  1110 D UE4     : [2022.06.19-00.28.13:015][  0]LogAndroid: Display: Selecting thermal sensor located at `/sys/devices/virtual/thermal/thermal_zone1/temp`
06-19 02:28:13.015  1018  1110 D UE4     : [2022.06.19-00.28.13:015][  0]LogInit: Memory total: Physical=5631.84MB (6GB approx) Available=2987.60MB PageSize=4.0KB
06-19 02:28:13.016  1018  1110 D UE4     : [2022.06.19-00.28.13:015][  0]LogInit: Physics initialised using underlying interface: PhysX
06-19 02:28:13.016  1018  1110 D UE4     : [2022.06.19-00.28.13:016][  0]LogInit: Using OS detected language (es-ES).
06-19 02:28:13.016  1018  1110 D UE4     : [2022.06.19-00.28.13:016][  0]LogInit: Using OS detected locale (es-ES).
06-19 02:28:13.017  1018  1110 D UE4     : [2022.06.19-00.28.13:017][  0]LogTextLocalizationManager: No localization for 'es-ES' exists, so 'en' will be used for the language.
06-19 02:28:13.017   887   887 E libc    : Access denied finding property "ro.hardware.fp.fod"
06-19 02:28:13.017   887   887 E libc    : Access denied finding property "ro.hardware.fp.sideCap"
06-19 02:28:13.017  1018  1110 D UE4     : [2022.06.19-00.28.13:017][  0]LogTextLocalizationManager: No localization for 'es-ES' exists, so 'en' will be used for the locale.
06-19 02:28:13.034   887   887 E libc    : Access denied finding property "ro.hardware.fp.fod"
06-19 02:28:13.034   887   887 E libc    : Access denied finding property "ro.hardware.fp.sideCap"
06-19 02:28:13.048  1018  1110 D UE4     : [2022.06.19-00.28.13:048][  0]LogSlate: New Slate User Created.  User Index 0, Is Virtual User: 0
06-19 02:28:13.048  1018  1110 D UE4     : [2022.06.19-00.28.13:048][  0]LogSlate: Slate User Registered.  User Index 0, Is Virtual User: 0
06-19 02:28:13.050   887   887 E libc    : Access denied finding property "ro.hardware.fp.fod"
06-19 02:28:13.051   887   887 E libc    : Access denied finding property "ro.hardware.fp.sideCap"
06-19 02:28:13.051  1018  1110 D UE4     : [2022.06.19-00.28.13:051][  0]LogAndroid: VulkanRHI will NOT be used:
06-19 02:28:13.051  1018  1110 D UE4     : [2022.06.19-00.28.13:051][  0]LogAndroid:  ** Vulkan support is not available (Driver, RHI or shaders are missing, or disabled by cmdline, see above logging for details)
06-19 02:28:13.051  1018  1110 D UE4     : [2022.06.19-00.28.13:051][  0]LogAndroid:  ** Vulkan is disabled via console variable.
06-19 02:28:13.051  1018  1110 D UE4     : [2022.06.19-00.28.13:051][  0]LogAndroid: OpenGL ES will be used.
06-19 02:28:13.051  1018  1110 D UE4     : [2022.06.19-00.28.13:051][  0]LogAndroid: Vulkan SM5 is available but disabled for this device.
06-19 02:28:13.051  1018  1110 D UE4     : [2022.06.19-00.28.13:051][  0]LogRHI: App is packaged for OpenGL ES 3.1 and an ES 3.2-capable device was detected.
06-19 02:28:13.052  1018  1110 D UE4     : Device supports the following refresh rates 60 
06-19 02:28:13.052  1018  1110 D UE4     : FPlatformOpenGLDevice:Init
06-19 02:28:13.052  1018  1110 D UE4     : AndroidEGL::InitRenderSurface 0, 1
06-19 02:28:13.052  1018  1110 D UE4     : AndroidEGL::InitRenderSurface, Using width: 1432, height 720 
06-19 02:28:13.052  1018  1110 D UE4     : [GameActivity] [JAVA] - SetDesiredViewSize width=1432 and height=720
06-19 02:28:13.052  1018  1110 D UE4     : AndroidEGL::InitRenderSurface, wnd: 0x7863d4e010, width: 1432, height 720 
06-19 02:28:13.052  1018  1110 D UE4     : AndroidEGL::CreateEGLRenderSurface() Already initialized: 0x77d59d3680
06-19 02:28:13.052  1018  1110 D UE4     : AndroidEGL::InitSharedSurface 0
06-19 02:28:13.052  1018  1110 D UE4     : AndroidEGL::InitSharedSurface, Using width: 1432, height 720 
06-19 02:28:13.052  1018  1110 D UE4     : AndroidEGL::InitSharedSurface, width: 1432, height 720 
06-19 02:28:13.052  1018  1110 D UE4     : AndroidEGL::CreateEGLSharedSurface() Already initialized: 0x77d59d3780
06-19 02:28:13.053  1018  1110 D UE4     : [2022.06.19-00.28.13:053][  0]LogRHI: Extension eglPresentationTimeANDROID Present
06-19 02:28:13.053  1018  1110 D UE4     : [2022.06.19-00.28.13:053][  0]LogRHI: Extension eglGetNextFrameIdANDROID Present
06-19 02:28:13.053  1018  1110 D UE4     : [2022.06.19-00.28.13:053][  0]LogRHI: Extension eglGetCompositorTimingANDROID Present
06-19 02:28:13.053  1018  1110 D UE4     : [2022.06.19-00.28.13:053][  0]LogRHI: Extension eglGetFrameTimestampsANDROID Present
06-19 02:28:13.053  1018  1110 D UE4     : [2022.06.19-00.28.13:053][  0]LogRHI: Extension eglQueryTimestampSupportedANDROID NOT Available
06-19 02:28:13.053  1018  1110 D UE4     : [2022.06.19-00.28.13:053][  0]LogRHI: Extension eglGetCompositorTimingSupportedANDROID Present
06-19 02:28:13.053  1018  1110 D UE4     : [2022.06.19-00.28.13:053][  0]LogRHI: Extension eglGetFrameTimestampsSupportedANDROID NOT Available
06-19 02:28:13.055  1018  1110 D UE4     : [2022.06.19-00.28.13:055][  0]LogRHI: Initializing OpenGL RHI
06-19 02:28:13.055  1018  1110 D UE4     : [2022.06.19-00.28.13:055][  0]LogRHI:   GL_VENDOR: Qualcomm
06-19 02:28:13.055  1018  1110 D UE4     : [2022.06.19-00.28.13:055][  0]LogRHI:   GL_RENDERER: Adreno (TM) 630
06-19 02:28:13.055  1018  1110 D UE4     : [2022.06.19-00.28.13:055][  0]LogRHI:   GL_VERSION: OpenGL ES 3.2 V@415.0 (GIT@e541a88, I20154638fb, 1600173890) (Date:09/15/20)
06-19 02:28:13.055  1018  1110 D UE4     : [2022.06.19-00.28.13:055][  0]LogRHI:   GL_SHADING_LANGUAGE_VERSION: OpenGL ES GLSL ES 3.20
06-19 02:28:13.055  1018  1110 D UE4     : [2022.06.19-00.28.13:055][  0]LogRHI: OpenGL Extensions:
06-19 02:28:13.056  1018  1110 D UE4     : [2022.06.19-00.28.13:056][  0]LogRHI:   GL_OES_EGL_image
06-19 02:28:13.056  1018  1110 D UE4     : [2022.06.19-00.28.13:056][  0]LogRHI:   GL_OES_EGL_image_external
06-19 02:28:13.056  1018  1110 D UE4     : [2022.06.19-00.28.13:056][  0]LogRHI:   GL_OES_EGL_sync
06-19 02:28:13.056  1018  1110 D UE4     : [2022.06.19-00.28.13:056][  0]LogRHI:   GL_OES_vertex_half_float
06-19 02:28:13.056  1018  1110 D UE4     : [2022.06.19-00.28.13:056][  0]LogRHI:   GL_OES_framebuffer_object
06-19 02:28:13.056  1018  1110 D UE4     : [2022.06.19-00.28.13:056][  0]LogRHI:   GL_OES_rgb8_rgba8
06-19 02:28:13.056  1018  1110 D UE4     : [2022.06.19-00.28.13:056][  0]LogRHI:   GL_OES_compressed_ETC1_RGB8_texture
06-19 02:28:13.056  1018  1110 D UE4     : [2022.06.19-00.28.13:056][  0]LogRHI:   GL_AMD_compressed_ATC_texture
06-19 02:28:13.056  1018  1110 D UE4     : [2022.06.19-00.28.13:056][  0]LogRHI:   GL_KHR_texture_compression_astc_ldr
06-19 02:28:13.056  1018  1110 D UE4     : [2022.06.19-00.28.13:056][  0]LogRHI:   GL_KHR_texture_compression_astc_hdr
06-19 02:28:13.056  1018  1110 D UE4     : [2022.06.19-00.28.13:056][  0]LogRHI:   GL_OES_texture_compression_astc
06-19 02:28:13.056  1018  1110 D UE4     : [2022.06.19-00.28.13:056][  0]LogRHI:   GL_OES_texture_npot
06-19 02:28:13.056  1018  1110 D UE4     : [2022.06.19-00.28.13:056][  0]LogRHI:   GL_EXT_texture_filter_anisotropic
06-19 02:28:13.056  1018  1110 D UE4     : [2022.06.19-00.28.13:056][  0]LogRHI:   GL_EXT_texture_format_BGRA8888
06-19 02:28:13.056  1018  1110 D UE4     : [2022.06.19-00.28.13:056][  0]LogRHI:   GL_EXT_read_format_bgra
06-19 02:28:13.056  1018  1110 D UE4     : [2022.06.19-00.28.13:056][  0]LogRHI:   GL_OES_texture_3D
06-19 02:28:13.056  1018  1110 D UE4     : [2022.06.19-00.28.13:056][  0]LogRHI:   GL_EXT_color_buffer_float
06-19 02:28:13.056  1018  1110 D UE4     : [2022.06.19-00.28.13:056][  0]LogRHI:   GL_EXT_color_buffer_half_float
06-19 02:28:13.056  1018  1110 D UE4     : [2022.06.19-00.28.13:056][  0]LogRHI:   GL_QCOM_alpha_test
06-19 02:28:13.056  1018  1110 D UE4     : [2022.06.19-00.28.13:056][  0]LogRHI:   GL_OES_depth24
06-19 02:28:13.056  1018  1110 D UE4     : [2022.06.19-00.28.13:056][  0]LogRHI:   GL_OES_packed_depth_stencil
06-19 02:28:13.056  1018  1110 D UE4     : [2022.06.19-00.28.13:056][  0]LogRHI:   GL_OES_depth_texture
06-19 02:28:13.056  1018  1110 D UE4     : [2022.06.19-00.28.13:056][  0]LogRHI:   GL_OES_depth_texture_cube_map
06-19 02:28:13.056  1018  1110 D UE4     : [2022.06.19-00.28.13:056][  0]LogRHI:   GL_EXT_sRGB
06-19 02:28:13.056  1018  1110 D UE4     : [2022.06.19-00.28.13:056][  0]LogRHI:   GL_OES_texture_float
06-19 02:28:13.056  1018  1110 D UE4     : [2022.06.19-00.28.13:056][  0]LogRHI:   GL_OES_texture_float_linear
06-19 02:28:13.056  1018  1110 D UE4     : [2022.06.19-00.28.13:056][  0]LogRHI:   GL_OES_texture_half_float
06-19 02:28:13.056  1018  1110 D UE4     : [2022.06.19-00.28.13:056][  0]LogRHI:   GL_OES_texture_half_float_linear
06-19 02:28:13.056  1018  1110 D UE4     : [2022.06.19-00.28.13:056][  0]LogRHI:   GL_EXT_texture_type_2_10_10_10_REV
06-19 02:28:13.056  1018  1110 D UE4     : [2022.06.19-00.28.13:056][  0]LogRHI:   GL_EXT_texture_sRGB_decode
06-19 02:28:13.056  1018  1110 D UE4     : [2022.06.19-00.28.13:056][  0]LogRHI:   GL_EXT_texture_format_sRGB_override
06-19 02:28:13.056  1018  1110 D UE4     : [2022.06.19-00.28.13:056][  0]LogRHI:   GL_OES_element_index_uint
06-19 02:28:13.056  1018  1110 D UE4     : [2022.06.19-00.28.13:056][  0]LogRHI:   GL_EXT_copy_image
06-19 02:28:13.056  1018  1110 D UE4     : [2022.06.19-00.28.13:056][  0]LogRHI:   GL_EXT_geometry_shader
06-19 02:28:13.056  1018  1110 D UE4     : [2022.06.19-00.28.13:056][  0]LogRHI:   GL_EXT_tessellation_shader
06-19 02:28:13.056  1018  1110 D UE4     : [2022.06.19-00.28.13:056][  0]LogRHI:   GL_OES_texture_stencil8
06-19 02:28:13.056  1018  1110 D UE4     : [2022.06.19-00.28.13:056][  0]LogRHI:   GL_EXT_shader_io_blocks
06-19 02:28:13.056  1018  1110 D UE4     : [2022.06.19-00.28.13:056][  0]LogRHI:   GL_OES_shader_image_atomic
06-19 02:28:13.056  1018  1110 D UE4     : [2022.06.19-00.28.13:056][  0]LogRHI:   GL_OES_sample_variables
06-19 02:28:13.056  1018  1110 D UE4     : [2022.06.19-00.28.13:056][  0]LogRHI:   GL_EXT_texture_border_clamp
06-19 02:28:13.056  1018  1110 D UE4     : [2022.06.19-00.28.13:056][  0]LogRHI:   GL_EXT_EGL_image_external_wrap_modes
06-19 02:28:13.056  1018  1110 D UE4     : [2022.06.19-00.28.13:056][  0]LogRHI:   GL_EXT_multisampled_render_to_texture
06-19 02:28:13.056  1018  1110 D UE4     : [2022.06.19-00.28.13:056][  0]LogRHI:   GL_EXT_multisampled_render_to_texture2
06-19 02:28:13.056  1018  1110 D UE4     : [2022.06.19-00.28.13:056][  0]LogRHI:   GL_OES_shader_multisample_interpolation
06-19 02:28:13.056  1018  1110 D UE4     : [2022.06.19-00.28.13:056][  0]LogRHI:   GL_EXT_texture_cube_map_array
06-19 02:28:13.056  1018  1110 D UE4     : [2022.06.19-00.28.13:056][  0]LogRHI:   GL_EXT_draw_buffers_indexed
06-19 02:28:13.056  1018  1110 D UE4     : [2022.06.19-00.28.13:056][  0]LogRHI:   GL_EXT_gpu_shader5
06-19 02:28:13.056  1018  1110 D UE4     : [2022.06.19-00.28.13:056][  0]LogRHI:   GL_EXT_robustness
06-19 02:28:13.056  1018  1110 D UE4     : [2022.06.19-00.28.13:056][  0]LogRHI:   GL_EXT_texture_buffer
06-19 02:28:13.056  1018  1110 D UE4     : [2022.06.19-00.28.13:056][  0]LogRHI:   GL_EXT_shader_framebuffer_fetch
06-19 02:28:13.056  1018  1110 D UE4     : [2022.06.19-00.28.13:056][  0]LogRHI:   GL_ARM_shader_framebuffer_fetch_depth_stencil
06-19 02:28:13.056  1018  1110 D UE4     : [2022.06.19-00.28.13:056][  0]LogRHI:   GL_OES_texture_storage_multisample_2d_array
06-19 02:28:13.056  1018  1110 D UE4     : [2022.06.19-00.28.13:056][  0]LogRHI:   GL_OES_sample_shading
06-19 02:28:13.056  1018  1110 D UE4     : [2022.06.19-00.28.13:056][  0]LogRHI:   GL_OES_get_program_binary
06-19 02:28:13.057  1018  1110 D UE4     : [2022.06.19-00.28.13:056][  0]LogRHI:   GL_EXT_debug_label
06-19 02:28:13.057  1018  1110 D UE4     : [2022.06.19-00.28.13:057][  0]LogRHI:   GL_KHR_blend_equation_advanced
06-19 02:28:13.057  1018  1110 D UE4     : [2022.06.19-00.28.13:057][  0]LogRHI:   GL_KHR_blend_equation_advanced_coherent
06-19 02:28:13.057  1018  1110 D UE4     : [2022.06.19-00.28.13:057][  0]LogRHI:   GL_QCOM_tiled_rendering
06-19 02:28:13.057  1018  1110 D UE4     : [2022.06.19-00.28.13:057][  0]LogRHI:   GL_ANDROID_extension_pack_es31a
06-19 02:28:13.057  1018  1110 D UE4     : [2022.06.19-00.28.13:057][  0]LogRHI:   GL_EXT_primitive_bounding_box
06-19 02:28:13.057  1018  1110 D UE4     : [2022.06.19-00.28.13:057][  0]LogRHI:   GL_OES_standard_derivatives
06-19 02:28:13.057  1018  1110 D UE4     : [2022.06.19-00.28.13:057][  0]LogRHI:   GL_OES_vertex_array_object
06-19 02:28:13.057  1018  1110 D UE4     : [2022.06.19-00.28.13:057][  0]LogRHI:   GL_EXT_disjoint_timer_query
06-19 02:28:13.057  1018  1110 D UE4     : [2022.06.19-00.28.13:057][  0]LogRHI:   GL_KHR_debug
06-19 02:28:13.057  1018  1110 D UE4     : [2022.06.19-00.28.13:057][  0]LogRHI:   GL_EXT_YUV_target
06-19 02:28:13.057  1018  1110 D UE4     : [2022.06.19-00.28.13:057][  0]LogRHI:   GL_EXT_sRGB_write_control
06-19 02:28:13.057  1018  1110 D UE4     : [2022.06.19-00.28.13:057][  0]LogRHI:   GL_EXT_texture_norm16
06-19 02:28:13.057  1018  1110 D UE4     : [2022.06.19-00.28.13:057][  0]LogRHI:   GL_EXT_discard_framebuffer
06-19 02:28:13.057  1018  1110 D UE4     : [2022.06.19-00.28.13:057][  0]LogRHI:   GL_OES_surfaceless_context
06-19 02:28:13.057  1018  1110 D UE4     : [2022.06.19-00.28.13:057][  0]LogRHI:   GL_OVR_multiview
06-19 02:28:13.057  1018  1110 D UE4     : [2022.06.19-00.28.13:057][  0]LogRHI:   GL_OVR_multiview2
06-19 02:28:13.057  1018  1110 D UE4     : [2022.06.19-00.28.13:057][  0]LogRHI:   GL_EXT_texture_sRGB_R8
06-19 02:28:13.057  1018  1110 D UE4     : [2022.06.19-00.28.13:057][  0]LogRHI:   GL_KHR_no_error
06-19 02:28:13.057  1018  1110 D UE4     : [2022.06.19-00.28.13:057][  0]LogRHI:   GL_EXT_debug_marker
06-19 02:28:13.057  1018  1110 D UE4     : [2022.06.19-00.28.13:057][  0]LogRHI:   GL_OES_EGL_image_external_essl3
06-19 02:28:13.057  1018  1110 D UE4     : [2022.06.19-00.28.13:057][  0]LogRHI:   GL_OVR_multiview_multisampled_render_to_texture
06-19 02:28:13.057  1018  1110 D UE4     : [2022.06.19-00.28.13:057][  0]LogRHI:   GL_EXT_buffer_storage
06-19 02:28:13.057  1018  1110 D UE4     : [2022.06.19-00.28.13:057][  0]LogRHI:   GL_EXT_external_buffer
06-19 02:28:13.057  1018  1110 D UE4     : [2022.06.19-00.28.13:057][  0]LogRHI:   GL_EXT_blit_framebuffer_params
06-19 02:28:13.057  1018  1110 D UE4     : [2022.06.19-00.28.13:057][  0]LogRHI:   GL_EXT_clip_cull_distance
06-19 02:28:13.057  1018  1110 D UE4     : [2022.06.19-00.28.13:057][  0]LogRHI:   GL_EXT_protected_textures
06-19 02:28:13.057  1018  1110 D UE4     : [2022.06.19-00.28.13:057][  0]LogRHI:   GL_EXT_shader_non_constant_global_initializers
06-19 02:28:13.057  1018  1110 D UE4     : [2022.06.19-00.28.13:057][  0]LogRHI:   GL_QCOM_texture_foveated
06-19 02:28:13.057  1018  1110 D UE4     : [2022.06.19-00.28.13:057][  0]LogRHI:   GL_QCOM_texture_foveated_subsampled_layout
06-19 02:28:13.057  1018  1110 D UE4     : [2022.06.19-00.28.13:057][  0]LogRHI:   GL_QCOM_shader_framebuffer_fetch_noncoherent
06-19 02:28:13.057  1018  1110 D UE4     : [2022.06.19-00.28.13:057][  0]LogRHI:   GL_QCOM_shader_framebuffer_fetch_rate
06-19 02:28:13.057  1018  1110 D UE4     : [2022.06.19-00.28.13:057][  0]LogRHI:   GL_EXT_memory_object
06-19 02:28:13.057  1018  1110 D UE4     : [2022.06.19-00.28.13:057][  0]LogRHI:   GL_EXT_memory_object_fd
06-19 02:28:13.057  1018  1110 D UE4     : [2022.06.19-00.28.13:057][  0]LogRHI:   GL_EXT_EGL_image_array
06-19 02:28:13.057  1018  1110 D UE4     : [2022.06.19-00.28.13:057][  0]LogRHI:   GL_NV_shader_noperspective_interpolation
06-19 02:28:13.057  1018  1110 D UE4     : [2022.06.19-00.28.13:057][  0]LogRHI:   GL_KHR_robust_buffer_access_behavior
06-19 02:28:13.057  1018  1110 D UE4     : [2022.06.19-00.28.13:057][  0]LogRHI:   GL_EXT_EGL_image_storage
06-19 02:28:13.057  1018  1110 D UE4     : [2022.06.19-00.28.13:057][  0]LogRHI:   GL_EXT_blend_func_extended
06-19 02:28:13.057  1018  1110 D UE4     : [2022.06.19-00.28.13:057][  0]LogRHI:   GL_EXT_clip_control
06-19 02:28:13.057  1018  1110 D UE4     : [2022.06.19-00.28.13:057][  0]LogRHI:   GL_OES_texture_view
06-19 02:28:13.057  1018  1110 D UE4     : [2022.06.19-00.28.13:057][  0]LogRHI:   GL_EXT_fragment_invocation_density
06-19 02:28:13.057  1018  1110 D UE4     : [2022.06.19-00.28.13:057][  0]LogRHI:   GL_QCOM_YUV_texture_gather
06-19 02:28:13.057  1018  1110 D UE4     : [2022.06.19-00.28.13:057][  0]LogRHI:   GL_MAX_VERTEX_ATTRIBS: 32
06-19 02:28:13.057  1018  1110 D UE4     : [2022.06.19-00.28.13:057][  0]LogRHI:   GL_MAX_VARYING_VECTORS: 31
06-19 02:28:13.057  1018  1110 D UE4     : [2022.06.19-00.28.13:057][  0]LogRHI:   GL_MAX_VERTEX_UNIFORM_VECTORS: 256
06-19 02:28:13.057  1018  1110 D UE4     : [2022.06.19-00.28.13:057][  0]LogRHI:   GL_MAX_FRAGMENT_UNIFORM_VECTORS: 256
06-19 02:28:13.057  1018  1110 D UE4     : [2022.06.19-00.28.13:057][  0]LogRHI:   GL_TEXTURE_BUFFER_OFFSET_ALIGNMENT: 64
06-19 02:28:13.057  1018  1110 D UE4     : [2022.06.19-00.28.13:057][  0]LogRHI:   GL_MAX_COMBINED_IMAGE_UNIFORMS: 20
06-19 02:28:13.057  1018  1110 D UE4     : [2022.06.19-00.28.13:057][  0]LogRHI:   GL_MAX_COMPUTE_IMAGE_UNIFORMS: 8
06-19 02:28:13.057  1018  1110 D UE4     : [2022.06.19-00.28.13:057][  0]LogRHI:   GL_MAX_FRAGMENT_IMAGE_UNIFORMS: 4
06-19 02:28:13.058  1018  1110 D UE4     : [2022.06.19-00.28.13:058][  0]LogRHI: Fragment shader lowp precision: 10
06-19 02:28:13.058  1018  1110 D UE4     : [2022.06.19-00.28.13:058][  0]LogRHI: Fragment shader mediump precision: 10
06-19 02:28:13.058  1018  1110 D UE4     : [2022.06.19-00.28.13:058][  0]LogRHI: Fragment shader highp precision: 23
06-19 02:28:13.058  1018  1110 D UE4     : [2022.06.19-00.28.13:058][  0]LogRHI: Support for 4x MSAA detected
06-19 02:28:13.058  1018  1110 D UE4     : [2022.06.19-00.28.13:058][  0]LogRHI: Device supports mobile multi-view.
06-19 02:28:13.058  1018  1110 D UE4     : [2022.06.19-00.28.13:058][  0]LogRHI: Image external enabled: ImageExternalESSL300
06-19 02:28:13.059  1018  1110 D UE4     : [2022.06.19-00.28.13:059][  0]LogRHI: Using QCOM_shader_framebuffer_fetch_noncoherent
06-19 02:28:13.059  1018  1110 D UE4     : [2022.06.19-00.28.13:059][  0]LogRHI:   GL_MAX_TEXTURE_SIZE: 16384
06-19 02:28:13.059  1018  1110 D UE4     : [2022.06.19-00.28.13:059][  0]LogRHI:   GL_MAX_CUBE_MAP_TEXTURE_SIZE: 16384
06-19 02:28:13.059  1018  1110 D UE4     : [2022.06.19-00.28.13:059][  0]LogRHI:   GL_MAX_ARRAY_TEXTURE_LAYERS: 2048
06-19 02:28:13.059  1018  1110 D UE4     : [2022.06.19-00.28.13:059][  0]LogRHI:   GL_MAX_3D_TEXTURE_SIZE: 2048
06-19 02:28:13.059  1018  1110 D UE4     : [2022.06.19-00.28.13:059][  0]LogRHI:   GL_MAX_RENDERBUFFER_SIZE: 16384
06-19 02:28:13.059  1018  1110 D UE4     : [2022.06.19-00.28.13:059][  0]LogRHI:   GL_MAX_TEXTURE_IMAGE_UNITS: 16
06-19 02:28:13.059  1018  1110 D UE4     : [2022.06.19-00.28.13:059][  0]LogRHI:   GL_MAX_DRAW_BUFFERS: 8
06-19 02:28:13.059  1018  1110 D UE4     : [2022.06.19-00.28.13:059][  0]LogRHI:   GL_MAX_COLOR_ATTACHMENTS: 8
06-19 02:28:13.059  1018  1110 D UE4     : [2022.06.19-00.28.13:059][  0]LogRHI:   GL_MAX_SAMPLES: 4
06-19 02:28:13.059  1018  1110 D UE4     : [2022.06.19-00.28.13:059][  0]LogRHI:   GL_MAX_COLOR_TEXTURE_SAMPLES: 4
06-19 02:28:13.059  1018  1110 D UE4     : [2022.06.19-00.28.13:059][  0]LogRHI:   GL_MAX_DEPTH_TEXTURE_SAMPLES: 4
06-19 02:28:13.059  1018  1110 D UE4     : [2022.06.19-00.28.13:059][  0]LogRHI:   GL_MAX_INTEGER_SAMPLES: 1
06-19 02:28:13.059  1018  1110 D UE4     : [2022.06.19-00.28.13:059][  0]LogRHI:   GL_MAX_COMBINED_TEXTURE_IMAGE_UNITS: 96
06-19 02:28:13.059  1018  1110 D UE4     : [2022.06.19-00.28.13:059][  0]LogRHI:   GL_MAX_VERTEX_ATTRIBS: 32
06-19 02:28:13.059  1018  1110 D UE4     : [2022.06.19-00.28.13:059][  0]LogRHI:   GL_MAX_COMPUTE_WORK_GROUP_INVOCATIONS: 1024
06-19 02:28:13.059  1018  1110 D UE4     : [2022.06.19-00.28.13:059][  0]LogRHI:   GL_MAX_COMPUTE_WORK_GROUP_SIZE: 0
06-19 02:28:13.059  1018  1110 D UE4     : [2022.06.19-00.28.13:059][  0]LogRHI:   GL_MAX_COMPUTE_WORK_GROUP_COUNT: 0
06-19 02:28:13.059  1018  1110 D UE4     : [2022.06.19-00.28.13:059][  0]LogRHI:   GL_MAX_COMPUTE_SHARED_MEMORY_SIZE: 32768
06-19 02:28:13.059  1018  1110 D UE4     : [2022.06.19-00.28.13:059][  0]LogRHI:   GL_MAX_TEXTURE_MAX_ANISOTROPY_EXT: 16
06-19 02:28:13.059  1018  1110 D UE4     : [2022.06.19-00.28.13:059][  0]LogRHI: OpenGL MajorVersion = 3, MinorVersion = 1, ShaderPlatform = GLSL_ES3_1_ANDROID, FeatureLevel = ES3_1
06-19 02:28:13.059  1018  1110 D UE4     : [2022.06.19-00.28.13:059][  0]LogRHI: PLATFORM_ANDROID
06-19 02:28:13.059  1018  1110 D UE4     : [2022.06.19-00.28.13:059][  0]LogAndroid: Unlocking android HW window during preinit.
06-19 02:28:13.059  1018  1110 D UE4     : [2022.06.19-00.28.13:059][  0]LogRHI: Enabling program binary cache as /storage/emulated/0/Android/data/es.udc.DDM.Grupo3DDM/files/ProgramBinaryCache/GLSL_ES3_1_ANDROID_57367C67CCFCEAE5AD1AB869F63401DE66BE8759
06-19 02:28:13.059  1018  1110 D UE4     : [2022.06.19-00.28.13:059][  0]LogRHI: FOpenGLProgramBinaryCache will be initialized when ShaderPipelineCache opens its file
06-19 02:28:13.060  1018  1110 D UE4     : [2022.06.19-00.28.13:059][  0]LogRHI: Texture pool is 800 MB (of 0 MB total graphics mem)
06-19 02:28:13.067   887   887 E libc    : Access denied finding property "ro.hardware.fp.fod"
06-19 02:28:13.068   887   887 E libc    : Access denied finding property "ro.hardware.fp.sideCap"
06-19 02:28:13.068  1018  1110 D UE4     : [2022.06.19-00.28.13:068][  0]LogRendererCore: Ray tracing is disabled. Reason: r.RayTracing=0.
06-19 02:28:13.069  1018  1110 D UE4     : [2022.06.19-00.28.13:069][  0]LogShaderLibrary: Display: Using ../../../Grupo3DDM/Content/ShaderArchive-Global-GLSL_ES3_1_ANDROID.ushaderbytecode for material shader code. Total 542 unique shaders.
06-19 02:28:13.069  1018  1110 D UE4     : [2022.06.19-00.28.13:069][  0]LogShaderLibrary: Display: Cooked Context: Using Shared Shader Library Global
06-19 02:28:13.070  1018  1110 D UE4     : [2022.06.19-00.28.13:070][  0]LogTemp: Warning: Clearing the OS Cache
06-19 02:28:13.083   887   887 E libc    : Access denied finding property "ro.hardware.fp.fod"
06-19 02:28:13.083   887   887 E libc    : Access denied finding property "ro.hardware.fp.sideCap"
06-19 02:28:13.090  1018  1110 D UE4     : [2022.06.19-00.28.13:090][  0]LogSlate: Using FreeType 2.10.4
06-19 02:28:13.094  1018  1110 D UE4     : [2022.06.19-00.28.13:094][  0]LogSlate: SlateFontServices - WITH_FREETYPE: 1, WITH_HARFBUZZ: 1
06-19 02:28:13.094  1018  1110 D UE4     : [2022.06.19-00.28.13:094][  0]LogImageWrapper: Warning: PNG Warning: iCCP: known incorrect sRGB profile
06-19 02:28:13.095  1018  1110 D UE4     : [2022.06.19-00.28.13:095][  0]LogImageWrapper: Warning: PNG Warning: iCCP: known incorrect sRGB profile
06-19 02:28:13.095  1018  1175 D UE4     : [2022.06.19-00.28.13:095][  0]LogImageWrapper: Warning: PNG Warning: iCCP: known incorrect sRGB profile
06-19 02:28:13.095  1018  1175 D UE4     : [2022.06.19-00.28.13:095][  0]LogImageWrapper: Warning: PNG Warning: iCCP: known incorrect sRGB profile
06-19 02:28:13.095  1018  1176 D UE4     : [2022.06.19-00.28.13:095][  0]LogImageWrapper: Warning: PNG Warning: iCCP: known incorrect sRGB profile
06-19 02:28:13.096  1018  1176 D UE4     : [2022.06.19-00.28.13:096][  0]LogImageWrapper: Warning: PNG Warning: iCCP: known incorrect sRGB profile
06-19 02:28:13.096  1018  1177 D UE4     : [2022.06.19-00.28.13:096][  0]LogImageWrapper: Warning: PNG Warning: iCCP: known incorrect sRGB profile
06-19 02:28:13.096  1018  1177 D UE4     : [2022.06.19-00.28.13:096][  0]LogImageWrapper: Warning: PNG Warning: iCCP: known incorrect sRGB profile
06-19 02:28:13.096  1018  1110 D UE4     : [2022.06.19-00.28.13:096][  0]LogImageWrapper: Warning: PNG Warning: iCCP: known incorrect sRGB profile
06-19 02:28:13.096  1018  1110 D UE4     : [2022.06.19-00.28.13:096][  0]LogImageWrapper: Warning: PNG Warning: iCCP: known incorrect sRGB profile
06-19 02:28:13.097  1018  1176 D UE4     : [2022.06.19-00.28.13:097][  0]LogImageWrapper: Warning: PNG Warning: iCCP: known incorrect sRGB profile
06-19 02:28:13.097  1018  1176 D UE4     : [2022.06.19-00.28.13:097][  0]LogImageWrapper: Warning: PNG Warning: iCCP: known incorrect sRGB profile
06-19 02:28:13.097  1018  1175 D UE4     : [2022.06.19-00.28.13:097][  0]LogImageWrapper: Warning: PNG Warning: iCCP: known incorrect sRGB profile
06-19 02:28:13.097  1018  1175 D UE4     : [2022.06.19-00.28.13:097][  0]LogImageWrapper: Warning: PNG Warning: iCCP: known incorrect sRGB profile
06-19 02:28:13.097  1018  1173 D UE4     : [2022.06.19-00.28.13:097][  0]LogImageWrapper: Warning: PNG Warning: iCCP: known incorrect sRGB profile
06-19 02:28:13.097  1018  1173 D UE4     : [2022.06.19-00.28.13:097][  0]LogImageWrapper: Warning: PNG Warning: iCCP: known incorrect sRGB profile
06-19 02:28:13.097  1018  1175 D UE4     : [2022.06.19-00.28.13:097][  0]LogImageWrapper: Warning: PNG Warning: iCCP: known incorrect sRGB profile
06-19 02:28:13.097  1018  1175 D UE4     : [2022.06.19-00.28.13:097][  0]LogImageWrapper: Warning: PNG Warning: iCCP: known incorrect sRGB profile
06-19 02:28:13.097  1018  1176 D UE4     : [2022.06.19-00.28.13:097][  0]LogImageWrapper: Warning: PNG Warning: iCCP: known incorrect sRGB profile
06-19 02:28:13.098  1018  1176 D UE4     : [2022.06.19-00.28.13:098][  0]LogImageWrapper: Warning: PNG Warning: iCCP: known incorrect sRGB profile
06-19 02:28:13.098  1018  1110 D UE4     : [2022.06.19-00.28.13:098][  0]LogImageWrapper: Warning: PNG Warning: iCCP: known incorrect sRGB profile
06-19 02:28:13.098  1018  1110 D UE4     : [2022.06.19-00.28.13:098][  0]LogImageWrapper: Warning: PNG Warning: iCCP: known incorrect sRGB profile
06-19 02:28:13.098  1018  1173 D UE4     : [2022.06.19-00.28.13:098][  0]LogImageWrapper: Warning: PNG Warning: iCCP: known incorrect sRGB profile
06-19 02:28:13.099  1018  1173 D UE4     : [2022.06.19-00.28.13:099][  0]LogImageWrapper: Warning: PNG Warning: iCCP: known incorrect sRGB profile
06-19 02:28:13.099  1018  1177 D UE4     : [2022.06.19-00.28.13:099][  0]LogImageWrapper: Warning: PNG Warning: iCCP: known incorrect sRGB profile
06-19 02:28:13.099  1018  1177 D UE4     : [2022.06.19-00.28.13:099][  0]LogImageWrapper: Warning: PNG Warning: iCCP: known incorrect sRGB profile
06-19 02:28:13.099  1018  1110 D UE4     : [2022.06.19-00.28.13:099][  0]LogImageWrapper: Warning: PNG Warning: iCCP: known incorrect sRGB profile
06-19 02:28:13.099  1018  1110 D UE4     : [2022.06.19-00.28.13:099][  0]LogImageWrapper: Warning: PNG Warning: iCCP: known incorrect sRGB profile
06-19 02:28:13.099  1018  1177 D UE4     : [2022.06.19-00.28.13:099][  0]LogImageWrapper: Warning: PNG Warning: iCCP: known incorrect sRGB profile
06-19 02:28:13.099   887   887 E libc    : Access denied finding property "ro.hardware.fp.fod"
06-19 02:28:13.099  1018  1177 D UE4     : [2022.06.19-00.28.13:099][  0]LogImageWrapper: Warning: PNG Warning: iCCP: known incorrect sRGB profile
06-19 02:28:13.100   887   887 E libc    : Access denied finding property "ro.hardware.fp.sideCap"
06-19 02:28:13.100  1018  1176 D UE4     : [2022.06.19-00.28.13:100][  0]LogImageWrapper: Warning: PNG Warning: iCCP: known incorrect sRGB profile
06-19 02:28:13.100  1018  1176 D UE4     : [2022.06.19-00.28.13:100][  0]LogImageWrapper: Warning: PNG Warning: iCCP: known incorrect sRGB profile
06-19 02:28:13.100  1018  1175 D UE4     : [2022.06.19-00.28.13:100][  0]LogImageWrapper: Warning: PNG Warning: iCCP: known incorrect sRGB profile
06-19 02:28:13.100  1018  1175 D UE4     : [2022.06.19-00.28.13:100][  0]LogImageWrapper: Warning: PNG Warning: iCCP: known incorrect sRGB profile
06-19 02:28:13.100  1018  1110 D UE4     : [2022.06.19-00.28.13:100][  0]LogImageWrapper: Warning: PNG Warning: iCCP: known incorrect sRGB profile
06-19 02:28:13.100  1018  1110 D UE4     : [2022.06.19-00.28.13:100][  0]LogImageWrapper: Warning: PNG Warning: iCCP: known incorrect sRGB profile
06-19 02:28:13.100  1018  1177 D UE4     : [2022.06.19-00.28.13:100][  0]LogImageWrapper: Warning: PNG Warning: iCCP: known incorrect sRGB profile
06-19 02:28:13.101  1018  1177 D UE4     : [2022.06.19-00.28.13:101][  0]LogImageWrapper: Warning: PNG Warning: iCCP: known incorrect sRGB profile
06-19 02:28:13.101  1018  1176 D UE4     : [2022.06.19-00.28.13:101][  0]LogImageWrapper: Warning: PNG Warning: iCCP: known incorrect sRGB profile
06-19 02:28:13.101  1018  1176 D UE4     : [2022.06.19-00.28.13:101][  0]LogImageWrapper: Warning: PNG Warning: iCCP: known incorrect sRGB profile
06-19 02:28:13.101  1018  1173 D UE4     : [2022.06.19-00.28.13:101][  0]LogImageWrapper: Warning: PNG Warning: iCCP: known incorrect sRGB profile
06-19 02:28:13.101  1018  1173 D UE4     : [2022.06.19-00.28.13:101][  0]LogImageWrapper: Warning: PNG Warning: iCCP: known incorrect sRGB profile
06-19 02:28:13.102  1018  1175 D UE4     : [2022.06.19-00.28.13:102][  0]LogImageWrapper: Warning: PNG Warning: iCCP: known incorrect sRGB profile
06-19 02:28:13.102  1018  1175 D UE4     : [2022.06.19-00.28.13:102][  0]LogImageWrapper: Warning: PNG Warning: iCCP: known incorrect sRGB profile
06-19 02:28:13.102  1018  1177 D UE4     : [2022.06.19-00.28.13:102][  0]LogImageWrapper: Warning: PNG Warning: iCCP: known incorrect sRGB profile
06-19 02:28:13.102  1018  1177 D UE4     : [2022.06.19-00.28.13:102][  0]LogImageWrapper: Warning: PNG Warning: iCCP: known incorrect sRGB profile
06-19 02:28:13.102  1018  1110 D UE4     : [2022.06.19-00.28.13:102][  0]LogImageWrapper: Warning: PNG Warning: iCCP: known incorrect sRGB profile
06-19 02:28:13.102  1018  1110 D UE4     : [2022.06.19-00.28.13:102][  0]LogImageWrapper: Warning: PNG Warning: iCCP: known incorrect sRGB profile
06-19 02:28:13.103  1018  1175 D UE4     : [2022.06.19-00.28.13:103][  0]LogImageWrapper: Warning: PNG Warning: iCCP: known incorrect sRGB profile
06-19 02:28:13.103  1018  1175 D UE4     : [2022.06.19-00.28.13:103][  0]LogImageWrapper: Warning: PNG Warning: iCCP: known incorrect sRGB profile
06-19 02:28:13.103  1018  1177 D UE4     : [2022.06.19-00.28.13:103][  0]LogImageWrapper: Warning: PNG Warning: iCCP: known incorrect sRGB profile
06-19 02:28:13.103  1018  1177 D UE4     : [2022.06.19-00.28.13:103][  0]LogImageWrapper: Warning: PNG Warning: iCCP: known incorrect sRGB profile
06-19 02:28:13.103  1018  1110 D UE4     : [2022.06.19-00.28.13:103][  0]LogImageWrapper: Warning: PNG Warning: iCCP: known incorrect sRGB profile
06-19 02:28:13.103  1018  1110 D UE4     : [2022.06.19-00.28.13:103][  0]LogImageWrapper: Warning: PNG Warning: iCCP: known incorrect sRGB profile
06-19 02:28:13.103  1018  1173 D UE4     : [2022.06.19-00.28.13:103][  0]LogImageWrapper: Warning: PNG Warning: iCCP: known incorrect sRGB profile
06-19 02:28:13.103  1018  1173 D UE4     : [2022.06.19-00.28.13:103][  0]LogImageWrapper: Warning: PNG Warning: iCCP: known incorrect sRGB profile
06-19 02:28:13.104  1018  1177 D UE4     : [2022.06.19-00.28.13:104][  0]LogImageWrapper: Warning: PNG Warning: iCCP: known incorrect sRGB profile
06-19 02:28:13.104  1018  1177 D UE4     : [2022.06.19-00.28.13:104][  0]LogImageWrapper: Warning: PNG Warning: iCCP: known incorrect sRGB profile
06-19 02:28:13.104  1018  1110 D UE4     : [2022.06.19-00.28.13:104][  0]LogImageWrapper: Warning: PNG Warning: iCCP: known incorrect sRGB profile
06-19 02:28:13.104  1018  1110 D UE4     : [2022.06.19-00.28.13:104][  0]LogImageWrapper: Warning: PNG Warning: iCCP: known incorrect sRGB profile
06-19 02:28:13.104  1018  1177 D UE4     : [2022.06.19-00.28.13:104][  0]LogImageWrapper: Warning: PNG Warning: iCCP: known incorrect sRGB profile
06-19 02:28:13.104  1018  1177 D UE4     : [2022.06.19-00.28.13:104][  0]LogImageWrapper: Warning: PNG Warning: iCCP: known incorrect sRGB profile
06-19 02:28:13.105  1018  1175 D UE4     : [2022.06.19-00.28.13:105][  0]LogImageWrapper: Warning: PNG Warning: iCCP: known incorrect sRGB profile
06-19 02:28:13.105  1018  1175 D UE4     : [2022.06.19-00.28.13:105][  0]LogImageWrapper: Warning: PNG Warning: iCCP: known incorrect sRGB profile
06-19 02:28:13.105  1018  1173 D UE4     : [2022.06.19-00.28.13:105][  0]LogImageWrapper: Warning: PNG Warning: iCCP: known incorrect sRGB profile
06-19 02:28:13.105  1018  1173 D UE4     : [2022.06.19-00.28.13:105][  0]LogImageWrapper: Warning: PNG Warning: iCCP: cHRM chunk does not match sRGB
06-19 02:28:13.105  1018  1173 D UE4     : [2022.06.19-00.28.13:105][  0]LogImageWrapper: Warning: PNG Warning: iCCP: known incorrect sRGB profile
06-19 02:28:13.105  1018  1173 D UE4     : [2022.06.19-00.28.13:105][  0]LogImageWrapper: Warning: PNG Warning: iCCP: cHRM chunk does not match sRGB
06-19 02:28:13.105  1018  1176 D UE4     : [2022.06.19-00.28.13:105][  0]LogImageWrapper: Warning: PNG Warning: iCCP: known incorrect sRGB profile
06-19 02:28:13.105  1018  1176 D UE4     : [2022.06.19-00.28.13:105][  0]LogImageWrapper: Warning: PNG Warning: iCCP: known incorrect sRGB profile
06-19 02:28:13.105  1018  1110 D UE4     : [2022.06.19-00.28.13:105][  0]LogImageWrapper: Warning: PNG Warning: iCCP: known incorrect sRGB profile
06-19 02:28:13.105  1018  1110 D UE4     : [2022.06.19-00.28.13:105][  0]LogImageWrapper: Warning: PNG Warning: iCCP: known incorrect sRGB profile
06-19 02:28:13.106  1018  1176 D UE4     : [2022.06.19-00.28.13:106][  0]LogImageWrapper: Warning: PNG Warning: iCCP: known incorrect sRGB profile
06-19 02:28:13.106  1018  1176 D UE4     : [2022.06.19-00.28.13:106][  0]LogImageWrapper: Warning: PNG Warning: iCCP: known incorrect sRGB profile
06-19 02:28:13.106  1018  1177 D UE4     : [2022.06.19-00.28.13:106][  0]LogImageWrapper: Warning: PNG Warning: iCCP: known incorrect sRGB profile
06-19 02:28:13.106  1018  1177 D UE4     : [2022.06.19-00.28.13:106][  0]LogImageWrapper: Warning: PNG Warning: iCCP: known incorrect sRGB profile
06-19 02:28:13.111  1018  1176 D UE4     : [2022.06.19-00.28.13:111][  0]LogImageWrapper: Warning: PNG Warning: iCCP: known incorrect sRGB profile
06-19 02:28:13.111  1018  1176 D UE4     : [2022.06.19-00.28.13:111][  0]LogImageWrapper: Warning: PNG Warning: iCCP: known incorrect sRGB profile
06-19 02:28:13.113  1018  1173 D UE4     : [2022.06.19-00.28.13:113][  0]LogImageWrapper: Warning: PNG Warning: iCCP: known incorrect sRGB profile
06-19 02:28:13.113  1018  1173 D UE4     : [2022.06.19-00.28.13:113][  0]LogImageWrapper: Warning: PNG Warning: iCCP: known incorrect sRGB profile
06-19 02:28:13.114  1018  1110 D UE4     : [2022.06.19-00.28.13:114][  0]LogImageWrapper: Warning: PNG Warning: iCCP: known incorrect sRGB profile
06-19 02:28:13.114  1018  1110 D UE4     : [2022.06.19-00.28.13:114][  0]LogImageWrapper: Warning: PNG Warning: iCCP: known incorrect sRGB profile
06-19 02:28:13.114  1018  1177 D UE4     : [2022.06.19-00.28.13:114][  0]LogImageWrapper: Warning: PNG Warning: iCCP: known incorrect sRGB profile
06-19 02:28:13.114  1018  1177 D UE4     : [2022.06.19-00.28.13:114][  0]LogImageWrapper: Warning: PNG Warning: iCCP: known incorrect sRGB profile
06-19 02:28:13.114  1018  1173 D UE4     : [2022.06.19-00.28.13:114][  0]LogImageWrapper: Warning: PNG Warning: iCCP: known incorrect sRGB profile
06-19 02:28:13.114  1018  1173 D UE4     : [2022.06.19-00.28.13:114][  0]LogImageWrapper: Warning: PNG Warning: iCCP: known incorrect sRGB profile
06-19 02:28:13.115  1018  1176 D UE4     : [2022.06.19-00.28.13:114][  0]LogImageWrapper: Warning: PNG Warning: iCCP: known incorrect sRGB profile
06-19 02:28:13.115  1018  1176 D UE4     : [2022.06.19-00.28.13:115][  0]LogImageWrapper: Warning: PNG Warning: iCCP: known incorrect sRGB profile
06-19 02:28:13.115   887   887 E libc    : Access denied finding property "ro.hardware.fp.fod"
06-19 02:28:13.115   887   887 E libc    : Access denied finding property "ro.hardware.fp.sideCap"
06-19 02:28:13.116  1018  1110 D UE4     : [2022.06.19-00.28.13:116][  0]LogImageWrapper: Warning: PNG Warning: iCCP: known incorrect sRGB profile
06-19 02:28:13.116  1018  1110 D UE4     : [2022.06.19-00.28.13:116][  0]LogImageWrapper: Warning: PNG Warning: iCCP: known incorrect sRGB profile
06-19 02:28:13.116  1018  1177 D UE4     : [2022.06.19-00.28.13:116][  0]LogImageWrapper: Warning: PNG Warning: iCCP: known incorrect sRGB profile
06-19 02:28:13.116  1018  1173 D UE4     : [2022.06.19-00.28.13:116][  0]LogImageWrapper: Warning: PNG Warning: iCCP: known incorrect sRGB profile
06-19 02:28:13.116  1018  1173 D UE4     : [2022.06.19-00.28.13:116][  0]LogImageWrapper: Warning: PNG Warning: iCCP: known incorrect sRGB profile
06-19 02:28:13.116  1018  1110 D UE4     : [2022.06.19-00.28.13:116][  0]LogImageWrapper: Warning: PNG Warning: iCCP: known incorrect sRGB profile
06-19 02:28:13.117  1018  1110 D UE4     : [2022.06.19-00.28.13:117][  0]LogImageWrapper: Warning: PNG Warning: iCCP: known incorrect sRGB profile
06-19 02:28:13.117  1018  1177 D UE4     : [2022.06.19-00.28.13:117][  0]LogImageWrapper: Warning: PNG Warning: iCCP: known incorrect sRGB profile
06-19 02:28:13.117  1018  1176 D UE4     : [2022.06.19-00.28.13:117][  0]LogImageWrapper: Warning: PNG Warning: iCCP: known incorrect sRGB profile
06-19 02:28:13.117  1018  1176 D UE4     : [2022.06.19-00.28.13:117][  0]LogImageWrapper: Warning: PNG Warning: iCCP: known incorrect sRGB profile
06-19 02:28:13.117  1018  1177 D UE4     : [2022.06.19-00.28.13:117][  0]LogImageWrapper: Warning: PNG Warning: iCCP: known incorrect sRGB profile
06-19 02:28:13.117  1018  1177 D UE4     : [2022.06.19-00.28.13:117][  0]LogImageWrapper: Warning: PNG Warning: iCCP: known incorrect sRGB profile
06-19 02:28:13.118  1018  1175 D UE4     : [2022.06.19-00.28.13:118][  0]LogImageWrapper: Warning: PNG Warning: iCCP: known incorrect sRGB profile
06-19 02:28:13.118  1018  1175 D UE4     : [2022.06.19-00.28.13:118][  0]LogImageWrapper: Warning: PNG Warning: iCCP: known incorrect sRGB profile
06-19 02:28:13.118  1018  1110 D UE4     : [2022.06.19-00.28.13:118][  0]LogImageWrapper: Warning: PNG Warning: iCCP: known incorrect sRGB profile
06-19 02:28:13.118  1018  1110 D UE4     : [2022.06.19-00.28.13:118][  0]LogImageWrapper: Warning: PNG Warning: iCCP: known incorrect sRGB profile
06-19 02:28:13.118  1018  1175 D UE4     : [2022.06.19-00.28.13:118][  0]LogImageWrapper: Warning: PNG Warning: iCCP: known incorrect sRGB profile
06-19 02:28:13.118  1018  1175 D UE4     : [2022.06.19-00.28.13:118][  0]LogImageWrapper: Warning: PNG Warning: iCCP: known incorrect sRGB profile
06-19 02:28:13.118  1018  1173 D UE4     : [2022.06.19-00.28.13:118][  0]LogImageWrapper: Warning: PNG Warning: iCCP: known incorrect sRGB profile
06-19 02:28:13.119  1018  1176 D UE4     : [2022.06.19-00.28.13:119][  0]LogImageWrapper: Warning: PNG Warning: iCCP: known incorrect sRGB profile
06-19 02:28:13.119  1018  1110 D UE4     : [2022.06.19-00.28.13:119][  0]LogImageWrapper: Warning: PNG Warning: iCCP: known incorrect sRGB profile
06-19 02:28:13.119  1018  1110 D UE4     : [2022.06.19-00.28.13:119][  0]LogImageWrapper: Warning: PNG Warning: iCCP: known incorrect sRGB profile
06-19 02:28:13.119  1018  1177 D UE4     : [2022.06.19-00.28.13:119][  0]LogImageWrapper: Warning: PNG Warning: iCCP: known incorrect sRGB profile
06-19 02:28:13.119  1018  1177 D UE4     : [2022.06.19-00.28.13:119][  0]LogImageWrapper: Warning: PNG Warning: iCCP: known incorrect sRGB profile
06-19 02:28:13.119  1018  1110 D UE4     : [2022.06.19-00.28.13:119][  0]LogImageWrapper: Warning: PNG Warning: iCCP: known incorrect sRGB profile
06-19 02:28:13.119  1018  1110 D UE4     : [2022.06.19-00.28.13:119][  0]LogImageWrapper: Warning: PNG Warning: iCCP: known incorrect sRGB profile
06-19 02:28:13.120  1018  1176 D UE4     : [2022.06.19-00.28.13:120][  0]LogImageWrapper: Warning: PNG Warning: iCCP: known incorrect sRGB profile
06-19 02:28:13.120  1018  1177 D UE4     : [2022.06.19-00.28.13:120][  0]LogImageWrapper: Warning: PNG Warning: iCCP: known incorrect sRGB profile
06-19 02:28:13.120  1018  1177 D UE4     : [2022.06.19-00.28.13:120][  0]LogImageWrapper: Warning: PNG Warning: iCCP: known incorrect sRGB profile
06-19 02:28:13.120  1018  1173 D UE4     : [2022.06.19-00.28.13:120][  0]LogImageWrapper: Warning: PNG Warning: iCCP: known incorrect sRGB profile
06-19 02:28:13.120  1018  1175 D UE4     : [2022.06.19-00.28.13:120][  0]LogImageWrapper: Warning: PNG Warning: iCCP: known incorrect sRGB profile
06-19 02:28:13.120  1018  1175 D UE4     : [2022.06.19-00.28.13:120][  0]LogImageWrapper: Warning: PNG Warning: iCCP: known incorrect sRGB profile
06-19 02:28:13.121  1018  1176 D UE4     : [2022.06.19-00.28.13:121][  0]LogImageWrapper: Warning: PNG Warning: iCCP: known incorrect sRGB profile
06-19 02:28:13.121  1018  1176 D UE4     : [2022.06.19-00.28.13:121][  0]LogImageWrapper: Warning: PNG Warning: iCCP: cHRM chunk does not match sRGB
06-19 02:28:13.121  1018  1176 D UE4     : [2022.06.19-00.28.13:121][  0]LogImageWrapper: Warning: PNG Warning: iCCP: known incorrect sRGB profile
06-19 02:28:13.121  1018  1176 D UE4     : [2022.06.19-00.28.13:121][  0]LogImageWrapper: Warning: PNG Warning: iCCP: cHRM chunk does not match sRGB
06-19 02:28:13.121  1018  1110 D UE4     : [2022.06.19-00.28.13:121][  0]LogImageWrapper: Warning: PNG Warning: iCCP: known incorrect sRGB profile
06-19 02:28:13.121  1018  1110 D UE4     : [2022.06.19-00.28.13:121][  0]LogImageWrapper: Warning: PNG Warning: iCCP: cHRM chunk does not match sRGB
06-19 02:28:13.121  1018  1110 D UE4     : [2022.06.19-00.28.13:121][  0]LogImageWrapper: Warning: PNG Warning: iCCP: known incorrect sRGB profile
06-19 02:28:13.121  1018  1110 D UE4     : [2022.06.19-00.28.13:121][  0]LogImageWrapper: Warning: PNG Warning: iCCP: cHRM chunk does not match sRGB
06-19 02:28:13.121  1018  1177 D UE4     : [2022.06.19-00.28.13:121][  0]LogImageWrapper: Warning: PNG Warning: iCCP: known incorrect sRGB profile
06-19 02:28:13.121  1018  1177 D UE4     : [2022.06.19-00.28.13:121][  0]LogImageWrapper: Warning: PNG Warning: iCCP: cHRM chunk does not match sRGB
06-19 02:28:13.121  1018  1177 D UE4     : [2022.06.19-00.28.13:121][  0]LogImageWrapper: Warning: PNG Warning: iCCP: known incorrect sRGB profile
06-19 02:28:13.121  1018  1177 D UE4     : [2022.06.19-00.28.13:121][  0]LogImageWrapper: Warning: PNG Warning: iCCP: cHRM chunk does not match sRGB
06-19 02:28:13.122  1018  1110 D UE4     : [2022.06.19-00.28.13:122][  0]LogImageWrapper: Warning: PNG Warning: iCCP: known incorrect sRGB profile
06-19 02:28:13.122  1018  1110 D UE4     : [2022.06.19-00.28.13:122][  0]LogImageWrapper: Warning: PNG Warning: iCCP: known incorrect sRGB profile
06-19 02:28:13.122  1018  1177 D UE4     : [2022.06.19-00.28.13:122][  0]LogImageWrapper: Warning: PNG Warning: iCCP: known incorrect sRGB profile
06-19 02:28:13.122  1018  1177 D UE4     : [2022.06.19-00.28.13:122][  0]LogImageWrapper: Warning: PNG Warning: iCCP: known incorrect sRGB profile
06-19 02:28:13.122  1018  1173 D UE4     : [2022.06.19-00.28.13:122][  0]LogImageWrapper: Warning: PNG Warning: iCCP: known incorrect sRGB profile
06-19 02:28:13.122  1018  1173 D UE4     : [2022.06.19-00.28.13:122][  0]LogImageWrapper: Warning: PNG Warning: iCCP: known incorrect sRGB profile
06-19 02:28:13.122  1018  1177 D UE4     : [2022.06.19-00.28.13:122][  0]LogImageWrapper: Warning: PNG Warning: iCCP: known incorrect sRGB profile
06-19 02:28:13.122  1018  1177 D UE4     : [2022.06.19-00.28.13:122][  0]LogImageWrapper: Warning: PNG Warning: iCCP: known incorrect sRGB profile
06-19 02:28:13.122  1018  1176 D UE4     : [2022.06.19-00.28.13:122][  0]LogImageWrapper: Warning: PNG Warning: iCCP: known incorrect sRGB profile
06-19 02:28:13.122  1018  1176 D UE4     : [2022.06.19-00.28.13:122][  0]LogImageWrapper: Warning: PNG Warning: iCCP: known incorrect sRGB profile
06-19 02:28:13.123  1018  1110 D UE4     : [2022.06.19-00.28.13:123][  0]LogImageWrapper: Warning: PNG Warning: iCCP: known incorrect sRGB profile
06-19 02:28:13.123  1018  1110 D UE4     : [2022.06.19-00.28.13:123][  0]LogImageWrapper: Warning: PNG Warning: iCCP: known incorrect sRGB profile
06-19 02:28:13.123  1018  1175 D UE4     : [2022.06.19-00.28.13:123][  0]LogImageWrapper: Warning: PNG Warning: iCCP: known incorrect sRGB profile
06-19 02:28:13.123  1018  1175 D UE4     : [2022.06.19-00.28.13:123][  0]LogImageWrapper: Warning: PNG Warning: iCCP: known incorrect sRGB profile
06-19 02:28:13.123  1018  1173 D UE4     : [2022.06.19-00.28.13:123][  0]LogImageWrapper: Warning: PNG Warning: iCCP: known incorrect sRGB profile
06-19 02:28:13.123  1018  1173 D UE4     : [2022.06.19-00.28.13:123][  0]LogImageWrapper: Warning: PNG Warning: iCCP: known incorrect sRGB profile
06-19 02:28:13.123  1018  1177 D UE4     : [2022.06.19-00.28.13:123][  0]LogImageWrapper: Warning: PNG Warning: iCCP: known incorrect sRGB profile
06-19 02:28:13.123  1018  1177 D UE4     : [2022.06.19-00.28.13:123][  0]LogImageWrapper: Warning: PNG Warning: iCCP: known incorrect sRGB profile
06-19 02:28:13.123  1018  1176 D UE4     : [2022.06.19-00.28.13:123][  0]LogImageWrapper: Warning: PNG Warning: iCCP: known incorrect sRGB profile
06-19 02:28:13.124  1018  1176 D UE4     : [2022.06.19-00.28.13:124][  0]LogImageWrapper: Warning: PNG Warning: iCCP: known incorrect sRGB profile
06-19 02:28:13.124  1018  1177 D UE4     : [2022.06.19-00.28.13:124][  0]LogImageWrapper: Warning: PNG Warning: iCCP: known incorrect sRGB profile
06-19 02:28:13.124  1018  1177 D UE4     : [2022.06.19-00.28.13:124][  0]LogImageWrapper: Warning: PNG Warning: iCCP: known incorrect sRGB profile
06-19 02:28:13.124  1018  1173 D UE4     : [2022.06.19-00.28.13:124][  0]LogImageWrapper: Warning: PNG Warning: iCCP: known incorrect sRGB profile
06-19 02:28:13.124  1018  1173 D UE4     : [2022.06.19-00.28.13:124][  0]LogImageWrapper: Warning: PNG Warning: iCCP: known incorrect sRGB profile
06-19 02:28:13.124  1018  1110 D UE4     : [2022.06.19-00.28.13:124][  0]LogImageWrapper: Warning: PNG Warning: iCCP: known incorrect sRGB profile
06-19 02:28:13.124  1018  1110 D UE4     : [2022.06.19-00.28.13:124][  0]LogImageWrapper: Warning: PNG Warning: iCCP: known incorrect sRGB profile
06-19 02:28:13.125  1018  1176 D UE4     : [2022.06.19-00.28.13:125][  0]LogImageWrapper: Warning: PNG Warning: iCCP: known incorrect sRGB profile
06-19 02:28:13.125  1018  1176 D UE4     : [2022.06.19-00.28.13:125][  0]LogImageWrapper: Warning: PNG Warning: iCCP: known incorrect sRGB profile
06-19 02:28:13.125  1018  1175 D UE4     : [2022.06.19-00.28.13:125][  0]LogImageWrapper: Warning: PNG Warning: iCCP: known incorrect sRGB profile
06-19 02:28:13.125  1018  1175 D UE4     : [2022.06.19-00.28.13:125][  0]LogImageWrapper: Warning: PNG Warning: iCCP: known incorrect sRGB profile
06-19 02:28:13.125  1018  1110 D UE4     : [2022.06.19-00.28.13:125][  0]LogImageWrapper: Warning: PNG Warning: iCCP: known incorrect sRGB profile
06-19 02:28:13.125  1018  1110 D UE4     : [2022.06.19-00.28.13:125][  0]LogImageWrapper: Warning: PNG Warning: iCCP: known incorrect sRGB profile
06-19 02:28:13.125  1018  1173 D UE4     : [2022.06.19-00.28.13:125][  0]LogImageWrapper: Warning: PNG Warning: iCCP: known incorrect sRGB profile
06-19 02:28:13.125  1018  1173 D UE4     : [2022.06.19-00.28.13:125][  0]LogImageWrapper: Warning: PNG Warning: iCCP: known incorrect sRGB profile
06-19 02:28:13.125  1018  1177 D UE4     : [2022.06.19-00.28.13:125][  0]LogImageWrapper: Warning: PNG Warning: iCCP: known incorrect sRGB profile
06-19 02:28:13.126  1018  1177 D UE4     : [2022.06.19-00.28.13:125][  0]LogImageWrapper: Warning: PNG Warning: iCCP: known incorrect sRGB profile
06-19 02:28:13.126  1018  1173 D UE4     : [2022.06.19-00.28.13:126][  0]LogImageWrapper: Warning: PNG Warning: iCCP: known incorrect sRGB profile
06-19 02:28:13.126  1018  1173 D UE4     : [2022.06.19-00.28.13:126][  0]LogImageWrapper: Warning: PNG Warning: iCCP: known incorrect sRGB profile
06-19 02:28:13.126  1018  1176 D UE4     : [2022.06.19-00.28.13:126][  0]LogImageWrapper: Warning: PNG Warning: iCCP: known incorrect sRGB profile
06-19 02:28:13.126  1018  1176 D UE4     : [2022.06.19-00.28.13:126][  0]LogImageWrapper: Warning: PNG Warning: iCCP: known incorrect sRGB profile
06-19 02:28:13.126  1018  1110 D UE4     : [2022.06.19-00.28.13:126][  0]LogImageWrapper: Warning: PNG Warning: iCCP: known incorrect sRGB profile
