06-19 02:28:11.213   887   887 E libc    : Access denied finding property "ro.hardware.fp.fod"
06-19 02:28:11.213   887   887 E libc    : Access denied finding property "ro.hardware.fp.sideCap"
06-19 02:28:11.219  1041  1041 I MiPicks-App: 
06-19 02:28:11.219  1041  1041 I MiPicks-App: 
06-19 02:28:11.219  1041  1041 I MiPicks-App: Process create: com.xiaomi.mipicks ------------------
06-19 02:28:11.224  2328  2328 I ActivityObserver: filling one resumed activity ComponentInfo{es.udc.DDM.Grupo3DDM/com.epicgames.ue4.GameActivity}
06-19 02:28:11.225  1018  1018 D UE4     : Used memory before allocating anything was 144.38MB
06-19 02:28:11.227  2328  2328 D StatusBar: disable<e i a s b h r c s > disable2<q i n g r >
06-19 02:28:11.227  2328  2328 D StatusBarClock:  isNormalMode= true clock visible=true
06-19 02:28:11.229   887   887 E libc    : Access denied finding property "ro.hardware.fp.fod"
06-19 02:28:11.229   887   887 E libc    : Access denied finding property "ro.hardware.fp.sideCap"
06-19 02:28:11.246   887   887 E libc    : Access denied finding property "ro.hardware.fp.fod"
06-19 02:28:11.246   887   887 E libc    : Access denied finding property "ro.hardware.fp.sideCap"
06-19 02:28:11.248  1041  1041 I MMKV    : Disable checkProcessMode()
06-19 02:28:11.252  1041  1041 I MMKV    : <native-bridge.cpp:104::JNI_OnLoad> current API level = 29, libc++_shared=0
06-19 02:28:11.253  1041  1041 I MMKV    : <MMKV.cpp:165::initialize> version v1.2.13, page size 4096, arch arm64-v8a
06-19 02:28:11.253  1041  1041 I MMKV    : <MMKV.cpp:176::initialize> armv8 AES instructions is supported
06-19 02:28:11.253  1041  1041 I MMKV    : <MMKV.cpp:184::initialize> armv8 CRC32 instructions is supported
06-19 02:28:11.253  1041  1041 I MMKV    : <MMKV.cpp:207::initializeMMKV> root dir: /data/user/0/com.xiaomi.mipicks/files/mmkv
06-19 02:28:11.255  1041  1041 I MMKV    : <MemoryFile.cpp:97::open> open fd[0x42], /data/user/0/com.xiaomi.mipicks/files/mmkv/com.xiaomi.mipicks_preferences
06-19 02:28:11.255  1041  1041 I MMKV    : <MemoryFile.cpp:97::open> open fd[0x43], /data/user/0/com.xiaomi.mipicks/files/mmkv/com.xiaomi.mipicks_preferences.crc
06-19 02:28:11.257  1041  1041 I MMKV    : <MMKV_IO.cpp:81::loadFromFile> loading [com.xiaomi.mipicks_preferences] with 0 actual size, file size 4096, InterProcess 1, meta info version:1
06-19 02:28:11.257  1041  1041 I MMKV    : <MMKV_IO.cpp:130::loadFromFile> loaded [com.xiaomi.mipicks_preferences] with 0 key-values
06-19 02:28:11.262  1041  1041 I MiPicks-MMKVManager: init, use MMKV = false
06-19 02:28:11.263   887   887 E libc    : Access denied finding property "ro.hardware.fp.fod"
06-19 02:28:11.263   887   887 E libc    : Access denied finding property "ro.hardware.fp.sideCap"
06-19 02:28:11.279   887   887 E libc    : Access denied finding property "ro.hardware.fp.fod"
06-19 02:28:11.279   887   887 E libc    : Access denied finding property "ro.hardware.fp.sideCap"
06-19 02:28:11.293  2328  2328 D EventBus: [2328, u0] send(AppTransitionFinishedEvent)
06-19 02:28:11.293  2328  2328 D EventBus: [2328, u0]  -> ForcedResizableInfoActivityController [0xd8af784, P1] onBusEvent(AppTransitionFinishedEvent)
06-19 02:28:11.293  2328  2328 D EventBus: [2328, u0] onBusEvent(AppTransitionFinishedEvent) duration: 11 microseconds, avg: 173
06-19 02:28:11.294  2476  2476 I VideoWallpaper: [(VideoWallpaperService.java:2)#OnVisibilityChanged] onVisibilityChanged: false
06-19 02:28:11.294  1041  1041 D NetworkSecurityConfig: Using Network Security Config from resource network_security_config debugBuild: false
06-19 02:28:11.296   887   887 E libc    : Access denied finding property "ro.hardware.fp.fod"
06-19 02:28:11.296   887   887 E libc    : Access denied finding property "ro.hardware.fp.sideCap"
06-19 02:28:11.314   887   887 D SurfaceFlinger: Launcher Changed hasLauncher=0
06-19 02:28:11.314   887   887 E libc    : Access denied finding property "ro.hardware.fp.fod"
06-19 02:28:11.314   887   887 E libc    : Access denied finding property "ro.hardware.fp.sideCap"
06-19 02:28:11.329   887   887 E libc    : Access denied finding property "ro.hardware.fp.fod"
06-19 02:28:11.329   887   887 E libc    : Access denied finding property "ro.hardware.fp.sideCap"
06-19 02:28:11.332   572   572 E SELinux : avc:  denied  { find } for interface=vendor.qti.hardware.servicetracker::IServicetracker sid=u:r:system_server:s0 pid=2104 scontext=u:r:system_server:s0 tcontext=u:object_r:default_android_hwservice:s0 tclass=hwservice_manager permissive=0
06-19 02:28:11.333   572   572 E SELinux : avc:  denied  { find } for interface=vendor.qti.hardware.servicetracker::IServicetracker sid=u:r:system_server:s0 pid=2104 scontext=u:r:system_server:s0 tcontext=u:object_r:default_android_hwservice:s0 tclass=hwservice_manager permissive=0
06-19 02:28:11.334  2104  2264 I MiuiNetworkPolicy: updateUidState uid = 10291, uidState = 11
06-19 02:28:11.334  2104  2264 I MiuiNetworkPolicy: updateMLUid uid:10291,old:6,new:11
06-19 02:28:11.334  2104  2264 I MiuiNetworkPolicy: isMLEnabled state:6,uid:10291,connect:DISCONNECTED
06-19 02:28:11.334  2104  2264 I MiuiNetworkPolicy: isMLEnabled state:11,uid:10291,connect:DISCONNECTED
06-19 02:28:11.338  2104  3444 I ActivityManager: Killing 32053:com.facebook.system/u0a42 (adj 985): empty #17
06-19 02:28:11.339  2104  2264 I MiuiNetworkPolicy: updateUidState uid = 10291, uidState = 20
06-19 02:28:11.339  2104  2264 I MiuiNetworkPolicy: updateMLUid uid:10291,old:11,new:20
06-19 02:28:11.339  2104  2264 I MiuiNetworkPolicy: isMLEnabled state:11,uid:10291,connect:DISCONNECTED
06-19 02:28:11.339  2104  2264 I MiuiNetworkPolicy: isMLEnabled state:20,uid:10291,connect:DISCONNECTED
06-19 02:28:11.346   887   887 E libc    : Access denied finding property "ro.hardware.fp.fod"
06-19 02:28:11.346  1041  1041 I Ad      : isPersonalizedAdEnabled getAdSettings: 3
06-19 02:28:11.346   887   887 E libc    : Access denied finding property "ro.hardware.fp.sideCap"
06-19 02:28:11.348  1041  1041 E DeviceLevel: MiDeviceLevelBridge(): Load Class Exception:java.lang.ClassNotFoundException: Didn't find class "com.miui.performance.DeviceLevelUtils" on path: DexPathList[[zip file "/system/framework/MiuiBooster.jar"],nativeLibraryDirectories=[/system/lib64, /system/product/lib64]]
06-19 02:28:11.351  1041  1094 I MiPicks-Connection: ConnectionException
06-19 02:28:11.351  1041  1094 I MiPicks-Connection: com.xiaomi.market.conn.ConnectionException: Connection aborted by user for CTA.
06-19 02:28:11.351  1041  1094 I MiPicks-Connection: 	at com.xiaomi.market.conn.Connection.ensureUserAgreement(Connection.java:3)
06-19 02:28:11.351  1041  1094 I MiPicks-Connection: 	at com.xiaomi.market.conn.Connection.requestUnsafe(Connection.java:1)
06-19 02:28:11.351  1041  1094 I MiPicks-Connection: 	at com.xiaomi.market.conn.Connection.request(Connection.java:2)
06-19 02:28:11.351  1041  1094 I MiPicks-Connection: 	at com.xiaomi.market.conn.Connection.requestString(Connection.java:3)
06-19 02:28:11.351  1041  1094 I MiPicks-Connection: 	at com.xiaomi.market.conn.Connection$1.run(Connection.java:1)
06-19 02:28:11.351  1041  1094 I MiPicks-Connection: 	at java.util.concurrent.ThreadPoolExecutor.runWorker(ThreadPoolExecutor.java:1167)
06-19 02:28:11.351  1041  1094 I MiPicks-Connection: 	at java.util.concurrent.ThreadPoolExecutor$Worker.run(ThreadPoolExecutor.java:641)
06-19 02:28:11.351  1041  1094 I MiPicks-Connection: 	at java.lang.Thread.run(Thread.java:919)
06-19 02:28:11.352  1041  1094 E MiPicks-Connection: ConnectionException in request : Connection aborted by user for CTA.
06-19 02:28:11.355  1041  1094 E MiPicks-Connection: Connection failed : CLIENT_ERROR | null
06-19 02:28:11.355  1041  1041 D AppActiveReceiver: receive app active broadcast for: es.udc.DDM.Grupo3DDM, install from: null
06-19 02:28:11.358  2104  3444 D CompatibilityInfo: mCompatibilityFlags - 0
06-19 02:28:11.358  2104  3444 D CompatibilityInfo: applicationDensity - 440
06-19 02:28:11.358  2104  3444 D CompatibilityInfo: applicationScale - 1.0
06-19 02:28:11.358   572   572 E SELinux : avc:  denied  { find } for interface=vendor.qti.hardware.servicetracker::IServicetracker sid=u:r:system_server:s0 pid=2104 scontext=u:r:system_server:s0 tcontext=u:object_r:default_android_hwservice:s0 tclass=hwservice_manager permissive=0
06-19 02:28:11.359  2104  2264 I MiuiNetworkPolicy: updateUidState uid = 10064, uidState = 5
06-19 02:28:11.359  2104  2264 I MiuiNetworkPolicy: updateMLUid uid:10064,old:12,new:5
06-19 02:28:11.359  2104  2264 I MiuiNetworkPolicy: isMLEnabled state:12,uid:10064,connect:DISCONNECTED
06-19 02:28:11.359  2104  2264 I MiuiNetworkPolicy: isMLEnabled state:5,uid:10064,connect:DISCONNECTED
06-19 02:28:11.360  1041  1041 I MiPicks-ServiceUtils: startForeground: AppActiveStatService
06-19 02:28:11.362  1256  1256 I Zygote  : Process 32053 exited due to signal 9 (Killed)
06-19 02:28:11.363   572   572 E SELinux : avc:  denied  { find } for interface=vendor.qti.hardware.servicetracker::IServicetracker sid=u:r:system_server:s0 pid=2104 scontext=u:r:system_server:s0 tcontext=u:object_r:default_android_hwservice:s0 tclass=hwservice_manager permissive=0
06-19 02:28:11.363   887   887 E libc    : Access denied finding property "ro.hardware.fp.fod"
06-19 02:28:11.363   887   887 E libc    : Access denied finding property "ro.hardware.fp.sideCap"
06-19 02:28:11.364  2104  2264 I MiuiNetworkPolicy: removeUidState uid = 10042
06-19 02:28:11.365  2104  2143 I libprocessgroup: Successfully killed process cgroup uid 10042 pid 32053 in 26ms
06-19 02:28:11.370  1041  1095 E Perf    : Fail to get file list com.xiaomi.mipicks
06-19 02:28:11.370  1041  1095 E Perf    : getFolderSize() : Exception_1 = java.lang.NullPointerException: Attempt to get length of null array
06-19 02:28:11.370  1041  1095 E Perf    : Fail to get file list oat
06-19 02:28:11.370  1041  1095 E Perf    : getFolderSize() : Exception_1 = java.lang.NullPointerException: Attempt to get length of null array
06-19 02:28:11.379   887   887 E libc    : Access denied finding property "ro.hardware.fp.fod"
06-19 02:28:11.379   887   887 E libc    : Access denied finding property "ro.hardware.fp.sideCap"
06-19 02:28:11.395   887   887 E libc    : Access denied finding property "ro.hardware.fp.fod"
06-19 02:28:11.396   887   887 E libc    : Access denied finding property "ro.hardware.fp.sideCap"
06-19 02:28:11.401  1041  1096 I MiPicks-LocalAppManager: load local apps from system : begin
06-19 02:28:11.402  1041  1096 I MiPicks-LocalAppManager: load local apps from system : finish
06-19 02:28:11.406   572   572 E SELinux : avc:  denied  { find } for interface=vendor.qti.hardware.servicetracker::IServicetracker sid=u:r:system_server:s0 pid=2104 scontext=u:r:system_server:s0 tcontext=u:object_r:default_android_hwservice:s0 tclass=hwservice_manager permissive=0
06-19 02:28:11.412   887   887 E libc    : Access denied finding property "ro.hardware.fp.fod"
06-19 02:28:11.412   887   887 E libc    : Access denied finding property "ro.hardware.fp.sideCap"
06-19 02:28:11.418   572   572 E SELinux : avc:  denied  { find } for interface=vendor.qti.hardware.servicetracker::IServicetracker sid=u:r:system_server:s0 pid=2104 scontext=u:r:system_server:s0 tcontext=u:object_r:default_android_hwservice:s0 tclass=hwservice_manager permissive=0
06-19 02:28:11.425  1018  1018 D UE4     : In the JNI_OnLoad function
06-19 02:28:11.426  1018  1018 D UE4     : [JNI] - Failed to determine if app purchasing is enabled!
06-19 02:28:11.428  1018  1018 D UE4     : Path found as '/storage/emulated/0'
06-19 02:28:11.428  1018  1018 D UE4     : Font Path found as '/system/fonts/'
06-19 02:28:11.428  1018  1018 D UE4     : In the JNI_OnLoad function 5
06-19 02:28:11.429   887   887 E libc    : Access denied finding property "ro.hardware.fp.fod"
06-19 02:28:11.429   887   887 E libc    : Access denied finding property "ro.hardware.fp.sideCap"
06-19 02:28:11.431  1018  1018 D OVRPlugin: JNI_OnLoad
06-19 02:28:11.435  1018  1018 D ForceDarkHelper: updateByCheckExcludeList: pkg: es.udc.DDM.Grupo3DDM activity: com.epicgames.ue4.GameActivity@f89174c
06-19 02:28:11.438  1018  1018 I chatty  : uid=10479(es.udc.DDM.Grupo3DDM) identical 2 lines
06-19 02:28:11.438  1018  1018 D ForceDarkHelper: updateByCheckExcludeList: pkg: es.udc.DDM.Grupo3DDM activity: com.epicgames.ue4.GameActivity@f89174c
06-19 02:28:11.446   887   887 E libc    : Access denied finding property "ro.hardware.fp.fod"
06-19 02:28:11.446   887   887 E libc    : Access denied finding property "ro.hardware.fp.sideCap"
06-19 02:28:11.456   572   572 E SELinux : avc:  denied  { find } for interface=vendor.qti.hardware.servicetracker::IServicetracker sid=u:r:system_server:s0 pid=2104 scontext=u:r:system_server:s0 tcontext=u:object_r:default_android_hwservice:s0 tclass=hwservice_manager permissive=0
06-19 02:28:11.457  1041  1041 I MiPicks-ServiceUtils: stop foreground service: AppActiveStatService
06-19 02:28:11.458  2104  3444 I ActivityManager: Killing 31570:com.google.android.apps.wellbeing/u0a133 (adj 985): empty #17
06-19 02:28:11.460  2104  2264 I MiuiNetworkPolicy: updateUidState uid = 10064, uidState = 20
06-19 02:28:11.460  2104  2264 I MiuiNetworkPolicy: updateMLUid uid:10064,old:5,new:20
06-19 02:28:11.460  2104  2264 I MiuiNetworkPolicy: isMLEnabled state:5,uid:10064,connect:DISCONNECTED
06-19 02:28:11.460  2104  2264 I MiuiNetworkPolicy: isMLEnabled state:20,uid:10064,connect:DISCONNECTED
06-19 02:28:11.462   887   887 E libc    : Access denied finding property "ro.hardware.fp.fod"
06-19 02:28:11.462   887   887 E libc    : Access denied finding property "ro.hardware.fp.sideCap"
06-19 02:28:11.472  2761  2761 I notification_pop_view:  notification is connected:true
06-19 02:28:11.472  2328  2328 D StatusBar: onNotificationPosted key=0|com.xiaomi.mipicks|184269310|null|10064 isUpdate=false
06-19 02:28:11.473  2328  2328 D StatusBar: filter Notification key=0|com.xiaomi.mipicks|184269310|null|10064
06-19 02:28:11.473  2328  2328 D StatusBar: onNotificationRemoved key=0|com.xiaomi.mipicks|184269310|null|10064 reason=8
06-19 02:28:11.473  2328  2328 W StatusBar: removeNotification for unknown key: 0|com.xiaomi.mipicks|184269310|null|10064
06-19 02:28:11.473  2328  2328 D StatusBar: removeNotification null
06-19 02:28:11.479   887   887 E libc    : Access denied finding property "ro.hardware.fp.fod"
06-19 02:28:11.479   887   887 E libc    : Access denied finding property "ro.hardware.fp.sideCap"
06-19 02:28:11.495   887   887 E libc    : Access denied finding property "ro.hardware.fp.fod"
06-19 02:28:11.496   887   887 E libc    : Access denied finding property "ro.hardware.fp.sideCap"
06-19 02:28:11.506  1041  1102 I Ad      : isPersonalizedAdEnabled getAdSettings: 3
06-19 02:28:11.507  1041  1102 I MiPicks-Connection: ConnectionException
06-19 02:28:11.507  1041  1102 I MiPicks-Connection: com.xiaomi.market.conn.ConnectionException: Connection aborted by user for CTA.
06-19 02:28:11.507  1041  1102 I MiPicks-Connection: 	at com.xiaomi.market.conn.Connection.ensureUserAgreement(Connection.java:3)
06-19 02:28:11.507  1041  1102 I MiPicks-Connection: 	at com.xiaomi.market.conn.Connection.requestUnsafe(Connection.java:1)
06-19 02:28:11.507  1041  1102 I MiPicks-Connection: 	at com.xiaomi.market.conn.Connection.request(Connection.java:2)
06-19 02:28:11.507  1041  1102 I MiPicks-Connection: 	at com.xiaomi.market.conn.ConnectionRSA.requestJSON(ConnectionRSA.java:3)
06-19 02:28:11.507  1041  1102 I MiPicks-Connection: 	at com.xiaomi.market.service.AppActiveStatService.uploadData(AppActiveStatService.java:7)
06-19 02:28:11.507  1041  1102 I MiPicks-Connection: 	at com.xiaomi.market.service.AppActiveStatService.access$100(AppActiveStatService.java:1)
06-19 02:28:11.507  1041  1102 I MiPicks-Connection: 	at com.xiaomi.market.service.AppActiveStatService$1.doOperation(AppActiveStatService.java:37)
06-19 02:28:11.507  1041  1102 I MiPicks-Connection: 	at com.xiaomi.market.model.DataUploader$1.run(DataUploader.java:3)
06-19 02:28:11.507  1041  1102 I MiPicks-Connection: 	at java.util.concurrent.ThreadPoolExecutor.runWorker(ThreadPoolExecutor.java:1167)
06-19 02:28:11.507  1041  1102 I MiPicks-Connection: 	at java.util.concurrent.ThreadPoolExecutor$Worker.run(ThreadPoolExecutor.java:641)
06-19 02:28:11.507  1041  1102 I MiPicks-Connection: 	at java.lang.Thread.run(Thread.java:919)
06-19 02:28:11.508  1041  1102 E MiPicks-Connection: ConnectionException in request : Connection aborted by user for CTA.
06-19 02:28:11.512   887   887 E libc    : Access denied finding property "ro.hardware.fp.fod"
06-19 02:28:11.512   887   887 E libc    : Access denied finding property "ro.hardware.fp.sideCap"
06-19 02:28:11.529   887   887 E libc    : Access denied finding property "ro.hardware.fp.fod"
06-19 02:28:11.529   887   887 E libc    : Access denied finding property "ro.hardware.fp.sideCap"
06-19 02:28:11.544  1256  1256 I Zygote  : Process 31570 exited due to signal 9 (Killed)
06-19 02:28:11.545   572   572 E SELinux : avc:  denied  { find } for interface=vendor.qti.hardware.servicetracker::IServicetracker sid=u:r:system_server:s0 pid=2104 scontext=u:r:system_server:s0 tcontext=u:object_r:default_android_hwservice:s0 tclass=hwservice_manager permissive=0
06-19 02:28:11.545   887   887 E libc    : Access denied finding property "ro.hardware.fp.fod"
06-19 02:28:11.546   887   887 E libc    : Access denied finding property "ro.hardware.fp.sideCap"
06-19 02:28:11.546  2104  2143 I libprocessgroup: Successfully killed process cgroup uid 10133 pid 31570 in 87ms
06-19 02:28:11.546  2104  2264 I MiuiNetworkPolicy: removeUidState uid = 10133
06-19 02:28:11.562   887   887 E libc    : Access denied finding property "ro.hardware.fp.fod"
06-19 02:28:11.562   887   887 E libc    : Access denied finding property "ro.hardware.fp.sideCap"
06-19 02:28:11.579   887   887 E libc    : Access denied finding property "ro.hardware.fp.fod"
06-19 02:28:11.579   887   887 E libc    : Access denied finding property "ro.hardware.fp.sideCap"
06-19 02:28:11.582   887   887 W surfaceflinger: type=1400 audit(0.0:1105940): avc: denied { read } for name="u:object_r:vendor_fp_prop:s0" dev="tmpfs" ino=16614 scontext=u:r:surfaceflinger:s0 tcontext=u:object_r:vendor_fp_prop:s0 tclass=file permissive=0
06-19 02:28:11.596   887   887 E libc    : Access denied finding property "ro.hardware.fp.fod"
06-19 02:28:11.596   887   887 E libc    : Access denied finding property "ro.hardware.fp.sideCap"
06-19 02:28:11.582   887   887 W surfaceflinger: type=1400 audit(0.0:1105941): avc: denied { read } for name="u:object_r:vendor_fp_prop:s0" dev="tmpfs" ino=16614 scontext=u:r:surfaceflinger:s0 tcontext=u:object_r:vendor_fp_prop:s0 tclass=file permissive=0
06-19 02:28:11.602   887   887 W surfaceflinger: type=1400 audit(0.0:1105942): avc: denied { read } for name="u:object_r:vendor_fp_prop:s0" dev="tmpfs" ino=16614 scontext=u:r:surfaceflinger:s0 tcontext=u:object_r:vendor_fp_prop:s0 tclass=file permissive=0
06-19 02:28:11.613   887   887 E libc    : Access denied finding property "ro.hardware.fp.fod"
06-19 02:28:11.613   887   887 E libc    : Access denied finding property "ro.hardware.fp.sideCap"
06-19 02:28:11.602   887   887 W surfaceflinger: type=1400 audit(0.0:1105943): avc: denied { read } for name="u:object_r:vendor_fp_prop:s0" dev="tmpfs" ino=16614 scontext=u:r:surfaceflinger:s0 tcontext=u:object_r:vendor_fp_prop:s0 tclass=file permissive=0
06-19 02:28:11.629   887   887 E libc    : Access denied finding property "ro.hardware.fp.fod"
06-19 02:28:11.612   887   887 W surfaceflinger: type=1400 audit(0.0:1105944): avc: denied { read } for name="u:object_r:vendor_fp_prop:s0" dev="tmpfs" ino=16614 scontext=u:r:surfaceflinger:s0 tcontext=u:object_r:vendor_fp_prop:s0 tclass=file permissive=0
06-19 02:28:11.629   887   887 E libc    : Access denied finding property "ro.hardware.fp.sideCap"
06-19 02:28:11.641   572   572 E SELinux : avc:  denied  { find } for interface=vendor.qti.hardware.servicetracker::IServicetracker sid=u:r:system_server:s0 pid=2104 scontext=u:r:system_server:s0 tcontext=u:object_r:default_android_hwservice:s0 tclass=hwservice_manager permissive=0
06-19 02:28:11.644  2328  2328 D EventBus: [2328, u0] send(AppTransitionFinishedEvent)
06-19 02:28:11.644  2328  2328 D EventBus: [2328, u0]  -> ForcedResizableInfoActivityController [0xd8af784, P1] onBusEvent(AppTransitionFinishedEvent)
06-19 02:28:11.644  2328  2328 D EventBus: [2328, u0] onBusEvent(AppTransitionFinishedEvent) duration: 11 microseconds, avg: 173
06-19 02:28:11.645  2104  2134 I Timeline: Timeline: App_transition_stopped time:27040635
06-19 02:28:11.646   887   887 E libc    : Access denied finding property "ro.hardware.fp.fod"
06-19 02:28:11.646   887   887 E libc    : Access denied finding property "ro.hardware.fp.sideCap"
06-19 02:28:11.663   887   887 E libc    : Access denied finding property "ro.hardware.fp.fod"
06-19 02:28:11.663   887   887 E libc    : Access denied finding property "ro.hardware.fp.sideCap"
06-19 02:28:11.673   572   572 E SELinux : avc:  denied  { find } for interface=vendor.qti.hardware.servicetracker::IServicetracker sid=u:r:system_server:s0 pid=2104 scontext=u:r:system_server:s0 tcontext=u:object_r:default_android_hwservice:s0 tclass=hwservice_manager permissive=0
06-19 02:28:11.680   887   887 E libc    : Access denied finding property "ro.hardware.fp.fod"
06-19 02:28:11.680   887   887 E libc    : Access denied finding property "ro.hardware.fp.sideCap"
06-19 02:28:11.696   887   887 E libc    : Access denied finding property "ro.hardware.fp.fod"
06-19 02:28:11.696   887   887 E libc    : Access denied finding property "ro.hardware.fp.sideCap"
06-19 02:28:11.710  2104  2823 W BpBinder: Slow Binder: BpBinder transact took 266 ms, interface=android.os.IVold, code=21 oneway=false
06-19 02:28:11.710  1018  1018 W BpBinder: Slow Binder: BpBinder transact took 268 ms, interface=android.os.storage.IStorageManager, code=35 oneway=false
06-19 02:28:11.711   887   887 E libc    : Access denied finding property "ro.hardware.fp.fod"
06-19 02:28:11.711   887   887 E libc    : Access denied finding property "ro.hardware.fp.sideCap"
06-19 02:28:11.728   887   887 E libc    : Access denied finding property "ro.hardware.fp.fod"
06-19 02:28:11.728   887   887 E libc    : Access denied finding property "ro.hardware.fp.sideCap"
06-19 02:28:11.742  1018  1110 D UE4     : Entering native app glue main function
06-19 02:28:11.742  1018  1110 D UE4     : Created event thread
06-19 02:28:11.742  1018  1110 D UE4     : Entered AndroidMain()
06-19 02:28:11.742  1018  1119 D UE4     : Entering event processing thread engine entry point
06-19 02:28:11.742  1018  1119 D UE4     : Prepared looper for event thread
06-19 02:28:11.742  1018  1119 D UE4     : Passed callback initialization
06-19 02:28:11.742  1018  1119 D UE4     : Passed sensor initialization
06-19 02:28:11.743  1018  1110 D UE4     : Controller interface supported
06-19 02:28:11.745   887   887 E libc    : Access denied finding property "ro.hardware.fp.fod"
06-19 02:28:11.745   887   887 E libc    : Access denied finding property "ro.hardware.fp.sideCap"
06-19 02:28:11.761   887   887 E libc    : Access denied finding property "ro.hardware.fp.fod"
06-19 02:28:11.762   887   887 E libc    : Access denied finding property "ro.hardware.fp.sideCap"
06-19 02:28:11.764  1018  1018 D UE4     : [GameActivity] Target SDK is 30.  This may cause issues if permissions are denied by the user.
06-19 02:28:11.764  1018  1018 E PermissionHelper: GVRTransition2DActivity.getActivity() failed. Trying to get GameActivity.
06-19 02:28:11.765  1018  1018 D PermissionHelper: checkPermission: android.permission.WRITE_EXTERNAL_STORAGE has granted
06-19 02:28:11.780   887   887 E libc    : Access denied finding property "ro.hardware.fp.fod"
06-19 02:28:11.780   887   887 E libc    : Access denied finding property "ro.hardware.fp.sideCap"
06-19 02:28:11.797   887   887 E libc    : Access denied finding property "ro.hardware.fp.fod"
06-19 02:28:11.797   887   887 E libc    : Access denied finding property "ro.hardware.fp.sideCap"
06-19 02:28:11.812   887   887 E libc    : Access denied finding property "ro.hardware.fp.fod"
06-19 02:28:11.812   887   887 E libc    : Access denied finding property "ro.hardware.fp.sideCap"
06-19 02:28:11.828   887   887 E libc    : Access denied finding property "ro.hardware.fp.fod"
06-19 02:28:11.828   887   887 E libc    : Access denied finding property "ro.hardware.fp.sideCap"
06-19 02:28:11.841  1018  1018 D ForceDarkHelper: updateByCheckExcludeList: pkg: es.udc.DDM.Grupo3DDM activity: com.epicgames.ue4.GameActivity@f89174c
06-19 02:28:11.843  1018  1018 D UE4     : [GameActivity] Vulkan version: 1.1.0
06-19 02:28:11.843  1018  1018 D UE4     : [GameActivity] Vulkan level: 1
06-19 02:28:11.844  1018  1018 D UE4     : [GameActivity] Found DepthBufferPreference = 0
06-19 02:28:11.844  1018  1018 D UE4     : [GameActivity] Found bPackageDataInsideApk = 0
06-19 02:28:11.844  1018  1018 D UE4     : [GameActivity] Found ProjectName = Grupo3DDM
06-19 02:28:11.844  1018  1018 D UE4     : [GameActivity] Found AppType = 
06-19 02:28:11.844  1018  1018 D UE4     : [GameActivity] Found bHasOBBFiles = 0
06-19 02:28:11.844  1018  1018 D UE4     : [GameActivity] Found bVerifyOBBOnStartUp = false
06-19 02:28:11.844  1018  1018 D UE4     : [GameActivity] UI hiding set to true
06-19 02:28:11.844  1018  1018 D UE4     : [GameActivity] BuildConfiguration set to Development
06-19 02:28:11.844  1018  1018 D UE4     : [GameActivity] UseExternalFilesDir set to false
06-19 02:28:11.844  1018  1018 D UE4     : [GameActivity] PublicLogFiles set to false
06-19 02:28:11.844  1018  1018 D UE4     : [GameActivity] AllowIMU set to true
06-19 02:28:11.844  1018  1018 D UE4     : [GameActivity] SupportsVulkan set to false
06-19 02:28:11.845  1018  1018 D UE4     : [GameActivity] No Oculus Mobile mode detected.
06-19 02:28:11.845   887   887 E libc    : Access denied finding property "ro.hardware.fp.fod"
06-19 02:28:11.845   887   887 E libc    : Access denied finding property "ro.hardware.fp.sideCap"
06-19 02:28:11.846  1018  1018 D UE4     : [GameActivity] Using commandline from: /storage/emulated/0/UE4Game/Grupo3DDM/UE4CommandLine.txt
06-19 02:28:11.846  1018  1018 D UE4     : [GameActivity] Parsing commandline: ../../../Grupo3DDM/Grupo3DDM.uproject  /Game/2DSideScrollerBP/Maps/2DSideScrollerExampleMap_Dom_Test -Messaging -SessionId=A3452A214DCD56BA8984E5952D75D297 -SessionOwner="Dominik" -SessionName="Launch On Device" -iterative
06-19 02:28:11.847  1018  1018 I AdrenoGLES: QUALCOMM build                   : e541a88, I20154638fb
06-19 02:28:11.847  1018  1018 I AdrenoGLES: Build Date                       : 09/15/20
06-19 02:28:11.847  1018  1018 I AdrenoGLES: OpenGL ES Shader Compiler Version: EV031.27.05.01
06-19 02:28:11.847  1018  1018 I AdrenoGLES: Local Branch                     : 
06-19 02:28:11.847  1018  1018 I AdrenoGLES: Remote Branch                    : refs/tags/AU_LINUX_ANDROID_LA.UM.8.3.R1.10.00.00.520.058
06-19 02:28:11.847  1018  1018 I AdrenoGLES: Remote Branch                    : NONE
06-19 02:28:11.847  1018  1018 I AdrenoGLES: Reconstruct Branch               : NOTHING
06-19 02:28:11.847  1018  1018 I AdrenoGLES: Build Config                     : S P 8.0.11 AArch64
06-19 02:28:11.849  1018  1018 I AdrenoGLES: PFP: 0x016ee187, ME: 0x00000000
06-19 02:28:11.851  1018  1018 W AdrenoUtils: <ReadGpuID_from_sysfs:194>: Failed to open /sys/class/kgsl/kgsl-3d0/gpu_model
06-19 02:28:11.851  1018  1018 W AdrenoUtils: <ReadGpuID:218>: Failed to read chip ID from gpu_model. Fallback to use the GSL path
06-19 02:28:11.861  1018  1018 D UE4     : [GameActivity] Hardware: Qualcomm Technologies, Inc SDM845
06-19 02:28:11.861  1018  1018 D UE4     : [GameActivity] ro.hardware: qcom
06-19 02:28:11.862  1018  1018 D UE4     : [GameActivity] Memory: 5631 MB
06-19 02:28:11.862   887   887 E libc    : Access denied finding property "ro.hardware.fp.fod"
06-19 02:28:11.862   887   887 E libc    : Access denied finding property "ro.hardware.fp.sideCap"
06-19 02:28:11.864  1018  1018 D UE4     : [GameActivity] UseAffinity: false
06-19 02:28:11.864  1018  1018 D UE4     : [GameActivity] BigCoreMask: 0xffff
06-19 02:28:11.864  1018  1018 D UE4     : [GameActivity] LittleCoreMask: 0x0
06-19 02:28:11.865  1018  1018 D UE4     : [GameActivity] APK path: /data/app/es.udc.DDM.Grupo3DDM-6nec3ZuYbEik2L8q-OB9-A==/base.apk
06-19 02:28:11.865  1018  1018 D UE4     : [GameActivity] OBB in APK: false
06-19 02:28:11.866  1018  1018 D UE4     : InternalFilePath found as '/data/user/0/es.udc.DDM.Grupo3DDM/files'
06-19 02:28:11.866  1018  1018 D UE4     : ExternalFilePath found as '/storage/emulated/0/Android/data/es.udc.DDM.Grupo3DDM/files'
06-19 02:28:11.866  1018  1018 D UE4     : App is running in Landscape
06-19 02:28:11.866  1018  1018 D UE4     : [GameActivity] Android version is 10
06-19 02:28:11.866  1018  1018 D UE4     : [GameActivity] Android manufacturer is Xiaomi
06-19 02:28:11.866  1018  1018 D UE4     : [GameActivity] Android model is POCOPHONE F1
06-19 02:28:11.866  1018  1018 D UE4     : [GameActivity] Android build number is QKQ1.190828.002 test-keys
06-19 02:28:11.866  1018  1018 D UE4     : [GameActivity] OS language is set to es_ES
06-19 02:28:11.866  1018  1018 D UE4     : [GameActivity] Debugger attached is false
06-19 02:28:11.867  1018  1018 D ForceDarkHelper: updateByCheckExcludeList: pkg: es.udc.DDM.Grupo3DDM activity: com.epicgames.ue4.GameActivity@f89174c
06-19 02:28:11.878   887   887 E libc    : Access denied finding property "ro.hardware.fp.fod"
06-19 02:28:11.878   887   887 E libc    : Access denied finding property "ro.hardware.fp.sideCap"
06-19 02:28:11.882  1018  1067 V UE4     : [NetworkChangedManager] Connectivity hasn't changed. Current state: CONNECTION_AVAILABLE
06-19 02:28:11.882  1018  1067 V UE4     : [NetworkChangedManager] Full network check complete. State: CONNECTION_AVAILABLE
06-19 02:28:11.885  1018  1018 D ForceDarkHelper: updateByCheckExcludeList: pkg: es.udc.DDM.Grupo3DDM activity: com.epicgames.ue4.GameActivity@f89174c
06-19 02:28:11.893  1018  1018 I chatty  : uid=10479(es.udc.DDM.Grupo3DDM) identical 1 line
06-19 02:28:11.894  1018  1018 D ForceDarkHelper: updateByCheckExcludeList: pkg: es.udc.DDM.Grupo3DDM activity: com.epicgames.ue4.GameActivity@f89174c
06-19 02:28:11.895   887   887 E libc    : Access denied finding property "ro.hardware.fp.fod"
06-19 02:28:11.895   887   887 E libc    : Access denied finding property "ro.hardware.fp.sideCap"
06-19 02:28:11.897  1018  1018 D ForceDarkHelper: updateByCheckExcludeList: pkg: es.udc.DDM.Grupo3DDM activity: com.epicgames.ue4.GameActivity@f89174c
06-19 02:28:11.898  1018  1018 I chatty  : uid=10479(es.udc.DDM.Grupo3DDM) identical 2 lines
06-19 02:28:11.900  1018  1018 D ForceDarkHelper: updateByCheckExcludeList: pkg: es.udc.DDM.Grupo3DDM activity: com.epicgames.ue4.GameActivity@f89174c
06-19 02:28:11.912   887   887 E libc    : Access denied finding property "ro.hardware.fp.fod"
06-19 02:28:11.912   887   887 E libc    : Access denied finding property "ro.hardware.fp.sideCap"
06-19 02:28:11.926  1018  1018 W PopupManager: You have not specified a View to use as content view for popups. Falling back to the Activity content view. Note that this may not work as expected in multi-screen environments
06-19 02:28:11.928  1018  1018 D UE4     : [GameActivity] googleClient is valid
06-19 02:28:11.928  1018  1018 D UE4     : [GameActivity] ==============> GameActive.onCreate complete!
06-19 02:28:11.928   887   887 E libc    : Access denied finding property "ro.hardware.fp.fod"
06-19 02:28:11.928   887   887 E libc    : Access denied finding property "ro.hardware.fp.sideCap"
06-19 02:28:11.931  1018  1018 D UE4     : [GameActivity] Creating console command broadcast listener
06-19 02:28:11.931  1018  1119 D UE4     : LogAndroidEvents::EnqueueAppEvent : 9, [width=-1, height=-1], tid = 1119, APP_EVENT_STATE_ON_START
06-19 02:28:11.932  1018  1018 D UE4     : [GameActivity] ==================================> Inside onStart function in GameActivity
06-19 02:28:11.932  1018  1018 V UE4     : [GameApp] App in foreground
06-19 02:28:11.934  1018  1119 D UE4     : Case APP_CMD_RESUME
06-19 02:28:11.934  1018  1018 D UE4     : [GameActivity] === Restoring Transparent Bars ===
06-19 02:28:11.934  1018  1119 D UE4     : LogAndroidEvents::EnqueueAppEvent : 7, [width=-1, height=-1], tid = 1119, APP_EVENT_STATE_ON_RESUME
06-19 02:28:11.934  1018  1018 D UE4     : [GameActivity] ==============> [JAVA] AndroidThunkJava_KeepScreenOn(false) - Enabled screen saver
06-19 02:28:11.934  1018  1018 D UE4     : [GameActivity] ==============> [JAVA] AndroidThunkJava_DisableScreenCapture(false) - Enabled screen captures
06-19 02:28:11.934  1018  1018 D UE4     : [GameActivity] Registering sensor listeners
06-19 02:28:11.935  2104  3444 I SensorService: check list, getPackageName  com.epicgames.ue4.GameActivity
06-19 02:28:11.935   784   784 I sensors-hal: batch:180, android.sensor.accelerometer/50, period=20000000, max_latency=0
06-19 02:28:11.936   784   784 I sensors-hal: batch:189, android.sensor.accelerometer/50, period=20000000, max_latency=0 request completed
06-19 02:28:11.936   784   784 I sensors-hal: activate:147, android.sensor.accelerometer/50 en=1
06-19 02:28:11.936   784   784 I sensors-hal: get_qmi_debug_flag:230, support_qmi_debug : false
06-19 02:28:11.939   784   784 I sensors-hal: activate:158, android.sensor.accelerometer/50 en=1 completed
06-19 02:28:11.940   784   784 I sensors-hal: batch:180, android.sensor.magnetic_field/26, period=20000000, max_latency=0
06-19 02:28:11.940   784   784 I sensors-hal: batch:189, android.sensor.magnetic_field/26, period=20000000, max_latency=0 request completed
06-19 02:28:11.940   784   784 I sensors-hal: activate:147, android.sensor.magnetic_field/26 en=1
06-19 02:28:11.940   784   784 I sensors-hal: get_qmi_debug_flag:230, support_qmi_debug : false
06-19 02:28:11.945   887   887 E libc    : Access denied finding property "ro.hardware.fp.fod"
06-19 02:28:11.945   887   887 E libc    : Access denied finding property "ro.hardware.fp.sideCap"
06-19 02:28:11.947   784   784 I sensors-hal: get_qmi_debug_flag:230, support_qmi_debug : false
06-19 02:28:11.958   784   784 I sensors-hal: activate:274, mag_filter is disabled
06-19 02:28:11.958   784   784 I sensors-hal: activate:158, android.sensor.magnetic_field/26 en=1 completed
06-19 02:28:11.959   784   784 I sensors-hal: batch:180, android.sensor.gyroscope/40, period=20000000, max_latency=0
06-19 02:28:11.959   784   784 I sensors-hal: batch:189, android.sensor.gyroscope/40, period=20000000, max_latency=0 request completed
06-19 02:28:11.959   784   784 I sensors-hal: activate:147, android.sensor.gyroscope/40 en=1
06-19 02:28:11.959   784   784 I sensors-hal: get_qmi_debug_flag:230, support_qmi_debug : false
06-19 02:28:11.962   784   784 I sensors-hal: get_qmi_debug_flag:230, support_qmi_debug : false
06-19 02:28:11.962   887   887 E libc    : Access denied finding property "ro.hardware.fp.fod"
06-19 02:28:11.962   887   887 E libc    : Access denied finding property "ro.hardware.fp.sideCap"
06-19 02:28:11.965   784   784 I sensors-hal: activate:158, android.sensor.gyroscope/40 en=1 completed
06-19 02:28:11.965  1018  1018 D UE4     : App is running in Landscape
06-19 02:28:11.965  1018  1018 D UE4     : [GameActivity] === Restoring Transparent Bars ===
06-19 02:28:11.965  1018  1018 D UE4     : [GameActivity] ==============> Resuming main init
06-19 02:28:11.973   572   572 E SELinux : avc:  denied  { find } for interface=vendor.qti.hardware.servicetracker::IServicetracker sid=u:r:system_server:s0 pid=2104 scontext=u:r:system_server:s0 tcontext=u:object_r:default_android_hwservice:s0 tclass=hwservice_manager permissive=0
06-19 02:28:11.975  1018  1110 D UE4     : APK Commandline: ../../../Grupo3DDM/Grupo3DDM.uproject  /Game/2DSideScrollerBP/Maps/2DSideScrollerExampleMap_Dom_Test -Messaging -SessionId=A3452A214DCD56BA8984E5952D75D297 -SessionOwner="Dominik" -SessionName="Launch On Device" -iterative
06-19 02:28:11.975  1018  1110 D UE4     : Override Commandline: ../../../Grupo3DDM/Grupo3DDM.uproject  /Game/2DSideScrollerBP/Maps/2DSideScrollerExampleMap_Dom_Test -Messaging -SessionId=A3452A214DCD56BA8984E5952D75D297 -SessionOwner="Dominik" -SessionName="Launch On Device" -iterative
06-19 02:28:11.975  1018  1110 D UE4     : Final commandline: ../../../Grupo3DDM/Grupo3DDM.uproject  /Game/2DSideScrollerBP/Maps/2DSideScrollerExampleMap_Dom_Test -Messaging -SessionId=A3452A214DCD56BA8984E5952D75D297 -SessionOwner="Dominik" -SessionName="Launch On Device" -iterative
06-19 02:28:11.975  1018  1110 D UE4     : Created sync event
06-19 02:28:11.975   572   572 E SELinux : avc:  denied  { find } for interface=vendor.qti.hardware.servicetracker::IServicetracker sid=u:r:system_server:s0 pid=2104 scontext=u:r:system_server:s0 tcontext=u:object_r:default_android_hwservice:s0 tclass=hwservice_manager permissive=0
06-19 02:28:11.976  1018  1018 D UE4     : [GameActivity] ==============> GameActive.onResume complete!
06-19 02:28:11.979   887   887 E libc    : Access denied finding property "ro.hardware.fp.fod"
06-19 02:28:11.979   887   887 E libc    : Access denied finding property "ro.hardware.fp.sideCap"
06-19 02:28:11.984  1018  1018 W Looper  : Slow Looper main: Activity es.udc.DDM.Grupo3DDM/com.epicgames.ue4.GameActivity is 812ms late (wall=0ms running=0ms ClientTransaction{ callbacks=[android.app.servertransaction.TopResumedActivityChangeItem] }) because of 4 msg, msg 4 took 809ms (seq=9 running=421ms runnable=10ms io=9ms late=2ms h=android.app.ActivityThread$H w=159)
06-19 02:28:11.992   887   979 W ServiceManager: Permission failure: android.permission.ACCESS_SURFACE_FLINGER from uid=10479 pid=1018
06-19 02:28:11.992   887   979 D PermissionCache: checking android.permission.ACCESS_SURFACE_FLINGER for uid=10479 => denied (200 us)
06-19 02:28:11.993  1018  1069 I AdrenoGLES: QUALCOMM build                   : e541a88, I20154638fb
06-19 02:28:11.993  1018  1069 I AdrenoGLES: Build Date                       : 09/15/20
06-19 02:28:11.993  1018  1069 I AdrenoGLES: OpenGL ES Shader Compiler Version: EV031.27.05.01
06-19 02:28:11.993  1018  1069 I AdrenoGLES: Local Branch                     : 
06-19 02:28:11.993  1018  1069 I AdrenoGLES: Remote Branch                    : refs/tags/AU_LINUX_ANDROID_LA.UM.8.3.R1.10.00.00.520.058
06-19 02:28:11.993  1018  1069 I AdrenoGLES: Remote Branch                    : NONE
06-19 02:28:11.993  1018  1069 I AdrenoGLES: Reconstruct Branch               : NOTHING
06-19 02:28:11.993  1018  1069 I AdrenoGLES: Build Config                     : S P 8.0.11 AArch64
06-19 02:28:11.997  1018  1069 I AdrenoGLES: PFP: 0x016ee187, ME: 0x00000000
06-19 02:28:11.997   887   887 E libc    : Access denied finding property "ro.hardware.fp.fod"
06-19 02:28:11.997   887   887 E libc    : Access denied finding property "ro.hardware.fp.sideCap"
06-19 02:28:12.009   572   572 I hwservicemanager: getTransport: Cannot find entry android.hardware.graphics.mapper@3.0::IMapper/default in either framework or device manifest.
06-19 02:28:12.009  1018  1069 W Gralloc3: mapper 3.x is not supported
06-19 02:28:12.014   887   887 E libc    : Access denied finding property "ro.hardware.fp.fod"
06-19 02:28:12.014   887   887 E libc    : Access denied finding property "ro.hardware.fp.sideCap"
06-19 02:28:12.031   887   887 E libc    : Access denied finding property "ro.hardware.fp.fod"
06-19 02:28:12.031   887   887 E libc    : Access denied finding property "ro.hardware.fp.sideCap"
06-19 02:28:12.034  1018  1018 D SurfaceView: UPDATE null, mIsCastMode = false
06-19 02:28:12.037  1018  1119 D UE4     : Case APP_CMD_INIT_WINDOW
06-19 02:28:12.037  1018  1119 D UE4     : LogAndroidEvents::EnqueueAppEvent : 0, [width=2157, height=1080], tid = 1119, APP_EVENT_STATE_WINDOW_CREATED
06-19 02:28:12.048   887   887 E libc    : Access denied finding property "ro.hardware.fp.fod"
06-19 02:28:12.048   887   887 E libc    : Access denied finding property "ro.hardware.fp.sideCap"
06-19 02:28:12.050  1018  1018 D UE4     : [GameActivity] === Thermal status changed to -2147483648
06-19 02:28:12.055  1018  1119 D UE4     : LogAndroidEvents::EnqueueAppEvent : 11, [width=-1, height=-1], tid = 1119, APP_EVENT_STATE_WINDOW_GAINED_FOCUS
06-19 02:28:12.055  1018  1119 D UE4     : LogAndroidEvents::EnqueueAppEvent : 14, [width=-1, height=-1], tid = 1119, APP_EVENT_STATE_APP_ACTIVATED
06-19 02:28:12.055  1018  1119 D UE4     : LogAndroidEvents::EnqueueAppEvent : 15, [width=-1, height=-1], tid = 1119, APP_EVENT_RUN_CALLBACK
06-19 02:28:12.058  1018  1018 D UE4     : [GameActivity] === Restoring Transparent Bars due to Visibility Change ===
06-19 02:28:12.058  1018  1018 D UE4     : [GameActivity] === Restoring Transparent Bars ===
06-19 02:28:12.058   572   572 E SELinux : avc:  denied  { find } for interface=vendor.qti.hardware.servicetracker::IServicetracker sid=u:r:system_server:s0 pid=2104 scontext=u:r:system_server:s0 tcontext=u:object_r:default_android_hwservice:s0 tclass=hwservice_manager permissive=0
06-19 02:28:12.064  2104  3199 I Timeline: Timeline: Activity_windows_visible id: ActivityRecord{bc80e8f u0 es.udc.DDM.Grupo3DDM/com.epicgames.ue4.GameActivity t46} time:27041054
06-19 02:28:12.059   572   572 I chatty  : uid=1000(system) hwservicemanage identical 1 line
06-19 02:28:12.061   572   572 E SELinux : avc:  denied  { find } for interface=vendor.qti.hardware.servicetracker::IServicetracker sid=u:r:system_server:s0 pid=2104 scontext=u:r:system_server:s0 tcontext=u:object_r:default_android_hwservice:s0 tclass=hwservice_manager permissive=0
06-19 02:28:12.064   887   887 E libc    : Access denied finding property "ro.hardware.fp.fod"
06-19 02:28:12.064   887   887 E libc    : Access denied finding property "ro.hardware.fp.sideCap"
06-19 02:28:12.065  2104  2140 I ActivityTaskManager: Displayed es.udc.DDM.Grupo3DDM/com.epicgames.ue4.GameActivity: +1s413ms
06-19 02:28:12.067   572   572 E SELinux : avc:  denied  { find } for interface=vendor.qti.hardware.servicetracker::IServicetracker sid=u:r:system_server:s0 pid=2104 scontext=u:r:system_server:s0 tcontext=u:object_r:default_android_hwservice:s0 tclass=hwservice_manager permissive=0
06-19 02:28:12.071   572   572 I chatty  : uid=1000(system) hwservicemanage identical 3 lines
06-19 02:28:12.080   572   572 E SELinux : avc:  denied  { find } for interface=vendor.qti.hardware.servicetracker::IServicetracker sid=u:r:system_server:s0 pid=2104 scontext=u:r:system_server:s0 tcontext=u:object_r:default_android_hwservice:s0 tclass=hwservice_manager permissive=0
06-19 02:28:12.081  2104  2823 D ActivityTrigger: ActivityTrigger activityStopTrigger 
06-19 02:28:12.082   887   887 E libc    : Access denied finding property "ro.hardware.fp.fod"
06-19 02:28:12.082   887   887 E libc    : Access denied finding property "ro.hardware.fp.sideCap"
06-19 02:28:12.083   572   572 E SELinux : avc:  denied  { find } for interface=vendor.qti.hardware.servicetracker::IServicetracker sid=u:r:system_server:s0 pid=2104 scontext=u:r:system_server:s0 tcontext=u:object_r:default_android_hwservice:s0 tclass=hwservice_manager permissive=0
06-19 02:28:12.084  2328  2328 D EventBus: [2328, u0] send(AppTransitionFinishedEvent)
06-19 02:28:12.084  2328  2328 D EventBus: [2328, u0]  -> ForcedResizableInfoActivityController [0xd8af784, P1] onBusEvent(AppTransitionFinishedEvent)
06-19 02:28:12.084  2328  2328 D EventBus: [2328, u0] onBusEvent(AppTransitionFinishedEvent) duration: 12 microseconds, avg: 173
06-19 02:28:12.088   572   572 E SELinux : avc:  denied  { find } for interface=vendor.qti.hardware.servicetracker::IServicetracker sid=u:r:system_server:s0 pid=2104 scontext=u:r:system_server:s0 tcontext=u:object_r:default_android_hwservice:s0 tclass=hwservice_manager permissive=0
06-19 02:28:12.089 26378 26378 E adbd    : failed to connect to socket 'tcp:6666': Connection refused
06-19 02:28:12.093  2104  2264 I MiuiNetworkPolicy: updateUidState uid = 10034, uidState = 15
06-19 02:28:12.094  2104  2264 I MiuiNetworkPolicy: updateWmmForUidState uid: 10034 state: 15 wmm: 0
06-19 02:28:12.095   572   572 E SELinux : avc:  denied  { find } for interface=vendor.qti.hardware.servicetracker::IServicetracker sid=u:r:system_server:s0 pid=2104 scontext=u:r:system_server:s0 tcontext=u:object_r:default_android_hwservice:s0 tclass=hwservice_manager permissive=0
06-19 02:28:12.096  2104  3199 D CompatibilityInfo: mCompatibilityFlags - 0
06-19 02:28:12.097  2104  3199 D CompatibilityInfo: applicationDensity - 440
06-19 02:28:12.097  2104  3199 D CompatibilityInfo: applicationScale - 1.0
06-19 02:28:12.097   572   572 E SELinux : avc:  denied  { find } for interface=vendor.qti.hardware.servicetracker::IServicetracker sid=u:r:system_server:s0 pid=2104 scontext=u:r:system_server:s0 tcontext=u:object_r:default_android_hwservice:s0 tclass=hwservice_manager permissive=0
06-19 02:28:12.097  1289  1525 D OemNetd : updateWmm: uid=10034, wmm=0
06-19 02:28:12.098  2104  2264 I MiuiNetworkPolicy: updateMLUid uid:10034,old:2,new:15
06-19 02:28:12.098  2104  2264 I MiuiNetworkPolicy: isMLEnabled state:2,uid:10034,connect:DISCONNECTED
06-19 02:28:12.098  2104  2264 I MiuiNetworkPolicy: isMLEnabled state:15,uid:10034,connect:DISCONNECTED
06-19 02:28:12.098  2104  2264 I MiuiNetworkPolicy: updateUidState uid = 10023, uidState = 6
06-19 02:28:12.098  2104  2264 I MiuiNetworkPolicy: updateWmmForUidState uid: 10023 state: 6 wmm: 0
06-19 02:28:12.099  1289  1525 D OemNetd : updateWmm: uid=10023, wmm=0
06-19 02:28:12.099   887   887 E libc    : Access denied finding property "ro.hardware.fp.fod"
06-19 02:28:12.099   887   887 E libc    : Access denied finding property "ro.hardware.fp.sideCap"
06-19 02:28:12.099  2104  2264 I MiuiNetworkPolicy: updateMLUid uid:10023,old:2,new:6
06-19 02:28:12.099  2104  2264 I MiuiNetworkPolicy: isMLEnabled state:2,uid:10023,connect:DISCONNECTED
06-19 02:28:12.100  2104  2264 I MiuiNetworkPolicy: isMLEnabled state:6,uid:10023,connect:DISCONNECTED
06-19 02:28:12.102  2104  2264 I MiuiNetworkPolicy: updateUidState uid = 10119, uidState = 11
06-19 02:28:12.102  2104  2264 I MiuiNetworkPolicy: updateMLUid uid:10119,old:20,new:11
06-19 02:28:12.102  2104  2264 I MiuiNetworkPolicy: isMLEnabled state:20,uid:10119,connect:DISCONNECTED
06-19 02:28:12.102  2104  2264 I MiuiNetworkPolicy: isMLEnabled state:11,uid:10119,connect:DISCONNECTED
06-19 02:28:12.106   572   572 E SELinux : avc:  denied  { find } for interface=vendor.qti.hardware.servicetracker::IServicetracker sid=u:r:system_server:s0 pid=2104 scontext=u:r:system_server:s0 tcontext=u:object_r:default_android_hwservice:s0 tclass=hwservice_manager permissive=0
06-19 02:28:12.108  2104  2264 I MiuiNetworkPolicy: updateUidState uid = 10119, uidState = 15
06-19 02:28:12.108  2104  2264 I MiuiNetworkPolicy: updateMLUid uid:10119,old:11,new:15
06-19 02:28:12.108  2104  2264 I MiuiNetworkPolicy: isMLEnabled state:11,uid:10119,connect:DISCONNECTED
06-19 02:28:12.108  2104  2264 I MiuiNetworkPolicy: isMLEnabled state:15,uid:10119,connect:DISCONNECTED
06-19 02:28:12.112   572   572 E SELinux : avc:  denied  { find } for interface=vendor.qti.hardware.servicetracker::IServicetracker sid=u:r:system_server:s0 pid=2104 scontext=u:r:system_server:s0 tcontext=u:object_r:default_android_hwservice:s0 tclass=hwservice_manager permissive=0
06-19 02:28:12.114   572   572 E SELinux : avc:  denied  { find } for interface=vendor.qti.hardware.servicetracker::IServicetracker sid=u:r:system_server:s0 pid=2104 scontext=u:r:system_server:s0 tcontext=u:object_r:default_android_hwservice:s0 tclass=hwservice_manager permissive=0
06-19 02:28:12.114   887   887 E libc    : Access denied finding property "ro.hardware.fp.fod"
06-19 02:28:12.114   887   887 E libc    : Access denied finding property "ro.hardware.fp.sideCap"
06-19 02:28:12.114   572   572 E SELinux : avc:  denied  { find } for interface=vendor.qti.hardware.servicetracker::IServicetracker sid=u:r:system_server:s0 pid=2104 scontext=u:r:system_server:s0 tcontext=u:object_r:default_android_hwservice:s0 tclass=hwservice_manager permissive=0
06-19 02:28:12.117  2104  2264 I MiuiNetworkPolicy: updateUidState uid = 10119, uidState = 11
06-19 02:28:12.117  2104  2264 I MiuiNetworkPolicy: updateMLUid uid:10119,old:15,new:11
06-19 02:28:12.117  2104  2264 I MiuiNetworkPolicy: isMLEnabled state:15,uid:10119,connect:DISCONNECTED
06-19 02:28:12.117  2104  2264 I MiuiNetworkPolicy: isMLEnabled state:11,uid:10119,connect:DISCONNECTED
06-19 02:28:12.118  2104  2264 I MiuiNetworkPolicy: updateUidState uid = 10119, uidState = 20
06-19 02:28:12.118  2104  2264 I MiuiNetworkPolicy: updateMLUid uid:10119,old:11,new:20
06-19 02:28:12.118  2104  2264 I MiuiNetworkPolicy: isMLEnabled state:11,uid:10119,connect:DISCONNECTED
06-19 02:28:12.118  2104  2264 I MiuiNetworkPolicy: isMLEnabled state:20,uid:10119,connect:DISCONNECTED
06-19 02:28:12.132   887   887 E libc    : Access denied finding property "ro.hardware.fp.fod"
06-19 02:28:12.132   887   887 E libc    : Access denied finding property "ro.hardware.fp.sideCap"
06-19 02:28:12.148   887   887 E libc    : Access denied finding property "ro.hardware.fp.fod"
06-19 02:28:12.148   887   887 E libc    : Access denied finding property "ro.hardware.fp.sideCap"
06-19 02:28:12.154  1018  1110 D UE4     : EGL Extensions: 
