06-19 18:19:42.449 14953 15392 I chatty  : uid=1000(system) TaskSnapshotPer expire 20 lines
06-19 18:19:42.450 14953 16241 D ORMS_CORE: Set scene action identity: com.android.server.wm scene: , action: ORMS_ACTION_ACTIVITY_START, timeout: 500, handle: 166537148078920526
06-19 18:19:42.451 14953 15339 D ORMS_CORE: FinalSceneAction scene:1000 action:2 prio:400 start:1670388644 timeout:500 timeout_left:500
06-19 18:19:42.451 14953 15339 D ORMS_Platform : OplusBasePlatformQcSysFs: reset ,mask .
06-19 18:19:42.451 14953 15339 D ORMS_HISTORY: setSoCLimit sa
06-19 18:19:42.451 14953 15339 D ORMS_CORE: TCpuL:1 TGpuL:-1 TCtrlL:1 TModeOn:0 IdleS:0 PowerMode:NORMAL_MODE BenchMark:0 HaveCtrlD:0
06-19 18:19:42.451 14953 15339 D ORMS_CORE: saConfig:,SAResult Info{minCore=[6, 2, 1]minFreq=[1804800, 2323200, -1]maxCore=[-1, -1, -1]maxFreq=[-1, -1, -1], ddr=-1, lpm=0, sb=2, prio=400, fpsgo=-1, migrate= migfrate: , mask=100, clkscale=-1, schedPreferSpread=-1, colocate=-1, slb=-1, nice=0, extActId=-1, extTime=-1}
06-19 18:19:42.451 14953 15339 D ORMS_CORE: request mDecision:SAResult Info{ minCpuCore: 6 2 ,  minCpuFreq: 1804800 2323200 ,  maxCpuCore: -1 -1 ,  maxCpuFreq: -1 -1 ,  minGpuCore: 1 ,  minGpuFreq: -1 ,  maxGpuCore: -1 ,  maxGpuFreq: -1 , Lpm=0, clkscale=-1, schedPreferSpread=-1, colocate=-1, slb=-1, fpsgo=-1, schedBoost=2, ddrFreq=-1, migrate= migfrate: -1 -1 }
06-19 18:19:42.451 14953 16241 I ActivityTaskManager: START u0 {flg=0x10000 cmp=es.udc.DDM.Grupo3DDM/com.epicgames.ue4.GameActivity (has extras) mCallingUid=10455} from uid 10455 and from pid 10079
06-19 18:19:42.452 14953 15339 D ORMS_Platform : OplusBasePlatformQcSysFs: perflockAcquireEnd ,mask : 0xd07ec628
06-19 18:19:42.452 14953 16241 V ActivityTaskManager: Calling mServicetracker.OnActivityStateChange with flag falsestateINITIALIZING
06-19 18:19:42.453 14953 16241 V ActivityTaskManager: Calling mServicetracker.OnActivityStateChange with flag truestateINITIALIZING
06-19 18:19:42.460  1111  1196 E ANDR-PERF-OPTSHANDLER: Perflock resource /sys/class/devfreq/soc:qcom,cpubw/bw_hwmon/io_percent not supported
06-19 18:19:42.460  1111  1196 E ANDR-PERF-RESOURCEQS: Failed to apply optimization [6, 2]
06-19 18:19:42.461  1111  1196 E ANDR-PERF-OPTSHANDLER: Perflock resource /sys/class/devfreq/soc:qcom,cpubw/bw_hwmon/sample_ms not supported
06-19 18:19:42.462  1111  1196 E ANDR-PERF-RESOURCEQS: Failed to apply optimization [6, 8]
06-19 18:19:42.462  1111  1196 E ANDR-PERF-OPTSHANDLER: Perflock resource /sys/class/devfreq/soc:qcom,cpubw/min_freq not supported
06-19 18:19:42.462  1111  1196 E ANDR-PERF-RESOURCEQS: Failed to apply optimization [6, 0]
06-19 18:19:42.470  1079  8764 D vendor.qti.bluetooth@1.0-wake_lock: Release wakelock is released 
06-19 18:19:42.470 14953 16241 D ColorZoomWindowRUSConfigManager: isSupportZoomModeWithPolicyLocked: target = es.udc.DDM.Grupo3DDM/com.epicgames.ue4.GameActivity
06-19 18:19:42.470 14953 16241 D ColorZoomWindowRUSConfigManager: targetPkg = es.udc.DDM.Grupo3DDM
06-19 18:19:42.470 14953 16241 V ColorZoomWindowManagerService: unSupportZoom: false ,callingPid: 10079 ,sourceStack: Task{2b3fa37 #11470 visible=true type=standard mode=fullscreen translucent=false A=10455:es.udc.DDM.Grupo3DDM U=0 StackId=11470 sz=2}
06-19 18:19:42.470  1146  1811 I chatty  : uid=1000(system) DispPerfHandler expire 1 line
06-19 18:19:42.470  1111  1111 I ANDR-PERF-LM: LMPerfGlue: perfmodule_submit_request() 132: perfmodule_submit_request()
06-19 18:19:42.470  1111  1111 I ANDR-PERF-LM: Core: getInstance() 84: LM getInstance
06-19 18:19:42.470  1111  1111 I ANDR-PERF-LM: WQ: push() 59: LMTriggerQ push() size=0
06-19 18:19:42.470  1111  1111 I ANDR-PERF-LM: WQ: push() 61: LMTriggerQ push() done size=1
06-19 18:19:42.471  1111  1197 I ANDR-PERF-LM: WQ: pop() 42: LMTriggerQ pop() done size=0
06-19 18:19:42.471 14953 16241 D OplusDisplayCompatUtils: es.udc.DDM.Grupo3DDM, maxAspectRatio: 2100000.0 >>> 0.0
06-19 18:19:42.471  1111  1197 I ANDR-PERF-LM: Core: lmMain() 381: Calling runAsync for PreKill
06-19 18:19:42.471  1111  1197 I ANDR-PERF-LM: Core: lmMain() 391: runAsync for PreKill returned
06-19 18:19:42.471  1111  1197 I ANDR-PERF-LM: Core: lmMain() 381: Calling runAsync for AdaptLaunch
06-19 18:19:42.471  1111  1197 I ANDR-PERF-LM: Core: lmMain() 391: runAsync for AdaptLaunch returned
06-19 18:19:42.471  1111  1197 I ANDR-PERF-LM: Core: lmMain() 373: Waiting on trigger Queue
06-19 18:19:42.471  1111  1197 I ANDR-PERF-LM: WQ: pop() 31: LMTriggerQ pop() size=0
06-19 18:19:42.473 14953 16241 D ColorZoomWindowRUSConfigManager: isSupportZoomModeWithPolicyLocked: target = es.udc.DDM.Grupo3DDM/com.epicgames.ue4.GameActivity
06-19 18:19:42.473 14953 16241 D ColorZoomWindowRUSConfigManager: targetPkg = es.udc.DDM.Grupo3DDM
06-19 18:19:42.473 14953 16241 V ColorZoomWindowManagerService: unSupportZoom: false ,callingPid: 10079 ,sourceStack: Task{2b3fa37 #11470 visible=true type=standard mode=fullscreen translucent=false A=10455:es.udc.DDM.Grupo3DDM U=0 StackId=11470 sz=3}
06-19 18:19:42.474 14953 16241 V ActivityTaskManager: Calling mServicetracker.OnActivityStateChange with flag truestateRESUMED
06-19 18:19:42.474  1111  1111 I ANDR-PERF-LM: LMPerfGlue: perfmodule_submit_request() 132: perfmodule_submit_request()
06-19 18:19:42.474  1111  1111 I ANDR-PERF-LM: Core: getInstance() 84: LM getInstance
06-19 18:19:42.474  1111  1111 I ANDR-PERF-LM: WQ: push() 59: LMTriggerQ push() size=0
06-19 18:19:42.474  1111  1111 I ANDR-PERF-LM: WQ: push() 61: LMTriggerQ push() done size=1
06-19 18:19:42.474  1111  1197 I ANDR-PERF-LM: WQ: pop() 42: LMTriggerQ pop() done size=0
06-19 18:19:42.474  1111  1197 I ANDR-PERF-LM: Core: lmMain() 381: Calling runAsync for GameOptimization
06-19 18:19:42.474  1111  1197 D ANDR-PERF-LM: Feature: lookup() 101: Feature Name = AppClassifier, total featuers = 4, featureFound = 1
06-19 18:19:42.474 14953 16241 V ActivityTaskManager: Calling mServicetracker.OnActivityStateChange with flag truestatePAUSING
06-19 18:19:42.474  1111  1197 D ANDR-PERF-LM: Feature: getData() 112: data.data = 2
06-19 18:19:42.474  1111  1197 I ANDR-PERF-LM: Core: lmMain() 391: runAsync for GameOptimization returned
06-19 18:19:42.474  1111  1197 I ANDR-PERF-LM: Core: lmMain() 373: Waiting on trigger Queue
06-19 18:19:42.474  1111  1197 I ANDR-PERF-LM: WQ: pop() 31: LMTriggerQ pop() size=0
06-19 18:19:42.474  1111  1111 I ANDR-PERF-LM: LMPerfGlue: perfmodule_submit_request() 132: perfmodule_submit_request()
06-19 18:19:42.474  1111  1111 I ANDR-PERF-LM: Core: getInstance() 84: LM getInstance
06-19 18:19:42.474  1111  1111 I ANDR-PERF-LM: WQ: push() 59: LMTriggerQ push() size=0
06-19 18:19:42.474  1111  1111 I ANDR-PERF-LM: WQ: push() 61: LMTriggerQ push() done size=1
06-19 18:19:42.475 14953 16241 V ActivityTaskManager: Calling mServicetracker.OnActivityStateChange with flag falsestatePAUSING
06-19 18:19:42.475  1111  1197 I ANDR-PERF-LM: WQ: pop() 42: LMTriggerQ pop() done size=0
06-19 18:19:42.475  1111  1197 I ANDR-PERF-LM: Core: lmMain() 381: Calling runAsync for GameOptimization
06-19 18:19:42.475  1111  1197 D ANDR-PERF-LM: Feature: lookup() 101: Feature Name = AppClassifier, total featuers = 4, featureFound = 1
06-19 18:19:42.475  1111  1197 D ANDR-PERF-LM: Feature: getData() 112: data.data = 2
06-19 18:19:42.476  1111  1197 I ANDR-PERF-LM: Core: lmMain() 391: runAsync for GameOptimization returned
06-19 18:19:42.476  1111  1197 I ANDR-PERF-LM: Core: lmMain() 373: Waiting on trigger Queue
06-19 18:19:42.476  1111  1197 I ANDR-PERF-LM: WQ: pop() 31: LMTriggerQ pop() size=0
06-19 18:19:42.479 14953 15019 D OplusKeepAliveManager: TOP_APP is ProcessRecord{f869ae3 10079:es.udc.DDM.Grupo3DDM/u0a455} uid is 10455
06-19 18:19:42.491 14953 18185 V ActivityTaskManager: Calling mServicetracker.OnActivityStateChange with flag truestateDESTROYED
06-19 18:19:42.491 14953 18185 V ActivityTaskManager: Calling mServicetracker.OnActivityStateChange with flag falsestateDESTROYED
06-19 18:19:42.502 14953 15484 V AlarmManager: set(PendingIntent{97d3c4: PendingIntentRecord{c312ad com.coloros.athena startService}}) : type=0 when=1655677482501whenElapsed1670688695maxWhen =1670913695 win=225000 interval=0 flags=0x8 pkg = com.coloros.athena
06-19 18:19:42.505 14953 16236 V ActivityTaskManager: Calling mServicetracker.OnActivityStateChange with flag truestatePAUSED
06-19 18:19:42.505 14953 16236 V ActivityTaskManager: Calling mServicetracker.OnActivityStateChange with flag falsestatePAUSED
06-19 18:19:42.506 14953 16236 V ActivityTaskManager: Calling mServicetracker.OnActivityStateChange with flag truestateSTOPPING
06-19 18:19:42.506 14953 16236 V ActivityTaskManager: Calling mServicetracker.OnActivityStateChange with flag falsestateSTOPPING
06-19 18:19:42.506 14953 16236 V ActivityTaskManager: Calling mServicetracker.OnActivityStateChange with flag truestateRESUMED
06-19 18:19:42.507  1111  1111 I ANDR-PERF-LM: LMPerfGlue: perfmodule_submit_request() 132: perfmodule_submit_request()
06-19 18:19:42.507  1111  1111 I ANDR-PERF-LM: Core: getInstance() 84: LM getInstance
06-19 18:19:42.507  1111  1111 I ANDR-PERF-LM: WQ: push() 59: LMTriggerQ push() size=0
06-19 18:19:42.507  1111  1111 I ANDR-PERF-LM: WQ: push() 61: LMTriggerQ push() done size=1
06-19 18:19:42.507  1111  1197 I ANDR-PERF-LM: WQ: pop() 42: LMTriggerQ pop() done size=0
06-19 18:19:42.507  1111  1197 I ANDR-PERF-LM: Core: lmMain() 381: Calling runAsync for GameOptimization
06-19 18:19:42.507  1111  1197 D ANDR-PERF-LM: Feature: lookup() 101: Feature Name = AppClassifier, total featuers = 4, featureFound = 1
06-19 18:19:42.507 14953 16236 I OppoBaseActivityStack: notifyAppSwitch the same packageName!
06-19 18:19:42.507 14953 16236 I ActivityTaskManager: The Process es.udc.DDM.Grupo3DDM Already Exists in BG. So sending its PID: 10079
06-19 18:19:42.507  1111  1197 D ANDR-PERF-LM: Feature: getData() 112: data.data = 2
06-19 18:19:42.507  1111  1111 I ANDR-PERF-LM: LMPerfGlue: perfmodule_submit_request() 132: perfmodule_submit_request()
06-19 18:19:42.507  1111  1111 I ANDR-PERF-LM: Core: getInstance() 84: LM getInstance
06-19 18:19:42.507  1111  1111 I ANDR-PERF-LM: WQ: push() 59: LMTriggerQ push() size=0
06-19 18:19:42.507  1111  1111 I ANDR-PERF-LM: WQ: push() 61: LMTriggerQ push() done size=1
06-19 18:19:42.508 14953 16236 W ActivityTaskManager: Tried to set launchTime (0) < mLastActivityLaunchTime (762871499)
06-19 18:19:42.508  1111  1197 I ANDR-PERF-LM: Core: lmMain() 391: runAsync for GameOptimization returned
06-19 18:19:42.508  1111  1197 I ANDR-PERF-LM: Core: lmMain() 373: Waiting on trigger Queue
06-19 18:19:42.508  1111  1197 I ANDR-PERF-LM: WQ: pop() 31: LMTriggerQ pop() size=1
06-19 18:19:42.508  1111  1197 I ANDR-PERF-LM: WQ: pop() 42: LMTriggerQ pop() done size=0
06-19 18:19:42.508  1111  1197 I ANDR-PERF-LM: Core: lmMain() 381: Calling runAsync for PreKill
06-19 18:19:42.509  1111  1197 I ANDR-PERF-LM: Core: lmMain() 391: runAsync for PreKill returned
06-19 18:19:42.509  1111  1197 I ANDR-PERF-LM: Core: lmMain() 381: Calling runAsync for AdaptLaunch
06-19 18:19:42.509  1111  1197 I ANDR-PERF-LM: MetaMeter: isValidAsync() 194: AsyncInfo: hintID = 4225
06-19 18:19:42.509  1111  1197 I ANDR-PERF-LM: hintType: 102
06-19 18:19:42.509  1111  1197 I ANDR-PERF-LM: isPrimary = 0
06-19 18:19:42.509  1111  1197 I ANDR-PERF-LM: MetaMeter: isValidAsync() 203: Invalid (hintID,hintType,appName,duration,appPID,appThreadTID) = (4225, 102,es.udc.DDM.Grupo3DDM,10079,14953,16236)
06-19 18:19:42.509  1111  1197 E ANDR-PERF-LM: MetaMeter: handleAsync() 164: AdaptLaunch Invalid Async
06-19 18:19:42.509  1111  1197 I ANDR-PERF-LM: Core: lmMain() 391: runAsync for AdaptLaunch returned
06-19 18:19:42.509  1111  1197 I ANDR-PERF-LM: Core: lmMain() 373: Waiting on trigger Queue
06-19 18:19:42.509  1111  1197 I ANDR-PERF-LM: WQ: pop() 31: LMTriggerQ pop() size=0
06-19 18:19:42.509 14953 16236 V ActivityTaskManager: Calling mServicetracker.OnActivityStateChange with flag truestateRESUMED
06-19 18:19:42.509 14953 16236 V ActivityTaskManager: Calling mServicetracker.OnActivityStateChange with flag falsestateRESUMED
06-19 18:19:42.513 14953 16236 V WindowManager: Changing focus from Window{e255216 u0 es.udc.DDM.Grupo3DDM/com.epicgames.ue4.SplashActivity} to null,diplayid=0
06-19 18:19:42.522 14953 15019 D PowerManagerService: setScreenBrightnessOverrideFromWindowManagerInternal brightness=NaN mScreenBrightnessOverrideFromWindowManager=NaN
06-19 18:19:42.523 23628 23779 E Parcel  : Reading a NULL string not supported here.
06-19 18:19:42.524 14953 15019 I chatty  : uid=1000(system) android.display identical 2 lines
06-19 18:19:42.524 14953 15019 D PowerManagerService: setScreenBrightnessOverrideFromWindowManagerInternal brightness=NaN mScreenBrightnessOverrideFromWindowManager=NaN
06-19 18:19:42.524 14953 15642 D ColorInputMethodManagerServiceEx: onHandleImeWindowVisibleStatus handledVis: 0, switcher visible: 0, switcher active: 0, needsToShowImeSwitcher: false
06-19 18:19:42.525 14953 15642 D ColorInputMethodManagerServiceEx: onHandleImeWindowVisibleStatus handledVis: 0, switcher visible: 0, switcher active: 0, needsToShowImeSwitcher: false
06-19 18:19:42.528 14953 17127 D ORMS_CORE: Set scene action identity: android.app scene: , action: ORMS_ACTION_ACTIVITY_START, timeout: 600, handle: 8289158093172791558
06-19 18:19:42.529 14953 15339 D ORMS_CORE: FinalSceneAction scene:1000 action:2 prio:400 start:1670388644 timeout:500 timeout_left:422
06-19 18:19:42.529 14953 15339 D ORMS_Platform : OplusBasePlatformQcSysFs: reset ,mask .
06-19 18:19:42.529 14953 15339 D ORMS_HISTORY: setSoCLimit sa
06-19 18:19:42.529 14953 15339 D ORMS_CORE: TCpuL:1 TGpuL:-1 TCtrlL:1 TModeOn:0 IdleS:0 PowerMode:NORMAL_MODE BenchMark:0 HaveCtrlD:0
06-19 18:19:42.529 14953 15339 D ORMS_CORE: saConfig:,SAResult Info{minCore=[6, 2, 1]minFreq=[1804800, 2323200, -1]maxCore=[-1, -1, -1]maxFreq=[-1, -1, -1], ddr=-1, lpm=0, sb=2, prio=400, fpsgo=-1, migrate= migfrate: , mask=100, clkscale=-1, schedPreferSpread=-1, colocate=-1, slb=-1, nice=0, extActId=-1, extTime=-1}
06-19 18:19:42.529 14953 15339 D ORMS_CORE: request mDecision:SAResult Info{ minCpuCore: 6 2 ,  minCpuFreq: 1804800 2323200 ,  maxCpuCore: -1 -1 ,  maxCpuFreq: -1 -1 ,  minGpuCore: 1 ,  minGpuFreq: -1 ,  maxGpuCore: -1 ,  maxGpuFreq: -1 , Lpm=0, clkscale=-1, schedPreferSpread=-1, colocate=-1, slb=-1, fpsgo=-1, schedBoost=2, ddrFreq=-1, migrate= migfrate: -1 -1 }
06-19 18:19:42.529 14953 15339 D ORMS_HISTORY: same limit, skip
06-19 18:19:42.530 10079 10408 E libEGL  : Invalid file path for libcolorx-loader.so
06-19 18:19:42.530 14953 15339 D ORMS_Platform : OplusBasePlatformQcSysFs: perflockAcquireEnd ,mask : 0xd07ec628
06-19 18:19:42.531 14806 22086 D audio_hw_primary: adev_get_parameters:get_record_pid
06-19 18:19:42.532 14806 22086 D soundtrigger: audio_extn_sound_trigger_get_parameters input string<get_record_pid=>
06-19 18:19:42.532 14806 22086 D soundtrigger: extract_sm_handle input string <get_record_pid=> param string <get_record_pid=>
06-19 18:19:42.532 14806 22086 D audio_hw_extn: audio_extn_fm_get_parameters: Enter
06-19 18:19:42.532 14806 22086 D audio_hw_extn: audio_extn_get_parameters: returns 
06-19 18:19:42.532 14806 22086 D audio_hw_primary: adev_get_parameters: exit: returns - 
06-19 18:19:42.532 14809 15325 I hash_map_utils: key: 'get_record_pid' value: ''
06-19 18:19:42.533 14806 22086 D audio_hw_primary: adev_get_parameters:get_pid
06-19 18:19:42.533 14806 22086 D soundtrigger: audio_extn_sound_trigger_get_parameters input string<get_pid=>
06-19 18:19:42.533 14806 22086 D soundtrigger: extract_sm_handle input string <get_pid=> param string <get_pid=>
06-19 18:19:42.533 14806 22086 D audio_hw_extn: audio_extn_fm_get_parameters: Enter
06-19 18:19:42.533 14806 22086 D audio_hw_extn: audio_extn_get_parameters: returns 
06-19 18:19:42.533 14806 22086 D audio_hw_primary: adev_get_parameters: exit: returns - 
06-19 18:19:42.533 14809 15325 I hash_map_utils: key: 'get_pid' value: ''
06-19 18:19:42.535  1111  1196 E ANDR-PERF-OPTSHANDLER: Perflock resource /sys/class/devfreq/soc:qcom,cpubw/bw_hwmon/io_percent not supported
06-19 18:19:42.535  1111  1196 E ANDR-PERF-RESOURCEQS: Failed to apply optimization [6, 2]
06-19 18:19:42.535  1111  1196 E ANDR-PERF-OPTSHANDLER: Perflock resource /sys/class/devfreq/soc:qcom,cpubw/bw_hwmon/sample_ms not supported
06-19 18:19:42.535  1111  1196 E ANDR-PERF-RESOURCEQS: Failed to apply optimization [6, 8]
06-19 18:19:42.535  1111  1196 E ANDR-PERF-OPTSHANDLER: Perflock resource /sys/class/devfreq/soc:qcom,cpubw/min_freq not supported
06-19 18:19:42.535  1111  1196 E ANDR-PERF-RESOURCEQS: Failed to apply optimization [6, 0]
06-19 18:19:42.538 16385 19541 W OppoGuardElf: ThermalControllHandler: tempLevel=6,userMode=2,gameUserMode=-1,appType=-1,envTempType=0,appStates=[]
06-19 18:19:42.539 16385 19541 W OppoGuardElf: ThermalControllerCenter: mSafetyState=10000
06-19 18:19:42.548 14953 15020 V ColorZoomWindowManagerService: onAnimationFinished:  r = ActivityRecord{843bbd5 u0 com.google.android.permissioncontroller/com.android.permissioncontroller.permission.ui.GrantPermissionsActivity t11470 f} isExiting}
06-19 18:19:42.548 14953 15020 I OplusMirageDisplayManagerService: onAnimationFinished:
06-19 18:19:42.558 14953 15019 D PowerManagerService: setScreenBrightnessOverrideFromWindowManagerInternal brightness=NaN mScreenBrightnessOverrideFromWindowManager=NaN
06-19 18:19:42.561 16385 19541 W OppoGuardElf: ThermalControllHandler: tempGear=6,configItemName=common_config
06-19 18:19:42.563 16385 17957 W OppoGuardElf: ThermalControllHandler: MSG_THERMAL_CONTROL_CATEGORY_CHANGED
06-19 18:19:42.566 16186 16186 E Launcher.BottomSearchBoxManager: sp.getBoolean = false
06-19 18:19:42.566 16186 16186 E Launcher.BottomSearchBoxManager: sp.getBoolean = false
06-19 18:19:42.572 17248 17263 W debar:edgepane: Reducing the number of considered missed Gc histogram windows from 605 to 100
06-19 18:19:42.574  1079  8779 I vendor.qti.bluetooth@1.0-ibs_handler: ProcessIbsCmd: Received IBS_WAKE_IND: 0xFD
06-19 18:19:42.574  1079  8779 D vendor.qti.bluetooth@1.0-ibs_handler: SerialClockVote: vote for UART CLK ON
06-19 18:19:42.574 17248 17248 D         : onChange() selfChange = false
06-19 18:19:42.574  1079  8779 D vendor.qti.bluetooth@1.0-wake_lock: Acquire wakelock is acquired 
06-19 18:19:42.574  1079  8779 I vendor.qti.bluetooth@1.0-ibs_handler: ProcessIbsCmd: Writing IBS_WAKE_ACK
06-19 18:19:42.575 17248 17248 D Alpha   : Alpha.init() value = 5
06-19 18:19:42.590 23628 23779 E Parcel  : Reading a NULL string not supported here.
06-19 18:19:42.616  1079  8779 I vendor.qti.bluetooth@1.0-ibs_handler: ProcessIbsCmd: Received IBS_SLEEP_IND: 0xFE
06-19 18:19:42.616  1079  8779 D vendor.qti.bluetooth@1.0-ibs_handler: SerialClockVote: vote for UART CLK OFF
06-19 18:19:42.628 23628 23779 E Parcel  : Reading a NULL string not supported here.
06-19 18:19:42.662 16136 16136 E OplusNecManagerHelper: com.oplus.nec.OplusNecManager.notifyOrigSignalStrengthChanged [class android.telephony.SignalStrength, int]
06-19 18:19:42.663 14953 15019 I chatty  : uid=1000(system) android.display identical 5 lines
06-19 18:19:42.670 23628 23779 E Parcel  : Reading a NULL string not supported here.
06-19 18:19:42.674  1146  1146 I chatty  : uid=1000(system) /system/bin/surfaceflinger expire 2 lines
06-19 18:19:42.674  1146  1146 D OppoExLayer: ~Layer() sequence=209743, name=com.google.android.permissioncontroller/com.android.permissioncontroller.permission.ui.GrantPermissionsActivity#0
06-19 18:19:42.681 14953 15019 D PowerManagerService: setScreenBrightnessOverrideFromWindowManagerInternal brightness=NaN mScreenBrightnessOverrideFromWindowManager=NaN
06-19 18:19:42.690  1146  1146 D OppoExLayer: ~Layer() sequence=209756, name=Surface(name=Dim Layer for - Task=11470)/@0xdcabe68 - animation-leash#0
06-19 18:19:42.690  1146  1146 D OppoExLayer: ~Layer() sequence=209748, name=Dim Layer for - Task=11470#0
06-19 18:19:42.696 23628 23779 E Parcel  : Reading a NULL string not supported here.
06-19 18:19:42.702  1079  8779 I vendor.qti.bluetooth@1.0-ibs_handler: ProcessIbsCmd: Received IBS_WAKE_IND: 0xFD
06-19 18:19:42.703  1079  8779 D vendor.qti.bluetooth@1.0-ibs_handler: SerialClockVote: vote for UART CLK ON
06-19 18:19:42.703  1079  8779 I vendor.qti.bluetooth@1.0-ibs_handler: ProcessIbsCmd: Writing IBS_WAKE_ACK
06-19 18:19:42.717 23628 23779 E Parcel  : Reading a NULL string not supported here.
06-19 18:19:42.741 23628 23779 E Parcel  : Reading a NULL string not supported here.
06-19 18:19:42.743  1079  8779 I vendor.qti.bluetooth@1.0-ibs_handler: ProcessIbsCmd: Received IBS_SLEEP_IND: 0xFE
06-19 18:19:42.743  1079  8779 D vendor.qti.bluetooth@1.0-ibs_handler: SerialClockVote: vote for UART CLK OFF
06-19 18:19:42.763 23628 23779 E Parcel  : Reading a NULL string not supported here.
06-19 18:19:42.780 10079 10079 D UE4     : Used memory before allocating anything was 183.89MB
06-19 18:19:42.785 23628 23779 E Parcel  : Reading a NULL string not supported here.
06-19 18:19:42.809 23628 23779 E Parcel  : Reading a NULL string not supported here.
06-19 18:19:42.830 23628 23779 E Parcel  : Reading a NULL string not supported here.
06-19 18:19:42.847  1079  8779 I vendor.qti.bluetooth@1.0-ibs_handler: ProcessIbsCmd: Received IBS_WAKE_IND: 0xFD
06-19 18:19:42.847  1079  8779 D vendor.qti.bluetooth@1.0-ibs_handler: SerialClockVote: vote for UART CLK ON
06-19 18:19:42.847  1079  8779 I vendor.qti.bluetooth@1.0-ibs_handler: ProcessIbsCmd: Writing IBS_WAKE_ACK
06-19 18:19:42.849 17062 32130 I chatty  : uid=10386(com.google.android.providers.media.module) Thread-13 expire 47 lines
06-19 18:19:42.852 17062 18497 I chatty  : uid=10386(com.google.android.providers.media.module) Thread-5 expire 100 lines
06-19 18:19:42.858 17062 18501 I chatty  : uid=10386(com.google.android.providers.media.module) Thread-3 expire 105 lines
06-19 18:19:42.862 23628 23779 E Parcel  : Reading a NULL string not supported here.
06-19 18:19:42.886 17062 10357 I chatty  : uid=10386(com.google.android.providers.media.module) Thread-8 expire 133 lines
06-19 18:19:42.889  1079  8779 I vendor.qti.bluetooth@1.0-ibs_handler: ProcessIbsCmd: Received IBS_SLEEP_IND: 0xFE
06-19 18:19:42.889  1079  8779 D vendor.qti.bluetooth@1.0-ibs_handler: SerialClockVote: vote for UART CLK OFF
06-19 18:19:42.891  1372  1393 D bspCriticalLog: thermal_monitor ddr-usr: open fail -1
06-19 18:19:42.891  1372  1393 D bspCriticalLog: thermal_monitor gpuss-0-usr: open fail -1
06-19 18:19:42.893 23628 23779 E Parcel  : Reading a NULL string not supported here.
06-19 18:19:42.910 17062 22844 I chatty  : uid=10386(com.google.android.providers.media.module) Thread-19 expire 58 lines
06-19 18:19:42.915 17062 13027 I chatty  : uid=10386(com.google.android.providers.media.module) Thread-26 expire 39 lines
06-19 18:19:42.918 17062 10360 I chatty  : uid=10386(com.google.android.providers.media.module) Thread-9 expire 101 lines
06-19 18:19:42.923 23628 23779 E Parcel  : Reading a NULL string not supported here.
06-19 18:19:42.954 14953 15339 D ORMS_CORE: T(O)
06-19 18:19:42.954 14953 15339 D ORMS_CORE: FinalSceneAction scene:1000 action:2 prio:400 start:1670388722 timeout:600 timeout_left:175
06-19 18:19:42.954 14953 15339 D ORMS_Platform : OplusBasePlatformQcSysFs: reset ,mask .
06-19 18:19:42.954 14953 15339 D ORMS_HISTORY: setSoCLimit sa
06-19 18:19:42.954 14953 15339 D ORMS_CORE: TCpuL:1 TGpuL:-1 TCtrlL:1 TModeOn:0 IdleS:0 PowerMode:NORMAL_MODE BenchMark:0 HaveCtrlD:0
06-19 18:19:42.954 14953 15339 D ORMS_CORE: saConfig:,SAResult Info{minCore=[6, 2, 1]minFreq=[1804800, 2323200, -1]maxCore=[-1, -1, -1]maxFreq=[-1, -1, -1], ddr=-1, lpm=0, sb=2, prio=400, fpsgo=-1, migrate= migfrate: , mask=100, clkscale=-1, schedPreferSpread=-1, colocate=-1, slb=-1, nice=0, extActId=-1, extTime=-1}
06-19 18:19:42.954 14953 15339 D ORMS_CORE: request mDecision:SAResult Info{ minCpuCore: 6 2 ,  minCpuFreq: 1804800 2323200 ,  maxCpuCore: -1 -1 ,  maxCpuFreq: -1 -1 ,  minGpuCore: 1 ,  minGpuFreq: -1 ,  maxGpuCore: -1 ,  maxGpuFreq: -1 , Lpm=0, clkscale=-1, schedPreferSpread=-1, colocate=-1, slb=-1, fpsgo=-1, schedBoost=2, ddrFreq=-1, migrate= migfrate: -1 -1 }
06-19 18:19:42.955 14953 15339 D ORMS_Platform : OplusBasePlatformQcSysFs: perflockAcquireEnd ,mask : 0xd07ec628
06-19 18:19:42.956  1111  1196 E ANDR-PERF-OPTSHANDLER: Perflock resource /sys/class/devfreq/soc:qcom,cpubw/bw_hwmon/io_percent not supported
06-19 18:19:42.956  1111  1196 E ANDR-PERF-RESOURCEQS: Failed to apply optimization [6, 2]
06-19 18:19:42.956  1111  1196 E ANDR-PERF-OPTSHANDLER: Perflock resource /sys/class/devfreq/soc:qcom,cpubw/bw_hwmon/sample_ms not supported
06-19 18:19:42.956  1111  1196 E ANDR-PERF-RESOURCEQS: Failed to apply optimization [6, 8]
06-19 18:19:42.956  1111  1196 E ANDR-PERF-OPTSHANDLER: Perflock resource /sys/class/devfreq/soc:qcom,cpubw/min_freq not supported
06-19 18:19:42.956  1111  1196 E ANDR-PERF-RESOURCEQS: Failed to apply optimization [6, 0]
06-19 18:19:42.957 23628 23779 E Parcel  : Reading a NULL string not supported here.
06-19 18:19:42.994  1079  8779 I vendor.qti.bluetooth@1.0-ibs_handler: ProcessIbsCmd: Received IBS_WAKE_IND: 0xFD
06-19 18:19:42.994  1079  8779 D vendor.qti.bluetooth@1.0-ibs_handler: SerialClockVote: vote for UART CLK ON
06-19 18:19:42.994  1079  8779 I vendor.qti.bluetooth@1.0-ibs_handler: ProcessIbsCmd: Writing IBS_WAKE_ACK
06-19 18:19:43.001 23628 23779 E Parcel  : Reading a NULL string not supported here.
06-19 18:19:43.034 14806 22086 D audio_hw_primary: adev_get_parameters:get_pid
06-19 18:19:43.034 14806 22086 D soundtrigger: audio_extn_sound_trigger_get_parameters input string<get_pid=>
06-19 18:19:43.034 14806 22086 D soundtrigger: extract_sm_handle input string <get_pid=> param string <get_pid=>
06-19 18:19:43.034 14806 22086 D audio_hw_extn: audio_extn_fm_get_parameters: Enter
06-19 18:19:43.034 14806 22086 D audio_hw_extn: audio_extn_get_parameters: returns 
06-19 18:19:43.034 14806 22086 D audio_hw_primary: adev_get_parameters: exit: returns - 
06-19 18:19:43.034 14809 15325 I hash_map_utils: key: 'get_pid' value: ''
06-19 18:19:43.034  1079  8779 I vendor.qti.bluetooth@1.0-ibs_handler: ProcessIbsCmd: Received IBS_SLEEP_IND: 0xFE
06-19 18:19:43.035  1079  8779 D vendor.qti.bluetooth@1.0-ibs_handler: SerialClockVote: vote for UART CLK OFF
06-19 18:19:43.049 17062 15867 I chatty  : uid=10386(com.google.android.providers.media.module) Thread-22 expire 58 lines
06-19 18:19:43.052 17062 18502 I chatty  : uid=10386(com.google.android.providers.media.module) Thread-6 expire 104 lines
06-19 18:19:43.056 23628 23779 E Parcel  : Reading a NULL string not supported here.
06-19 18:19:43.074  1146  1237 D SurfaceFlinger: getScreenRGB when(1670389267 ms) count(6) rgb(0,0,0,1670388452(ms))
06-19 18:19:43.074 14953 15017 V WindowOrientationListener: onSensorChanged mDesiredRotation = 4
06-19 18:19:43.123 23628 23779 E Parcel  : Reading a NULL string not supported here.
06-19 18:19:43.136  1079  8779 I vendor.qti.bluetooth@1.0-ibs_handler: ProcessIbsCmd: Received IBS_WAKE_IND: 0xFD
06-19 18:19:43.137  1079  8779 D vendor.qti.bluetooth@1.0-ibs_handler: SerialClockVote: vote for UART CLK ON
06-19 18:19:43.138  1079  8779 I vendor.qti.bluetooth@1.0-ibs_handler: ProcessIbsCmd: Writing IBS_WAKE_ACK
06-19 18:19:43.149 14953 15339 D ORMS_CORE: T(O)
06-19 18:19:43.150 14953 15339 D ORMS_CORE: FinalSceneAction null
06-19 18:19:43.150 14953 15339 D ORMS_Platform : OplusBasePlatformQcSysFs: reset ,mask .
06-19 18:19:43.150 14953 15339 D ORMS_CORE: TCpuL:1 TGpuL:-1 TCtrlL:1 TModeOn:0 IdleS:0 PowerMode:NORMAL_MODE BenchMark:0 HaveCtrlD:0
06-19 18:19:43.151 14953 15339 D ORMS_CORE: request mDecision:SAResult Info{ minCpuCore: -1 -1 ,  minCpuFreq: -1 -1 ,  maxCpuCore: -1 -1 ,  maxCpuFreq: -1 -1 ,  minGpuCore: -1 ,  minGpuFreq: -1 ,  maxGpuCore: -1 ,  maxGpuFreq: -1 , Lpm=-1, clkscale=-1, schedPreferSpread=-1, colocate=-1, slb=-1, fpsgo=-1, schedBoost=-1, ddrFreq=-1, migrate= migfrate: -1 -1 }
06-19 18:19:43.151 14953 14963 I chatty  : uid=1000(system) HeapTaskDaemon expire 1 line
06-19 18:19:43.152 14953 15339 D ORMS_Platform : OplusBasePlatformQcSysFs: perflockAcquireEnd ,mask : 0xd078c000
06-19 18:19:43.154  1111  1196 E ANDR-PERF-OPTSHANDLER: Perflock resource /sys/class/devfreq/soc:qcom,cpubw/bw_hwmon/io_percent not supported
06-19 18:19:43.154  1111  1196 E ANDR-PERF-RESOURCEQS: Failed to apply optimization [6, 2]
06-19 18:19:43.155  1111  1196 E ANDR-PERF-OPTSHANDLER: Perflock resource /sys/class/devfreq/soc:qcom,cpubw/bw_hwmon/sample_ms not supported
06-19 18:19:43.155  1111  1196 E ANDR-PERF-RESOURCEQS: Failed to apply optimization [6, 8]
06-19 18:19:43.155  1111  1196 E ANDR-PERF-OPTSHANDLER: Perflock resource /sys/class/devfreq/soc:qcom,cpubw/min_freq not supported
06-19 18:19:43.155  1111  1196 E ANDR-PERF-RESOURCEQS: Failed to apply optimization [6, 0]
06-19 18:19:43.179  1079  8779 I vendor.qti.bluetooth@1.0-ibs_handler: ProcessIbsCmd: Received IBS_SLEEP_IND: 0xFE
06-19 18:19:43.179  1079  8779 D vendor.qti.bluetooth@1.0-ibs_handler: SerialClockVote: vote for UART CLK OFF
06-19 18:19:43.191 23628 23779 E Parcel  : Reading a NULL string not supported here.
06-19 18:19:43.219 14953 14965 I chatty  : uid=1000(system) FinalizerDaemon expire 3 lines
06-19 18:19:43.220  1146  1146 D OppoExLayer: ~Layer() sequence=209751, name=Surface(name=e79f7da NavigationBar0)/@0xeefe2e8 - animation-leash#0
06-19 18:19:43.249  1146  1146 D OppoExLayer: ~Layer() sequence=209728, name=Surface(name=e79f7da NavigationBar0)/@0xeefe2e8 - animation-leash#1
06-19 18:19:43.249  1146  1146 D OppoExLayer: ~Layer() sequence=209727, name=Surface(name=fa3ae31 StatusBar)/@0x9521fca - animation-leash#1
06-19 18:19:43.275 23628 23779 E Parcel  : Reading a NULL string not supported here.
06-19 18:19:43.284  1079  8779 I vendor.qti.bluetooth@1.0-ibs_handler: ProcessIbsCmd: Received IBS_WAKE_IND: 0xFD
06-19 18:19:43.284  1079  8779 D vendor.qti.bluetooth@1.0-ibs_handler: SerialClockVote: vote for UART CLK ON
06-19 18:19:43.284  1079  8779 I vendor.qti.bluetooth@1.0-ibs_handler: ProcessIbsCmd: Writing IBS_WAKE_ACK
06-19 18:19:43.320 23628 23779 E Parcel  : Reading a NULL string not supported here.
06-19 18:19:43.324  1079  8779 I vendor.qti.bluetooth@1.0-ibs_handler: ProcessIbsCmd: Received IBS_SLEEP_IND: 0xFE
06-19 18:19:43.324  1079  8779 D vendor.qti.bluetooth@1.0-ibs_handler: SerialClockVote: vote for UART CLK OFF
06-19 18:19:43.385 23628 23779 E Parcel  : Reading a NULL string not supported here.
06-19 18:19:43.427 23628 23779 E Parcel  : Reading a NULL string not supported here.
06-19 18:19:43.428  1079  8779 I vendor.qti.bluetooth@1.0-ibs_handler: ProcessIbsCmd: Received IBS_WAKE_IND: 0xFD
06-19 18:19:43.428  1079  8779 D vendor.qti.bluetooth@1.0-ibs_handler: SerialClockVote: vote for UART CLK ON
06-19 18:19:43.428  1079  8779 I vendor.qti.bluetooth@1.0-ibs_handler: ProcessIbsCmd: Writing IBS_WAKE_ACK
06-19 18:19:43.460 23628 23779 E Parcel  : Reading a NULL string not supported here.
06-19 18:19:43.469  1079  8779 I vendor.qti.bluetooth@1.0-ibs_handler: ProcessIbsCmd: Received IBS_SLEEP_IND: 0xFE
06-19 18:19:43.469  1079  8779 D vendor.qti.bluetooth@1.0-ibs_handler: SerialClockVote: vote for UART CLK OFF
06-19 18:19:43.485  1146  1240 D SurfaceFlinger: getScreenRGB when(1670389678 ms) count(7) rgb(0,0,0,1670389676(ms))
06-19 18:19:43.499 23628 23779 E Parcel  : Reading a NULL string not supported here.
06-19 18:19:43.526 23628 23779 E Parcel  : Reading a NULL string not supported here.
06-19 18:19:43.551 23628 23779 E Parcel  : Reading a NULL string not supported here.
06-19 18:19:43.574  1079  8779 I vendor.qti.bluetooth@1.0-ibs_handler: ProcessIbsCmd: Received IBS_WAKE_IND: 0xFD
06-19 18:19:43.574  1079  8779 D vendor.qti.bluetooth@1.0-ibs_handler: SerialClockVote: vote for UART CLK ON
06-19 18:19:43.574  1079  8779 I vendor.qti.bluetooth@1.0-ibs_handler: ProcessIbsCmd: Writing IBS_WAKE_ACK
06-19 18:19:43.583 23628 23779 E Parcel  : Reading a NULL string not supported here.
06-19 18:19:43.589  5916  5916 E adbd    : failed to connect to socket 'tcp:6666': Connection refused
06-19 18:19:43.614 23628 23779 E Parcel  : Reading a NULL string not supported here.
06-19 18:19:43.617  1079  8779 I vendor.qti.bluetooth@1.0-ibs_handler: ProcessIbsCmd: Received IBS_SLEEP_IND: 0xFE
06-19 18:19:43.617  1079  8779 D vendor.qti.bluetooth@1.0-ibs_handler: SerialClockVote: vote for UART CLK OFF
06-19 18:19:43.650 10079 10079 D UE4     : In the JNI_OnLoad function
06-19 18:19:43.651 10079 10079 D UE4     : [JNI] - Failed to determine if app purchasing is enabled!
06-19 18:19:43.651 23628 23779 E Parcel  : Reading a NULL string not supported here.
06-19 18:19:43.654 10079 10079 D UE4     : Path found as '/storage/emulated/0'
06-19 18:19:43.654 10079 10079 D UE4     : Font Path found as '/system/fonts/'
06-19 18:19:43.654 10079 10079 D UE4     : In the JNI_OnLoad function 5
06-19 18:19:43.663 10079 10079 D OVRPlugin: JNI_OnLoad
06-19 18:19:43.690 23628 23779 E Parcel  : Reading a NULL string not supported here.
06-19 18:19:43.696 10079 10411 D UE4     : Entering native app glue main function
06-19 18:19:43.696 10079 10411 D UE4     : Created event thread
06-19 18:19:43.696 10079 10411 D UE4     : Entered AndroidMain()
06-19 18:19:43.697 10079 10412 D UE4     : Entering event processing thread engine entry point
06-19 18:19:43.697 10079 10412 D UE4     : Prepared looper for event thread
06-19 18:19:43.697 10079 10412 D UE4     : Passed callback initialization
06-19 18:19:43.697 10079 10412 D UE4     : Passed sensor initialization
06-19 18:19:43.700 10079 10079 E Parcel  : Reading a NULL string not supported here.
06-19 18:19:43.700 10079 10079 I chatty  : uid=10455(es.udc.DDM.Grupo3DDM) identical 25 lines
06-19 18:19:43.701 10079 10079 E Parcel  : Reading a NULL string not supported here.
06-19 18:19:43.701 10079 10411 D UE4     : Controller interface supported
06-19 18:19:43.701 10079 10079 E Parcel  : Reading a NULL string not supported here.
06-19 18:19:43.704 10079 10079 E Parcel  : Reading a NULL string not supported here.
06-19 18:19:43.716 10079 10079 D ColorViewRootUtil: initSwipState, isDisplayCompatApp false
06-19 18:19:43.716 23628 23779 E Parcel  : Reading a NULL string not supported here.
06-19 18:19:43.716 10079 10079 D ColorViewRootUtil: mScreenHeight 2400, mScreenWidth 1080
06-19 18:19:43.717 10079 10079 D WindowManager: Add to mViews: DecorView@a7d8fb9[GameActivity],pkg= es.udc.DDM.Grupo3DDM
06-19 18:19:43.724  1079  8779 I vendor.qti.bluetooth@1.0-ibs_handler: ProcessIbsCmd: Received IBS_WAKE_IND: 0xFD
06-19 18:19:43.724  1079  8779 D vendor.qti.bluetooth@1.0-ibs_handler: SerialClockVote: vote for UART CLK ON
06-19 18:19:43.724  1079  8779 I vendor.qti.bluetooth@1.0-ibs_handler: ProcessIbsCmd: Writing IBS_WAKE_ACK
06-19 18:19:43.728 10079 10079 D UE4     : [GameActivity] Target SDK is 30.  This may cause issues if permissions are denied by the user.
06-19 18:19:43.728 10079 10079 E PermissionHelper: GVRTransition2DActivity.getActivity() failed. Trying to get GameActivity.
06-19 18:19:43.729 10079 10079 D PermissionHelper: checkPermission: android.permission.WRITE_EXTERNAL_STORAGE has granted
06-19 18:19:43.739 23628 23779 E Parcel  : Reading a NULL string not supported here.
06-19 18:19:43.764  1079  8779 I vendor.qti.bluetooth@1.0-ibs_handler: ProcessIbsCmd: Received IBS_SLEEP_IND: 0xFE
06-19 18:19:43.764  1079  8779 D vendor.qti.bluetooth@1.0-ibs_handler: SerialClockVote: vote for UART CLK OFF
06-19 18:19:43.778 23628 23779 E Parcel  : Reading a NULL string not supported here.
06-19 18:19:43.801 23628 23779 E Parcel  : Reading a NULL string not supported here.
06-19 18:19:43.820 10079 10079 D UE4     : [GameActivity] Vulkan version: 1.1.0
06-19 18:19:43.820 10079 10079 D UE4     : [GameActivity] Vulkan level: 1
06-19 18:19:43.822 10079 10079 D UE4     : [GameActivity] Found DepthBufferPreference = 0
06-19 18:19:43.822 10079 10079 D UE4     : [GameActivity] Found bPackageDataInsideApk = 0
06-19 18:19:43.822 10079 10079 D UE4     : [GameActivity] Found ProjectName = Grupo3DDM
06-19 18:19:43.822 10079 10079 D UE4     : [GameActivity] Found AppType = 
06-19 18:19:43.822 10079 10079 D UE4     : [GameActivity] Found bHasOBBFiles = 0
06-19 18:19:43.822 10079 10079 D UE4     : [GameActivity] Found bVerifyOBBOnStartUp = false
06-19 18:19:43.822 10079 10079 D UE4     : [GameActivity] UI hiding set to true
06-19 18:19:43.823 10079 10079 D UE4     : [GameActivity] BuildConfiguration set to Development
06-19 18:19:43.823 10079 10079 D UE4     : [GameActivity] UseExternalFilesDir set to false
06-19 18:19:43.823 10079 10079 D UE4     : [GameActivity] PublicLogFiles set to false
06-19 18:19:43.823 10079 10079 D UE4     : [GameActivity] AllowIMU set to true
06-19 18:19:43.823 10079 10079 D UE4     : [GameActivity] SupportsVulkan set to false
06-19 18:19:43.824 10079 10079 D UE4     : [GameActivity] No Oculus Mobile mode detected.
06-19 18:19:43.826 23628 23779 E Parcel  : Reading a NULL string not supported here.
06-19 18:19:43.831 14953 16236 D CompatibilityChangeReporter: Compat change id reported: 149924527; UID 10455; state: ENABLED
06-19 18:19:43.832 14953 17127 D CompatibilityChangeReporter: Compat change id reported: 132649864; UID 10455; state: DISABLED
06-19 18:19:43.852 23628 23779 E Parcel  : Reading a NULL string not supported here.
06-19 18:19:43.858 10079 10079 D UE4     : [GameActivity] Using APK commandline
06-19 18:19:43.859 10079 10079 D UE4     : [GameActivity] Parsing commandline: ../../../Grupo3DDM/Grupo3DDM.uproject  /Game/2DSideScrollerBP/Maps/2DSideScrollerExampleMap -Messaging -SessionId=2B0ACEE1453AD28D8FA049ADE6255592 -SessionOwner="Sukii" -SessionName="Launch On Device" -iterative
06-19 18:19:43.859 10079 10079 E libEGL  : Invalid file path for libcolorx-loader.so
06-19 18:19:43.866 10079 10079 D UE4     : [GameActivity] Hardware: Qualcomm Technologies, Inc SDM720G
06-19 18:19:43.866 10079 10079 D UE4     : [GameActivity] ro.hardware: qcom
06-19 18:19:43.867 10079 10079 D UE4     : [GameActivity] Memory: 7580 MB
06-19 18:19:43.870  1079  8779 I vendor.qti.bluetooth@1.0-ibs_handler: ProcessIbsCmd: Received IBS_WAKE_IND: 0xFD
06-19 18:19:43.870  1079  8779 D vendor.qti.bluetooth@1.0-ibs_handler: SerialClockVote: vote for UART CLK ON
06-19 18:19:43.870  1079  8779 I vendor.qti.bluetooth@1.0-ibs_handler: ProcessIbsCmd: Writing IBS_WAKE_ACK
06-19 18:19:43.872 10079 10079 D UE4     : [GameActivity] UseAffinity: false
06-19 18:19:43.872 10079 10079 D UE4     : [GameActivity] BigCoreMask: 0xffff
06-19 18:19:43.872 10079 10079 D UE4     : [GameActivity] LittleCoreMask: 0x0
06-19 18:19:43.873 10079 10079 D UE4     : [GameActivity] APK path: /data/app/~~0ETpqyaw_HjVY3YVNyULHA==/es.udc.DDM.Grupo3DDM-SFK_uzTPR6AJMP21iw6GNg==/base.apk
06-19 18:19:43.873 10079 10079 D UE4     : [GameActivity] OBB in APK: false
06-19 18:19:43.875 10079 10079 D UE4     : InternalFilePath found as '/data/user/0/es.udc.DDM.Grupo3DDM/files'
06-19 18:19:43.875 10079 10079 D UE4     : ExternalFilePath found as '/storage/emulated/0/Android/data/es.udc.DDM.Grupo3DDM/files'
06-19 18:19:43.876 10079 10079 D UE4     : App is running in Portrait
06-19 18:19:43.879 10079 10079 D UE4     : [GameActivity] Android version is 11
06-19 18:19:43.879 10079 10079 D UE4     : [GameActivity] Android manufacturer is realme
06-19 18:19:43.879 10079 10079 D UE4     : [GameActivity] Android model is RMX2170
06-19 18:19:43.879 10079 10079 D UE4     : [GameActivity] Android build number is RMX2170_11_C.30
06-19 18:19:43.879 10079 10079 D UE4     : [GameActivity] OS language is set to es_CL
06-19 18:19:43.879 10079 10079 D UE4     : [GameActivity] Debugger attached is false
06-19 18:19:43.882 23628 23779 E Parcel  : Reading a NULL string not supported here.
06-19 18:19:43.887 10079 10079 E OplusCustomizeRestrictionManager: sInstance is null, start a new sInstance
06-19 18:19:43.911 23628 23779 E Parcel  : Reading a NULL string not supported here.
06-19 18:19:43.911  1079  8779 I vendor.qti.bluetooth@1.0-ibs_handler: ProcessIbsCmd: Received IBS_SLEEP_IND: 0xFE
06-19 18:19:43.911  1079  8779 D vendor.qti.bluetooth@1.0-ibs_handler: SerialClockVote: vote for UART CLK OFF
06-19 18:19:43.934 23628 23779 E Parcel  : Reading a NULL string not supported here.
06-19 18:19:43.955 10079 10079 W PopupManager: You have not specified a View to use as content view for popups. Falling back to the Activity content view. Note that this may not work as expected in multi-screen environments
06-19 18:19:43.958 10079 10079 D UE4     : [GameActivity] googleClient is valid
06-19 18:19:43.959 10079 10079 D UE4     : [GameActivity] ==============> GameActive.onCreate complete!
06-19 18:19:43.962 10079 10079 D UE4     : [GameActivity] Creating console command broadcast listener
06-19 18:19:43.962 10079 10412 D UE4     : LogAndroidEvents::EnqueueAppEvent : 9, [width=-1, height=-1], tid = 10412, APP_EVENT_STATE_ON_START
06-19 18:19:43.963 23628 23779 E Parcel  : Reading a NULL string not supported here.
06-19 18:19:43.963 10079 10079 D UE4     : [GameActivity] ==================================> Inside onStart function in GameActivity
06-19 18:19:43.965 10079 10412 D UE4     : Case APP_CMD_RESUME
06-19 18:19:43.965 10079 10079 D UE4     : [GameActivity] === Restoring Transparent Bars ===
06-19 18:19:43.965 10079 10412 D UE4     : LogAndroidEvents::EnqueueAppEvent : 7, [width=-1, height=-1], tid = 10412, APP_EVENT_STATE_ON_RESUME
06-19 18:19:43.966 10079 10079 D UE4     : [GameActivity] ==============> [JAVA] AndroidThunkJava_KeepScreenOn(false) - Enabled screen saver
06-19 18:19:43.967 10079 10079 D UE4     : [GameActivity] ==============> [JAVA] AndroidThunkJava_DisableScreenCapture(false) - Enabled screen captures
06-19 18:19:43.967 10079 10079 D UE4     : [GameActivity] Registering sensor listeners
06-19 18:19:43.967 10079 10079 V SensorManager: RegisterListener bmi160 Accelerometer Non-wakeup type:1 delay:20000us by com.epicgames.ue4.GameActivity
06-19 18:19:43.967 10079 10079 E Parcel  : Reading a NULL string not supported here.
06-19 18:19:43.972  1146  1811 E HWComposer: getDisplayedContentSample: getDisplayedContentSample failed for display 19260944289885569: Unsupported (8)
06-19 18:19:43.976 27194 31913 I OplusFeedbackInfo: [sendFPSInfo:L314] mInputBufCnt = 0 fps, mOutputBufCnt = 0 fps, mRenderFrameCnt = 0 fps
06-19 18:19:43.977 14815 14815 W sensors@2.0-ser: type=1400 audit(0.0:6652540): avc: denied { open } for path="/dev/diag" dev="tmpfs" ino=15563 scontext=u:r:hal_sensors_default:s0 tcontext=u:object_r:vendor_diag_device:s0 tclass=chr_file permissive=0
06-19 18:19:43.977  1412  1628 D AtlasService: clientsCount 3
06-19 18:19:43.977  1412  1628 D AtlasService: notify 1025 to client
06-19 18:19:43.977  1412  1628 D AtlasService: notify 1025 to client
06-19 18:19:43.977 10079 10079 V SensorManager: RegisterListener mmc5603x Magnetometer Non-wakeup type:2 delay:20000us by com.epicgames.ue4.GameActivity
06-19 18:19:43.979 14953 18186 I chatty  : uid=1000(system) Binder:14953_21 expire 9 lines
06-19 18:19:43.979 14815 10420 I chatty  : uid=1000(system) sensors@2.0-ser expire 2 lines
06-19 18:19:43.988 14953 15964 D OppoBasePowerManagerService: do restore jobs
06-19 18:19:43.988 14953 15964 I chatty  : uid=1000(system) HansManagerHand identical 1 line
06-19 18:19:43.988 14953 15964 D OppoBasePowerManagerService: do restore jobs
06-19 18:19:43.989 14806 22086 D audio_hw_primary: adev_get_parameters:get_pid
06-19 18:19:43.989 14806 22086 D soundtrigger: audio_extn_sound_trigger_get_parameters input string<get_pid=>
06-19 18:19:43.989 14806 22086 D soundtrigger: extract_sm_handle input string <get_pid=> param string <get_pid=>
06-19 18:19:43.989 14806 22086 D audio_hw_extn: audio_extn_fm_get_parameters: Enter
06-19 18:19:43.989 14806 22086 D audio_hw_extn: audio_extn_get_parameters: returns 
06-19 18:19:43.989 14806 22086 D audio_hw_primary: adev_get_parameters: exit: returns - 
06-19 18:19:43.989 14809 15325 I hash_map_utils: key: 'get_pid' value: ''
06-19 18:19:43.992 14953 15973 I chatty  : uid=1000(system) StateMachineHan expire 5 lines
06-19 18:19:43.992 14806 22086 D audio_hw_primary: adev_get_parameters:get_pid
06-19 18:19:43.992 14806 22086 D soundtrigger: audio_extn_sound_trigger_get_parameters input string<get_pid=>
06-19 18:19:43.992 14806 22086 D soundtrigger: extract_sm_handle input string <get_pid=> param string <get_pid=>
06-19 18:19:43.992 14806 22086 D audio_hw_extn: audio_extn_fm_get_parameters: Enter
06-19 18:19:43.992 14806 22086 D audio_hw_extn: audio_extn_get_parameters: returns 
06-19 18:19:43.993 14806 22086 D audio_hw_primary: adev_get_parameters: exit: returns - 
06-19 18:19:43.993 14809 15325 I hash_map_utils: key: 'get_pid' value: ''
06-19 18:19:43.995 14806 22086 D audio_hw_primary: adev_get_parameters:get_pid
06-19 18:19:43.995 14806 22086 D soundtrigger: audio_extn_sound_trigger_get_parameters input string<get_pid=>
06-19 18:19:43.995 14806 22086 D soundtrigger: extract_sm_handle input string <get_pid=> param string <get_pid=>
06-19 18:19:43.995 14806 22086 D audio_hw_extn: audio_extn_fm_get_parameters: Enter
06-19 18:19:43.995 14806 22086 D audio_hw_extn: audio_extn_get_parameters: returns 
06-19 18:19:43.995 14806 22086 D audio_hw_primary: adev_get_parameters: exit: returns - 
06-19 18:19:43.996 14809 24406 I hash_map_utils: key: 'get_pid' value: ''
06-19 18:19:43.996 14806  2665 D audio_hw_primary: adev_get_parameters:get_pid
06-19 18:19:43.996 14806  2665 D soundtrigger: audio_extn_sound_trigger_get_parameters input string<get_pid=>
06-19 18:19:43.996 14806  2665 D soundtrigger: extract_sm_handle input string <get_pid=> param string <get_pid=>
06-19 18:19:43.996 14806  2665 D audio_hw_extn: audio_extn_fm_get_parameters: Enter
06-19 18:19:43.996 14806  2665 D audio_hw_extn: audio_extn_get_parameters: returns 
06-19 18:19:43.996 14806  2665 D audio_hw_primary: adev_get_parameters: exit: returns - 
06-19 18:19:43.997 14809 22702 I hash_map_utils: key: 'get_pid' value: ''
06-19 18:19:43.997 14806  2665 D audio_hw_primary: adev_get_parameters:get_pid
06-19 18:19:43.997 14806  2665 D soundtrigger: audio_extn_sound_trigger_get_parameters input string<get_pid=>
06-19 18:19:43.997 14806  2665 D soundtrigger: extract_sm_handle input string <get_pid=> param string <get_pid=>
06-19 18:19:43.997 14806  2665 D audio_hw_extn: audio_extn_fm_get_parameters: Enter
06-19 18:19:43.997 14806  2665 D audio_hw_extn: audio_extn_get_parameters: returns 
06-19 18:19:43.997 14806  2665 D audio_hw_primary: adev_get_parameters: exit: returns - 
06-19 18:19:43.998 14809 24406 I hash_map_utils: key: 'get_pid' value: ''
06-19 18:19:44.000 10079 10079 V SensorManager: RegisterListener bmi160 Gyroscope Non-wakeup type:4 delay:20000us by com.epicgames.ue4.GameActivity
06-19 18:19:44.001 14815 14815 W sensors@2.0-ser: type=1400 audit(0.0:6652541): avc: denied { open } for path="/dev/diag" dev="tmpfs" ino=15563 scontext=u:r:hal_sensors_default:s0 tcontext=u:object_r:vendor_diag_device:s0 tclass=chr_file permissive=0
06-19 18:19:44.003 14815 10427 I chatty  : uid=1000(system) sensors@2.0-ser expire 3 lines
06-19 18:19:44.005 14815 14815 W sensors@2.0-ser: type=1400 audit(0.0:6652542): avc: denied { open } for path="/dev/diag" dev="tmpfs" ino=15563 scontext=u:r:hal_sensors_default:s0 tcontext=u:object_r:vendor_diag_device:s0 tclass=chr_file permissive=0
06-19 18:19:44.008 23628 23779 E Parcel  : Reading a NULL string not supported here.
06-19 18:19:44.012 14815 10431 I chatty  : uid=1000(system) sensors@2.0-ser expire 1 line
06-19 18:19:44.013  1079  8779 I vendor.qti.bluetooth@1.0-ibs_handler: ProcessIbsCmd: Received IBS_WAKE_IND: 0xFD
06-19 18:19:44.013  1079  8779 D vendor.qti.bluetooth@1.0-ibs_handler: SerialClockVote: vote for UART CLK ON
06-19 18:19:44.013  1079  8779 I vendor.qti.bluetooth@1.0-ibs_handler: ProcessIbsCmd: Writing IBS_WAKE_ACK
06-19 18:19:44.017 14815 10435 I chatty  : uid=1000(system) sensors@2.0-ser expire 2 lines
06-19 18:19:44.017 10079 10079 D UE4     : App is running in Portrait
06-19 18:19:44.018 10079 10079 D UE4     : [GameActivity] === Restoring Transparent Bars ===
06-19 18:19:44.018 10079 10079 D UE4     : [GameActivity] ==============> Resuming main init
06-19 18:19:44.022 10079 10411 D UE4     : APK Commandline: ../../../Grupo3DDM/Grupo3DDM.uproject  /Game/2DSideScrollerBP/Maps/2DSideScrollerExampleMap -Messaging -SessionId=2B0ACEE1453AD28D8FA049ADE6255592 -SessionOwner="Sukii" -SessionName="Launch On Device" -iterative
06-19 18:19:44.023 14815 10423 I chatty  : uid=1000(system) sensors@2.0-ser expire 1 line
06-19 18:19:44.024 14815 10439 I sensors-hal: ssc_conn_resp_cb:670, resp_value = 0
06-19 18:19:44.030 10079 10411 D UE4     : Final commandline: ../../../Grupo3DDM/Grupo3DDM.uproject  /Game/2DSideScrollerBP/Maps/2DSideScrollerExampleMap -Messaging -SessionId=2B0ACEE1453AD28D8FA049ADE6255592 -SessionOwner="Sukii" -SessionName="Launch On Device" -iterative
06-19 18:19:44.030 10079 10411 D UE4     : Created sync event
06-19 18:19:44.032 14815 10439 I sensors-hal: handle_indication_realtime:481,  SCHED_FIFO(10) for qmi_cbk
06-19 18:19:44.035 23628 23779 E Parcel  : Reading a NULL string not supported here.
06-19 18:19:44.037 14815 10427 E sensors-hal: handle_sns_client_event:526, mag_sample_cal(magcal_available:1): ts=1670390229075167 ns; value = [-2.418297, 26.845856, -0.188507], status=3
06-19 18:19:44.039 10079 10079 D UE4     : [GameActivity] ==============> GameActive.onResume complete!
06-19 18:19:44.042 10079 10079 D ColorViewRootUtil: initSwipState, isDisplayCompatApp false
06-19 18:19:44.042 10079 10079 D ColorViewRootUtil: mScreenHeight 2400, mScreenWidth 1080
06-19 18:19:44.043 10079 10079 D WindowManager: Add to mViews: DecorView@61c4d4[GameActivity],pkg= es.udc.DDM.Grupo3DDM
