06-19 18:35:04.329   988   988 I ANDR-PERF-LM: FeedbackAPI: getFeedback() 60: app:com.miui.home feature:AppClassifier feedback = 1
06-19 18:35:04.329   988   988 I ANDR-PERF-LM: LMPerfGlue: perfmodule_submit_request() 132: perfmodule_submit_request()
06-19 18:35:04.329   988   988 I ANDR-PERF-LM: Core: getInstance() 84: LM getInstance
06-19 18:35:04.329   988   988 I ANDR-PERF-LM: WQ: push() 59: LMTriggerQ push() size=0
06-19 18:35:04.329   988   988 I ANDR-PERF-LM: WQ: push() 61: LMTriggerQ push() done size=1
06-19 18:35:04.329   988   988 I ANDR-PERF-LM: LMPerfGlue: perfmodule_submit_request() 132: perfmodule_submit_request()
06-19 18:35:04.329   988   988 I ANDR-PERF-LM: Core: getInstance() 84: LM getInstance
06-19 18:35:04.329   988   988 D ANDR-PERF-LM: Feature: lookup() 101: Feature Name = AppClassifier, total featuers = 4, featureFound = 1
06-19 18:35:04.329   988  1035 I ANDR-PERF-LM: WQ: pop() 42: LMTriggerQ pop() done size=0
06-19 18:35:04.330   988  1035 I ANDR-PERF-LM: Core: lmMain() 373: Waiting on trigger Queue
06-19 18:35:04.330   988  1035 I ANDR-PERF-LM: WQ: pop() 31: LMTriggerQ pop() size=0
06-19 18:35:04.330   988   988 D ANDR-PERF-LM: Feature: getData() 112: data.data = 1
06-19 18:35:04.330   988   988 I ANDR-PERF-LM: FeedbackAPI: getFeedback() 60: app:com.miui.home feature:AppClassifier feedback = 1
06-19 18:35:04.343  2821  2821 D ScreenView_Workspace: dispatchDraw:-2
06-19 18:35:04.393  2821  2821 D ScreenView_Workspace: dispatchDraw:-1
06-19 18:35:04.444  2821  2821 D ScreenView_Workspace: setCurrentScreenInner:0
06-19 18:35:04.444  2821  2821 D ScreenElementRoot: resume
06-19 18:35:04.445  2821  2821 D Launcher.RecommendController: folder display but only request when folder open
06-19 18:35:04.446  2821  2821 D EventBus: No subscribers registered for event class com.miui.home.launcher.common.messages.CurrentScreenIdMessage
06-19 18:35:04.446  2821  2821 D EventBus: No subscribers registered for event class org.greenrobot.eventbus.NoSubscriberEvent
06-19 18:35:04.446  2821  2821 D Launcher.UserPresentAnimation: checkMissingIcon
06-19 18:35:04.446  2821  2821 D ScreenView_Workspace: dispatchDraw:0
06-19 18:35:04.447  2821  3254 I RenderThread: RenderThread resumed
06-19 18:35:04.447  2821  3254 I RenderThread: All controllers paused.
06-19 18:35:04.447  2821  3254 I RenderThread: RenderThread paused, waiting for signal
06-19 18:35:04.451  2821  2977 D StatusBarController: handleMessage: flag 800000  disable true
06-19 18:35:04.462  2821  2821 D Launcher_WallpaperUtils: changeStatusBarMode:false
06-19 18:35:04.467   822   822 D Zygote  : Forked child process 1880
06-19 18:35:04.468  1880  1880 W Zygote  : Unable to open libbeluga.so: dlopen failed: library "libbeluga.so" not found.
06-19 18:35:04.062  1777  2278 I chatty  : uid=1000(system) SchedBoostServi identical 1 line
06-19 18:35:04.328  1777  2278 W SchedBoost: SchedBoost continue: proc: 2821/3024
06-19 18:35:04.468  1777  1920 I ActivityManager: Start proc 1880:com.miui.weather2/u0a79 for content provider {com.miui.weather2/com.miui.weather2.providers.WeatherProvider} caller=com.miui.home
06-19 18:35:04.478  1880  1880 E m.miui.weather: Not starting debugger since process cannot load the jdwp agent.
06-19 18:35:04.484  1777  4346 D CompatibilityInfo: mCompatibilityFlags - 0
06-19 18:35:04.484  1777  4346 D CompatibilityInfo: applicationDensity - 440
06-19 18:35:04.484  1777  4346 D CompatibilityInfo: applicationScale - 1.0
06-19 18:35:04.486  1777  2208 I MiuiNetworkPolicy: updateUidState uid = 10079, uidState = 3
06-19 18:35:04.503  1880  1880 W System  : ClassLoader referenced unknown path: /system/framework/global-miui11-empty.jar
06-19 18:35:04.538  1880  1880 I Perf    : Connecting to perf service.
06-19 18:35:04.546  1880  1880 D NetworkSecurityConfig: Using Network Security Config from resource network_security_config debugBuild: false
06-19 18:35:04.547  1880  1880 D NetworkSecurityConfig: Using Network Security Config from resource network_security_config debugBuild: false
06-19 18:35:04.565  1880  1880 D WM-WrkMgrInitializer: Initializing WorkManager with default configuration.
06-19 18:35:04.573  1880  1880 I TetheringManager: registerTetheringEventCallback:com.miui.weather2
06-19 18:35:04.590   988   988 I ANDR-PERF-LM: LMPerfGlue: perfmodule_submit_request() 132: perfmodule_submit_request()
06-19 18:35:04.590   988   988 I ANDR-PERF-LM: Core: getInstance() 84: LM getInstance
06-19 18:35:04.590   988   988 D ANDR-PERF-LM: Feature: lookup() 101: Feature Name = AppClassifier, total featuers = 4, featureFound = 1
06-19 18:35:04.590   988   988 D ANDR-PERF-LM: Feature: getData() 112: data.data = 1
06-19 18:35:04.590   988   988 I ANDR-PERF-LM: FeedbackAPI: getFeedback() 60: app:com.miui.weather2 feature:AppClassifier feedback = 1
06-19 18:35:04.602  1880  1935 W Wth2:ServiceJob: check() execute too fast, saveDate=1655655735124,now=1655656504601,interval=3600000
06-19 18:35:04.605  1880  1938 D Wth2:DiskStringCache: getString() key=9899aaad8f9997a9976155ac92a1a59b71ab57989aa2a4a39d9aa397a9566a577d96a29e989f9261507ba7a096f9e697576158949ea4af7d945770576a67636c61668f636c5e6e696c586157999aa9a984959d9a586f5885aa9b93a191569895a1567897a796a39af8e197a05261589ba5a79a9992a8a477a599a8586f915757935d5796a5a6959897a8aa7996afa59e9d9b8b9596aa9d9ba789afa19aa3586e8b575861586957625369526256645762576a57615865578d625696a4a89a9996a8aa7f9e979ea8879a97a99e9aa78aaaa595a9566a905857625768585d5763586052685861586657625366529360529ba5a79b9896a9a58995a3a495a797a9aba79a7e9a9c98a9566a9058576257666d5361526769526158666e576158626e5262566265589262579ba5a39a9397a7a4899ba2a69aa797a5aaa29b809faca957709057585d576169565c5767695861576765575c586563576257676a57935d579c97a899a9ab999b576f5865675e6c6461576257a2a49897a59a76a295975770656257a1a59f9c99aaa9949a586f58626d646a6867586052a99ba2a69aa797a5aaa29b566a57676c586157ad9696a49e99a289afa59b576f586257ad#currentTimeMillis=1655656504605
06-19 18:35:04.703  1777  2185 D MIUIInput: [MotionEvent] publisher action=0x0, 167944741, channel '6273193 GestureStub (server)'
06-19 18:35:04.704  2821  3022 D NavStubView: onTouchEvent: action=0, count=1
06-19 18:35:04.704  2821  3022 D NavStubView: onTouch ACTION_DOWN sendMessageDelayed MSG_CHECK_GESTURE_STUB_TOUCHABLE
06-19 18:35:04.705  1777  2278 W SchedBoost: SchedBoost continue: proc: 2821/3024
06-19 18:35:04.712   988   988 I ANDR-PERF-LM: LMPerfGlue: perfmodule_submit_request() 132: perfmodule_submit_request()
06-19 18:35:04.712   988   988 I ANDR-PERF-LM: Core: getInstance() 84: LM getInstance
06-19 18:35:04.712   988   988 D ANDR-PERF-LM: Feature: lookup() 101: Feature Name = AppClassifier, total featuers = 4, featureFound = 1
06-19 18:35:04.712   988   988 D ANDR-PERF-LM: Feature: getData() 112: data.data = 1
06-19 18:35:04.712   988   988 I ANDR-PERF-LM: FeedbackAPI: getFeedback() 60: app:com.miui.home feature:AppClassifier feedback = 1
06-19 18:35:04.713   988   988 I ANDR-PERF-LM: LMPerfGlue: perfmodule_submit_request() 132: perfmodule_submit_request()
06-19 18:35:04.713   988   988 I ANDR-PERF-LM: Core: getInstance() 84: LM getInstance
06-19 18:35:04.713   988   988 I ANDR-PERF-LM: WQ: push() 59: LMTriggerQ push() size=0
06-19 18:35:04.713   988   988 I ANDR-PERF-LM: WQ: push() 61: LMTriggerQ push() done size=1
06-19 18:35:04.713   988   988 I ANDR-PERF-LM: LMPerfGlue: perfmodule_submit_request() 132: perfmodule_submit_request()
06-19 18:35:04.713   988   988 I ANDR-PERF-LM: Core: getInstance() 84: LM getInstance
06-19 18:35:04.713   988   988 D ANDR-PERF-LM: Feature: lookup() 101: Feature Name = AppClassifier, total featuers = 4, featureFound = 1
06-19 18:35:04.713   988  1035 I ANDR-PERF-LM: WQ: pop() 42: LMTriggerQ pop() done size=0
06-19 18:35:04.713   988  1035 I ANDR-PERF-LM: Core: lmMain() 373: Waiting on trigger Queue
06-19 18:35:04.713   988  1035 I ANDR-PERF-LM: WQ: pop() 31: LMTriggerQ pop() size=0
06-19 18:35:04.713   988   988 D ANDR-PERF-LM: Feature: getData() 112: data.data = 1
06-19 18:35:04.713   988   988 I ANDR-PERF-LM: FeedbackAPI: getFeedback() 60: app:com.miui.home feature:AppClassifier feedback = 1
06-19 18:35:04.727  2821  3022 D NavStubView: onTouchEvent: action=2, count=1
06-19 18:35:04.728  2821  3072 D MiBridge: requestCpuHighFreq---- uid: 10091 level: 1 timeoutms:1000
06-19 18:35:04.728  1343  1356 W MiuiBooster: "MiuiBoosterService requestCpuHighFreq: 10091, 1, 1000"
06-19 18:35:04.728  1343  1356 W MiuiBooster: "requestCpuHighFreq,final level:1,final timeoutms:1000"
06-19 18:35:04.728  1343  1356 W MiuiBooster: "perf_hint_hc start"
06-19 18:35:04.728  1343  1356 W MiuiBooster: "big_core_value[level-1]:4095"
06-19 18:35:04.728  1343  1356 W MiuiBooster: "little_core_value[level-1]:4095"
06-19 18:35:04.729  2821  3022 D NavStubView: onPointEvent: rawX=555.0   rawY=2399.0   action=0   mIsInFsMode=false
06-19 18:35:04.729  1343  1356 W MiuiBooster: "perf_handle:158632"
06-19 18:35:04.729  2821  3072 D MiBridge: requestCpuHighFreq handle: 1
06-19 18:35:04.729  2821  3072 D Launcher_CPUBooster: boostCpuToMax:0
06-19 18:35:04.729  2821  3022 E RotationHelper: setCurrentTransitionRequest: request=2
06-19 18:35:04.729  2821  3022 E RotationHelper: notifyChange activityFlags=1, mMultiWindowRotationRequest=3, mCurrentTransitionRequest=2, mCurrentStateRequest=0
06-19 18:35:04.729  2821  3022 W RecentsModel: getRunningTaskContainHome
06-19 18:35:04.730  1777  1890 D WindowManager: onSwipeFromBottom getFScreenFlag-----false
06-19 18:35:04.731  2821  3022 W RecentsModel: getRunningTask   taskInfo=TaskInfo{userId=0 stackId=1 taskId=2 displayId=0 isRunning=true baseIntent=Intent { act=android.intent.action.MAIN cat=[android.intent.category.HOME] flg=0x10800100 cmp=com.miui.home/.launcher.Launcher } baseActivity=ComponentInfo{com.miui.home/com.miui.home.launcher.Launcher} topActivity=ComponentInfo{com.miui.home/com.miui.home.launcher.Launcher} origActivity=null realActivity=ComponentInfo{com.miui.home/com.miui.home.launcher.Launcher} numActivities=1 lastActiveTime=457038185 supportsSplitScreenMultiWindow=true resizeMode=2 isResizeable=true token=android.window.WindowContainerToken@893dd71 topActivityType=2 pictureInPictureParams=null topActivityInfo=ActivityInfo{a4eb0eb com.miui.home.launcher.Launcher}
06-19 18:35:04.731  2821  3022 W RecentsModel: getTaskInfoIgnoreFreeform   taskInfo=ComponentInfo{com.miui.home/com.miui.home.launcher.Launcher}
06-19 18:35:04.731  2821  3022 D NavStubView: current window mode:1 (1:home, 2:app, 3:recent-task, 4:keyguard)
06-19 18:35:04.732  2821  3022 D EventBus: No subscribers registered for event class com.miui.home.launcher.common.messages.CloseAllOverLauncherWindowMessage
06-19 18:35:04.732  2821  3022 D EventBus: No subscribers registered for event class org.greenrobot.eventbus.NoSubscriberEvent
06-19 18:35:04.732  2821  3022 D NavStubView: onPointEvent: rawX=571.4397   rawY=2306.9456   action=2   mIsInFsMode=false
06-19 18:35:04.733  2821  3022 W GestureStateMachine: InitState msg=1
06-19 18:35:04.733  2821  3022 W GestureStateMachine: HomeDragState msg=3
06-19 18:35:04.733  2821  3022 W GestureStateMachine: HomeDragState msg=2
06-19 18:35:04.733  2821  2821 E Launcher: changeViewByFsGestureState,  view=ShortcutMenuLayer,  alpha=1.0,  scale=0.98322004
06-19 18:35:04.733  2821  3021 I Launcher: notifyPowerKeeperGesture status: gesture_start
06-19 18:35:04.736  2425  2425 V ShadeControllerImpl: NotificationShadeWindow: com.android.systemui.statusbar.phone.NotificationShadeWindowView{eb3c93c I.E...... ......ID 0,0-1080,2400} canPanelBeCollapsed(): false
06-19 18:35:04.737  2425  2425 I vol.MiuiVolumeDialogImp-plugin: dismissH mShowing:false dialog showing:false reason:2
06-19 18:35:04.744  2821  3022 D NavStubView: onTouchEvent: action=2, count=1
06-19 18:35:04.745  2821  3022 D NavStubView: onPointEvent: rawX=613.3096   rawY=2136.5464   action=2   mIsInFsMode=false
06-19 18:35:04.745  2821  3022 W GestureStateMachine: HomeDragState msg=3
06-19 18:35:04.745  2821  2821 E Launcher: changeViewByFsGestureState,  view=ShortcutMenuLayer,  alpha=1.0,  scale=0.9558265
06-19 18:35:04.747  2821  2977 E StateBroadcastUtils: sendFsStateBroadCast state=crossSafeArea   channel=gesture   packageName=
06-19 18:35:04.749  2821  3022 W GestureStateMachine: HomeDragState msg=2
06-19 18:35:04.760  2821  3022 D NavStubView: onTouchEvent: action=2, count=1
06-19 18:35:04.761  2821  3022 D NavStubView: onPointEvent: rawX=640.3603   rawY=2049.502   action=2   mIsInFsMode=false
06-19 18:35:04.761  2821  3022 W GestureStateMachine: HomeDragState msg=3
06-19 18:35:04.761  2821  2821 E Launcher: changeViewByFsGestureState,  view=ShortcutMenuLayer,  alpha=1.0,  scale=0.94341195
06-19 18:35:04.765  2821  3022 W GestureStateMachine: HomeDragState msg=2
06-19 18:35:04.777  2821  3022 D NavStubView: onTouchEvent: action=2, count=1
06-19 18:35:04.778  2821  3022 D NavStubView: onPointEvent: rawX=652.1626   rawY=2028.0624   action=2   mIsInFsMode=false
06-19 18:35:04.778  2821  3022 W GestureStateMachine: HomeDragState msg=3
06-19 18:35:04.779  2821  2821 E Launcher: changeViewByFsGestureState,  view=ShortcutMenuLayer,  alpha=1.0,  scale=0.94051105
06-19 18:35:04.782  2821  3022 W GestureStateMachine: HomeDragState msg=2
06-19 18:35:04.795  2821  3022 D NavStubView: onTouchEvent: action=2, count=1
06-19 18:35:04.800  2821  3022 D NavStubView: onPointEvent: rawX=659.6552   rawY=2013.8534   action=2   mIsInFsMode=false
06-19 18:35:04.801  2821  3022 W GestureStateMachine: HomeDragState msg=3
06-19 18:35:04.801  2821  3022 W GestureStateMachine: HomeDragState msg=2
06-19 18:35:04.801  2821  2821 E Launcher: changeViewByFsGestureState,  view=ShortcutMenuLayer,  alpha=1.0,  scale=0.93862194
06-19 18:35:04.810  2821  3022 D NavStubView: onTouchEvent: action=2, count=1
06-19 18:35:04.810  2821  3022 D NavStubView: onPointEvent: rawX=667.79126   rawY=1999.6152   action=2   mIsInFsMode=false
06-19 18:35:04.812  2821  3022 W GestureStateMachine: HomeDragState msg=3
06-19 18:35:04.812  2821  2821 E Launcher: changeViewByFsGestureState,  view=ShortcutMenuLayer,  alpha=1.0,  scale=0.9367555
06-19 18:35:04.817  2821  3022 W GestureStateMachine: HomeDragState msg=2
06-19 18:35:04.827  2821  3022 D NavStubView: onTouchEvent: action=2, count=1
06-19 18:35:04.828  2821  3022 D NavStubView: onPointEvent: rawX=675.7734   rawY=1986.8398   action=2   mIsInFsMode=false
06-19 18:35:04.828  2821  3022 W GestureStateMachine: HomeDragState msg=3
06-19 18:35:04.829  2821  2821 E Launcher: changeViewByFsGestureState,  view=ShortcutMenuLayer,  alpha=1.0,  scale=0.93510324
06-19 18:35:04.834  2821  3022 W GestureStateMachine: HomeDragState msg=2
06-19 18:35:04.844  2821  3022 D NavStubView: onTouchEvent: action=2, count=1
06-19 18:35:04.844  2821  3022 D NavStubView: onPointEvent: rawX=680.3619   rawY=1975.0953   action=2   mIsInFsMode=false
06-19 18:35:04.845  2821  3022 W GestureStateMachine: HomeDragState msg=3
06-19 18:35:04.845  2821  2821 E Launcher: changeViewByFsGestureState,  view=ShortcutMenuLayer,  alpha=1.0,  scale=0.933603
06-19 18:35:04.850  2821  3022 W GestureStateMachine: HomeDragState msg=2
06-19 18:35:04.860  2821  3022 D NavStubView: onTouchEvent: action=2, count=1
06-19 18:35:04.861  2821  3022 D NavStubView: onPointEvent: rawX=683.22156   rawY=1968.5569   action=2   mIsInFsMode=false
06-19 18:35:04.861  2821  3022 W GestureStateMachine: HomeDragState msg=3
06-19 18:35:04.861  2821  2821 E Launcher: changeViewByFsGestureState,  view=ShortcutMenuLayer,  alpha=1.0,  scale=0.93277544
06-19 18:35:04.867  2821  3022 W GestureStateMachine: HomeDragState msg=2
06-19 18:35:04.877  2821  3022 D NavStubView: onTouchEvent: action=2, count=1
06-19 18:35:04.878  2821  3022 D NavStubView: onPointEvent: rawX=685.187   rawY=1964.626   action=2   mIsInFsMode=false
06-19 18:35:04.878  2821  3022 W GestureStateMachine: HomeDragState msg=3
06-19 18:35:04.878  2821  2821 E Launcher: changeViewByFsGestureState,  view=ShortcutMenuLayer,  alpha=1.0,  scale=0.93228054
06-19 18:35:04.883  2821  3022 W GestureStateMachine: HomeDragState msg=2
06-19 18:35:04.883  2821  3022 W GestureStateMachine: HomeTaskHoldState enter
06-19 18:35:04.894  2821  3022 D NavStubView: onTouchEvent: action=2, count=1
06-19 18:35:04.895  2821  3022 D NavStubView: onPointEvent: rawX=685.0   rawY=1961.8052   action=2   mIsInFsMode=false
06-19 18:35:04.895  2821  3022 W GestureStateMachine: HomeTaskHoldState msg=3
06-19 18:35:04.895  2821  2821 D NavStubView: enterHomeHoldState
06-19 18:35:04.895  2821  2821 D StateManager: goToState  state=OverviewState   anim=false
06-19 18:35:04.895  2821  2821 D StateManager: LauncherState changed, from com.miui.home.launcher.LauncherState@f3d5762 to com.miui.home.recents.OverviewState@58a40f3
06-19 18:35:04.895  2821  2821 E OverviewState: onStateEnabled
06-19 18:35:04.898  2821  2821 E ActivityManagerWrapper: getRecentTasks: size=3
06-19 18:35:04.898  2821  2821 E ActivityManagerWrapper: getRecentTasks: taskId=920   userId=0   baseIntent=Intent { flg=0x10000000 cmp=es.udc.DDM.Grupo3DDM/com.epicgames.ue4.SplashActivity }
06-19 18:35:04.898  2821  2821 E ActivityManagerWrapper: getRecentTasks: taskId=919   userId=0   baseIntent=Intent { act=android.intent.action.MAIN cat=[android.intent.category.LAUNCHER] flg=0x10200000 cmp=com.twitter.android/.StartActivity }
06-19 18:35:04.898  2821  2821 E ActivityManagerWrapper: getRecentTasks: taskId=918   userId=0   baseIntent=Intent { act=android.intent.action.MAIN cat=[android.intent.category.LAUNCHER] flg=0x10200000 cmp=org.telegram.messenger/org.telegram.ui.LaunchActivity }
06-19 18:35:04.899  2821  3022 W GestureStateMachine: HomeTaskHoldState msg=2
06-19 18:35:04.911  2821  3022 D NavStubView: onTouchEvent: action=2, count=1
06-19 18:35:04.911  2821  3022 D NavStubView: onPointEvent: rawX=685.0   rawY=1960.5   action=2   mIsInFsMode=false
06-19 18:35:04.911  2821  3022 W GestureStateMachine: HomeTaskHoldState msg=3
06-19 18:35:04.915  2821  3022 W GestureStateMachine: HomeTaskHoldState msg=2
06-19 18:35:04.927  2821  3022 D NavStubView: onTouchEvent: action=2, count=1
06-19 18:35:04.928  2821  3022 D NavStubView: onPointEvent: rawX=685.0   rawY=1962.0   action=2   mIsInFsMode=false
06-19 18:35:04.928  2821  3022 W GestureStateMachine: HomeTaskHoldState msg=3
06-19 18:35:04.931  2821  3022 W GestureStateMachine: HomeTaskHoldState msg=2
06-19 18:35:04.936  1777  2185 D MIUIInput: [MotionEvent] publisher action=0x1, 167944974, channel '6273193 GestureStub (server)'
06-19 18:35:04.937  2821  3022 D NavStubView: onTouchEvent: action=2, count=1
06-19 18:35:04.937  2821  3022 D NavStubView: onTouchEvent: action=1, count=1
06-19 18:35:04.937  2821  3022 D NavStubView: ACTION_UP: mIsGestureStarted: true
06-19 18:35:04.937  2821  3022 D NavStubView: onPointEvent: rawX=685.0   rawY=1962.0   action=2   mIsInFsMode=false
06-19 18:35:04.937  2821  3022 D NavStubView: onPointEvent: rawX=685.0   rawY=1962.0   action=1   mIsInFsMode=false
06-19 18:35:04.937  2821  3022 D NavStubView: isFastPullUp  mPivotLocY=2198   mFollowTailY=2207.708   TAIL_GAP=25   vx=-0.073572025   vy=0.14716741
06-19 18:35:04.937  2821  3022 W GestureStateMachine: HomeTaskHoldState msg=3
06-19 18:35:04.937  2821  3022 W GestureStateMachine: HomeTaskHoldState msg=10
06-19 18:35:04.937  2821  3022 D NavStubView: performHomeToRecents
06-19 18:35:04.937  2821  3022 D NavStubView: ===>>>finalization executed from: startHomeAnimation
06-19 18:35:04.937  2821  3022 E RotationHelper: setCurrentTransitionRequest: request=0
06-19 18:35:04.937  2821  3022 E RotationHelper: notifyChange activityFlags=1, mMultiWindowRotationRequest=3, mCurrentTransitionRequest=0, mCurrentStateRequest=0
06-19 18:35:04.938   988   988 I ANDR-PERF-LM: LMPerfGlue: perfmodule_submit_request() 132: perfmodule_submit_request()
06-19 18:35:04.939   988   988 I ANDR-PERF-LM: Core: getInstance() 84: LM getInstance
06-19 18:35:04.939   988   988 D ANDR-PERF-LM: Feature: lookup() 101: Feature Name = AppClassifier, total featuers = 4, featureFound = 1
06-19 18:35:04.939   988   988 D ANDR-PERF-LM: Feature: getData() 112: data.data = 1
06-19 18:35:04.939   988   988 I ANDR-PERF-LM: FeedbackAPI: getFeedback() 60: app:com.miui.home feature:AppClassifier feedback = 1
06-19 18:35:04.939  2821  2821 D TaskView: TaskView bind task, task=[id=918 stackId=918 windowingMode=1 user=0 lastActiveTime=456955183, component=ComponentInfo{org.telegram.messenger/org.telegram.ui.LaunchActivity}] Telegram, isLock=false
06-19 18:35:04.939   988   988 I ANDR-PERF-LM: LMPerfGlue: perfmodule_submit_request() 132: perfmodule_submit_request()
06-19 18:35:04.939   988   988 I ANDR-PERF-LM: Core: getInstance() 84: LM getInstance
06-19 18:35:04.939   988   988 I ANDR-PERF-LM: WQ: push() 59: LMTriggerQ push() size=0
06-19 18:35:04.939   988   988 I ANDR-PERF-LM: WQ: push() 61: LMTriggerQ push() done size=1
06-19 18:35:04.939   988  1035 I ANDR-PERF-LM: WQ: pop() 42: LMTriggerQ pop() done size=0
06-19 18:35:04.939   988  1035 I ANDR-PERF-LM: Core: lmMain() 373: Waiting on trigger Queue
06-19 18:35:04.939   988  1035 I ANDR-PERF-LM: WQ: pop() 31: LMTriggerQ pop() size=0
06-19 18:35:04.940  2821  2821 D TaskView: TaskView bind task, task=[id=919 stackId=919 windowingMode=1 user=0 lastActiveTime=456961131, component=ComponentInfo{com.twitter.android/com.twitter.android.StartActivity}] Twitter, isLock=false
06-19 18:35:04.940  2821  2821 D TaskView: TaskView bind task, task=[id=920 stackId=920 windowingMode=1 user=0 lastActiveTime=457036640, component=ComponentInfo{es.udc.DDM.Grupo3DDM/com.epicgames.ue4.SplashActivity}] Grupo3DDM, isLock=false
06-19 18:35:04.940   988   988 I ANDR-PERF-LM: LMPerfGlue: perfmodule_submit_request() 132: perfmodule_submit_request()
06-19 18:35:04.940   988   988 I ANDR-PERF-LM: Core: getInstance() 84: LM getInstance
06-19 18:35:04.940   988   988 D ANDR-PERF-LM: Feature: lookup() 101: Feature Name = AppClassifier, total featuers = 4, featureFound = 1
06-19 18:35:04.940  2821  2821 D TaskView: TaskView bind task, task=[id=920 stackId=920 windowingMode=1 user=0 lastActiveTime=457036640, component=ComponentInfo{es.udc.DDM.Grupo3DDM/com.epicgames.ue4.SplashActivity}] Grupo3DDM, isLock=false
06-19 18:35:04.940   988   988 D ANDR-PERF-LM: Feature: getData() 112: data.data = 1
06-19 18:35:04.940   988   988 I ANDR-PERF-LM: FeedbackAPI: getFeedback() 60: app:com.miui.home feature:AppClassifier feedback = 1
06-19 18:35:04.940  2821  2821 D TaskView: TaskView bind task, task=[id=919 stackId=919 windowingMode=1 user=0 lastActiveTime=456961131, component=ComponentInfo{com.twitter.android/com.twitter.android.StartActivity}] Twitter, isLock=false
06-19 18:35:04.940  2821  2821 D TaskView: TaskView bind task, task=[id=918 stackId=918 windowingMode=1 user=0 lastActiveTime=456955183, component=ComponentInfo{org.telegram.messenger/org.telegram.ui.LaunchActivity}] Telegram, isLock=false
06-19 18:35:04.941   988   988 I ANDR-PERF-LM: LMPerfGlue: perfmodule_submit_request() 132: perfmodule_submit_request()
06-19 18:35:04.941   988   988 I ANDR-PERF-LM: Core: getInstance() 84: LM getInstance
06-19 18:35:04.941   988   988 I ANDR-PERF-LM: WQ: push() 59: LMTriggerQ push() size=0
06-19 18:35:04.941   988   988 I ANDR-PERF-LM: WQ: push() 61: LMTriggerQ push() done size=1
06-19 18:35:04.941   988  1035 I ANDR-PERF-LM: WQ: pop() 42: LMTriggerQ pop() done size=0
06-19 18:35:04.941   988  1035 I ANDR-PERF-LM: Core: lmMain() 373: Waiting on trigger Queue
06-19 18:35:04.941   988  1035 I ANDR-PERF-LM: WQ: pop() 31: LMTriggerQ pop() size=0
06-19 18:35:04.941   988   988 I ANDR-PERF-LM: LMPerfGlue: perfmodule_submit_request() 132: perfmodule_submit_request()
06-19 18:35:04.941   988   988 I ANDR-PERF-LM: Core: getInstance() 84: LM getInstance
06-19 18:35:04.941   988   988 D ANDR-PERF-LM: Feature: lookup() 101: Feature Name = AppClassifier, total featuers = 4, featureFound = 1
06-19 18:35:04.941   988   988 D ANDR-PERF-LM: Feature: getData() 112: data.data = 1
06-19 18:35:04.941   988   988 I ANDR-PERF-LM: FeedbackAPI: getFeedback() 60: app:com.miui.home feature:AppClassifier feedback = 1
06-19 18:35:04.941  1777  3143 W ActivityHelper: Unable to access /d/ion/heaps/system: No such file or directory
06-19 18:35:04.941  1777  3143 W ActivityHelper: Unable to access /d/ion/ion_mm_heap: No such file or directory
06-19 18:35:04.942  2821  3033 D RecentsContainer: getFreeMemory:3478890496
06-19 18:35:04.942  2821  2977 E StateBroadcastUtils: sendFsStateBroadCast state=toRecents   channel=gesture   packageName=
06-19 18:35:04.942  2821  2977 D RecentsContainer: notifyRecentTaskState: true
06-19 18:35:04.943  2821  2821 E RotationHelper: setCurrentStateRequest: request=1
06-19 18:35:04.943  2821  2821 E RotationHelper: notifyChange activityFlags=1, mMultiWindowRotationRequest=3, mCurrentTransitionRequest=0, mCurrentStateRequest=1
06-19 18:35:04.943  2821  2821 D EventBus: No subscribers registered for event class com.miui.home.launcher.common.messages.CloseAllOverLauncherWindowMessage
06-19 18:35:04.943  2821  2821 D EventBus: No subscribers registered for event class org.greenrobot.eventbus.NoSubscriberEvent
06-19 18:35:04.943  2821  2821 E StateManager: setWorkspaceProperty  state=OverviewState
06-19 18:35:04.943  2821  2821 E RecentsViewStateController: setState: state=OverviewState
06-19 18:35:04.943  2821  2821 E OverviewState: onStateTransitionEnd
06-19 18:35:04.943  2821  2821 E RotationHelper: setCurrentStateRequest: request=1
06-19 18:35:04.943  2821  2821 D NavStubView: startHomeFadeOutAnim
06-19 18:35:04.944  2821  2821 E Launcher: changeViewByFsGestureState,  view=ShortcutMenuLayer,  alpha=1.0,  scale=0.93195105
06-19 18:35:04.944  2821  2821 W RecentsImpl: updateFsgWindowVisibilityState   isEnter=true   typeFrom=typefrom_home   isOpen=true   mIsInAnotherPro=false   mIsStatusBarExpansion=false
06-19 18:35:04.944  2821  2821 E Launcher: changeViewByFsGestureState,  view=ShortcutMenuLayer,  alpha=1.0,  scale=0.93195105
06-19 18:35:04.944  2821  3022 D RecentsImpl: showNavStubView
06-19 18:35:04.944  2821  2821 D RecentsContainer: onMeasure, rotation=0
06-19 18:35:04.944  2821  3021 D RecentsImpl: showBackStubWindow  mHasNavigationBar=true   mDisabledByDriveMode=false
06-19 18:35:04.944  2821  3021 W GestureStubView: adaptRotation   currentRotation=0   mRotation=0
06-19 18:35:04.944  2821  2821 D RecentsContainer: rotateRecentsContainer, recentsRotation=0, widthAndHeight=[1080, 2400]
06-19 18:35:04.944  2821  2821 D TaskStackLayoutAlgorithm: initialize: windowRect=Rect(0, 0 - 1080, 2400), mVisualRotationSystemInsets=Rect(0, 102 - 0, 0), mTaskStackViewRect=Rect(0, 102 - 1080, 2400), mTaskViewRect=Rect(306, 102 - 774, 1253)
06-19 18:35:04.944  2821  2821 D TaskStackLayoutAlgorithm: initialize: windowRect=Rect(0, 0 - 1080, 2400), mVisualRotationSystemInsets=Rect(0, 102 - 0, 0), mTaskStackViewRect=Rect(0, 102 - 1080, 2400), mTaskViewRect=Rect(306, 102 - 774, 1253)
06-19 18:35:04.945  2821  3021 D GestureStubView: resetRenderProperty: showGestureStub
06-19 18:35:04.945  2821  3021 D GestureStubView: showGestureStub
06-19 18:35:04.945  2821  3021 W GestureStubView: adaptRotation   currentRotation=0   mRotation=0
06-19 18:35:04.945  2821  3021 D GestureStubView: resetRenderProperty: showGestureStub
06-19 18:35:04.945  2821  3021 D GestureStubView: showGestureStub
06-19 18:35:04.946   992 32092 I vendor.qti.hardware.servicetracker@1.2-service: destroyService is called for service : com.xiaomi.mipicks/com.xiaomi.mipush.sdk.PushMessageHandler
06-19 18:35:04.947  2821  2977 D StatusBarController: handleMessage: flag 800000  disable true
06-19 18:35:04.952  2821  3023 D MiuiMultiWindowUtils: readFreeformTimestamps::str = ["{com.discord=[1652693915115]}"]
06-19 18:35:04.952  2821  3023 D MiuiMultiWindowUtils: readFreeformTimestamps::result = {com.discord=[1652693915115]}
06-19 18:35:04.952  1777  2583 D MiuiMultiWindowAdapter: MiuiMultiWindowAdapter::getFreeformBlackList::sSmallWindowBlackList = [com.miui.securitycenter, com.miui.miservice, com.xiaomi.calendar, com.miui.mishare.connectivity, com.android.settings, com.android.printspooler, com.miui.backup, com.miui.huanji, com.miui.calculator, com.android.thememanager, com.mfashiongallery.emag, com.miui.virtualsim, com.miui.smarttravel, com.mi.health, com.android.camera, com.lbe.security.miui, com.miui.cleanmaster, com.miui.newhome, com.miui.voiceassist, com.android.phone, com.miui.yellowpage, com.android.updater, com.miui.tsmclient, com.miui.securitycore, com.xiaomi.account, com.xiaomi.shop, com.mipay.wallet, com.xiaomi.youpin, com.xiaomi.hm.health, com.miui.bugreport, com.xiaomi.mibrain.speech, com.xiaomi.mimoji, com.xiaomi.scanner, com.duokan.phone.remotecontroller, com.miui.hybrid, com.miui.video, com.miui.videoplayer, com.miui.fm, com.miui.packageinstaller, com.mi.android.globallauncher, com.mi.android.globallauncher-poco, com.google.android.dialer, com.google.android.apps.magazines, com.miui.compass, com.miui.greenguard, com.kiteguard, com.google.android.apps.prodcasts, com.google.ar.lens, com.xiangkan.android, com.android.bankabc, com.sohu.inputmethod.sogou, com.tencent.mtt, com.shyz.toutiao, com.netease.mc.mi, com.outfit7.talkingtomgoldrun.mi, com.doudz.mi, com.wepie.snake.new.mi, cn.jj, com.standddz002.mi, com.miHoYo.bh3.mi, com.qqgame.hlddz, com.happyelements.AndroidAnimal, com.minitech.miniworld.TMobile.mi, com.mfp.jelly.xiaomi, com.lilithgames.afk.mi, com.tencent.peng, com.teenpatti.hd.gold, blockpuzzle.jewelgames.jewelslegend, com.playgendary.tanks, com.chillingo.robberybobfree.android.row, com.episodeinteractive.android.catalog, com.playrix.township, com.ansangha.drdriving, com.google.android.youtube, com.gbits.atm.mi, com.tencent.tetris, com.sukhavati.gotoplaying.bubble.BubbleShooter.mint, com.block.puzzle.game.hippo.mi, com.youzu.bs.mi, com.baidu.BaiduMap, com.google.android.googlequicksearchbox, com.appsomniacs.da2, com.android.stk, com.feiyu.carrot3.mi, com.popcap.pvz2cthdxm, com.mxtech.videoplayer.ad, cn.cisc, com.kiloo.subwaysurf, com.cncyj.mostbrain, pdf.tap.scanner, com.og.ttddz.mi, com.ximalaya.ting.lite, com.google.android.apps.podcasts, com.google.android.apps.googleassistant, com.netease.onmyoji.mi, com.netease.onmyoji.bili, com.netease.mrzh.mi, com.netease.mrzh.bili, com.tencent.tmgp.yys.zqb, com.google.android.gm, com.google.android.calendar, com.android.chrome, com.google.android.apps.youtube.music, com.netease.pes.huawei, com.netease.pes.mi, com.netease.pes.bili, com.flyfish.supermario, com.picsart.studio, com.netease.dwrg.mi, com.netease.dwrg.bili, com.netease.dwrg.nearme.gamecenter, com.netease.dwrg, com.netease.dwrg.huawei, com.tencent.tmgp.dwrg, com.netease.dwrg.m4399, com.netease.dwrg.mz, com.netease.dwrg.aligames, com.netease.dwrg.baidu, com.netease.dwrg.qihoo, com.moji.mjweather, com.tencent.tmgp.kof98, com.netease.onmyoji, com.taobao.idlefish, com.ledou.mhhy.mi, com.hzfy.ddzbs.mi, com.qsmy.walkmonkey, com.fy.bzzbc.mi, com.dw.xprqj.mi, com.miui.accessibility, com.ymt.nbaftx.mi]
06-19 18:35:04.712  1777  2278 I chatty  : uid=1000(system) SchedBoostServi identical 1 line
06-19 18:35:04.940  1777  2278 W SchedBoost: SchedBoost continue: proc: 2821/3024
06-19 18:35:04.958  1777  2583 E IntervalStats: Unable to parse usage stats package 193
06-19 18:35:04.959  1777  2583 E IntervalStats: Unable to parse usage stats package 519
06-19 18:35:04.960  2821  2821 E Launcher: changeViewByFsGestureState,  view=ShortcutMenuLayer,  alpha=0.8095575,  scale=0.8972998
06-19 18:35:04.961  2821  2821 D RecentsContainer: onMeasure, rotation=0
06-19 18:35:04.961  2821  2821 D RecentsContainer: rotateRecentsContainer, recentsRotation=0, widthAndHeight=[1080, 2400]
06-19 18:35:04.969  2821  3021 D GestureStubView: gatherTransparentRegion: need render w:54  h:1440
06-19 18:35:04.973  2821  3021 D GestureStubView: gatherTransparentRegion: need render w:54  h:1440
06-19 18:35:04.977  2821  2821 E Launcher: changeViewByFsGestureState,  view=ShortcutMenuLayer,  alpha=0.6449725,  scale=0.86735344
06-19 18:35:04.980  2337  2431 D HomeWallpaperRenderer: OFFSET  x: 0.0  y: 0.0
06-19 18:35:04.981   992 32092 I vendor.qti.hardware.servicetracker@1.2-service: destroyService is called for service : com.xiaomi.mipicks/com.xiaomi.mipush.sdk.MessageHandleService
06-19 18:35:04.987  1777  2208 I MiuiNetworkPolicy: updateUidState uid = 10122, uidState = 19
06-19 18:35:04.994  2821  2821 E Launcher: changeViewByFsGestureState,  view=ShortcutMenuLayer,  alpha=0.50435835,  scale=0.8417685
06-19 18:35:04.996  2337  2431 D HomeWallpaperRenderer: OFFSET  x: 0.0  y: 0.0
06-19 18:35:05.011  2821  2821 E Launcher: changeViewByFsGestureState,  view=ShortcutMenuLayer,  alpha=0.39222318,  scale=0.8213654
06-19 18:35:05.012  2337  2431 D HomeWallpaperRenderer: OFFSET  x: 0.0  y: 0.0
06-19 18:35:05.027  2821  2821 E Launcher: changeViewByFsGestureState,  view=ShortcutMenuLayer,  alpha=0.292755,  scale=0.80326706
06-19 18:35:05.029  2337  2431 D HomeWallpaperRenderer: OFFSET  x: 0.0  y: 0.0
06-19 18:35:05.036  1777  1789 W System  : A resource failed to call release. 
06-19 18:35:05.036  1777  1789 W System  : A resource failed to call release. 
06-19 18:35:05.036  1777  1789 W System  : A resource failed to call close. 
06-19 18:35:05.036  1777  1789 W System  : A resource failed to call release. 
06-19 18:35:05.036  1777  1789 W System  : A resource failed to call release. 
06-19 18:35:05.036  1777  1789 W System  : A resource failed to call close. 
06-19 18:35:05.036  1777  1789 W System  : A resource failed to call release. 
06-19 18:35:05.036  1777  1789 W System  : A resource failed to call dispose. 
06-19 18:35:05.044  2821  2821 E Launcher: changeViewByFsGestureState,  view=ShortcutMenuLayer,  alpha=0.21170866,  scale=0.78852063
06-19 18:35:05.046  1777  2185 D MIUIInput: [MotionEvent] publisher action=0x4, 167945083, channel '287ba9b LauncherMinusOneScreen (server)'
06-19 18:35:05.046  1777  2185 D MIUIInput: [MotionEvent] publisher action=0x0, 167945083, channel 'd8d2def com.miui.home/com.miui.home.launcher.Launcher (server)'
06-19 18:35:05.046  1777  2185 D MIUIInput: [MotionEvent] publisher action=0x0, 167945083, channel '9713dde com.miui.miwallpaper.wallpaperservice.MiuiKeyguardPictorialWallpaper (server)'
06-19 18:35:05.046  2821  2821 D EventBus: No subscribers registered for event class com.miui.home.launcher.common.messages.EndSpringAnimatorMessage
06-19 18:35:05.046  2821  2821 D EventBus: No subscribers registered for event class org.greenrobot.eventbus.NoSubscriberEvent
06-19 18:35:05.046  1777  2185 D MIUIInput: [MotionEvent] publisher action=0x0, 167945083, channel '89abd34 com.miui.miwallpaper.wallpaperservice.ImageWallpaper (server)'
06-19 18:35:05.047  2337  2431 D HomeWallpaperRenderer: OFFSET  x: 0.0  y: 0.0
06-19 18:35:05.048  2821  6474 D Launcher_dispatchTouchEvent_View: [motionEvent view:]   
06-19 18:35:05.048  2821  6474 D Launcher_dispatchTouchEvent_View: 35:05.047 View=com.miui.home.recents.views.RecentsContainer{e1bc9c9 V.E...... .......D 0,0-1080,2400 #7f0a0185 app:id/recents_container}
06-19 18:35:05.048  2821  6474 D Launcher_dispatchTouchEvent_View: 35:05.047 View=android.widget.FrameLayout{181e392 V.E...... .......D 0,102-1080,2400 #7f0a0186 app:id/recents_decorations}
06-19 18:35:05.048  2821  6474 D Launcher_dispatchTouchEvent_View: 35:05.048 View=android.widget.LinearLayout{9dcc9db V.E...... .......D 0,1956-1080,2298 #7f0a0146 app:id/memoryAndClearContainer}
06-19 18:35:05.048  2821  6474 D Launcher_dispatchTouchEvent_View: 35:05.048 View=com.miui.home.recents.views.CircleAndTickAnimView{36e9f51 VFED..CL. ...P..ID 420,6-660,246 #7f0a008f app:id/clearAnimView}
06-19 18:35:05.048  1777  2278 W SchedBoost: SchedBoost continue: proc: 2821/3024
06-19 18:35:05.062  2821  2821 E Launcher: changeViewByFsGestureState,  view=ShortcutMenuLayer,  alpha=0.15056878,  scale=0.77739614
06-19 18:35:05.062  2821  3072 D MiBridge: requestCpuHighFreq---- uid: 10091 level: 1 timeoutms:400
06-19 18:35:05.063  1343  1356 W MiuiBooster: "MiuiBoosterService requestCpuHighFreq: 10091, 1, 400"
06-19 18:35:05.063  1343  1356 W MiuiBooster: "requestCpuHighFreq,final level:1,final timeoutms:400"
06-19 18:35:05.063  1343  1356 W MiuiBooster: "perf_hint_hc start"
06-19 18:35:05.063  1343  1356 W MiuiBooster: "big_core_value[level-1]:4095"
06-19 18:35:05.063  1343  1356 W MiuiBooster: "little_core_value[level-1]:4095"
06-19 18:35:05.064  1343  1356 W MiuiBooster: "perf_handle:158635"
06-19 18:35:05.064  2821  3072 D MiBridge: requestCpuHighFreq handle: 1
06-19 18:35:05.064  2821  3072 D Launcher_CPUBooster: boostCpuToMax:0
06-19 18:35:05.065  2337  2431 D HomeWallpaperRenderer: OFFSET  x: 0.0  y: 0.0
06-19 18:35:05.071  1777  2185 D MIUIInput: [MotionEvent] publisher action=0x1, 167945108, channel 'd8d2def com.miui.home/com.miui.home.launcher.Launcher (server)'
06-19 18:35:05.071  1777  2185 D MIUIInput: [MotionEvent] publisher action=0x1, 167945108, channel '9713dde com.miui.miwallpaper.wallpaperservice.MiuiKeyguardPictorialWallpaper (server)'
06-19 18:35:05.071  1777  2185 D MIUIInput: [MotionEvent] publisher action=0x1, 167945108, channel '89abd34 com.miui.miwallpaper.wallpaperservice.ImageWallpaper (server)'
06-19 18:35:05.072  2821  6474 D Launcher_dispatchTouchEvent: [motionEvent action:(rawX,rawY)]  35:05.048[0(531,0,2107,0)] 35:05.063[2(531,0,2107,0)] 35:05.072[1(531,0,2107,0)] 
06-19 18:35:05.073  1777  2583 W ActivityHelper: Unable to access /d/ion/heaps/system: No such file or directory
06-19 18:35:05.073  1777  2583 W ActivityHelper: Unable to access /d/ion/ion_mm_heap: No such file or directory
06-19 18:35:05.074  2821  2821 D RecentsContainer: getFreeMemory:3442817024
06-19 18:35:05.074  2821  2821 D TaskStackView: removeAllTask, cleanByRecents=true
06-19 18:35:05.074  2821  2821 D RecentsContainer: removeTask: [id=918 stackId=918 windowingMode=1 user=0 lastActiveTime=456955183, component=ComponentInfo{org.telegram.messenger/org.telegram.ui.LaunchActivity}] Telegram
06-19 18:35:05.074  2821  2821 D RecentsContainer: removeTask: [id=919 stackId=919 windowingMode=1 user=0 lastActiveTime=456961131, component=ComponentInfo{com.twitter.android/com.twitter.android.StartActivity}] Twitter
06-19 18:35:05.074  2821  2821 D RecentsContainer: removeTask: [id=920 stackId=920 windowingMode=1 user=0 lastActiveTime=457036640, component=ComponentInfo{es.udc.DDM.Grupo3DDM/com.epicgames.ue4.SplashActivity}] Grupo3DDM
06-19 18:35:05.075  2821  6474 D Launcher_Scrollto: [(rawX,rawY)|scrollX]  
06-19 18:35:05.075  2821  6474 D Launcher_dispatchTouchEvent: [motionEvent action:(rawX,rawY)]  35:05.075[1(531,0,2107,0)] 
06-19 18:35:05.076  2821  6474 D Launcher_Scrollto: [(rawX,rawY)|scrollX]  
06-19 18:35:05.076  1777  4346 I ProcessManager: Kill reason OneKeyClean from pid=2821
06-19 18:35:05.077  2821  2821 E Launcher: changeViewByFsGestureState,  view=ShortcutMenuLayer,  alpha=0.099897325,  scale=0.76817644
06-19 18:35:05.079  1777  4346 D ProcessManager: update DY:[com.miui.voip, com.google.android.inputmethod.latin, com.miui.mishare.connectivity]
06-19 18:35:05.079  1777  4346 D WindowProcessUtils: getPerceptibleRecentAppList: [com.miui.home]
06-19 18:35:05.079  1777  4346 D WindowProcessUtils: remove task: Task{284923c #920 visible=true type=standard mode=fullscreen translucent=true A=10513:es.udc.DDM.Grupo3DDM U=0 StackId=920 sz=0}
06-19 18:35:05.080  1777  4346 D WindowProcessUtils: remove task: Task{44dcf50 #919 visible=true type=standard mode=fullscreen translucent=true A=10255:com.twitter.android U=0 StackId=919 sz=1}
06-19 18:35:05.082   992 32092 I vendor.qti.hardware.servicetracker@1.2-service: Activity state is changed to : 7
06-19 18:35:05.083   992 32092 I chatty  : uid=1000(system) HwBinder:992_7 identical 1 line
06-19 18:35:05.083   992 32092 I vendor.qti.hardware.servicetracker@1.2-service: Activity state is changed to : 7
06-19 18:35:05.083   992 17258 I vendor.qti.hardware.servicetracker@1.2-service: Activity state is changed to : 8
06-19 18:35:05.083   992 17258 I vendor.qti.hardware.servicetracker@1.2-service: Activity state is changed to : 8
06-19 18:35:05.084  1777  4346 D WindowProcessUtils: remove task: Task{67db31f #918 visible=true type=standard mode=fullscreen translucent=true A=10253:org.telegram.messenger U=0 StackId=918 sz=1}
06-19 18:35:05.085   992 32092 I vendor.qti.hardware.servicetracker@1.2-service: Activity state is changed to : 7
06-19 18:35:05.085   992 32092 I chatty  : uid=1000(system) HwBinder:992_7 identical 1 line
06-19 18:35:05.085   992 32092 I vendor.qti.hardware.servicetracker@1.2-service: Activity state is changed to : 7
06-19 18:35:05.085   992 32092 I vendor.qti.hardware.servicetracker@1.2-service: Activity state is changed to : 8
06-19 18:35:05.085   992 32092 I vendor.qti.hardware.servicetracker@1.2-service: Activity state is changed to : 8
06-19 18:35:05.085  1777  4346 D WindowProcessUtils: remove task: Task{85cc6b9 #917 visible=true type=standard mode=fullscreen translucent=true A=1000:com.android.settings.singleTask U=0 StackId=917 sz=0}
06-19 18:35:05.086  1777  4346 I ProcessManager: mLruProcesses size=82
06-19 18:35:05.091  1777  1893 I ActivityManager: Killing 31334:com.google.android.apps.messaging/u0a208 (adj 925): empty #17
06-19 18:35:05.092  1777  1893 I Process : PerfMonitor : current process sending signal quiet. PID: 31334 SIG: 9
06-19 18:35:05.093  1777  1944 I Process : PerfMonitor : current process killing process group. PID: 31334
06-19 18:35:05.093   988   988 I ANDR-PERF-LM: LMPerfGlue: perfmodule_submit_request() 132: perfmodule_submit_request()
06-19 18:35:05.093   988   988 I ANDR-PERF-LM: Core: getInstance() 84: LM getInstance
06-19 18:35:05.093   988   988 I ANDR-PERF-LM: WQ: push() 59: LMTriggerQ push() size=0
06-19 18:35:05.093   988   988 I ANDR-PERF-LM: WQ: push() 61: LMTriggerQ push() done size=1
06-19 18:35:05.094   988  1035 I ANDR-PERF-LM: WQ: pop() 42: LMTriggerQ pop() done size=0
06-19 18:35:05.094   988  1035 I ANDR-PERF-LM: Core: lmMain() 381: Calling runAsync for PreKill
06-19 18:35:05.094  2821  2821 E Launcher: changeViewByFsGestureState,  view=ShortcutMenuLayer,  alpha=0.06209916,  scale=0.761299
06-19 18:35:05.095  1777  2208 I MiuiNetworkPolicy: updateUidState uid = 10255, uidState = 19
06-19 18:35:05.095   988  1035 I ANDR-PERF-LM: FeatureState: readState() 162: PreKill: DB: com.google.android.apps.messaging app state = 0
06-19 18:35:05.095   988  1035 I ANDR-PERF-LM: Core: lmMain() 391: runAsync for PreKill returned
06-19 18:35:05.095   988  1035 I ANDR-PERF-LM: Core: lmMain() 373: Waiting on trigger Queue
06-19 18:35:05.095   988  1035 I ANDR-PERF-LM: WQ: pop() 31: LMTriggerQ pop() size=0
06-19 18:35:05.095  1777  4346 I ProcessManager: OneKeyClean: kill com.twitter.android Adj=905 State=19
06-19 18:35:05.095  1777  4346 I ActivityManager: Killing 31825:com.twitter.android/u0a255 (adj 905): OneKeyClean
06-19 18:35:05.095  1777  4346 I Process : PerfMonitor : current process sending signal quiet. PID: 31825 SIG: 9
06-19 18:35:05.097   988   988 I ANDR-PERF-LM: LMPerfGlue: perfmodule_submit_request() 132: perfmodule_submit_request()
06-19 18:35:05.097   988   988 I ANDR-PERF-LM: Core: getInstance() 84: LM getInstance
06-19 18:35:05.097   988   988 I ANDR-PERF-LM: WQ: push() 59: LMTriggerQ push() size=0
06-19 18:35:05.097   988   988 I ANDR-PERF-LM: WQ: push() 61: LMTriggerQ push() done size=1
06-19 18:35:05.098   988  1035 I ANDR-PERF-LM: WQ: pop() 42: LMTriggerQ pop() done size=0
06-19 18:35:05.098   988  1035 I ANDR-PERF-LM: Core: lmMain() 381: Calling runAsync for PreKill
06-19 18:35:05.098   988  1035 I ANDR-PERF-LM: FeatureState: readState() 162: PreKill: DB: com.twitter.android app state = 0
06-19 18:35:05.098   988  1035 I ANDR-PERF-LM: Core: lmMain() 391: runAsync for PreKill returned
06-19 18:35:05.098   988  1035 I ANDR-PERF-LM: Core: lmMain() 373: Waiting on trigger Queue
06-19 18:35:05.098   988  1035 I ANDR-PERF-LM: WQ: pop() 31: LMTriggerQ pop() size=0
06-19 18:35:05.099  1777  4346 I ProcessManager: OneKeyClean: kill org.telegram.messenger Adj=701 State=16
06-19 18:35:05.102  2821  3023 D RecentsAndFSGestureUtils: getSuggestionList, size=58
06-19 18:35:05.103  1777  4346 I ActivityManager: Killing 31689:org.telegram.messenger/u0a253 (adj 701): OneKeyClean
06-19 18:35:05.103   992 17258 I vendor.qti.hardware.servicetracker@1.2-service: Activity state is changed to : 9
06-19 18:35:05.107  1777  4346 I Process : PerfMonitor : current process sending signal quiet. PID: 31689 SIG: 9
06-19 18:35:05.103   992 17258 I vendor.qti.hardware.servicetracker@1.2-service: Activity state is changed to : 9
06-19 18:35:05.108   988   988 I ANDR-PERF-LM: LMPerfGlue: perfmodule_submit_request() 132: perfmodule_submit_request()
06-19 18:35:05.108   988   988 I ANDR-PERF-LM: Core: getInstance() 84: LM getInstance
06-19 18:35:05.108   988   988 I ANDR-PERF-LM: WQ: push() 59: LMTriggerQ push() size=0
06-19 18:35:05.108   988   988 I ANDR-PERF-LM: WQ: push() 61: LMTriggerQ push() done size=1
06-19 18:35:05.108   988  1035 I ANDR-PERF-LM: WQ: pop() 42: LMTriggerQ pop() done size=0
06-19 18:35:05.108   988  1035 I ANDR-PERF-LM: Core: lmMain() 381: Calling runAsync for PreKill
06-19 18:35:05.108   988  1035 I ANDR-PERF-LM: FeatureState: readState() 162: PreKill: DB: org.telegram.messenger app state = 0
06-19 18:35:05.108   988  1035 I ANDR-PERF-LM: Core: lmMain() 391: runAsync for PreKill returned
06-19 18:35:05.108   988  1035 I ANDR-PERF-LM: Core: lmMain() 373: Waiting on trigger Queue
06-19 18:35:05.108   988  1035 I ANDR-PERF-LM: WQ: pop() 31: LMTriggerQ pop() size=0
06-19 18:35:05.111  2821  2821 E Launcher: changeViewByFsGestureState,  view=ShortcutMenuLayer,  alpha=0.03528756,  scale=0.7564206
06-19 18:35:05.115  1777  2208 I MiuiNetworkPolicy: updateUidState uid = 10253, uidState = 19
06-19 18:35:05.117  1777  4166 E TaskPersister: File error accessing recents directory (directory doesn't exist?).
06-19 18:35:05.124  1777  4346 I ProcessManager: OneKeyClean: kill com.android.chrome Adj=900 State=17
06-19 18:35:05.126  1777  4346 I ActivityManager: Killing 32049:com.android.chrome/u0a218 (adj 900): OneKeyClean
06-19 18:35:05.127  1777  4346 I Process : PerfMonitor : current process sending signal quiet. PID: 32049 SIG: 9
06-19 18:35:05.128  2821  2821 E Launcher: changeViewByFsGestureState,  view=ShortcutMenuLayer,  alpha=0.018399715,  scale=0.7533479
06-19 18:35:05.129   988   988 I ANDR-PERF-LM: LMPerfGlue: perfmodule_submit_request() 132: perfmodule_submit_request()
06-19 18:35:05.129   988   988 I ANDR-PERF-LM: Core: getInstance() 84: LM getInstance
06-19 18:35:05.129   988   988 I ANDR-PERF-LM: WQ: push() 59: LMTriggerQ push() size=0
06-19 18:35:05.129   988   988 I ANDR-PERF-LM: WQ: push() 61: LMTriggerQ push() done size=1
06-19 18:35:05.129   988  1035 I ANDR-PERF-LM: WQ: pop() 42: LMTriggerQ pop() done size=0
06-19 18:35:05.129   988  1035 I ANDR-PERF-LM: Core: lmMain() 381: Calling runAsync for PreKill
06-19 18:35:05.129 25808 25808 I AppBase : AppBase.onTrimMemory():749 onTrimMemory(): 80
06-19 18:35:05.132 25808 25808 I GoogleInputMethodService: GoogleInputMethodService.onTrimMemory():4323 onTrimMemory(): 80
06-19 18:35:05.132  1777  4346 I ProcessManager: OneKeyClean: kill com.miui.weather2 Adj=0 State=3
06-19 18:35:05.133  1777  4346 I ActivityManager: Killing 1880:com.miui.weather2/u0a79 (adj 0): OneKeyClean
06-19 18:35:05.133  1777  4346 I Process : PerfMonitor : current process sending signal quiet. PID: 1880 SIG: 9
06-19 18:35:05.133   988  1035 I ANDR-PERF-LM: FeatureState: readState() 162: PreKill: DB: com.android.chrome app state = 0
06-19 18:35:05.133   988  1035 I ANDR-PERF-LM: Core: lmMain() 391: runAsync for PreKill returned
06-19 18:35:05.133   988  1035 I ANDR-PERF-LM: Core: lmMain() 373: Waiting on trigger Queue
06-19 18:35:05.133   988  1035 I ANDR-PERF-LM: WQ: pop() 31: LMTriggerQ pop() size=0
06-19 18:35:05.136   988   988 I ANDR-PERF-LM: LMPerfGlue: perfmodule_submit_request() 132: perfmodule_submit_request()
06-19 18:35:05.136   988   988 I ANDR-PERF-LM: Core: getInstance() 84: LM getInstance
06-19 18:35:05.136   988   988 I ANDR-PERF-LM: WQ: push() 59: LMTriggerQ push() size=0
06-19 18:35:05.136   988   988 I ANDR-PERF-LM: WQ: push() 61: LMTriggerQ push() done size=1
06-19 18:35:05.136   988  1035 I ANDR-PERF-LM: WQ: pop() 42: LMTriggerQ pop() done size=0
06-19 18:35:05.136   988  1035 I ANDR-PERF-LM: Core: lmMain() 381: Calling runAsync for PreKill
06-19 18:35:05.136   988  1035 I ANDR-PERF-LM: Core: lmMain() 391: runAsync for PreKill returned
06-19 18:35:05.136   988  1035 I ANDR-PERF-LM: Core: lmMain() 373: Waiting on trigger Queue
06-19 18:35:05.136   988  1035 I ANDR-PERF-LM: WQ: pop() 31: LMTriggerQ pop() size=0
06-19 18:35:05.137  1777  4346 I ProcessManager: OneKeyClean: kill com.xiaomi.mipicks Adj=905 State=19
06-19 18:35:05.137  1777  4346 I ActivityManager: Killing 1280:com.xiaomi.mipicks/u0a122 (adj 905): OneKeyClean
06-19 18:35:05.137  1777  4346 I Process : PerfMonitor : current process sending signal quiet. PID: 1280 SIG: 9
06-19 18:35:05.140   988   988 I ANDR-PERF-LM: LMPerfGlue: perfmodule_submit_request() 132: perfmodule_submit_request()
06-19 18:35:05.140   988   988 I ANDR-PERF-LM: Core: getInstance() 84: LM getInstance
06-19 18:35:05.140   988   988 I ANDR-PERF-LM: WQ: push() 59: LMTriggerQ push() size=0
06-19 18:35:05.140   988   988 I ANDR-PERF-LM: WQ: push() 61: LMTriggerQ push() done size=1
06-19 18:35:05.140   988  1035 I ANDR-PERF-LM: WQ: pop() 42: LMTriggerQ pop() done size=0
06-19 18:35:05.141   988  1035 I ANDR-PERF-LM: Core: lmMain() 381: Calling runAsync for PreKill
06-19 18:35:05.141   988  1035 I ANDR-PERF-LM: Core: lmMain() 391: runAsync for PreKill returned
06-19 18:35:05.141   988  1035 I ANDR-PERF-LM: Core: lmMain() 373: Waiting on trigger Queue
06-19 18:35:05.141   988  1035 I ANDR-PERF-LM: WQ: pop() 31: LMTriggerQ pop() size=0
