--------- beginning of system
06-19 18:18:58.699 14953 15053 D OppoPowerManagerHelper: handleMessage:10
06-19 18:18:58.744 14953 16302 D ORMS_CORE: Set scene action identity: com.android.server.wm scene: , action: ORMS_ACTION_ACTIVITY_START, timeout: 500, handle: 7118502413728934201
06-19 18:18:58.750 14953 16302 I ActivityTaskManager: START u0 {flg=0x10000000 cmp=es.udc.DDM.Grupo3DDM/com.epicgames.ue4.SplashActivity mCallingUid=2000} from uid 2000 and from pid 10074
06-19 18:18:58.753 14953 16302 V ActivityTaskManager: Calling mServicetracker.OnActivityStateChange with flag falsestateINITIALIZING
06-19 18:18:58.753 14953 16302 V ActivityTaskManager: Calling mServicetracker.OnActivityStateChange with flag truestateINITIALIZING
06-19 18:18:58.754 14953 16302 D ORMS_CORE: Set scene action identity: com.android.server.wm scene: , action: ORMS_ACTION_COLD_LAUNCH, timeout: 2000, handle: 2169522630765578955
06-19 18:18:58.755 14953 16302 E ColorZoomWindowManagerService: onConfigurationChanged - prevRotation: 0
06-19 18:18:58.757 14953 16302 E ColorZoomWindowManagerService: onConfigurationChanged - prevRotation: 0
06-19 18:18:58.760 14953 16302 D ColorZoomWindowRUSConfigManager: isSupportZoomModeWithPolicyLocked: target = es.udc.DDM.Grupo3DDM/com.epicgames.ue4.SplashActivity
06-19 18:18:58.760 14953 16302 D ColorZoomWindowRUSConfigManager: targetPkg = es.udc.DDM.Grupo3DDM
06-19 18:18:58.760 14953 16302 V ColorZoomWindowManagerService: unSupportZoom: false ,callingPid: 10074 ,sourceStack: null
06-19 18:18:58.761 14953 16302 V ActivityTaskManager: Calling mServicetracker.OnActivityStateChange with flag truestateRESUMED
06-19 18:18:58.762 14953 16302 I OppoBaseActivityStack: notifyAppSwitch the same packageName!
06-19 18:18:58.763 14953 16302 D ORMS_CORE: Set scene action identity: com.android.server.wm scene: , action: ORMS_ACTION_COLD_LAUNCH, timeout: 2000, handle: 7352321012519575037
06-19 18:18:58.770 14953 15019 D CompatibilityChangeReporter: Compat change id reported: 135634846; UID 10455; state: DISABLED
06-19 18:18:58.770 14953 15019 D CompatibilityChangeReporter: Compat change id reported: 135754954; UID 10455; state: ENABLED
06-19 18:18:58.772 14953 15039 D CompatibilityChangeReporter: Compat change id reported: 143937733; UID 10455; state: ENABLED
06-19 18:18:58.775 14953 15019 D PowerManagerService: setScreenBrightnessOverrideFromWindowManagerInternal brightness=NaN mScreenBrightnessOverrideFromWindowManager=NaN
06-19 18:18:58.800 14953 15039 I ActivityManager: Start proc 10079:es.udc.DDM.Grupo3DDM/u0a455 for top-activity {es.udc.DDM.Grupo3DDM/com.epicgames.ue4.SplashActivity}
06-19 18:18:58.876 14953 15019 D DisplayManagerService: Delivering display event: displayId=0, event=2
06-19 18:18:58.879 14953 16236 V ActivityTaskManager: Calling mServicetracker.OnActivityStateChange with flag truestateRESUMED
06-19 18:18:58.879 14953 16236 V ActivityTaskManager: Calling mServicetracker.OnActivityStateChange with flag falsestateRESUMED
06-19 18:18:58.883 14953 16236 D ORMS_CORE: Set scene action identity: com.android.server.wm scene: es.udc.DDM.Grupo3DDM, action: ORMS_ACTION_LAUNCH, timeout: 500, handle: 7245303007066293975
06-19 18:18:58.883 14953 16236 I ColorAppSwitchManagerService: appswitch hasProcess ActivityRecord{c15acc8 u0 es.udc.DDM.Grupo3DDM/com.epicgames.ue4.SplashActivity t11470}
06-19 18:18:58.883 14953 15339 D ORMS_CORE: FG app changed to: es.udc.DDM.Grupo3DDM
06-19 18:18:58.883 14953 16236 I ColorAppSwitchManagerService: appswitch hasProcess ActivityRecord{c15acc8 u0 es.udc.DDM.Grupo3DDM/com.epicgames.ue4.SplashActivity t11470}
06-19 18:18:58.885 14953 15053 D OppoPowerManagerHelper: onDisplayChanged:0
06-19 18:18:58.886 14953 16236 V ColorZoomWindowManagerService: onAnimationFinished:  r = ActivityRecord{c15acc8 u0 es.udc.DDM.Grupo3DDM/com.epicgames.ue4.SplashActivity t11470}
06-19 18:18:58.886 14953 14953 I OppoWallpaperManagerServiceHelper: onDisplayChanged. displayId = 0
06-19 18:18:58.886 14953 16236 I OplusMirageDisplayManagerService: onAnimationFinished:
06-19 18:18:58.886 14953 16236 I ColorAppSwitchManagerService:  handleAppVisible , r = ActivityRecord{c15acc8 u0 es.udc.DDM.Grupo3DDM/com.epicgames.ue4.SplashActivity t11470}
06-19 18:18:58.894 14953 16236 V ColorZoomWindowManagerService: onAnimationFinished:  r = ActivityRecord{c15acc8 u0 es.udc.DDM.Grupo3DDM/com.epicgames.ue4.SplashActivity t11470}
06-19 18:18:58.894 14953 16236 I OplusMirageDisplayManagerService: onAnimationFinished:
06-19 18:18:58.898 14953 16236 V ActivityTaskManager: Calling mServicetracker.OnActivityStateChange with flag truestatePAUSING
06-19 18:18:58.900 14953 16236 V ActivityTaskManager: Calling mServicetracker.OnActivityStateChange with flag falsestatePAUSING
06-19 18:18:58.912 14953 15017 D ColorZoomWindowManagerService: current size = 1080 x 2400, density = 3.0
06-19 18:18:58.926 14953 15019 D OplusKeepAliveManager: TOP_APP is ProcessRecord{f869ae3 10079:es.udc.DDM.Grupo3DDM/u0a455} uid is 10455
06-19 18:18:58.929 14953 15019 D PowerManagerService: setScreenBrightnessOverrideFromWindowManagerInternal brightness=NaN mScreenBrightnessOverrideFromWindowManager=NaN
06-19 18:18:58.950 14953 15019 I chatty  : uid=1000(system) android.display identical 2 lines
06-19 18:18:58.951 14953 15019 D PowerManagerService: setScreenBrightnessOverrideFromWindowManagerInternal brightness=NaN mScreenBrightnessOverrideFromWindowManager=NaN
06-19 18:18:58.967 14953 18185 E ORMS_Platform : OplusResourceManagerPlatformUtils: readFile function exception:/sys/devices/platform/soc/5000000.qcom,kgsl-3d0/kgsl/kgsl-3d0/freq_table_mhz: open failed: EACCES (Permission denied)
06-19 18:18:58.982 14953 18185 E ORMS_Platform : OplusResourceManagerPlatformUtils: readFile function exception:/sys/devices/platform/soc/5000000.qcom,kgsl-3d0/kgsl/kgsl-3d0/freq_table_mhz: open failed: EACCES (Permission denied)
06-19 18:18:59.023 15507 15812 W FingerprintManager: onCancel
06-19 18:18:59.023 15507 15812 W FingerprintManager: cancelAuthentication package:com.android.systemui
06-19 18:18:59.023 14953 18185 V FingerprintService: cancelAuthentication(com.android.systemui)
06-19 18:18:59.023 14953 18185 E OplusCustomizeRestrictionManagerService: isBiometricDisabled start
06-19 18:18:59.023 14953 15360 V FingerprintService: Stopping client com.android.systemui, fromClient: true
06-19 18:18:59.029 14953 15360 W FingerprintService: client com.android.systemui is no longer authenticating
06-19 18:18:59.036 14953 17384 D OplusFeatureAOD: key:14953 tmp:2
06-19 18:18:59.040 14953 15360 V FingerprintService: handleError(client=com.android.systemui, error = 5)
06-19 18:18:59.040 14953 15360 V BiometricStats: Error latency: -1
06-19 18:18:59.040 14953 15360 W BiometricStats: found a negative latency : -1
06-19 18:18:59.041 14953 15360 V FingerprintService: Done with client: com.android.systemui
06-19 18:18:59.043 14953 15019 I DisplayManagerService: Display device changed state: "Pantalla integrada", DOZE
06-19 18:18:59.047 14953 15019 D DisplayManagerService: Delivering display event: displayId=0, event=2
06-19 18:18:59.053 14953 14953 I OppoWallpaperManagerServiceHelper: onDisplayChanged. displayId = 0
06-19 18:18:59.053 14953 15053 D OppoPowerManagerHelper: onDisplayChanged:0
06-19 18:18:59.054 14953 15017 D ColorZoomWindowManagerService: current size = 1080 x 2400, density = 3.0
06-19 18:18:59.058 14953 15216 D OplusDisplayStateMonitor: screenState: STATE_DOZE  last screenState: STATE_DOZE_SUSPEND
06-19 18:18:59.058 14953 15216 D OplusDisplayStateMonitor: DisplayDozeTime:1670345251
06-19 18:18:59.058 14953 15216 D OplusDisplayStateMonitor: Last DisplayDozeSuspendTime:1670341456
06-19 18:18:59.058 14953 15216 D OplusDisplayStateMonitor: Display doze suspend time delta: 3795 / 5907 ratio:0.6103533787972721
06-19 18:18:59.071 14953 15019 D PowerManagerService: setScreenBrightnessOverrideFromWindowManagerInternal brightness=NaN mScreenBrightnessOverrideFromWindowManager=NaN
06-19 18:18:59.072 14953 15019 I chatty  : uid=1000(system) android.display identical 2 lines
06-19 18:18:59.077 14953 15019 D PowerManagerService: setScreenBrightnessOverrideFromWindowManagerInternal brightness=NaN mScreenBrightnessOverrideFromWindowManager=NaN
06-19 18:18:59.238 14953 15311 D ConnectivityService: NetReassign [no changes]
06-19 18:18:59.253 14953 15642 D ORMS_CORE: Set scene action identity: android.app scene: , action: ORMS_ACTION_ACTIVITY_START, timeout: 600, handle: 4148221815248754802
06-19 18:18:59.382 14953 16308 D ORMS_CORE: Set scene action identity: com.android.server.wm scene: , action: ORMS_ACTION_ACTIVITY_START, timeout: 500, handle: 1828796629128841379
06-19 18:18:59.382 14953 16308 I ActivityTaskManager: START u0 {act=android.content.pm.action.REQUEST_PERMISSIONS pkg=com.google.android.permissioncontroller cmp=com.google.android.permissioncontroller/com.android.permissioncontroller.permission.ui.GrantPermissionsActivity (has extras) mCallingUid=10455} from uid 10455 and from pid 10079
06-19 18:18:59.390 14953 16308 V ActivityTaskManager: Calling mServicetracker.OnActivityStateChange with flag falsestateINITIALIZING
06-19 18:18:59.390 14953 16308 V ActivityTaskManager: Calling mServicetracker.OnActivityStateChange with flag truestateINITIALIZING
06-19 18:18:59.391 14953 16308 D ColorZoomWindowRUSConfigManager: isSupportZoomModeWithPolicyLocked: target = com.google.android.permissioncontroller/com.android.permissioncontroller.permission.ui.GrantPermissionsActivity
06-19 18:18:59.391 14953 16308 D ColorZoomWindowRUSConfigManager: targetPkg = com.google.android.permissioncontroller
06-19 18:18:59.391 14953 16308 V ColorZoomWindowManagerService: unSupportZoom: false ,callingPid: 10079 ,sourceStack: Task{2b3fa37 #11470 visible=true type=standard mode=fullscreen translucent=false A=10455:es.udc.DDM.Grupo3DDM U=0 StackId=11470 sz=1}
06-19 18:18:59.393 14953 16308 D ColorZoomWindowRUSConfigManager: isSupportZoomModeWithPolicyLocked: target = com.google.android.permissioncontroller/com.android.permissioncontroller.permission.ui.GrantPermissionsActivity
06-19 18:18:59.393 14953 16308 D ColorZoomWindowRUSConfigManager: targetPkg = com.google.android.permissioncontroller
06-19 18:18:59.393 14953 16308 V ColorZoomWindowManagerService: unSupportZoom: false ,callingPid: 10079 ,sourceStack: Task{2b3fa37 #11470 visible=true type=standard mode=fullscreen translucent=false A=10455:es.udc.DDM.Grupo3DDM U=0 StackId=11470 sz=2}
06-19 18:18:59.398 14953 15019 D PowerManagerService: setScreenBrightnessOverrideFromWindowManagerInternal brightness=NaN mScreenBrightnessOverrideFromWindowManager=NaN
06-19 18:18:59.406 14953 15019 W ActivityTaskManager: Activity top resumed state loss timeout for ActivityRecord{c15acc8 u0 es.udc.DDM.Grupo3DDM/com.epicgames.ue4.SplashActivity t11470}
06-19 18:18:59.406 14953 15019 W ActivityTaskManager: Activity pause timeout for ActivityRecord{c15acc8 u0 es.udc.DDM.Grupo3DDM/com.epicgames.ue4.SplashActivity t11470}
06-19 18:18:59.406 14953 15019 V ActivityTaskManager: Calling mServicetracker.OnActivityStateChange with flag truestatePAUSED
06-19 18:18:59.407 14953 15019 V ActivityTaskManager: Calling mServicetracker.OnActivityStateChange with flag falsestatePAUSED
06-19 18:18:59.407 14953 15019 V ActivityTaskManager: Calling mServicetracker.OnActivityStateChange with flag truestateRESUMED
06-19 18:18:59.409 14953 15019 I ActivityTaskManager: The Process com.google.android.permissioncontroller Already Exists in BG. So sending its PID: 6241
06-19 18:18:59.412 14953 15019 V ActivityTaskManager: Calling mServicetracker.OnActivityStateChange with flag truestateRESUMED
06-19 18:18:59.412 14953 15019 V ActivityTaskManager: Calling mServicetracker.OnActivityStateChange with flag falsestateRESUMED
06-19 18:18:59.419 14953 15019 V ColorZoomWindowManagerService: onAnimationFinished:  r = ActivityRecord{843bbd5 u0 com.google.android.permissioncontroller/com.android.permissioncontroller.permission.ui.GrantPermissionsActivity t11470}
06-19 18:18:59.420 14953 15019 I OplusMirageDisplayManagerService: onAnimationFinished:
06-19 18:18:59.420 14953 15019 I ColorAppSwitchManagerService:  handleAppVisible , r = ActivityRecord{843bbd5 u0 com.google.android.permissioncontroller/com.android.permissioncontroller.permission.ui.GrantPermissionsActivity t11470}
06-19 18:18:59.420 14953 15019 V ColorZoomWindowManagerService: onAnimationFinished:  r = ActivityRecord{843bbd5 u0 com.google.android.permissioncontroller/com.android.permissioncontroller.permission.ui.GrantPermissionsActivity t11470}
06-19 18:18:59.420 14953 15019 I OplusMirageDisplayManagerService: onAnimationFinished:
06-19 18:18:59.421 14953 15019 V ActivityTaskManager: Calling mServicetracker.OnActivityStateChange with flag truestatePAUSING
06-19 18:18:59.423 14953 15019 V ActivityTaskManager: Calling mServicetracker.OnActivityStateChange with flag falsestatePAUSING
06-19 18:18:59.424 14953 18183 D ORMS_CORE: Set scene action identity: android.app scene: , action: ORMS_ACTION_ACTIVITY_START, timeout: 600, handle: 4822682073396536216
06-19 18:18:59.439 14953 15019 D OplusKeepAliveManager: TOP_APP is ProcessRecord{29e5c93 6241:com.google.android.permissioncontroller/u0a88} uid is 10088
06-19 18:18:59.444 14953 15019 V ActivityTaskManager: Calling mServicetracker.OnActivityStateChange with flag truestateSTOPPING
06-19 18:18:59.444 14953 15019 V ActivityTaskManager: Calling mServicetracker.OnActivityStateChange with flag falsestateSTOPPING
06-19 18:18:59.445 14953 15019 D DisplayManagerService: Delivering display event: displayId=0, event=2
06-19 18:18:59.448 14953 15053 D OppoPowerManagerHelper: onDisplayChanged:0
06-19 18:18:59.449 14953 15017 D ColorZoomWindowManagerService: current size = 1080 x 2400, density = 3.0
06-19 18:18:59.449 14953 14953 I OppoWallpaperManagerServiceHelper: onDisplayChanged. displayId = 0
06-19 18:18:59.468 14953 15019 D PowerManagerService: setScreenBrightnessOverrideFromWindowManagerInternal brightness=NaN mScreenBrightnessOverrideFromWindowManager=NaN
06-19 18:18:59.479 14953 15019 I chatty  : uid=1000(system) android.display identical 1 line
06-19 18:18:59.479 14953 15019 D PowerManagerService: setScreenBrightnessOverrideFromWindowManagerInternal brightness=NaN mScreenBrightnessOverrideFromWindowManager=NaN
06-19 18:18:59.500 10079 10079 D ColorViewRootUtil: initSwipState, isDisplayCompatApp false
06-19 18:18:59.500 10079 10079 D ColorViewRootUtil: mScreenHeight 2400, mScreenWidth 1080
06-19 18:18:59.517  6241  6241 E OplusCustomizeRestrictionManager: sInstance is null, start a new sInstance
06-19 18:18:59.526 14953 15642 W WindowManager: Failed looking up window session=Session{4a2e790 10079:u0a10455} callers=com.android.server.wm.WindowManagerService.pokeDrawLock:2343 com.android.server.wm.Session.pokeDrawLock:497 android.view.IWindowSession$Stub.onTransact:1299 
06-19 18:18:59.577 14953 15019 D PowerManagerService: setScreenBrightnessOverrideFromWindowManagerInternal brightness=NaN mScreenBrightnessOverrideFromWindowManager=NaN
06-19 18:18:59.577 14953 15019 D PowerManagerService: setScreenBrightnessOverrideFromWindowManagerInternal brightness=NaN mScreenBrightnessOverrideFromWindowManager=NaN
06-19 18:18:59.588 14953 15642 V ActivityTaskManager: Calling mServicetracker.OnActivityStateChange with flag truestateSTOPPED
06-19 18:18:59.589 14953 15642 V ActivityTaskManager: Calling mServicetracker.OnActivityStateChange with flag falsestateSTOPPED
06-19 18:18:59.608  6241  6241 D ColorViewRootUtil: initSwipState, isDisplayCompatApp false
06-19 18:18:59.608  6241  6241 D ColorViewRootUtil: mScreenHeight 2400, mScreenWidth 1080
06-19 18:18:59.614 14953 15642 W WindowManager: Failed looking up window session=Session{12158ab 6241:u0a10088} callers=com.android.server.wm.WindowManagerService.pokeDrawLock:2343 com.android.server.wm.Session.pokeDrawLock:497 android.view.IWindowSession$Stub.onTransact:1299 
06-19 18:18:59.624 14953 16236 V ActivityTaskManager: Calling mServicetracker.OnActivityStateChange with flag truestatePAUSED
06-19 18:18:59.624 14953 16236 V ActivityTaskManager: Calling mServicetracker.OnActivityStateChange with flag falsestatePAUSED
06-19 18:18:59.625 14953 15019 V ActivityTaskManager: Calling mServicetracker.OnActivityStateChange with flag truestateSTOPPING
06-19 18:18:59.626 14953 15019 V ActivityTaskManager: Calling mServicetracker.OnActivityStateChange with flag falsestateSTOPPING
06-19 18:18:59.648 14953 15019 D PowerManagerService: setScreenBrightnessOverrideFromWindowManagerInternal brightness=NaN mScreenBrightnessOverrideFromWindowManager=NaN
06-19 18:18:59.648 14953 15019 I chatty  : uid=1000(system) android.display identical 1 line
06-19 18:18:59.648 14953 15019 D PowerManagerService: setScreenBrightnessOverrideFromWindowManagerInternal brightness=NaN mScreenBrightnessOverrideFromWindowManager=NaN
06-19 18:18:59.668 14953 16306 V ActivityTaskManager: Calling mServicetracker.OnActivityStateChange with flag truestateSTOPPED
06-19 18:18:59.668 14953 16306 V ActivityTaskManager: Calling mServicetracker.OnActivityStateChange with flag falsestateSTOPPED
06-19 18:19:00.000 14953 15230 D AlarmManager: NumDelayedAlarms:14455   NextNonWakeupDeliveryTime:1670526193/1670346193
06-19 18:19:00.453 14953 17127 D OplusFeatureAOD: key:14953 tmp:0
06-19 18:19:00.454 14953 15053 D OplusDisplayPowerControllerFeature: [onGoToSleepFinish]
06-19 18:19:00.458 14953 15404 W LightsService: setBrightness brightness: -1.0, brightnessMode:0
06-19 18:19:00.459 14953 15019 I DisplayManagerService: Display device changed state: "Pantalla integrada", OFF
06-19 18:19:00.461 14953 15404 D OplusFeatureDCBacklight: notifySfRepaintEverything begin mCurrentDCMode:0
06-19 18:19:00.463 14953 15019 D DisplayManagerService: Delivering display event: displayId=0, event=2
06-19 18:19:00.465 14953 15053 D OppoPowerManagerHelper: onDisplayChanged:0
06-19 18:19:00.467 14953 15216 D OplusDisplayStateMonitor: screenState: STATE_OFF  last screenState: STATE_DOZE
06-19 18:19:00.467 14953 15216 D OplusDisplayStateMonitor: screen state off for power save
06-19 18:19:00.467 14953 15017 D ColorZoomWindowManagerService: current size = 1080 x 2400, density = 3.0
06-19 18:19:00.468 14953 14953 I OppoWallpaperManagerServiceHelper: onDisplayChanged. displayId = 0
06-19 18:19:00.496 14953 15019 D PowerManagerService: setScreenBrightnessOverrideFromWindowManagerInternal brightness=NaN mScreenBrightnessOverrideFromWindowManager=NaN
06-19 18:19:00.496 14953 15019 D PowerManagerService: setScreenBrightnessOverrideFromWindowManagerInternal brightness=NaN mScreenBrightnessOverrideFromWindowManager=NaN
06-19 18:19:00.880 14953 15404 D ColorSilentRebootManager: silence flags file value is :0
06-19 18:19:03.401 14953 15251 D BatteryLed: getLightInColorState, oppoLightMgr empty!
06-19 18:19:03.401 14953 14953 D OppoBaseBatteryService: send broadcast : oppo.intent.action.BATTERY_DATA_UPDATE
06-19 18:19:03.402 14953 14953 W ContextImpl: Calling a method in the system process without a qualified user: android.app.ContextImpl.sendBroadcast:1158 com.android.server.OppoBaseBatteryService$2.run:280 android.os.Handler.handleCallback:938 android.os.Handler.dispatchMessage:99 android.os.Looper.loop:254 
06-19 18:19:03.616 14953 17127 W UriGrantsManagerService: No permission grants found for com.google.android.apps.photos
06-19 18:19:03.618 14953 17127 W UriGrantsManagerService: No permission grants found for com.google.android.apps.photos
06-19 18:19:06.215 14953 15332 D JobScheduler.Temperature: get temperature=37.479
06-19 18:19:07.441 14953 15022 V OppoBaseWatchdog: @WatchDog_ error e: java.io.FileNotFoundException: /d/wakeup_sources: open failed: ENOENT (No such file or directory)
06-19 18:19:09.191 14953 15251 D BatteryLed: getLightInColorState, oppoLightMgr empty!
06-19 18:19:09.191 14953 14953 D OppoBaseBatteryService: send broadcast : oppo.intent.action.BATTERY_DATA_UPDATE
06-19 18:19:09.192 14953 14953 W ContextImpl: Calling a method in the system process without a qualified user: android.app.ContextImpl.sendBroadcast:1158 com.android.server.OppoBaseBatteryService$2.run:280 android.os.Handler.handleCallback:938 android.os.Handler.dispatchMessage:99 android.os.Looper.loop:254 
06-19 18:19:14.300 14953 15251 D BatteryLed: getLightInColorState, oppoLightMgr empty!
06-19 18:19:14.300 14953 14953 D OppoBaseBatteryService: send broadcast : oppo.intent.action.BATTERY_DATA_UPDATE
06-19 18:19:14.301 14953 14953 W ContextImpl: Calling a method in the system process without a qualified user: android.app.ContextImpl.sendBroadcast:1158 com.android.server.OppoBaseBatteryService$2.run:280 android.os.Handler.handleCallback:938 android.os.Handler.dispatchMessage:99 android.os.Looper.loop:254 
06-19 18:19:16.226 14953 15332 D JobScheduler.Temperature: get temperature=37.689
06-19 18:19:16.532 14953 16306 V AlarmManager: set(PendingIntent{7b1e46: PendingIntentRecord{7c96807 com.google.android.gms/ startService}}) : type=3 when=317030362725whenElapsed317030362725maxWhen =553550362725 win=236520000000 interval=0 flags=0x8 pkg = com.google.android.gms
06-19 18:19:18.627 14953 16306 W UriGrantsManagerService: No permission grants found for com.google.android.apps.photos
06-19 18:19:18.629 14953 16306 W UriGrantsManagerService: No permission grants found for com.google.android.apps.photos
06-19 18:19:19.171 14953 15251 D BatteryLed: getLightInColorState, oppoLightMgr empty!
06-19 18:19:19.171 14953 14953 D OppoBaseBatteryService: send broadcast : oppo.intent.action.BATTERY_DATA_UPDATE
06-19 18:19:19.172 14953 14953 W ContextImpl: Calling a method in the system process without a qualified user: android.app.ContextImpl.sendBroadcast:1158 com.android.server.OppoBaseBatteryService$2.run:280 android.os.Handler.handleCallback:938 android.os.Handler.dispatchMessage:99 android.os.Looper.loop:254 
06-19 18:19:19.627 14953 15230 D AlarmManager: NumDelayedAlarms:14456   NextNonWakeupDeliveryTime:1670526193/1670365820
06-19 18:19:19.651 14953 15964 V AlarmManager: set(null) : type=3 when=1670395844whenElapsed1670395844maxWhen =1670395844 win=0 interval=0 flags=0x9 pkg = android
06-19 18:19:20.090 14953 15642 D ColorAppListInterceptManager: shouldFilterTask
06-19 18:19:20.090 14953 15642 D ColorAppListInterceptManager: shouldFilterTask::packageName = es.udc.DDM.Grupo3DDM
06-19 18:19:20.090 14953 15642 D ColorAppListInterceptManager: shouldFilterTask
06-19 18:19:20.090 14953 15642 D ColorAppListInterceptManager: shouldFilterTask::packageName = com.whatsapp
06-19 18:19:24.288 14953 15251 D BatteryLed: getLightInColorState, oppoLightMgr empty!
06-19 18:19:24.289 14953 14953 D OppoBaseBatteryService: send broadcast : oppo.intent.action.BATTERY_DATA_UPDATE
06-19 18:19:24.289 14953 14953 W ContextImpl: Calling a method in the system process without a qualified user: android.app.ContextImpl.sendBroadcast:1158 com.android.server.OppoBaseBatteryService$2.run:280 android.os.Handler.handleCallback:938 android.os.Handler.dispatchMessage:99 android.os.Looper.loop:254 
06-19 18:19:26.234 14953 15332 D JobScheduler.Temperature: get temperature=37.52
06-19 18:19:29.412 14953 14953 D OppoBaseBatteryService: send broadcast : oppo.intent.action.BATTERY_DATA_UPDATE
06-19 18:19:29.412 14953 15251 D BatteryLed: getLightInColorState, oppoLightMgr empty!
06-19 18:19:29.412 14953 14953 W ContextImpl: Calling a method in the system process without a qualified user: android.app.ContextImpl.sendBroadcast:1158 com.android.server.OppoBaseBatteryService$2.run:280 android.os.Handler.handleCallback:938 android.os.Handler.dispatchMessage:99 android.os.Looper.loop:254 
06-19 18:19:29.635 14953 18183 E OplusCustomizeRestrictionManagerService: isBiometricDisabled start
06-19 18:19:29.636 14953 17127 E OplusCustomizeRestrictionManagerService: isBiometricDisabled start
06-19 18:19:29.645 14953 18183 E OplusCustomizeRestrictionManagerService: isBiometricDisabled start
06-19 18:19:29.646 14953 15360 V FingerprintService: startAuthentication(com.android.systemui)
06-19 18:19:29.646 14953 15360 V FingerprintService: starting client AuthenticationClientImpl(com.android.systemui) targetUserId: 0 currentUserId: 0 cookie: 0/0
06-19 18:19:29.883 14953 15360 V FingerprintService: Acquired: 6 3
06-19 18:19:29.884 14953 18183 V AlarmManager: set(PendingIntent{8da8dac: PendingIntentRecord{99a69c0 com.android.systemui broadcastIntent}}) : type=2 when=1670496077whenElapsed1670496077maxWhen =1670496077 win=0 interval=0 flags=0x9 pkg = com.android.systemui
06-19 18:19:29.894 14953 18186 D OplusFeatureAOD: key:14953 tmp:2
06-19 18:19:29.902 14953 15019 I DisplayManagerService: Display device changed state: "Pantalla integrada", DOZE
06-19 18:19:29.906 14953 15019 D DisplayManagerService: Delivering display event: displayId=0, event=2
06-19 18:19:29.915 15507 15507 W FingerprintManager: Invalid acquired message: 6, 3
06-19 18:19:29.917 14953 15053 D OppoPowerManagerHelper: onDisplayChanged:0
06-19 18:19:29.917 14953 15216 D OplusDisplayStateMonitor: screenState: STATE_DOZE  last screenState: STATE_OFF
06-19 18:19:29.917 14953 15216 D OplusDisplayStateMonitor: DisplayDozeTime:1670376110
06-19 18:19:29.917 14953 14953 I OppoWallpaperManagerServiceHelper: onDisplayChanged. displayId = 0
06-19 18:19:29.918 14953 15216 D OplusDisplayStateMonitor: Last DisplayDozeSuspendTime:1670341456
06-19 18:19:29.918 14953 15216 D OplusDisplayStateMonitor: Display doze suspend time delta: 34654 / 7316 ratio:0.18047264295229168
06-19 18:19:29.919 14953 15017 D ColorZoomWindowManagerService: current size = 1080 x 2400, density = 3.0
06-19 18:19:29.938 14953 15053 D OppoPowerManagerHelper: light event lux:1.0
06-19 18:19:29.968 14953 15019 D PowerManagerService: setScreenBrightnessOverrideFromWindowManagerInternal brightness=NaN mScreenBrightnessOverrideFromWindowManager=NaN
06-19 18:19:29.986 14953 15019 I chatty  : uid=1000(system) android.display identical 4 lines
06-19 18:19:29.994 14953 15019 D PowerManagerService: setScreenBrightnessOverrideFromWindowManagerInternal brightness=NaN mScreenBrightnessOverrideFromWindowManager=NaN
06-19 18:19:30.431 14953 15404 W LightsService: setBrightness brightness: 1.0, brightnessMode:0
06-19 18:19:30.437 14953 15404 D OplusFeatureDCBacklight: notifySfRepaintEverything begin mCurrentDCMode:0
06-19 18:19:30.439 14953 15053 D OppoPowerManagerHelper: handleMessage:113
06-19 18:19:30.439 14953 15053 D OppoPowerManagerHelper: processLightSensorEvent: lux1.0
06-19 18:19:30.440 14953 15053 D OppoPowerManagerHelper: write value to AOD_LIGHT_MODE_PATH:0
06-19 18:19:30.923 14953 16236 D OplusFeatureAOD: key:14953 tmp:1
06-19 18:19:30.927 14953 15019 I DisplayManagerService: Display device changed state: "Pantalla integrada", DOZE_SUSPEND
06-19 18:19:30.931 14953 15019 D DisplayManagerService: Delivering display event: displayId=0, event=2
06-19 18:19:30.939 14953 15053 D OppoPowerManagerHelper: onDisplayChanged:0
06-19 18:19:30.939 14953 14953 I OppoWallpaperManagerServiceHelper: onDisplayChanged. displayId = 0
06-19 18:19:30.939 14953 15017 D ColorZoomWindowManagerService: current size = 1080 x 2400, density = 3.0
06-19 18:19:30.941 14953 15216 D OplusDisplayStateMonitor: screenState: STATE_DOZE_SUSPEND  last screenState: STATE_DOZE
06-19 18:19:30.941 14953 15216 D OplusDisplayStateMonitor: DisplayDozeTime:1670376110
06-19 18:19:30.941 14953 15216 D OplusDisplayStateMonitor: DisplayDozeSuspendTime:1670377134
06-19 18:19:30.941 14953 15216 D OplusDisplayStateMonitor: Display doze suspend time delta: 1024 / 8339 ratio:0.2006448353023267
06-19 18:19:30.969 14953 15019 D PowerManagerService: setScreenBrightnessOverrideFromWindowManagerInternal brightness=NaN mScreenBrightnessOverrideFromWindowManager=NaN
06-19 18:19:30.969 14953 15019 D PowerManagerService: setScreenBrightnessOverrideFromWindowManagerInternal brightness=NaN mScreenBrightnessOverrideFromWindowManager=NaN
06-19 18:19:32.333 14953 18186 V AlarmManager: set(PendingIntent{a385789: PendingIntentRecord{8c1003b com.google.android.gms/com.google.android.gms.gcm broadcastIntent}}) : type=2 when=1671328525whenElapsed1671328525maxWhen =1671328525 win=0 interval=0 flags=0x8 pkg = com.google.android.gms
06-19 18:19:32.341 14953 17127 V AlarmManager: set(PendingIntent{2c5e345: PendingIntentRecord{5defa9a com.google.android.gms/com.google.android.gms.gcm broadcastIntent}}) : type=2 when=1670498529whenElapsed1670498529maxWhen =1670498529 win=0 interval=0 flags=0x8 pkg = com.google.android.gms
06-19 18:19:32.354  9865 10242 V ActivityThread: scheduleReceiver info = ActivityInfo{e03124e com.google.firebase.iid.FirebaseInstanceIdReceiver} intent = Intent { act=com.google.android.c2dm.intent.RECEIVE flg=0x1080010 pkg=com.android.chrome cmp=com.android.chrome/com.google.firebase.iid.FirebaseInstanceIdReceiver (has extras) } sync = true hasCode = 69346918
06-19 18:19:32.359 14953 17127 V AlarmManager: set(PendingIntent{72a35fd: PendingIntentRecord{8c1003b com.google.android.gms/com.google.android.gms.gcm broadcastIntent}}) : type=2 when=1671328552whenElapsed1671328552maxWhen =1671328552 win=0 interval=0 flags=0x8 pkg = com.google.android.gms
06-19 18:19:32.371 14953 18186 V AlarmManager: set(PendingIntent{1bb3e4a: PendingIntentRecord{af20fa8 com.google.android.gms/com.google.android.gms.gcm broadcastIntent}}) : type=3 when=1671096526whenElapsed1671096526maxWhen =1671634997 win=538471 interval=0 flags=0x0 pkg = com.google.android.gms
06-19 18:19:32.386 24665 25148 V ActivityThread: scheduleRegisteredReceiver receiver= android.app.LoadedApk$ReceiverDispatcher$InnerReceiver@2f8b9e7 intent= Intent { act=com.google.android.c2dm.intent.RECEIVE flg=0x1080010 pkg=com.android.chrome (has extras) } ordered= false sticky = false
06-19 18:19:33.636 14953 18185 W UriGrantsManagerService: No permission grants found for com.google.android.apps.photos
06-19 18:19:33.637 14953 18185 W UriGrantsManagerService: No permission grants found for com.google.android.apps.photos
06-19 18:19:34.718 15507 15812 W FingerprintManager: onCancel
06-19 18:19:34.718 15507 15812 W FingerprintManager: cancelAuthentication package:com.android.systemui
06-19 18:19:34.719 14953 18185 V FingerprintService: cancelAuthentication(com.android.systemui)
06-19 18:19:34.719 14953 18185 E OplusCustomizeRestrictionManagerService: isBiometricDisabled start
06-19 18:19:34.720 14953 15360 V FingerprintService: Stopping client com.android.systemui, fromClient: true
06-19 18:19:34.731 14953 18185 D OplusFeatureAOD: key:14953 tmp:2
06-19 18:19:34.735 14953 15019 I DisplayManagerService: Display device changed state: "Pantalla integrada", DOZE
06-19 18:19:34.737 14953 15360 W FingerprintService: client com.android.systemui is no longer authenticating
06-19 18:19:34.737 14953 15360 V FingerprintService: handleError(client=com.android.systemui, error = 5)
06-19 18:19:34.737 14953 15360 V BiometricStats: Error latency: -1
06-19 18:19:34.737 14953 15360 W BiometricStats: found a negative latency : -1
06-19 18:19:34.737 14953 15019 D DisplayManagerService: Delivering display event: displayId=0, event=2
06-19 18:19:34.738 14953 15360 V FingerprintService: Done with client: com.android.systemui
06-19 18:19:34.746 14953 15216 D OplusDisplayStateMonitor: screenState: STATE_DOZE  last screenState: STATE_DOZE_SUSPEND
06-19 18:19:34.746 14953 14953 I OppoWallpaperManagerServiceHelper: onDisplayChanged. displayId = 0
06-19 18:19:34.746 14953 15216 D OplusDisplayStateMonitor: DisplayDozeTime:1670380939
06-19 18:19:34.746 14953 15216 D OplusDisplayStateMonitor: Last DisplayDozeSuspendTime:1670377134
06-19 18:19:34.746 14953 15216 D OplusDisplayStateMonitor: Display doze suspend time delta: 3805 / 12144 ratio:0.26768945906626107
06-19 18:19:34.747 14953 15017 D ColorZoomWindowManagerService: current size = 1080 x 2400, density = 3.0
06-19 18:19:34.749 14953 15053 D OppoPowerManagerHelper: onDisplayChanged:0
06-19 18:19:34.774 14953 15019 D PowerManagerService: setScreenBrightnessOverrideFromWindowManagerInternal brightness=NaN mScreenBrightnessOverrideFromWindowManager=NaN
06-19 18:19:34.774 14953 15019 I chatty  : uid=1000(system) android.display identical 2 lines
06-19 18:19:34.774 14953 15019 D PowerManagerService: setScreenBrightnessOverrideFromWindowManagerInternal brightness=NaN mScreenBrightnessOverrideFromWindowManager=NaN
06-19 18:19:35.297 14953 15251 D BatteryLed: getLightInColorState, oppoLightMgr empty!
06-19 18:19:35.756 14953 16236 D OplusFeatureAOD: key:14953 tmp:0
06-19 18:19:35.757 14953 15053 D OplusDisplayPowerControllerFeature: [onGoToSleepFinish]
06-19 18:19:35.761 14953 15404 W LightsService: setBrightness brightness: -1.0, brightnessMode:0
06-19 18:19:35.763 14953 15019 I DisplayManagerService: Display device changed state: "Pantalla integrada", OFF
06-19 18:19:35.766 14953 15019 D DisplayManagerService: Delivering display event: displayId=0, event=2
06-19 18:19:35.767 14953 15404 D OplusFeatureDCBacklight: notifySfRepaintEverything begin mCurrentDCMode:0
06-19 18:19:35.777 14953 15053 D OppoPowerManagerHelper: onDisplayChanged:0
06-19 18:19:35.778 14953 14953 I OppoWallpaperManagerServiceHelper: onDisplayChanged. displayId = 0
06-19 18:19:35.779 14953 15216 D OplusDisplayStateMonitor: screenState: STATE_OFF  last screenState: STATE_DOZE
06-19 18:19:35.779 14953 15017 D ColorZoomWindowManagerService: current size = 1080 x 2400, density = 3.0
06-19 18:19:35.781 14953 15216 D OplusDisplayStateMonitor: screen state off for power save
06-19 18:19:35.808 14953 15019 D PowerManagerService: setScreenBrightnessOverrideFromWindowManagerInternal brightness=NaN mScreenBrightnessOverrideFromWindowManager=NaN
06-19 18:19:35.808 14953 15019 D PowerManagerService: setScreenBrightnessOverrideFromWindowManagerInternal brightness=NaN mScreenBrightnessOverrideFromWindowManager=NaN
06-19 18:19:36.171 14953 15404 D ColorSilentRebootManager: silence flags file value is :0
06-19 18:19:36.242 14953 15332 D JobScheduler.Temperature: get temperature=36.991
06-19 18:19:37.184 14953 18183 E OplusCustomizeRestrictionManagerService: isBiometricDisabled start
06-19 18:19:37.186 14953 17384 E OplusCustomizeRestrictionManagerService: isBiometricDisabled start
06-19 18:19:37.192 14953 17384 E OplusCustomizeRestrictionManagerService: isBiometricDisabled start
06-19 18:19:37.192 14953 15360 V FingerprintService: startAuthentication(com.android.systemui)
06-19 18:19:37.192 14953 15360 V FingerprintService: starting client AuthenticationClientImpl(com.android.systemui) targetUserId: 0 currentUserId: 0 cookie: 0/0
06-19 18:19:37.387 14953 15248 W ColorGameSpaceManager: mInterceptGamepadKey is false
06-19 18:19:37.387 14953  8638 D ColorScreenOffTorchHelper: handle with turnOffFlashlight,flashlight is not enable.need not turn off
06-19 18:19:37.391 14953 15248 D ORMS_CORE: Set scene action identity: com.android.server.wm scene: , action: ORMS_ACTION_SCREEN_ON_BOOST, timeout: 1000, handle: 4748110830396900322
06-19 18:19:37.391 14953 15248 D OppoPowerManagerHelper: [isFaceAutoUnlockEnabled]
06-19 18:19:37.392 14953 15248 D OppoPowerManagerHelper: [onWakeUp]
06-19 18:19:37.392 14953 15339 D ORMS_CORE: FinalSceneAction scene:1000 action:38 prio:100 start:1670383585 timeout:1000 timeout_left:1000
06-19 18:19:37.392 14953 15339 D ORMS_Platform : OplusBasePlatformQcSysFs: reset ,mask .
06-19 18:19:37.392 14953 15248 D FaceService.OplusBase: onWakeUp wakeupReason = android.policy:POWER
06-19 18:19:37.392 14953 15339 D ORMS_HISTORY: setSoCLimit sa
06-19 18:19:37.392 14953 15339 D ORMS_HISTORY: no limit in sa : 1000, 38
06-19 18:19:37.392 14953 15248 D OppoPowerManagerHelper: [requestKeyguard]
06-19 18:19:37.392 14953 15339 D ORMS_CORE: TCpuL:1 TGpuL:-1 TCtrlL:1 TModeOn:0 IdleS:0 PowerMode:NORMAL_MODE BenchMark:0 HaveCtrlD:0
06-19 18:19:37.392 14953 15339 D ORMS_CORE: saConfig:,SAResult Info{minCore=[6, 2, -1]minFreq=[1804800, 2323200, -1]maxCore=[-1, -1, -1]maxFreq=[-1, -1, -1], ddr=-1, lpm=0, sb=-1, prio=100, fpsgo=-1, migrate= migfrate: 65 55 , mask=0, clkscale=0, schedPreferSpread=-1, colocate=-1, slb=-1, nice=0, extActId=-1, extTime=-1}
06-19 18:19:37.392 14953 15339 D ORMS_CORE: request mDecision:SAResult Info{ minCpuCore: 6 2 ,  minCpuFreq: 1804800 2323200 ,  maxCpuCore: -1 -1 ,  maxCpuFreq: -1 -1 ,  minGpuCore: -1 ,  minGpuFreq: -1 ,  maxGpuCore: -1 ,  maxGpuFreq: -1 , Lpm=0, clkscale=0, schedPreferSpread=-1, colocate=-1, slb=-1, fpsgo=-1, schedBoost=-1, ddrFreq=-1, migrate= migfrate: 65 55 }
06-19 18:19:37.393 14953 15354 D FaceService.OplusBase: startWakeUp
06-19 18:19:37.394 14953 15339 D ORMS_Platform : OplusBasePlatformQcSysFs: perflockAcquireEnd ,mask : 0xd07dc628
06-19 18:19:37.396 14953 15248 I PowerManagerService: Waking up from Dozing (uid=1000, reason=WAKE_REASON_POWER_BUTTON, details=android.policy:POWER)...
06-19 18:19:37.398 14953 17384 E OplusCustomizeRestrictionManagerService: isBiometricDisabled start
06-19 18:19:37.399 14953 16236 E OplusCustomizeRestrictionManagerService: isBiometricDisabled start
06-19 18:19:37.403 14953 15053 D OplusFeatureReduceBrightness: registerByNewImpl
06-19 18:19:37.405 14953 15053 I ColorAppSwitchManagerService: appswitch registerAppSwitchObserver pName = android observer = com.oplus.app.OplusAppSwitchManager$OnAppSwitchObserverDelegate@12ceb68 config = OplusAppSwitchConfig = {  mConfigs = {2=[TOM@@power@@dapengeducation, TOM@@tencent@@tmgp@@speedmobile, TOM@@tencent@@af, TOM@@miHoYo@@bh3@@NM@@gamecenter, TOM@@pwrd@@smdl, TOM@@happyelements@@AndroidAnimal, TOM@@tencent@@mm, TOM@@tencent@@mobileqq, TOM@@sina@@weibo, TOM@@taobao@@taobao, TOM@@heytap@@browser, TOM@@ss@@android@@article@@news, TOM@@android@@incallui, TOM@@kugou@@android, TOM@@tencent@@karaoke, TOM@@UCMobile, TOM@@tencent@@mtt, TOM@@baidu@@searchbox, TOM@@sogou@@map@@android@@maps, TOM@@autonavi@@cmccmap, TOM@@ss@@android@@article@@video, TOM@@wodidashi@@paint, TOM@@CO@@yoli, TOM@@heytap@@yoli, TOM@@tencent@@weishi, TOM@@baidu@@minivideo, TOM@@jm@@video, TOM@@meitu@@meipaimv, TOM@@tudou@@android, TOM@@bokecc@@dance, tv@@yixia@@bobo, TOM@@tencent@@firevideo, cn@@cntv, TOM@@pplive@@androidphone@@sport, TOM@@hupu@@games, android@@zhibo8, org@@fungo@@fungoliveallstar, TOM@@dongqiudi@@news, org@@fungo@@fungolive, TOM@@tencent@@nbagametime, TOM@@tencent@@tv@@qie, TOM@@duowan@@kiwi, air@@tv@@douyu@@android, TOM@@tencent@@qgame, TOM@@yy@@huyaassist4game, TOM@@gameabc@@zhanqiAndroid, TOM@@tencent@@liveassistant, TOM@@naver@@vapp, TOM@@king@@candycrushsaga, TOM@@supercell@@clashofclans, TOM@@dts@@freefireth, jp@@konami@@pesam, om@@fingersoft@@hcr2, om@@mobile@@legends, TOM@@picsart@@studio, TOM@@tencent@@ig, TOM@@playrix@@homescapes, TOM@@netmarble@@sknightsgb, TOM@@fgol@@HungrySharkEvolution, TOM@@chillingo@@robberybobfree@@android@@row, TOM@@youmusic@@magictiles, TOM@@ea@@gp@@nbamobile, TOM@@shootinggames@@sniper3d@@assassin, TOM@@bubadu@@bubbu, TOM@@forthblue@@pool, TOM@@gta@@grandtheftauto@@sanandreas@@codes, TOM@@ChillyRoom@@DungeonShooter, TOM@@fungames@@blockcraft, TOM@@pixonic@@wwr, TOM@@kit@@durangoguides, TOM@@eg@@android@@AlipayGphone, TOM@@android@@calculator2, TOM@@sankuai@@meituan, TOM@@CO@@alarmclock, TOM@@android@@mms, tv@@danmaku@@bili, TOM@@xunmeng@@pinduoduo, TOM@@OP@@book, TOM@@netease@@cloudmusic, cn@@xuexi@@android, TOM@@tencent@@news, TOM@@kuaishou@@nebula, TOM@@ss@@android@@article@@lite, TOM@@taobao@@idlefish, TOM@@hunting@@matrix_callershow, TOM@@ss@@android@@ugc@@live, TOM@@immomo@@momo, TOM@@sup@@android@@superb, TOM@@babycloud@@hanju, TOM@@kmxs@@reader, TOM@@le123@@ysdq, TOM@@tencent@@qqmusic, TOM@@NM@@instant@@platform, TOM@@ximalaya@@ting@@android, org@@xianliao, TOM@@hunantv@@imgo@@activity, TOM@@tencent@@weread, cn@@xiaochuankeji@@zuiyouLite, TOM@@jingdong@@app@@mall, TOM@@NM@@note, TOM@@sdu@@didi@@gsui, TOM@@achievo@@vipshop, TOM@@jifen@@qukan, TOM@@lechuan@@midunovel, cn@@xiaochuankeji@@tieba, cn@@soulapp@@android, TOM@@xingin@@xhs, TOM@@CO@@weather, TOM@@qq@@reader, TOM@@baidu@@haokan, TOM@@tencent@@radio, TOM@@ztgame@@bob, TOM@@ushaqi@@zhuishushenqi@@adfree, TOM@@baidu@@netdisk, TOM@@OP@@reader, TOM@@google@@android@@youtube, TOM@@tencent@@qt@@qtl, TOM@@hipu@@yidian, TOM@@xunlei@@downloadprovider, TOM@@snda@@wifilocating, TOM@@duowan@@mobile, TOM@@baidu@@searchbox@@lite, TOM@@zhihu@@android, TOM@@taobao@@qianniu, TOM@@netease@@newsreader@@activity, TOM@@OP@@quicksearchbox, TOM@@faloo@@BookReader4Android, TOM@@alibaba@@android@@rimet, TOM@@ushaqi@@zhuishushenqi, TOM@@CO@@speechassist, TOM@@qidian@@QDReader, TOM@@facebook@@katana, TOM@@sankuai@@meituan@@dispatch@@homebrew, TOM@@OP@@market, TOM@@sdu@@didi@@psnger, TOM@@quark@@browser, TOM@@chaozh@@iReader@@dj, TOM@@chaozh@@iReaderFree, TOM@@chaoxing@@mobile, TOM@@baidu@@tieba, TOM@@jjwxc@@reader, TOM@@lechuan@@mdwz, cn@@wps@@moffice_eng, TOM@@handsgo@@jiakao@@android, TOM@@tencent@@wework, TOM@@lemon@@faceu, cn@@kuwo@@player, TOM@@meitu@@meiyancamera, TOM@@sohu@@sohuvideo, TOM@@wuba, me@@ele, TOM@@tadu@@read, TOM@@qihoo@@haosou@@subscribe@@vertical@@book, TOM@@cubic@@autohome, TOM@@zsqbmfxs@@novel, TOM@@hunting@@matrix_showcaller, TOM@@ss@@android@@ugc@@aweme@@lite, TOM@@tencent@@qqgame@@xq, TOM@@ucmobile@@lite, TOM@@duoduo@@child@@sto
06-19 18:19:37.405 14953 15053 I ColorAppSwitchStateDispatcher: registerAppSwitchObserver addDynamicListener OK, info = ColorAppSwitchRuleInfo = {  observer = com.oplus.app.OplusAppSwitchManager$OnAppSwitchObserverDelegate@12ceb68 observerFingerPrint = 164135970} rule size =4
06-19 18:19:37.406 15507 15812 D FaceManager: FaceManager#authenticate
06-19 18:19:37.409 14953 15053 I DisplayPowerController: Blocking screen on until initial contents have been drawn.
06-19 18:19:37.410 14953 15053 D ColorAutomaticBrightnessController: setLightSensorEnabled: enable=true, mLightSensorEnabled=false
06-19 18:19:37.410 14953 15053 D ColorAutomaticBrightnessController: enter Auto
06-19 18:19:37.410 14953 15053 D ColorAutomaticBrightnessController: mCameraMode = 0
06-19 18:19:37.410 14953 15053 I ColorAutomaticBrightnessController: updateAutoBrightness: Auto
06-19 18:19:37.410 14953 15053 I ColorAutomaticBrightnessController: , sendUpdate = false, adjustment = 4013.7256, AIBrightness = 2047, adjustManualBright = 2047
06-19 18:19:37.410 14953 15053 D ColorAutomaticBrightnessController: caclurateRateForIndex: lastAutoBrightness=-1 ,newAutoBrightness=2047 ,mDeltaLux=120.42223 ,mAutoRate=123
06-19 18:19:37.410 14953 15053 D OppoDisplayPowerControlBrightnessHelper: setLightSensorAlwaysOn = true
06-19 18:19:37.411 14953 15053 D DisplayPowerController: Animating brightness: target=2047.0, rate=1600.0, source= 7
06-19 18:19:37.415 14953 16236 E OplusCustomizeRestrictionManagerService: isBiometricDisabled start
06-19 18:19:37.421 14953 15354 V FaceService: startAuthentication(com.android.systemui)
06-19 18:19:37.422 14953 15354 V FaceService: starting client OplusBaseFaceAuthClient(com.android.systemui) targetUserId: 0 currentUserId: 0 cookie: 0/0
06-19 18:19:37.423 14953 15354 D FaceService.OplusBase: no blockScreenOn, currentClient = com.android.server.biometrics.face.FaceService$FaceAuthClient@5bfbf80, mSupportPowerBlock = false, isKeyguard = true, mWakeUpReason = android.policy:POWER, mFaceUnlockRemainUnlockEnabled = true
06-19 18:19:37.423 14953 15356 D ORMS_CORE: Set scene action identity: com.android.server.wm scene: , action: ORMS_ACTION_UNLOCK_BOOST, timeout: 250, handle: 7311213502644985256
06-19 18:19:37.424 14953 15356 D FaceService.CameraView: openCamera begin
06-19 18:19:37.424 14953 15019 D PowerManagerService: setScreenBrightnessOverrideFromWindowManagerInternal brightness=NaN mScreenBrightnessOverrideFromWindowManager=NaN
06-19 18:19:37.440 14953 16306 W ContextImpl: Calling a method in the system process without a qualified user: android.app.ContextImpl.sendBroadcast:1143 android.hardware.camera2.OplusCameraStateBroadcast.notifyCameraState:51 com.android.server.camera.CameraServiceProxy.updateActivityCount:545 com.android.server.camera.CameraServiceProxy.access$700:61 com.android.server.camera.CameraServiceProxy$2.notifyCameraState:200 
06-19 18:19:37.443 14953 15022 V OppoBaseWatchdog: @WatchDog_ error e: java.io.FileNotFoundException: /d/wakeup_sources: open failed: ENOENT (No such file or directory)
06-19 18:19:37.443 14953 15360 V FingerprintService: Acquired: 6 3
06-19 18:19:37.445 14953 15251 I ORMS_Hal: orms hal proxy try to check permission : CamHalPerf
06-19 18:19:37.446 14953 15251 I ORMS_Hal: orms hal proxy try to set scene action: {.scene = , .action = ORMS_ACTION_CAMERA_OPEN, .timeout = 3000, .request = 1959044512}
06-19 18:19:37.463 14953 17127 D OplusFeatureAOD: key:14953 tmp:2
06-19 18:19:37.465 14953 15053 D ColorAutomaticBrightnessController: enter Auto
06-19 18:19:37.465 14953 15053 D ColorAutomaticBrightnessController: mCameraMode = 0
06-19 18:19:37.465 14953 15053 D ColorAutomaticBrightnessController: onTargetBrightnessChanged mAIBrightness=2047
06-19 18:19:37.465 14953 14953 W ContextImpl: Calling a method in the system process without a qualified user: android.app.ContextImpl.sendBroadcast:1143 com.android.server.am.OplusAppStartupConfig.handleCountRestrictedList:840 com.android.server.am.ColorAppStartupManager.updateScreenStatus:4245 com.android.server.coloros.ColorSysStateManager$LocalService.onWakefulnessChanged:411 com.android.server.power.Notifier$1.run:487 
06-19 18:19:37.466 14953 14953 D ColorInputMethodManagerServiceEx: onHandleImeWindowVisibleStatus handledVis: 0, switcher visible: 0, switcher active: 0, needsToShowImeSwitcher: false
06-19 18:19:37.467 14953 15404 D ScreenMode: enter DC and low brightness mode:false
06-19 18:19:37.468 14953 15019 I DisplayManagerService: Display device changed state: "Pantalla integrada", ON
06-19 18:19:37.468 14953 15074 W ContextImpl: Calling a method in the system process without a qualified user: android.app.ContextImpl.startService:1701 android.content.ContextWrapper.startService:730 com.oplus.util.OplusStatisticsImpl.startService:216 com.oplus.util.OplusStatisticsImpl.sendDataToDCS:192 com.oplus.util.OplusStatisticsImpl.onCommonSync:84 
06-19 18:19:37.471 14953 15356 D FaceService.CameraView: openCamera end
06-19 18:19:37.475 14953 15019 D DisplayManagerService: Delivering display event: displayId=0, event=2
06-19 18:19:37.478 14953 14953 V AlarmManager: set(null) : type=3 when=1670406193whenElapsed1670406193maxWhen =1670406193 win=0 interval=0 flags=0x1 pkg = android
06-19 18:19:37.484 14953 15356 D ORMS_CORE: Set scene action identity: com.android.server.wm scene: , action: ORMS_ACTION_UNLOCK_BOOST, timeout: 250, handle: 95725666070641025
06-19 18:19:37.484 14953 15356 D FaceService.CameraView: startPreview
06-19 18:19:37.486 14953 15216 D OplusDisplayStateMonitor: screenState: STATE_ON  last screenState: STATE_OFF
06-19 18:19:37.486 14953 15216 D OplusDisplayStateMonitor: Display doze summary : 13179 / 48106 ratio:0.0
06-19 18:19:37.488 14953 15053 D OppoPowerManagerHelper: onDisplayChanged:0
06-19 18:19:37.498 15507 16548 D ColorViewRootUtil: initSwipState, isDisplayCompatApp false
06-19 18:19:37.498 15507 16548 D ColorViewRootUtil: mScreenHeight 2400, mScreenWidth 1080
06-19 18:19:37.506 14953 15248 W ColorGameSpaceManager: mInterceptGamepadKey is false
06-19 18:19:37.506 15507 15507 W FingerprintManager: Invalid acquired message: 6, 3
06-19 18:19:37.508 14953 16302 E OplusCustomizeRestrictionManagerService: isBiometricDisabled start
06-19 18:19:37.508 14953 15248 I HwShutdownRecord: RecoverSqlFunc running start, setprop false
06-19 18:19:37.508 14953 15642 E OplusCustomizeRestrictionManagerService: isBiometricDisabled start
06-19 18:19:37.508 14953 16303 I OplusEngineerService: handleMessage msg = 100002
06-19 18:19:37.522 14953 15019 D PowerManagerService: setScreenBrightnessOverrideFromWindowManagerInternal brightness=NaN mScreenBrightnessOverrideFromWindowManager=NaN
06-19 18:19:37.525 14953 15053 D DisplayPowerController: Animating brightness: target=2047.0, rate=123.0, source= 7
06-19 18:19:37.534 14953 15019 D PowerManagerService: setScreenBrightnessOverrideFromWindowManagerInternal brightness=NaN mScreenBrightnessOverrideFromWindowManager=NaN
06-19 18:19:37.538 14953 17127 V AlarmManager: set(PendingIntent{2e23dc8: PendingIntentRecord{99a69c0 com.android.systemui broadcastIntent}}) : type=2 when=1670503731whenElapsed1670503731maxWhen =1670503731 win=0 interval=0 flags=0x9 pkg = com.android.systemui
06-19 18:19:37.547 14953 15019 D PowerManagerService: setScreenBrightnessOverrideFromWindowManagerInternal brightness=NaN mScreenBrightnessOverrideFromWindowManager=NaN
06-19 18:19:37.557 14953 15019 D PowerManagerService: setScreenBrightnessOverrideFromWindowManagerInternal brightness=NaN mScreenBrightnessOverrideFromWindowManager=NaN
06-19 18:19:37.559 14953 15017 D ColorZoomWindowManagerService: current size = 1080 x 2400, density = 3.0
06-19 18:19:37.561 14953 15019 D PowerManagerService: setScreenBrightnessOverrideFromWindowManagerInternal brightness=NaN mScreenBrightnessOverrideFromWindowManager=NaN
06-19 18:19:37.565 14953 15019 I chatty  : uid=1000(system) android.display identical 2 lines
06-19 18:19:37.574 14953 15019 D PowerManagerService: setScreenBrightnessOverrideFromWindowManagerInternal brightness=NaN mScreenBrightnessOverrideFromWindowManager=NaN
06-19 18:19:37.575 14953 15404 W LightsService: setBrightness brightness: 255.0, brightnessMode:0
06-19 18:19:37.590 14953 18183 E OplusCustomizeRestrictionManagerService: isBiometricDisabled start
06-19 18:19:37.592 14953 16308 E OplusCustomizeRestrictionManagerService: isBiometricDisabled start
06-19 18:19:37.604 14953 18186 E OplusCustomizeRestrictionManagerService: isBiometricDisabled start
06-19 18:19:37.606 14953 18183 E OplusCustomizeRestrictionManagerService: isBiometricDisabled start
06-19 18:19:37.609 14953 15404 D OppoBaseLightsService: notifyFlingerLight color=255code=21005
06-19 18:19:37.611 14953 15404 D OplusFeatureDCBacklight: notifySfRepaintEverything begin mCurrentDCMode:0
