06-19 18:35:03.280   967   967 E Diag_Lib: diag: Diag_LSM_DeInit done for pid: 967
06-19 18:35:03.281  1777  1944 I libprocessgroup: Successfully killed process cgroup uid 10513 pid 1137 in 5ms
06-19 18:35:03.281   967   967 E Diag_Lib: diag: Diag_LSM_DeInit done for pid: 967
06-19 18:35:03.281   967   967 I sensors-hal: activate:220, android.sensor.gyroscope/41 en=0 completed
06-19 18:35:03.283  1777  2583 I WindowManager: WIN DEATH: Window{e4f3e08 mode=1 rootTaskId=920 u0 es.udc.DDM.Grupo3DDM/com.epicgames.ue4.GameActivity EXITING}
06-19 18:35:03.291  1777  2583 W WindowManager: Failed to deliver inset state change to w=Window{3d737cb mode=1 rootTaskId=920 u0 es.udc.DDM.Grupo3DDM/com.epicgames.ue4.GameActivity}
06-19 18:35:03.291  1777  2583 W WindowManager: android.os.DeadObjectException
06-19 18:35:03.291  1777  2583 W WindowManager: 	at android.os.BinderProxy.transactNative(Native Method)
06-19 18:35:03.291  1777  2583 W WindowManager: 	at android.os.BinderProxy.transact(BinderProxy.java:540)
06-19 18:35:03.291  1777  2583 W WindowManager: 	at android.view.IWindow$Stub$Proxy.insetsControlChanged(IWindow.java:812)
06-19 18:35:03.291  1777  2583 W WindowManager: 	at com.android.server.wm.WindowState.notifyInsetsControlChanged(WindowState.java:3832)
06-19 18:35:03.291  1777  2583 W WindowManager: 	at com.android.server.wm.InsetsStateController.lambda$notifyPendingInsetsControlChanged$4$InsetsStateController(InsetsStateController.java:466)
06-19 18:35:03.291  1777  2583 W WindowManager: 	at com.android.server.wm.-$$Lambda$InsetsStateController$-1iOXDf-1s3wDHcMIHBKNk6MS3I.run(Unknown Source:2)
06-19 18:35:03.291  1777  2583 W WindowManager: 	at com.android.server.wm.WindowAnimator.executeAfterPrepareSurfacesRunnables(WindowAnimator.java:355)
06-19 18:35:03.291  1777  2583 W WindowManager: 	at com.android.server.wm.RootWindowContainer.performSurfacePlacementNoTrace(RootWindowContainer.java:874)
06-19 18:35:03.291  1777  2583 W WindowManager: 	at com.android.server.wm.RootWindowContainer.performSurfacePlacement(RootWindowContainer.java:820)
06-19 18:35:03.291  1777  2583 W WindowManager: 	at com.android.server.wm.WindowSurfacePlacer.performSurfacePlacementLoop(WindowSurfacePlacer.java:178)
06-19 18:35:03.291  1777  2583 W WindowManager: 	at com.android.server.wm.WindowSurfacePlacer.performSurfacePlacement(WindowSurfacePlacer.java:127)
06-19 18:35:03.291  1777  2583 W WindowManager: 	at com.android.server.wm.WindowSurfacePlacer.performSurfacePlacement(WindowSurfacePlacer.java:116)
06-19 18:35:03.291  1777  2583 W WindowManager: 	at com.android.server.wm.WindowState.setupWindowForRemoveOnExit(WindowState.java:2415)
06-19 18:35:03.291  1777  2583 W WindowManager: 	at com.android.server.wm.WindowState.removeIfPossible(WindowState.java:2382)
06-19 18:35:03.291  1777  2583 W WindowManager: 	at com.android.server.wm.WindowState.access$300(WindowState.java:256)
06-19 18:35:03.291  1777  2583 W WindowManager: 	at com.android.server.wm.WindowState$DeathRecipient.binderDied(WindowState.java:2919)
06-19 18:35:03.291  1777  2583 W WindowManager: 	at android.os.IBinder$DeathRecipient.binderDied(IBinder.java:305)
06-19 18:35:03.291  1777  2583 W WindowManager: 	at android.os.BinderProxy.sendDeathNotice(BinderProxy.java:654)
06-19 18:35:03.292  1777  4341 I WindowManager: WIN DEATH: Window{3d737cb mode=1 rootTaskId=920 u0 es.udc.DDM.Grupo3DDM/com.epicgames.ue4.GameActivity}
06-19 18:35:03.292  1777  4341 W InputDispatcher: Attempted to unregister already unregistered input channel '3d737cb es.udc.DDM.Grupo3DDM/com.epicgames.ue4.GameActivity (server)'
06-19 18:35:03.297   992 11415 I vendor.qti.hardware.servicetracker@1.2-service: killProcess is called for pid : 1137
06-19 18:35:03.297  5762 27145 I com.xiaomi.xms: oneway function results will be dropped but finished with status UNKNOWN_TRANSACTION and parcel size 0
06-19 18:35:03.297  1777  4346 W ActivityTaskManager: Force removing ActivityRecord{fd32c71 u0 es.udc.DDM.Grupo3DDM/com.epicgames.ue4.GameActivity t920}: app died, no saved state
06-19 18:35:03.298   992 11415 I vendor.qti.hardware.servicetracker@1.2-service: Activity state is changed to : 9
06-19 18:35:03.298   992 11415 I chatty  : uid=1000(system) HwBinder:992_B identical 1 line
06-19 18:35:03.298   992 11415 I vendor.qti.hardware.servicetracker@1.2-service: Activity state is changed to : 9
06-19 18:35:03.300   992 32092 I vendor.qti.hardware.servicetracker@1.2-service: Activity state is changed to : 2
06-19 18:35:03.301   988   988 I ANDR-PERF-LM: LMPerfGlue: perfmodule_submit_request() 132: perfmodule_submit_request()
06-19 18:35:03.301   988   988 I ANDR-PERF-LM: Core: getInstance() 84: LM getInstance
06-19 18:35:03.301   988   988 I ANDR-PERF-LM: WQ: push() 59: LMTriggerQ push() size=0
06-19 18:35:03.301   988   988 I ANDR-PERF-LM: WQ: push() 61: LMTriggerQ push() done size=1
06-19 18:35:03.301   988  1035 I ANDR-PERF-LM: WQ: pop() 42: LMTriggerQ pop() done size=0
06-19 18:35:03.301   988  1035 I ANDR-PERF-LM: Core: lmMain() 381: Calling runAsync for GameOptimization
06-19 18:35:03.301   988  1035 D ANDR-PERF-LM: Feature: lookup() 101: Feature Name = AppClassifier, total featuers = 4, featureFound = 1
06-19 18:35:03.301   988  1035 D ANDR-PERF-LM: Feature: getData() 112: data.data = 1
06-19 18:35:03.301   988  1035 I ANDR-PERF-LM: Core: lmMain() 391: runAsync for GameOptimization returned
06-19 18:35:03.301   988  1035 I ANDR-PERF-LM: Core: lmMain() 373: Waiting on trigger Queue
06-19 18:35:03.301   988  1035 I ANDR-PERF-LM: WQ: pop() 31: LMTriggerQ pop() size=0
06-19 18:35:03.303   992 32092 I vendor.qti.hardware.servicetracker@1.2-service: Activity state is changed to : 2
06-19 18:35:03.303 14337 14356 D AutoInstallService: onForegroundInfoChanged: com.miui.home
06-19 18:35:03.303 11216 11234 I GST     : forePkg: com.miui.home, preForePkg: es.udc.DDM.Grupo3DDM
06-19 18:35:03.303  4860 11662 I ProcessMonitor: onForegroundInfoChanged: ForegroundInfo{mForegroundPackageName='com.miui.home', mForegroundUid=10091, mForegroundPid=2821, mLastForegroundPackageName='es.udc.DDM.Grupo3DDM', mLastForegroundUid=10513, mLastForegroundPid=1137, mMultiWindowForegroundPackageName='null', mMultiWindowForegroundUid=-1, mFlags=0}
06-19 18:35:03.303  6689 29775 D PerfEngineController: ForegroundInfo{mForegroundPackageName='com.miui.home', mForegroundUid=10091, mForegroundPid=2821, mLastForegroundPackageName='es.udc.DDM.Grupo3DDM', mLastForegroundUid=10513, mLastForegroundPid=1137, mMultiWindowForegroundPackageName='null', mMultiWindowForegroundUid=-1, mFlags=0}
06-19 18:35:03.304  6689  6842 I ThermalInfoCollector: collectForgroundAppsInfo
06-19 18:35:03.304  4860 11662 I VideoBoxUtils: isSupportVideoBox: false
06-19 18:35:03.304  4860 11662 I VideoToolBoxService: onForegroundInfoChanged: Exit Vtb
06-19 18:35:03.308  1777  4346 I Timeline: Timeline: App_transition_ready time:167943346
06-19 18:35:03.309  1777  4341 I Timeline: Timeline: App_transition_ready time:167943347
06-19 18:35:03.313  1777  3143 I Timeline: Timeline: App_transition_ready time:167943352
06-19 18:35:03.315  2821  2821 D Launcher.Lifecycle: onStart:UserHandle{0},34d3e1c,false
06-19 18:35:03.316  2821  3254 I RenderThread: RenderThread resumed
06-19 18:35:03.316  2821  3254 I RenderThread: All controllers paused.
06-19 18:35:03.316  2821  3254 I RenderThread: RenderThread paused, waiting for signal
06-19 18:35:03.324  1777  2208 I MiuiNetworkPolicy: removeUidState uid = 10513
06-19 18:35:03.324  1777  2208 I MiuiNetworkPolicy: updateUidState uid = 10091, uidState = 2
06-19 18:35:03.326   992 32092 I vendor.qti.hardware.servicetracker@1.2-service: bindService is called for service : com.google.android.googlequicksearchbox/com.google.android.apps.gsa.nowoverlayservice.DrawerOverlayService and for client com.miui.home
06-19 18:35:03.326   992 32092 I vendor.qti.hardware.servicetracker@1.2-service: total connections for service : com.google.android.googlequicksearchbox/com.google.android.apps.gsa.nowoverlayservice.DrawerOverlayServiceare :1
06-19 18:35:03.326   992 32092 I vendor.qti.hardware.servicetracker@1.2-service: total connections for client : com.miui.homeare :1
06-19 18:35:03.329  2821  2821 D Launcher.Lifecycle: onResume:UserHandle{0},34d3e1c,false
06-19 18:35:03.329  2821  3072 D MiBridge: requestCpuHighFreq---- uid: 10091 level: 1 timeoutms:500
06-19 18:35:03.329  1343  1356 W MiuiBooster: "MiuiBoosterService requestCpuHighFreq: 10091, 1, 500"
06-19 18:35:03.329  1343  1356 W MiuiBooster: "requestCpuHighFreq,final level:1,final timeoutms:500"
06-19 18:35:03.329  1343  1356 W MiuiBooster: "perf_hint_hc start"
06-19 18:35:03.329  1343  1356 W MiuiBooster: "big_core_value[level-1]:4095"
06-19 18:35:03.329  1343  1356 W MiuiBooster: "little_core_value[level-1]:4095"
06-19 18:35:03.330  1343  1356 W MiuiBooster: "perf_handle:158620"
06-19 18:35:03.330  2821  3072 D MiBridge: requestCpuHighFreq handle: 1
06-19 18:35:03.330  2821  3072 D Launcher_CPUBooster: boostCpuToMax:0
06-19 18:35:03.330  2821  3254 I RenderThread: RenderThread resumed
06-19 18:35:03.330  2821  3254 I RenderThread: All controllers paused.
06-19 18:35:03.330  2821  3254 I RenderThread: RenderThread paused, waiting for signal
06-19 18:35:03.332  2821  2977 D StatusBarController: handleMessage: flag 800000  disable false
06-19 18:35:03.332  1777  2208 I MiuiNetworkPolicy: updateUidState uid = 10186, uidState = 3
06-19 18:35:03.339  1777  3143 I Timeline: Timeline: App_transition_ready time:167943378
06-19 18:35:03.344  2821  2821 D RecentsContainer: onApplyWindowInsets, insets=WindowInsets{
06-19 18:35:03.344  2821  2821 D RecentsContainer:     statusBars=Insets{left=0, top=102, right=0, bottom=0} max=Insets{left=0, top=102, right=0, bottom=0} vis=true
06-19 18:35:03.344  2821  2821 D RecentsContainer:     navigationBars=Insets{left=0, top=0, right=0, bottom=0} max=null vis=false
06-19 18:35:03.344  2821  2821 D RecentsContainer:     =Insets{left=0, top=0, right=0, bottom=0} max=null vis=false
06-19 18:35:03.344  2821  2821 D RecentsContainer:     ime=Insets{left=0, top=0, right=0, bottom=0} max=null vis=false
06-19 18:35:03.344  2821  2821 D RecentsContainer:     systemGestures=Insets{left=0, top=102, right=0, bottom=0} max=Insets{left=0, top=102, right=0, bottom=0} vis=true
06-19 18:35:03.344  2821  2821 D RecentsContainer:     mandatorySystemGestures=Insets{left=0, top=102, right=0, bottom=0} max=Insets{left=0, top=102, right=0, bottom=0} vis=true
06-19 18:35:03.344  2821  2821 D RecentsContainer:     tappableElement=Insets{left=0, top=102, right=0, bottom=0} max=Insets{left=0, top=102, right=0, bottom=0} vis=true
06-19 18:35:03.344  2821  2821 D RecentsContainer:     displayCutout=Insets{left=0, top=102, right=0, bottom=0} max=Insets{left=0, top=102, right=0, bottom=0} vis=true
06-19 18:35:03.344  2821  2821 D RecentsContainer:     windowDecor=null max=null vis=false
06-19 18:35:03.344  2821  2821 D RecentsContainer:     cutout=DisplayCutout{insets=Rect(0, 102 - 0, 0) waterfall=Insets{left=0, top=0, right=0, bottom=0} boundingRect={Bounds=[Rect(0, 0 - 0, 0), Rect(504, 0 - 576, 102), Rect(0, 0 - 0, 0), Rect(0, 0 - 0, 0)]}}
06-19 18:35:03.344  2821  2821 D RecentsContainer:     }, rotation=0
06-19 18:35:03.349  1777  1897 I Timeline: Timeline: App_transition_ready time:167943387
06-19 18:35:03.349  2425  2425 D StatusBar: disable<e i a s b h r c s > disable2<q i n >
06-19 18:35:03.353 27434 27434 I GsaVoiceInteractionSrv: Handling ACTION_START_HOTWORD
06-19 18:35:03.355  2821  2821 D ScreenView_ScreenView: dispatchDraw:0
06-19 18:35:03.355  2821  2821 D ScreenView_Workspace: dispatchDraw:2160
06-19 18:35:03.355  2821  2821 D ScreenView_HotSeats: dispatchDraw:0
06-19 18:35:03.356 27434 27495 I GsaVoiceInteractionSrv: (REDACTED) disregardVoiceMatch: %b
06-19 18:35:03.356 27434 27495 I GsaVoiceInteractionSrv: Cannot start hotword, hotword has been explicitly disabled.
06-19 18:35:03.356  1777  1893 I Timeline: Timeline: App_transition_ready time:167943394
06-19 18:35:03.356  2821  3022 D NavStubView: gatherTransparentRegion: need render w:1080  h:35
06-19 18:35:03.357  2821  3022 W NavStubView: onComputeInternalInsets  bounds=Rect(0, 0 - 1080, 35)   mHideGestureLine=true   mIsShowNavBar=true
06-19 18:35:03.357  2821  3021 D GestureStubView: gatherTransparentRegion: need render w:54  h:1440
06-19 18:35:03.358   992 32092 I vendor.qti.hardware.servicetracker@1.2-service: bindService is called for service : com.google.android.gms/.chimera.PersistentDirectBootAwareApiService and for client com.google.android.googlequicksearchbox:search
06-19 18:35:03.358   992 32092 I vendor.qti.hardware.servicetracker@1.2-service: total connections for service : com.google.android.gms/.chimera.PersistentDirectBootAwareApiServiceare :4
06-19 18:35:03.358   992 32092 I vendor.qti.hardware.servicetracker@1.2-service: total connections for client : com.google.android.googlequicksearchbox:searchare :2
06-19 18:35:03.363  1777  2208 I MiuiNetworkPolicy: updateUidState uid = 10190, uidState = 3
06-19 18:35:03.364 31659 31722 I BtGatt.ScanManager: msg.what = 6
06-19 18:35:03.367  1777  2159 I Timeline: Timeline: App_transition_ready time:167943405
06-19 18:35:03.368  2425  2425 D StatusBar: disable<e i a s b h r c s > disable2<q i n >
06-19 18:35:03.368  2821  2821 D RecentsImpl: mActivityStateObserver com.miui.home.launcher.Launcher
06-19 18:35:03.369  2821  2821 W RecentsImpl: onResumed className=com.miui.home.launcher.Launcher   mIsInAnotherPro=false
06-19 18:35:03.369  2821  2821 D Launcher_WallpaperUtils: changeStatusBarMode:false
06-19 18:35:03.369  1777  3143 W ActivityManager: Sending non-protected broadcast com.android.systemui.fullscreen.statechange from system 2425:com.android.systemui/1000 pkg com.android.systemui. Callers=
06-19 18:35:03.369  2821  2821 D Launcher.ShortcutInfo: onAddToDatabase, this=ShortcutInfo, id=260, itemType=0, user=UserHandle{0}, mIconType=0, pkgName=es.udc.DDM.Grupo3DDM, className=com.epicgames.ue4.SplashActivity, screenId=3, container=-100, cellX=3, cellY=1, spanX=1, spanY=1, isLandscapePos=false
06-19 18:35:03.369  2337  2431 D HomeWallpaperRenderer: OFFSET  x: 1.0  y: 0.0
06-19 18:35:03.369  1777  3143 W ActivityManager: Sending non-protected broadcast com.android.systemui.fullscreen.statechange from system 2425:com.android.systemui/1000 pkg com.android.systemui. Callers=
06-19 18:35:03.369  2821  2821 D Launcher.Model: Update item in database (3, 1) of screen 3 under container -100
06-19 18:35:03.369  2821  2821 D Launcher.Model: updateItemInDatabase, item=ShortcutInfo, id=260, itemType=0, user=UserHandle{0}, mIconType=0, pkgName=es.udc.DDM.Grupo3DDM, className=com.epicgames.ue4.SplashActivity, screenId=3, container=-100, cellX=3, cellY=1, spanX=1, spanY=1, isLandscapePos=false
06-19 18:35:03.369  2821  2821 D Launcher: es.udc.DDM.Grupo3DDM, has been opened, remove its new installed indicator
06-19 18:35:03.370  2821  2821 D ScreenView_Workspace: dispatchDraw:2160
06-19 18:35:03.374 23989 23989 I A       : (REDACTED) onApplyWindowInsets: systemWindowInsets=%s
06-19 18:35:03.374 23989 23989 I A       : (REDACTED) onApplyWindowInsets: systemWindowInsets=%s
06-19 18:35:03.374  2821  2821 W RecentsImpl: updateFsgWindowVisibilityState   isEnter=false   typeFrom=typefrom_home   isOpen=true   mIsInAnotherPro=false   mIsStatusBarExpansion=false
06-19 18:35:03.375  2821  2821 W RecentsImpl: getTopActivity from observer.   cn=ComponentInfo{com.miui.home/com.miui.home.launcher.Launcher}
06-19 18:35:03.375  2821  3021 D GestureStubView: gatherTransparentRegion: need render w:54  h:1440
06-19 18:35:03.375  2821  3021 D RecentsImpl: hideBackStubWindow
06-19 18:35:03.375  2821  3022 D RecentsImpl: showNavStubView
06-19 18:35:03.376  1777  1897 I Timeline: Timeline: App_transition_ready time:167943415
06-19 18:35:03.379  2425  2425 D StatusBar: disable<e i a s b h r c s > disable2<q i n >
06-19 18:35:03.380  2425  2451 D CommandQueue: setStatus: setStatus: what = 0, action = upate_specail_mode, ext = Bundle[mParcelledData.dataSize=92][pkg = com.miui.home[enable_config = true
06-19 18:35:03.382  2425  2796 D MiuiPhoneStatusBarPolicy: updateManagedProfile: secondSpace = false
06-19 18:35:03.384  2337  3398 D KeyguardWallpaperRenderer: OFFSET  x: 0.0  y: 0.0
06-19 18:35:03.392  2337  2431 D HomeWallpaperRenderer: OFFSET  x: 1.0  y: 0.0
06-19 18:35:03.392  1777  2583 D MIUIInput: [FoucsChange]: Display  0 FocusedWindow From null(0,0)  to Window{d8d2def mode=1 rootTaskId=1 u0 com.miui.home/com.miui.home.launcher.Launcher}(1,1)
06-19 18:35:03.394  2821  2821 D Launcher.Lifecycle: onWindowFocusChanged:true,UserHandle{0},34d3e1c,false
06-19 18:35:03.394  2821  2821 D Launcher_UnlockAnimationStateMachine: onWindowFocus:IDLE
06-19 18:35:03.397  2425  2425 D NotifBadge: recevie broadbcast ACTION_APPLICATION_MESSAGE_QUERY, requestFirstTime=false
06-19 18:35:03.399  2337  3398 D KeyguardWallpaperRenderer: OFFSET  x: 0.0  y: 0.0
06-19 18:35:03.399 25808 25808 I GoogleInputMethodService: GoogleInputMethodService.onFinishInput():3220 
06-19 18:35:03.400 25808 25808 I GoogleInputMethodService: GoogleInputMethodService.updateDeviceLockedStatus():2116 checkRepeatedly = false, unlocked = true
06-19 18:35:03.400 25808 25808 I GoogleInputMethodService: GoogleInputMethodService.onStartInput():1923 onStartInput(EditorInfo{inputType=0x0(NULL) imeOptions=0x0 privateImeOptions=null actionName=UNSPECIFIED actionLabel=null actionId=0 initialSelStart=-1 initialSelEnd=-1 initialCapsMode=0x0 hintText=null label=null packageName=com.miui.home fieldId=2131361961 fieldName=null extras=null}, false)
06-19 18:35:03.400 25808 25808 I GoogleInputMethodService: GoogleInputMethodService.updateDeviceLockedStatus():2116 checkRepeatedly = true, unlocked = true
06-19 18:35:03.459  1777  1893 W ActivityManager: setHasOverlayUi called on unknown pid: 1137
06-19 18:35:03.541  1777  1897 I Timeline: Timeline: Activity_windows_visible id: ActivityRecord{116dac0 u0 com.miui.home/.launcher.Launcher t2} time:167943580
06-19 18:35:03.543  1777  1897 I Timeline: Timeline: App_transition_stopped time:167943581
06-19 18:35:03.545  2821  2821 E RotationHelper: setCurrentTransitionRequest: request=0
06-19 18:35:03.676  2821  3021 D GestureStubView: hideGestureStub
06-19 18:35:03.676  2821  3021 D GestureStubView: hideGestureStub
06-19 18:35:03.696  2821  3021 D GestureStubView: gatherTransparentRegion: need render w:54  h:1440
06-19 18:35:03.699  2821  3021 D GestureStubView: gatherTransparentRegion: need render w:54  h:1440
06-19 18:35:03.788  1777  2185 D MIUIInput: [MotionEvent] publisher action=0x0, 167943825, channel '6273193 GestureStub (server)'
06-19 18:35:03.788  2821  3022 D NavStubView: onTouchEvent: action=0, count=1
06-19 18:35:03.788  2821  3022 D NavStubView: onTouch ACTION_DOWN sendMessageDelayed MSG_CHECK_GESTURE_STUB_TOUCHABLE
06-19 18:35:03.790  1777  2278 W SchedBoost: SchedBoost begin: proc: 2821/3024, mode: 2 aff:[6, 7]
06-19 18:35:03.792  2821  3022 D NavStubView: onTouchEvent: action=2, count=1
06-19 18:35:03.792  2821  3072 D MiBridge: requestCpuHighFreq---- uid: 10091 level: 1 timeoutms:1000
06-19 18:35:03.793  2821  3022 D NavStubView: onPointEvent: rawX=542.0   rawY=2399.0   action=0   mIsInFsMode=false
06-19 18:35:03.793  2821  3022 E RotationHelper: setCurrentTransitionRequest: request=2
06-19 18:35:03.793  2821  3022 E RotationHelper: notifyChange activityFlags=1, mMultiWindowRotationRequest=3, mCurrentTransitionRequest=2, mCurrentStateRequest=0
06-19 18:35:03.793  1343  1356 W MiuiBooster: "MiuiBoosterService requestCpuHighFreq: 10091, 1, 1000"
06-19 18:35:03.793  1343  1356 W MiuiBooster: "requestCpuHighFreq,final level:1,final timeoutms:1000"
06-19 18:35:03.793  1343  1356 W MiuiBooster: "perf_hint_hc start"
06-19 18:35:03.793  1343  1356 W MiuiBooster: "big_core_value[level-1]:4095"
06-19 18:35:03.793  1343  1356 W MiuiBooster: "little_core_value[level-1]:4095"
06-19 18:35:03.793  1343  1356 W MiuiBooster: "perf_handle:158621"
06-19 18:35:03.793  2821  3072 D MiBridge: requestCpuHighFreq handle: 1
06-19 18:35:03.793  2821  3072 D Launcher_CPUBooster: boostCpuToMax:0
06-19 18:35:03.794  2821  3021 I Launcher: notifyPowerKeeperGesture status: gesture_start
06-19 18:35:03.796  1777  2278 W SchedBoost: SchedBoost continue: proc: 2821/3024
06-19 18:35:03.796   988   988 I ANDR-PERF-LM: LMPerfGlue: perfmodule_submit_request() 132: perfmodule_submit_request()
06-19 18:35:03.796   988   988 I ANDR-PERF-LM: Core: getInstance() 84: LM getInstance
06-19 18:35:03.796   988   988 D ANDR-PERF-LM: Feature: lookup() 101: Feature Name = AppClassifier, total featuers = 4, featureFound = 1
06-19 18:35:03.796   988   988 D ANDR-PERF-LM: Feature: getData() 112: data.data = 1
06-19 18:35:03.796   988   988 I ANDR-PERF-LM: FeedbackAPI: getFeedback() 60: app:com.miui.home feature:AppClassifier feedback = 1
06-19 18:35:03.797   988   988 I ANDR-PERF-LM: LMPerfGlue: perfmodule_submit_request() 132: perfmodule_submit_request()
06-19 18:35:03.797   988   988 I ANDR-PERF-LM: Core: getInstance() 84: LM getInstance
06-19 18:35:03.797   988   988 I ANDR-PERF-LM: WQ: push() 59: LMTriggerQ push() size=0
06-19 18:35:03.797   988   988 I ANDR-PERF-LM: WQ: push() 61: LMTriggerQ push() done size=1
06-19 18:35:03.797   988   988 I ANDR-PERF-LM: LMPerfGlue: perfmodule_submit_request() 132: perfmodule_submit_request()
06-19 18:35:03.797   988   988 I ANDR-PERF-LM: Core: getInstance() 84: LM getInstance
06-19 18:35:03.797   988   988 D ANDR-PERF-LM: Feature: lookup() 101: Feature Name = AppClassifier, total featuers = 4, featureFound = 1
06-19 18:35:03.797   988  1035 I ANDR-PERF-LM: WQ: pop() 42: LMTriggerQ pop() done size=0
06-19 18:35:03.797   988  1035 I ANDR-PERF-LM: Core: lmMain() 373: Waiting on trigger Queue
06-19 18:35:03.797   988  1035 I ANDR-PERF-LM: WQ: pop() 31: LMTriggerQ pop() size=0
06-19 18:35:03.797   988   988 D ANDR-PERF-LM: Feature: getData() 112: data.data = 1
06-19 18:35:03.797   988   988 I ANDR-PERF-LM: FeedbackAPI: getFeedback() 60: app:com.miui.home feature:AppClassifier feedback = 1
06-19 18:35:03.798  2821  3022 W RecentsModel: getRunningTaskContainHome
06-19 18:35:03.799  2821  3022 W RecentsModel: getRunningTask   taskInfo=TaskInfo{userId=0 stackId=1 taskId=2 displayId=0 isRunning=true baseIntent=Intent { act=android.intent.action.MAIN cat=[android.intent.category.HOME] flg=0x10800100 cmp=com.miui.home/.launcher.Launcher } baseActivity=ComponentInfo{com.miui.home/com.miui.home.launcher.Launcher} topActivity=ComponentInfo{com.miui.home/com.miui.home.launcher.Launcher} origActivity=null realActivity=ComponentInfo{com.miui.home/com.miui.home.launcher.Launcher} numActivities=1 lastActiveTime=457037253 supportsSplitScreenMultiWindow=true resizeMode=2 isResizeable=true token=android.window.WindowContainerToken@893dd71 topActivityType=2 pictureInPictureParams=null topActivityInfo=ActivityInfo{ad3e756 com.miui.home.launcher.Launcher}
06-19 18:35:03.799  2821  3022 W RecentsModel: getTaskInfoIgnoreFreeform   taskInfo=ComponentInfo{com.miui.home/com.miui.home.launcher.Launcher}
06-19 18:35:03.799  2821  3022 D NavStubView: current window mode:1 (1:home, 2:app, 3:recent-task, 4:keyguard)
06-19 18:35:03.800  2821  3022 D EventBus: No subscribers registered for event class com.miui.home.launcher.common.messages.CloseAllOverLauncherWindowMessage
06-19 18:35:03.800  2821  3022 D EventBus: No subscribers registered for event class org.greenrobot.eventbus.NoSubscriberEvent
06-19 18:35:03.800  2821  3022 D NavStubView: onPointEvent: rawX=548.5876   rawY=2361.6704   action=2   mIsInFsMode=false
06-19 18:35:03.802  2821  3022 W GestureStateMachine: InitState msg=1
06-19 18:35:03.802  2821  3022 W GestureStateMachine: HomeDragState msg=3
06-19 18:35:03.802  2821  2821 E Launcher: changeViewByFsGestureState,  view=ShortcutMenuLayer,  alpha=1.0,  scale=0.9929274
06-19 18:35:03.802  2821  3022 W GestureStateMachine: HomeDragState msg=2
06-19 18:35:03.803  2425  2425 V ShadeControllerImpl: NotificationShadeWindow: com.android.systemui.statusbar.phone.NotificationShadeWindowView{eb3c93c I.E...... ......ID 0,0-1080,2400} canPanelBeCollapsed(): false
06-19 18:35:03.804  2425  2425 I vol.MiuiVolumeDialogImp-plugin: dismissH mShowing:false dialog showing:false reason:2
06-19 18:35:03.808  2821  3022 D NavStubView: onTouchEvent: action=2, count=1
06-19 18:35:03.809  2821  3022 D NavStubView: onPointEvent: rawX=567.773   rawY=2294.5586   action=2   mIsInFsMode=false
06-19 18:35:03.809  2821  3022 W GestureStateMachine: HomeDragState msg=3
06-19 18:35:03.810  2821  2821 E Launcher: changeViewByFsGestureState,  view=ShortcutMenuLayer,  alpha=1.0,  scale=0.9810856
06-19 18:35:03.810  1777  1890 D WindowManager: onSwipeFromBottom getFScreenFlag-----false
06-19 18:35:03.819  2821  3022 W GestureStateMachine: HomeDragState msg=2
06-19 18:35:03.825  2821  3022 D NavStubView: onTouchEvent: action=2, count=1
06-19 18:35:03.826  2821  3022 D NavStubView: onPointEvent: rawX=668.5292   rawY=2047.3121   action=2   mIsInFsMode=false
06-19 18:35:03.826  2821  3022 W GestureStateMachine: HomeDragState msg=3
06-19 18:35:03.826  2821  2821 E Launcher: changeViewByFsGestureState,  view=ShortcutMenuLayer,  alpha=1.0,  scale=0.94311285
06-19 18:35:03.828  2821  2977 E StateBroadcastUtils: sendFsStateBroadCast state=crossSafeArea   channel=gesture   packageName=
06-19 18:35:03.835  2821  3022 W GestureStateMachine: HomeDragState msg=2
06-19 18:35:03.841  2821  3022 D NavStubView: onTouchEvent: action=2, count=1
06-19 18:35:03.842  2821  3022 D NavStubView: onPointEvent: rawX=780.4226   rawY=1846.6417   action=2   mIsInFsMode=false
06-19 18:35:03.843  2821  3022 W GestureStateMachine: HomeDragState msg=3
06-19 18:35:03.843  2821  2821 E Launcher: changeViewByFsGestureState,  view=ShortcutMenuLayer,  alpha=1.0,  scale=0.91832906
06-19 18:35:03.850  2821  3022 W GestureStateMachine: HomeDragState msg=2
06-19 18:35:03.859  1777  2185 D MIUIInput: [MotionEvent] publisher action=0x1, 167943897, channel '6273193 GestureStub (server)'
06-19 18:35:03.859  2821  3022 D NavStubView: onTouchEvent: action=2, count=1
06-19 18:35:03.860  2821  3022 D NavStubView: onTouchEvent: action=1, count=1
06-19 18:35:03.860  2821  3022 D NavStubView: ACTION_UP: mIsGestureStarted: true
06-19 18:35:03.860  2821  3022 D NavStubView: onPointEvent: rawX=890.2854   rawY=1666.4423   action=2   mIsInFsMode=false
06-19 18:35:03.861  2821  3022 D NavStubView: onPointEvent: rawX=874.0   rawY=1693.0   action=1   mIsInFsMode=false
06-19 18:35:03.861  2821  3022 D NavStubView: isFastPullUp  mPivotLocY=2104   mFollowTailY=2297.7227   TAIL_GAP=25   vx=7.958568   vy=-11.767548
06-19 18:35:03.861  2821  3022 W GestureStateMachine: HomeDragState msg=3
06-19 18:35:03.861  2821  2821 E Launcher: changeViewByFsGestureState,  view=ShortcutMenuLayer,  alpha=1.0,  scale=0.90021443
06-19 18:35:03.862  2821  3022 W GestureStateMachine: HomeDragState msg=5
06-19 18:35:03.862  2821  3022 D NavStubView: performHomeToHome
06-19 18:35:03.862  2821  3022 D NavStubView: startRecentsFadeOutAnim
06-19 18:35:03.864   988   988 I ANDR-PERF-LM: LMPerfGlue: perfmodule_submit_request() 132: perfmodule_submit_request()
06-19 18:35:03.864   988   988 I ANDR-PERF-LM: Core: getInstance() 84: LM getInstance
06-19 18:35:03.864   988   988 D ANDR-PERF-LM: Feature: lookup() 101: Feature Name = AppClassifier, total featuers = 4, featureFound = 1
06-19 18:35:03.864  2821  2977 E StateBroadcastUtils: sendFsStateBroadCast state=toHome   channel=gesture   packageName=
06-19 18:35:03.864   988   988 D ANDR-PERF-LM: Feature: getData() 112: data.data = 1
06-19 18:35:03.864   988   988 I ANDR-PERF-LM: FeedbackAPI: getFeedback() 60: app:com.miui.home feature:AppClassifier feedback = 1
06-19 18:35:03.864   988   988 I ANDR-PERF-LM: LMPerfGlue: perfmodule_submit_request() 132: perfmodule_submit_request()
06-19 18:35:03.864   988   988 I ANDR-PERF-LM: Core: getInstance() 84: LM getInstance
06-19 18:35:03.864   988   988 I ANDR-PERF-LM: WQ: push() 59: LMTriggerQ push() size=0
06-19 18:35:03.864   988   988 I ANDR-PERF-LM: WQ: push() 61: LMTriggerQ push() done size=1
06-19 18:35:03.864   988  1035 I ANDR-PERF-LM: WQ: pop() 42: LMTriggerQ pop() done size=0
06-19 18:35:03.864   988  1035 I ANDR-PERF-LM: Core: lmMain() 373: Waiting on trigger Queue
06-19 18:35:03.865   988  1035 I ANDR-PERF-LM: WQ: pop() 31: LMTriggerQ pop() size=0
06-19 18:35:03.866   988   988 I ANDR-PERF-LM: LMPerfGlue: perfmodule_submit_request() 132: perfmodule_submit_request()
06-19 18:35:03.866   988   988 I ANDR-PERF-LM: Core: getInstance() 84: LM getInstance
06-19 18:35:03.866   988   988 D ANDR-PERF-LM: Feature: lookup() 101: Feature Name = AppClassifier, total featuers = 4, featureFound = 1
06-19 18:35:03.866   988   988 D ANDR-PERF-LM: Feature: getData() 112: data.data = 1
06-19 18:35:03.866   988   988 I ANDR-PERF-LM: FeedbackAPI: getFeedback() 60: app:com.miui.home feature:AppClassifier feedback = 1
06-19 18:35:03.866   988   988 I ANDR-PERF-LM: LMPerfGlue: perfmodule_submit_request() 132: perfmodule_submit_request()
06-19 18:35:03.866   988   988 I ANDR-PERF-LM: Core: getInstance() 84: LM getInstance
06-19 18:35:03.866   988   988 I ANDR-PERF-LM: WQ: push() 59: LMTriggerQ push() size=0
06-19 18:35:03.866   988   988 I ANDR-PERF-LM: WQ: push() 61: LMTriggerQ push() done size=1
06-19 18:35:03.866   988  1035 I ANDR-PERF-LM: WQ: pop() 42: LMTriggerQ pop() done size=0
06-19 18:35:03.866   988  1035 I ANDR-PERF-LM: Core: lmMain() 373: Waiting on trigger Queue
06-19 18:35:03.866   988  1035 I ANDR-PERF-LM: WQ: pop() 31: LMTriggerQ pop() size=0
06-19 18:35:03.867   988   988 I ANDR-PERF-LM: LMPerfGlue: perfmodule_submit_request() 132: perfmodule_submit_request()
06-19 18:35:03.867   988   988 I ANDR-PERF-LM: Core: getInstance() 84: LM getInstance
06-19 18:35:03.867   988   988 D ANDR-PERF-LM: Feature: lookup() 101: Feature Name = AppClassifier, total featuers = 4, featureFound = 1
06-19 18:35:03.867   988   988 D ANDR-PERF-LM: Feature: getData() 112: data.data = 1
06-19 18:35:03.867   988   988 I ANDR-PERF-LM: FeedbackAPI: getFeedback() 60: app:com.miui.home feature:AppClassifier feedback = 1
06-19 18:35:03.876  2821  2821 E RotationHelper: setCurrentStateRequest: request=0
06-19 18:35:03.876  2821  2821 D EventBus: No subscribers registered for event class com.miui.home.launcher.common.messages.CloseAllOverLauncherWindowMessage
06-19 18:35:03.876  2821  2821 D EventBus: No subscribers registered for event class org.greenrobot.eventbus.NoSubscriberEvent
06-19 18:35:03.876  2821  2821 D ScreenView_Workspace: startScroll:0
06-19 18:35:03.877  2821  2821 E Launcher: changeViewByFsGestureState,  view=ShortcutMenuLayer,  alpha=1.0,  scale=0.90021443
06-19 18:35:03.878  2425  2425 D StatusBar: disable<e i a s b h r C!s > disable2<q i n >
06-19 18:35:03.880  2821  2977 D StatusBarController: handleMessage: flag 800000  disable true
06-19 18:35:03.891  2821  2821 E Launcher: changeViewByFsGestureState,  view=ShortcutMenuLayer,  alpha=1.0,  scale=0.90021443
06-19 18:35:03.892  2821  2821 D ScreenView_Workspace: dispatchDraw:2160
06-19 18:35:03.893  2821  2821 D Launcher_WallpaperUtils: changeStatusBarMode:false
06-19 18:35:03.894  2425  2425 V ShadeControllerImpl: NotificationShadeWindow: com.android.systemui.statusbar.phone.NotificationShadeWindowView{eb3c93c I.E...... ......ID 0,0-1080,2400} canPanelBeCollapsed(): false
06-19 18:35:03.894  2425  2425 I vol.MiuiVolumeDialogImp-plugin: dismissH mShowing:false dialog showing:false reason:2
06-19 18:35:03.908  2821  2821 E Launcher: changeViewByFsGestureState,  view=ShortcutMenuLayer,  alpha=1.0,  scale=0.91645706
06-19 18:35:03.910  2821  2821 I RenderVsyncUpdater: All controllers paused.
06-19 18:35:03.914  1280  1504 I MiPicks-AutoUpdateScheduler: [Update] scheduleAutoUpdateOnAppStart
06-19 18:35:03.917  1280  1504 I MiPicks-AutoDownloadScheduler: [AutoDownload] scheduleAutoDownloadOnAppStart
06-19 18:35:03.923  1280  1803 W XMPush-1280: [Tid:75713] sdk_version = 5_0_6-G
06-19 18:35:03.925  2821  2821 E Launcher: changeViewByFsGestureState,  view=ShortcutMenuLayer,  alpha=1.0,  scale=0.930427
06-19 18:35:03.925  2821  2821 D ScreenView_Workspace: dispatchDraw:1880
06-19 18:35:03.930  2337  2431 D HomeWallpaperRenderer: OFFSET  x: 0.8703704  y: 0.0
06-19 18:35:03.932  1777  5470 D CompatibilityInfo: mCompatibilityFlags - 0
06-19 18:35:03.932  1777  5470 D CompatibilityInfo: applicationDensity - 440
06-19 18:35:03.932  1777  5470 D CompatibilityInfo: applicationScale - 1.0
06-19 18:35:03.933   992 32092 I vendor.qti.hardware.servicetracker@1.2-service: startService() is called for servicecom.xiaomi.mipicks/com.xiaomi.mipush.sdk.PushMessageHandler
06-19 18:35:03.934  1777  2208 I MiuiNetworkPolicy: updateUidState uid = 10122, uidState = 10
06-19 18:35:03.936  5762  5762 W PushService: [Tid:2] onStart() with intent.Action = null, chid = null, pkg = null|com.xiaomi.mipicks
06-19 18:35:03.937  1280  1817 W XMPush-1280: [Tid:75717] (Local) begin execute onCommandResult, command=register, resultCode=0, reason=null
06-19 18:35:03.940  1280  1817 W .xiaomi.mipick: Class com.google.android.gms.common.GoogleApiAvailability failed lock verification and will run slower.
06-19 18:35:03.940  5762  5762 W PushService: [Tid:2] onStart() with intent.Action = null, chid = null, pkg = null|com.xiaomi.mipicks
06-19 18:35:03.941  2821  2821 E Launcher: changeViewByFsGestureState,  view=ShortcutMenuLayer,  alpha=1.0,  scale=0.9438706
06-19 18:35:03.942  2821  2821 D ScreenView_Workspace: dispatchDraw:1648
06-19 18:35:03.942  1280  1817 W .xiaomi.mipick: Class com.google.android.gms.common.internal.zzag failed lock verification and will run slower.
06-19 18:35:03.947  2337  2431 D HomeWallpaperRenderer: OFFSET  x: 0.76296294  y: 0.0
06-19 18:35:03.949  5762  5762 W PushService: [Tid:2] onStart() with intent.Action = com.xiaomi.mipush.SEND_MESSAGE, chid = null, pkg = null|com.xiaomi.mipicks
06-19 18:35:03.949  5762  5992 W PushService: [Tid:477] [Job] Handle intent action = com.xiaomi.mipush.SEND_MESSAGE
06-19 18:35:03.949  5762  5992 W PushService: [Tid:477] try send mi push message. packagename:com.xiaomi.mipicks action:Notification
06-19 18:35:03.950  1280  1817 W .xiaomi.mipick: Class com.google.android.gms.common.zzm failed lock verification and will run slower.
06-19 18:35:03.950  1777  3143 D CompatibilityInfo: mCompatibilityFlags - 0
06-19 18:35:03.950  1777  3143 D CompatibilityInfo: applicationDensity - 440
06-19 18:35:03.950  1777  3143 D CompatibilityInfo: applicationScale - 1.0
06-19 18:35:03.951   992 32092 I vendor.qti.hardware.servicetracker@1.2-service: startService() is called for servicecom.xiaomi.mipicks/com.xiaomi.mipush.sdk.MessageHandleService
06-19 18:35:03.954  1280  1817 I ASSEMBLE_PUSH-fpm: register fcm
06-19 18:35:03.955  1280  1817 W .xiaomi.mipick: Class com.google.android.gms.tasks.zzj failed lock verification and will run slower.
06-19 18:35:03.955  1280  1817 W .xiaomi.mipick: Class com.google.android.gms.tasks.zzi failed lock verification and will run slower.
06-19 18:35:03.956  1280  1280 I ASSEMBLE_PUSH-fpm: recordToken success token:dHQs8_ik0FSSTwb3ohSeZ-:APA91bH-AEASZjDYrRv0Xh8qsS2TF3rFNdr0JFk4ab_NvyPsiwGKSyRE0fyI8thqJj7ZId1a8gI-8KA_QOo1_6h93vhPmTNW3JD7Y2sAWvC3sw1j41Z5ytmL-WbRITbNrQ6DbeIccV-W
06-19 18:35:03.958  2821  2821 E Launcher: changeViewByFsGestureState,  view=ShortcutMenuLayer,  alpha=1.0,  scale=0.95587236
06-19 18:35:03.959  2821  2821 D ScreenView_Workspace: dispatchDraw:1389
06-19 18:35:03.962  1280  1431 D MarketSdk-MarketManager: currVersionValue: 12050800
06-19 18:35:03.962  1280  1431 D MarketSdk-MarketManager: targetVersionValue: 10000000
06-19 18:35:03.964  2337  2431 D HomeWallpaperRenderer: OFFSET  x: 0.64305556  y: 0.0
06-19 18:35:03.967  1280  1431 W System.err: android.provider.Settings$SettingNotFoundException: auto_update_app_via_wifi
06-19 18:35:03.968  1280  1431 W System.err: 	at android.provider.Settings$Global.getInt(Settings.java:13699)
06-19 18:35:03.968  1280  1431 W System.err: 	at com.xiaomi.market.util.SettingsUtils.syncAutoUpdateStateFromFirstBoot(SettingsUtils.java:1)
06-19 18:35:03.968  1280  1431 W System.err: 	at com.xiaomi.market.util.SettingsUtils.shouldAutoUpdateViaWifi(SettingsUtils.java:1)
06-19 18:35:03.968  1280  1431 W System.err: 	at com.xiaomi.market.util.DiscoverUpdateNotifier.onAutoUpdatePreferenceChange(DiscoverUpdateNotifier.java:1)
06-19 18:35:03.968  1280  1431 W System.err: 	at com.xiaomi.market.AppInitializerImpl.lowPriorityInit(AppInitializerImpl.java:2)
06-19 18:35:03.968  1280  1431 W System.err: 	at com.xiaomi.market.AppInitializer.lowPriorityInitialze(AppInitializer.java:1)
06-19 18:35:03.968  1280  1431 W System.err: 	at com.xiaomi.market.MarketApp$6.run(MarketApp.java:11)
06-19 18:35:03.968  1280  1431 W System.err: 	at com.xiaomi.market.util.ThreadUtils$3.run(ThreadUtils.java:1)
06-19 18:35:03.968  1280  1431 W System.err: 	at java.util.concurrent.ThreadPoolExecutor.runWorker(ThreadPoolExecutor.java:1167)
06-19 18:35:03.968  1280  1431 W System.err: 	at java.util.concurrent.ThreadPoolExecutor$Worker.run(ThreadPoolExecutor.java:641)
06-19 18:35:03.968  1280  1431 W System.err: 	at java.lang.Thread.run(Thread.java:923)
06-19 18:35:03.970  1280  1431 I MiPicks-ShortcutSupervisorImplClassicShortcut: removeShortcut by id: desktop_hot_apps
06-19 18:35:03.866  1777  2278 W SchedBoost: SchedBoost continue: proc: 2821/3024
06-19 18:35:03.971  1777  1919 W BroadcastQueue: Background execution not allowed: receiving Intent { act=com.miui.home.launcher.action.UNINSTALL_SHORTCUT flg=0x10 (has extras) } to com.miui.home/.launcher.UninstallShortcutReceiver
06-19 18:35:03.975  2821  2821 E Launcher: changeViewByFsGestureState,  view=ShortcutMenuLayer,  alpha=1.0,  scale=0.9658509
06-19 18:35:03.975  2821  2821 D ScreenView_Workspace: dispatchDraw:1141
06-19 18:35:03.980  2337  2431 D HomeWallpaperRenderer: OFFSET  x: 0.52824074  y: 0.0
06-19 18:35:03.992  2821  2821 E Launcher: changeViewByFsGestureState,  view=ShortcutMenuLayer,  alpha=1.0,  scale=0.9750536
06-19 18:35:03.992  2821  2821 D ScreenView_Workspace: dispatchDraw:917
06-19 18:35:03.996  2337  2431 D HomeWallpaperRenderer: OFFSET  x: 0.42453703  y: 0.0
06-19 18:35:04.008  2821  2821 E Launcher: changeViewByFsGestureState,  view=ShortcutMenuLayer,  alpha=1.0,  scale=0.98281443
06-19 18:35:04.008  2821  2821 D ScreenView_Workspace: dispatchDraw:732
06-19 18:35:04.010  2337  2431 D HomeWallpaperRenderer: OFFSET  x: 0.33888888  y: 0.0
06-19 18:35:04.025  2821  2821 E Launcher: changeViewByFsGestureState,  view=ShortcutMenuLayer,  alpha=1.0,  scale=0.9888016
06-19 18:35:04.025  2821  2821 D ScreenView_Workspace: dispatchDraw:567
06-19 18:35:04.030  2337  2431 D HomeWallpaperRenderer: OFFSET  x: 0.2625  y: 0.0
06-19 18:35:04.041  2821  2821 E Launcher: changeViewByFsGestureState,  view=ShortcutMenuLayer,  alpha=1.0,  scale=0.9937634
06-19 18:35:04.042  2821  2821 D ScreenView_Workspace: dispatchDraw:431
06-19 18:35:04.043  2337  2431 D HomeWallpaperRenderer: OFFSET  x: 0.19953704  y: 0.0
06-19 18:35:04.052  1777  2185 D MIUIInput: [MotionEvent] publisher action=0x0, 167944089, channel '6273193 GestureStub (server)'
06-19 18:35:04.053  2821  3022 D NavStubView: onTouchEvent: action=0, count=1
06-19 18:35:04.053  2821  3022 D NavStubView: onTouch ACTION_DOWN sendMessageDelayed MSG_CHECK_GESTURE_STUB_TOUCHABLE
06-19 18:35:04.053  1777  2278 W SchedBoost: SchedBoost continue: proc: 2821/3024
06-19 18:35:04.058  1280  1431 W .xiaomi.mipick: Class com.google.android.gms.tasks.zzaf failed lock verification and will run slower.
06-19 18:35:04.058  2821  2821 E Launcher: changeViewByFsGestureState,  view=ShortcutMenuLayer,  alpha=1.0,  scale=0.99728334
06-19 18:35:04.059  2821  2821 D ScreenView_Workspace: dispatchDraw:327
06-19 18:35:04.060  2821  3022 D NavStubView: onTouchEvent: action=2, count=1
06-19 18:35:04.060  2821  3072 D MiBridge: requestCpuHighFreq---- uid: 10091 level: 1 timeoutms:1000
06-19 18:35:04.060  2821  3022 D NavStubView: onPointEvent: rawX=576.0   rawY=2399.0   action=0   mIsInFsMode=true
06-19 18:35:04.060  2821  3021 I Launcher: notifyPowerKeeperGesture status: gesture_start
06-19 18:35:04.060  1343  1356 W MiuiBooster: "MiuiBoosterService requestCpuHighFreq: 10091, 1, 1000"
06-19 18:35:04.060  1343  1356 W MiuiBooster: "requestCpuHighFreq,final level:1,final timeoutms:1000"
06-19 18:35:04.060  1343  1356 W MiuiBooster: "perf_hint_hc start"
06-19 18:35:04.060  1343  1356 W MiuiBooster: "big_core_value[level-1]:4095"
06-19 18:35:04.061  1343  1356 W MiuiBooster: "little_core_value[level-1]:4095"
06-19 18:35:04.061  2821  3022 D NavStubView: onPointEvent: rawX=578.13666   rawY=2370.155   action=2   mIsInFsMode=true
06-19 18:35:04.062   988   988 I ANDR-PERF-LM: LMPerfGlue: perfmodule_submit_request() 132: perfmodule_submit_request()
06-19 18:35:04.062   988   988 I ANDR-PERF-LM: Core: getInstance() 84: LM getInstance
06-19 18:35:04.062   988   988 D ANDR-PERF-LM: Feature: lookup() 101: Feature Name = AppClassifier, total featuers = 4, featureFound = 1
06-19 18:35:04.062  1280  1280 W FirebaseRemoteConfig: No value of type 'FirebaseRemoteConfigValue' exists for parameter key 'abKeyList'.
06-19 18:35:04.062  1343  1356 W MiuiBooster: "perf_handle:158626"
06-19 18:35:04.063  2821  3072 D MiBridge: requestCpuHighFreq handle: 1
06-19 18:35:04.063  1280  1280 W FirebaseRemoteConfig: No value of type 'FirebaseRemoteConfigValue' exists for parameter key 'sid'.
06-19 18:35:04.063   988   988 D ANDR-PERF-LM: Feature: getData() 112: data.data = 1
06-19 18:35:04.063   988   988 I ANDR-PERF-LM: FeedbackAPI: getFeedback() 60: app:com.miui.home feature:AppClassifier feedback = 1
06-19 18:35:04.063  2337  2431 D HomeWallpaperRenderer: OFFSET  x: 0.15138888  y: 0.0
06-19 18:35:04.064   988   988 I ANDR-PERF-LM: LMPerfGlue: perfmodule_submit_request() 132: perfmodule_submit_request()
06-19 18:35:04.064   988   988 I ANDR-PERF-LM: Core: getInstance() 84: LM getInstance
06-19 18:35:04.064   988   988 I ANDR-PERF-LM: WQ: push() 59: LMTriggerQ push() size=0
06-19 18:35:04.064   988   988 I ANDR-PERF-LM: WQ: push() 61: LMTriggerQ push() done size=1
06-19 18:35:04.064   988  1035 I ANDR-PERF-LM: WQ: pop() 42: LMTriggerQ pop() done size=0
06-19 18:35:04.064   988  1035 I ANDR-PERF-LM: Core: lmMain() 373: Waiting on trigger Queue
06-19 18:35:04.064   988  1035 I ANDR-PERF-LM: WQ: pop() 31: LMTriggerQ pop() size=0
06-19 18:35:04.064   988   988 I ANDR-PERF-LM: LMPerfGlue: perfmodule_submit_request() 132: perfmodule_submit_request()
06-19 18:35:04.064   988   988 I ANDR-PERF-LM: Core: getInstance() 84: LM getInstance
06-19 18:35:04.064   988   988 D ANDR-PERF-LM: Feature: lookup() 101: Feature Name = AppClassifier, total featuers = 4, featureFound = 1
06-19 18:35:04.065   988   988 D ANDR-PERF-LM: Feature: getData() 112: data.data = 1
06-19 18:35:04.065  2821  3072 D Launcher_CPUBooster: boostCpuToMax:0
06-19 18:35:04.065   988   988 I ANDR-PERF-LM: FeedbackAPI: getFeedback() 60: app:com.miui.home feature:AppClassifier feedback = 1
06-19 18:35:04.075  2821  2821 E Launcher: changeViewByFsGestureState,  view=ShortcutMenuLayer,  alpha=1.0,  scale=0.9993614
06-19 18:35:04.076  2821  2821 D ScreenView_Workspace: dispatchDraw:240
06-19 18:35:04.076  2821  3022 D NavStubView: onTouchEvent: action=2, count=1
06-19 18:35:04.076  2821  3022 D NavStubView: onPointEvent: rawX=587.6825   rawY=2322.3772   action=2   mIsInFsMode=true
06-19 18:35:04.077  2337  2431 D HomeWallpaperRenderer: OFFSET  x: 0.11111111  y: 0.0
06-19 18:35:04.079  1777  1890 D WindowManager: onSwipeFromBottom getFScreenFlag-----false
06-19 18:35:04.092  2821  3022 D NavStubView: onTouchEvent: action=2, count=1
06-19 18:35:04.092  2821  2821 E Launcher: changeViewByFsGestureState,  view=ShortcutMenuLayer,  alpha=1.0,  scale=1.0
06-19 18:35:04.092  2821  2821 D NavStubView: ===>>>finalization executed from: startHomeAnimation
06-19 18:35:04.092  2821  2821 E RotationHelper: setCurrentTransitionRequest: request=0
06-19 18:35:04.092  2821  2821 E RotationHelper: notifyChange activityFlags=1, mMultiWindowRotationRequest=3, mCurrentTransitionRequest=0, mCurrentStateRequest=0
06-19 18:35:04.092  2821  3022 D NavStubView: onPointEvent: rawX=632.7799   rawY=2167.2703   action=2   mIsInFsMode=true
06-19 18:35:04.092  2821  2821 D ScreenView_Workspace: dispatchDraw:173
06-19 18:35:04.096  2337  2431 D HomeWallpaperRenderer: OFFSET  x: 0.080092594  y: 0.0
06-19 18:35:04.108  2821  3022 D NavStubView: onTouchEvent: action=2, count=1
06-19 18:35:04.109  2821  2821 D ScreenView_Workspace: dispatchDraw:121
06-19 18:35:04.109  2821  3022 D NavStubView: onPointEvent: rawX=661.3785   rawY=2082.4553   action=2   mIsInFsMode=false
06-19 18:35:04.110  2337  2431 D HomeWallpaperRenderer: OFFSET  x: 0.05601852  y: 0.0
06-19 18:35:04.125  2821  3022 D NavStubView: onTouchEvent: action=2, count=1
06-19 18:35:04.125  2821  3022 D NavStubView: onPointEvent: rawX=667.38275   rawY=2063.2776   action=2   mIsInFsMode=false
06-19 18:35:04.125  2821  2821 D ScreenView_Workspace: dispatchDraw:85
06-19 18:35:04.127  2337  2431 D HomeWallpaperRenderer: OFFSET  x: 0.03935185  y: 0.0
06-19 18:35:04.142  2821  3022 D NavStubView: onTouchEvent: action=2, count=1
06-19 18:35:04.142  2821  2821 D ScreenView_Workspace: dispatchDraw:57
06-19 18:35:04.143  2821  3022 D NavStubView: onPointEvent: rawX=670.1958   rawY=2055.2168   action=2   mIsInFsMode=false
06-19 18:35:04.144  2337  2431 D HomeWallpaperRenderer: OFFSET  x: 0.02638889  y: 0.0
06-19 18:35:04.159  2821  3022 D NavStubView: onTouchEvent: action=2, count=1
06-19 18:35:04.159  2821  2821 D ScreenView_Workspace: dispatchDraw:36
06-19 18:35:04.159  2821  3022 D NavStubView: onPointEvent: rawX=672.197   rawY=2049.409   action=2   mIsInFsMode=false
06-19 18:35:04.161  2337  2431 D HomeWallpaperRenderer: OFFSET  x: 0.016666668  y: 0.0
06-19 18:35:04.165 18483 18483 E adbd    : failed to connect to socket 'tcp:6666': Connection refused
06-19 18:35:04.175  2821  3022 D NavStubView: onTouchEvent: action=2, count=1
06-19 18:35:04.175  2821  3022 D NavStubView: onPointEvent: rawX=674.1943   rawY=2041.223   action=2   mIsInFsMode=false
06-19 18:35:04.175  2821  2821 D ScreenView_Workspace: dispatchDraw:22
06-19 18:35:04.177  2337  2431 D HomeWallpaperRenderer: OFFSET  x: 0.010185185  y: 0.0
06-19 18:35:04.192  2821  3022 D NavStubView: onTouchEvent: action=2, count=1
06-19 18:35:04.193  2821  2821 D ScreenView_Workspace: dispatchDraw:12
06-19 18:35:04.193  2821  3022 D NavStubView: onPointEvent: rawX=678.3827   rawY=2034.2346   action=2   mIsInFsMode=false
06-19 18:35:04.194  2337  2431 D HomeWallpaperRenderer: OFFSET  x: 0.0055555557  y: 0.0
06-19 18:35:04.209  2821  3022 D NavStubView: onTouchEvent: action=2, count=1
06-19 18:35:04.209  2821  3022 D NavStubView: onPointEvent: rawX=682.3867   rawY=2026.2266   action=2   mIsInFsMode=false
06-19 18:35:04.209  2821  2821 D ScreenView_Workspace: dispatchDraw:5
06-19 18:35:04.210  2337  2431 D HomeWallpaperRenderer: OFFSET  x: 0.0023148148  y: 0.0
06-19 18:35:04.226  2821  3022 D NavStubView: onTouchEvent: action=2, count=1
06-19 18:35:04.226  2821  2821 D ScreenView_Workspace: dispatchDraw:1
06-19 18:35:04.227  2821  3022 D NavStubView: onPointEvent: rawX=685.1933   rawY=2019.4202   action=2   mIsInFsMode=false
06-19 18:35:04.231  2337  2431 D HomeWallpaperRenderer: OFFSET  x: 4.6296295E-4  y: 0.0
06-19 18:35:04.242  2821  3022 D NavStubView: onTouchEvent: action=2, count=1
06-19 18:35:04.243  2821  3022 D NavStubView: onPointEvent: rawX=688.3843   rawY=2014.6157   action=2   mIsInFsMode=false
06-19 18:35:04.243  2821  2821 D ScreenView_Workspace: dispatchDraw:0
06-19 18:35:04.244  2337  2431 D HomeWallpaperRenderer: OFFSET  x: 0.0  y: 0.0
06-19 18:35:04.259  2821  3022 D NavStubView: onTouchEvent: action=2, count=1
06-19 18:35:04.259  2821  2821 D ScreenView_Workspace: dispatchDraw:-2
06-19 18:35:04.260  2821  3022 D NavStubView: onPointEvent: rawX=690.19037   rawY=2010.6193   action=2   mIsInFsMode=false
06-19 18:35:04.276  2821  3022 D NavStubView: onTouchEvent: action=2, count=1
06-19 18:35:04.277  2821  2821 D ScreenView_Workspace: dispatchDraw:-3
06-19 18:35:04.277  2821  3022 D NavStubView: onPointEvent: rawX=692.2184   rawY=2008.7816   action=2   mIsInFsMode=false
06-19 18:35:04.293  2821  3022 D NavStubView: onTouchEvent: action=2, count=1
06-19 18:35:04.293  2821  2821 D ScreenView_Workspace: dispatchDraw:-3
06-19 18:35:04.294  2821  3022 D NavStubView: onPointEvent: rawX=692.0   rawY=2007.5   action=2   mIsInFsMode=false
06-19 18:35:04.310  2821  3022 D NavStubView: onTouchEvent: action=2, count=1
06-19 18:35:04.310  2821  3022 D NavStubView: onPointEvent: rawX=692.0   rawY=2007.5   action=2   mIsInFsMode=false
06-19 18:35:04.327  2821  3022 D NavStubView: onTouchEvent: action=2, count=1
06-19 18:35:04.327  2821  3022 D NavStubView: onPointEvent: rawX=692.0   rawY=2007.5   action=2   mIsInFsMode=false
06-19 18:35:04.327  1777  2185 D MIUIInput: [MotionEvent] publisher action=0x1, 167944365, channel '6273193 GestureStub (server)'
06-19 18:35:04.327  2821  3022 D NavStubView: onTouchEvent: action=1, count=1
06-19 18:35:04.327  2821  3022 D NavStubView: ACTION_UP: mIsGestureStarted: true
06-19 18:35:04.327  2821  3022 D NavStubView: onPointEvent: rawX=692.0   rawY=2007.5   action=1   mIsInFsMode=false
06-19 18:35:04.328   988   988 I ANDR-PERF-LM: LMPerfGlue: perfmodule_submit_request() 132: perfmodule_submit_request()
06-19 18:35:04.328   988   988 I ANDR-PERF-LM: Core: getInstance() 84: LM getInstance
06-19 18:35:04.328   988   988 D ANDR-PERF-LM: Feature: lookup() 101: Feature Name = AppClassifier, total featuers = 4, featureFound = 1
06-19 18:35:04.329   988   988 D ANDR-PERF-LM: Feature: getData() 112: data.data = 1
