06-19 19:24:26.076 17544 17641 D UE4     : [2022.06.19-17.24.26:076][  0]LogConfig: Setting CVar [[r.Streaming.MaxNumTexturesToStreamPerFrame:0]]
06-19 19:24:26.076 17544 17641 D UE4     : [2022.06.19-17.24.26:076][  0]LogConfig: Setting CVar [[r.Streaming.Boost:1]]
06-19 19:24:26.076 17544 17641 D UE4     : [2022.06.19-17.24.26:076][  0]LogConfig: Setting CVar [[r.MaxAnisotropy:2]]
06-19 19:24:26.076 17544 17641 D UE4     : [2022.06.19-17.24.26:076][  0]LogConfig: Setting CVar [[r.VT.MaxAnisotropy:8]]
06-19 19:24:26.076 17544 17641 D UE4     : [2022.06.19-17.24.26:076][  0]LogConfig: Setting CVar [[r.Streaming.LimitPoolSizeToVRAM:1]]
06-19 19:24:26.076 17544 17641 D UE4     : [2022.06.19-17.24.26:076][  0]LogConfig: Setting CVar [[r.Streaming.PoolSize:800]]
06-19 19:24:26.076 17544 17641 D UE4     : [2022.06.19-17.24.26:076][  0]LogConfig: Setting CVar [[r.Streaming.MaxEffectiveScreenSize:0]]
06-19 19:24:26.076 17544 17641 D UE4     : [2022.06.19-17.24.26:076][  0]LogConfig: Setting CVar [[sg.EffectsQuality:2]]
06-19 19:24:26.076 17544 17641 D UE4     : [2022.06.19-17.24.26:076][  0]LogConfig: Applying CVar settings from Section [EffectsQuality@2] File [../../../Grupo3DDM/Saved/Config/Android/Scalability.ini]
06-19 19:24:26.076 17544 17641 D UE4     : [2022.06.19-17.24.26:076][  0]LogConfig: Setting CVar [[r.TranslucencyLightingVolumeDim:48]]
06-19 19:24:26.076 17544 17641 D UE4     : [2022.06.19-17.24.26:076][  0]LogConfig: Setting CVar [[r.RefractionQuality:2]]
06-19 19:24:26.076 17544 17641 D UE4     : [2022.06.19-17.24.26:076][  0]LogConfig: Setting CVar [[r.SSR.Quality:2]]
06-19 19:24:26.076 17544 17641 D UE4     : [2022.06.19-17.24.26:076][  0]LogConfig: Setting CVar [[r.SSR.HalfResSceneColor:1]]
06-19 19:24:26.077 17544 17641 D UE4     : [2022.06.19-17.24.26:077][  0]LogConfig: Setting CVar [[r.SceneColorFormat:3]]
06-19 19:24:26.077 17544 17641 D UE4     : [2022.06.19-17.24.26:077][  0]LogConfig: Setting CVar [[r.DetailMode:1]]
06-19 19:24:26.077 17544 17641 D UE4     : [2022.06.19-17.24.26:077][  0]LogConfig: Setting CVar [[r.TranslucencyVolumeBlur:1]]
06-19 19:24:26.077 17544 17641 D UE4     : [2022.06.19-17.24.26:077][  0]LogConfig: Setting CVar [[r.MaterialQualityLevel:1 ; High quality]]
06-19 19:24:26.077 17544 17641 D UE4     : [2022.06.19-17.24.26:077][  0]LogConfig: Setting CVar [[r.AnisotropicMaterials:1]]
06-19 19:24:26.077 17544 17641 D UE4     : [2022.06.19-17.24.26:077][  0]LogConfig: Setting CVar [[r.SSS.Scale:1]]
06-19 19:24:26.077 17544 17641 D UE4     : [2022.06.19-17.24.26:077][  0]LogConfig: Setting CVar [[r.SSS.SampleSet:1]]
06-19 19:24:26.077 17544 17641 D UE4     : [2022.06.19-17.24.26:077][  0]LogConfig: Setting CVar [[r.SSS.Quality:-1]]
06-19 19:24:26.077 17544 17641 D UE4     : [2022.06.19-17.24.26:077][  0]LogConfig: Setting CVar [[r.SSS.HalfRes:1]]
06-19 19:24:26.077 17544 17641 D UE4     : [2022.06.19-17.24.26:077][  0]LogConfig: Setting CVar [[r.SSGI.Quality:2]]
06-19 19:24:26.077 17544 17641 D UE4     : [2022.06.19-17.24.26:077][  0]LogConfig: Setting CVar [[r.EmitterSpawnRateScale:0.5]]
06-19 19:24:26.077 17544 17641 D UE4     : [2022.06.19-17.24.26:077][  0]LogConfig: Setting CVar [[r.ParticleLightQuality:1]]
06-19 19:24:26.077 17544 17641 D UE4     : [2022.06.19-17.24.26:077][  0]LogConfig: Setting CVar [[r.SkyAtmosphere.AerialPerspectiveLUT.FastApplyOnOpaque:1 ; Always have FastSkyLUT 1 in this case to avoid wrong sky]]
06-19 19:24:26.077 17544 17641 D UE4     : [2022.06.19-17.24.26:077][  0]LogConfig: Setting CVar [[r.SkyAtmosphere.AerialPerspectiveLUT.SampleCountMaxPerSlice:1]]
06-19 19:24:26.077 17544 17641 D UE4     : [2022.06.19-17.24.26:077][  0]LogConfig: Setting CVar [[r.SkyAtmosphere.AerialPerspectiveLUT.DepthResolution:4]]
06-19 19:24:26.077 17544 17641 D UE4     : [2022.06.19-17.24.26:077][  0]LogConfig: Setting CVar [[r.SkyAtmosphere.FastSkyLUT:1]]
06-19 19:24:26.077 17544 17641 D UE4     : [2022.06.19-17.24.26:077][  0]LogConfig: Setting CVar [[r.SkyAtmosphere.FastSkyLUT.SampleCountMin:1.0]]
06-19 19:24:26.077 17544 17641 D UE4     : [2022.06.19-17.24.26:077][  0]LogConfig: Setting CVar [[r.SkyAtmosphere.FastSkyLUT.SampleCountMax:8.0]]
06-19 19:24:26.077 17544 17641 D UE4     : [2022.06.19-17.24.26:077][  0]LogConfig: Setting CVar [[r.SkyAtmosphere.SampleCountMin:4.0]]
06-19 19:24:26.077 17544 17641 D UE4     : [2022.06.19-17.24.26:077][  0]LogConfig: Setting CVar [[r.SkyAtmosphere.SampleCountMax:64.0]]
06-19 19:24:26.077 17544 17641 D UE4     : [2022.06.19-17.24.26:077][  0]LogConfig: Setting CVar [[r.SkyAtmosphere.TransmittanceLUT.UseSmallFormat:1]]
06-19 19:24:26.077 17544 17641 D UE4     : [2022.06.19-17.24.26:077][  0]LogConfig: Setting CVar [[r.SkyAtmosphere.TransmittanceLUT.SampleCount:10.0]]
06-19 19:24:26.077 17544 17641 D UE4     : [2022.06.19-17.24.26:077][  0]LogConfig: Setting CVar [[r.SkyAtmosphere.MultiScatteringLUT.SampleCount:15.0]]
06-19 19:24:26.077 17544 17641 D UE4     : [2022.06.19-17.24.26:077][  0]LogConfig: Setting CVar [[fx.Niagara.QualityLevel:0]]
06-19 19:24:26.077 17544 17641 D UE4     : [2022.06.19-17.24.26:077][  0]LogConfig: Setting CVar [[r.SkyAtmosphere.FastSkyLUT.Width:96]]
06-19 19:24:26.077 17544 17641 D UE4     : [2022.06.19-17.24.26:077][  0]LogConfig: Setting CVar [[r.SkyAtmosphere.FastSkyLUT.Height:50]]
06-19 19:24:26.077 17544 17641 D UE4     : [2022.06.19-17.24.26:077][  0]LogConfig: Setting CVar [[sg.FoliageQuality:2]]
06-19 19:24:26.077 17544 17641 D UE4     : [2022.06.19-17.24.26:077][  0]LogConfig: Applying CVar settings from Section [FoliageQuality@2] File [../../../Grupo3DDM/Saved/Config/Android/Scalability.ini]
06-19 19:24:26.077 17544 17641 D UE4     : [2022.06.19-17.24.26:077][  0]LogConfig: Setting CVar [[foliage.DensityScale:1.0]]
06-19 19:24:26.077 17544 17641 D UE4     : [2022.06.19-17.24.26:077][  0]LogConfig: Setting CVar [[grass.DensityScale:1.0]]
06-19 19:24:26.077 17544 17641 D UE4     : [2022.06.19-17.24.26:077][  0]LogConfig: Setting CVar [[grass.CullDistanceScale:1.0]]
06-19 19:24:26.078 17544 17641 D UE4     : [2022.06.19-17.24.26:078][  0]LogConfig: Setting CVar [[r.MobileContentScaleFactor:1.0]]
06-19 19:24:26.078 17544 17641 D UE4     : [2022.06.19-17.24.26:078][  0]LogInit: Going up to parent DeviceProfile [Android]
06-19 19:24:26.078 17544 17641 D UE4     : [2022.06.19-17.24.26:078][  0]LogConfig: Setting CVar [[slate.AbsoluteIndices:1]]
06-19 19:24:26.078 17544 17641 D UE4     : [2022.06.19-17.24.26:078][  0]LogConfig: Setting CVar [[r.Vulkan.DelayAcquireBackBuffer:2]]
06-19 19:24:26.078 17544 17641 D UE4     : [2022.06.19-17.24.26:078][  0]LogConfig: Setting CVar [[r.Vulkan.RobustBufferAccess:1]]
06-19 19:24:26.078 17544 17641 D UE4     : [2022.06.19-17.24.26:078][  0]LogConfig: Setting CVar [[r.Vulkan.DescriptorSetLayoutMode:2]]
06-19 19:24:26.078 17544 17641 D UE4     : [2022.06.19-17.24.26:078][  0]LogConfig: Setting CVar [[r.Android.DisableVulkanSupport:1]]
06-19 19:24:26.078 17544 17641 D UE4     : [2022.06.19-17.24.26:078][  0]LogConfig: Setting CVar [[r.Android.DisableVulkanSM5Support:1]]
06-19 19:24:26.078 17544 17641 D UE4     : [2022.06.19-17.24.26:078][  0]LogConfig: Setting CVar [[r.DefaultBackBufferPixelFormat:0]]
06-19 19:24:26.078 17544 17641 D UE4     : [2022.06.19-17.24.26:078][  0]LogInit: Going up to parent DeviceProfile []
06-19 19:24:26.078 17544 17641 D UE4     : [2022.06.19-17.24.26:078][  0]LogConsoleManager: Setting the console variable 'sg.ViewDistanceQuality' with 'SetByScalability' was ignored as it is lower priority than the previous 'SetByDeviceProfile'. Value remains '2'
06-19 19:24:26.078 17544 17641 D UE4     : [2022.06.19-17.24.26:078][  0]LogConsoleManager: Setting the console variable 'sg.AntiAliasingQuality' with 'SetByScalability' was ignored as it is lower priority than the previous 'SetByDeviceProfile'. Value remains '2'
06-19 19:24:26.078 17544 17641 D UE4     : [2022.06.19-17.24.26:078][  0]LogConsoleManager: Setting the console variable 'sg.ShadowQuality' with 'SetByScalability' was ignored as it is lower priority than the previous 'SetByDeviceProfile'. Value remains '2'
06-19 19:24:26.078 17544 17641 D UE4     : [2022.06.19-17.24.26:078][  0]LogConsoleManager: Setting the console variable 'sg.PostProcessQuality' with 'SetByScalability' was ignored as it is lower priority than the previous 'SetByDeviceProfile'. Value remains '2'
06-19 19:24:26.078 17544 17641 D UE4     : [2022.06.19-17.24.26:078][  0]LogConsoleManager: Setting the console variable 'sg.TextureQuality' with 'SetByScalability' was ignored as it is lower priority than the previous 'SetByDeviceProfile'. Value remains '2'
06-19 19:24:26.078 17544 17641 D UE4     : [2022.06.19-17.24.26:078][  0]LogConsoleManager: Setting the console variable 'sg.EffectsQuality' with 'SetByScalability' was ignored as it is lower priority than the previous 'SetByDeviceProfile'. Value remains '2'
06-19 19:24:26.078 17544 17641 D UE4     : [2022.06.19-17.24.26:078][  0]LogConsoleManager: Setting the console variable 'sg.FoliageQuality' with 'SetByScalability' was ignored as it is lower priority than the previous 'SetByDeviceProfile'. Value remains '2'
06-19 19:24:26.078 17544 17641 D UE4     : [2022.06.19-17.24.26:078][  0]LogConfig: Applying CVar settings from Section [ShadingQuality@3] File [../../../Grupo3DDM/Saved/Config/Android/Scalability.ini]
06-19 19:24:26.078 17544 17641 D UE4     : [2022.06.19-17.24.26:078][  0]LogConfig: Setting CVar [[r.HairStrands.SkyLighting.IntegrationType:2]]
06-19 19:24:26.078 17544 17641 D UE4     : [2022.06.19-17.24.26:078][  0]LogConfig: Setting CVar [[r.HairStrands.SkyAO.SampleCount:4]]
06-19 19:24:26.078 17544 17641 D UE4     : [2022.06.19-17.24.26:078][  0]LogConfig: Setting CVar [[r.HairStrands.Visibility.MSAA.SamplePerPixel:4]]
06-19 19:24:26.079 17544 17641 D UE4     : [2022.06.19-17.24.26:079][  0]LogConfig: Applying CVar settings from Section [Startup] File [../../../Engine/Config/ConsoleVariables.ini]
06-19 19:24:26.079 17544 17641 D UE4     : [2022.06.19-17.24.26:079][  0]LogConfig: Setting CVar [[net.UseAdaptiveNetUpdateFrequency:0]]
06-19 19:24:26.079 17544 17641 D UE4     : [2022.06.19-17.24.26:079][  0]LogConfig: Setting CVar [[p.chaos.AllowCreatePhysxBodies:1]]
06-19 19:24:26.079 17544 17641 D UE4     : [2022.06.19-17.24.26:079][  0]LogConfig: Setting CVar [[fx.SkipVectorVMBackendOptimizations:1]]
06-19 19:24:26.079 17544 17641 D UE4     : [2022.06.19-17.24.26:079][  0]LogConfig: Applying CVar settings from Section [ConsoleVariables] File [../../../Grupo3DDM/Saved/Config/Android/Engine.ini]
06-19 19:24:26.079 17544 17641 D UE4     : [2022.06.19-17.24.26:079][  0]LogConfig: Setting CVar [[r.VSync:1]]
06-19 19:24:26.079 17544 17641 D UE4     : [2022.06.19-17.24.26:079][  0]LogConfig: Setting CVar [[r.ParallelShadows:0]]
06-19 19:24:26.079 17544 17641 D UE4     : [2022.06.19-17.24.26:079][  0]LogConfig: Setting CVar [[r.Vulkan.Depth24Bit:1]]
06-19 19:24:26.079 17544 17641 D UE4     : [2022.06.19-17.24.26:079][  0]LogConfig: Setting CVar [[r.Shadow.ForceSerialSingleRenderPass:1]]
06-19 19:24:26.079 17544 17641 D UE4     : [2022.06.19-17.24.26:079][  0]LogConfig: Setting CVar [[r.Forward.LightGridSizeZ:8]]
06-19 19:24:26.079 17544 17641 D UE4     : [2022.06.19-17.24.26:079][  0]LogConfig: Setting CVar [[r.Forward.MaxCulledLightsPerCell:8]]
06-19 19:24:26.079 17544 17641 D UE4     : [2022.06.19-17.24.26:079][  0]LogConfig: Setting CVar [[r.HairStrands.Simulation:0]]
06-19 19:24:26.079 17544 17641 D UE4     : [2022.06.19-17.24.26:079][  0]LogConfig: Setting CVar [[r.HairStrands.Strands:0]]
06-19 19:24:26.079 17544 17641 D UE4     : [2022.06.19-17.24.26:079][  0]LogConfig: Setting CVar [[r.HairStrands.Binding:0]]
06-19 19:24:26.081 17544 17641 D UE4     : [2022.06.19-17.24.26:081][  0]LogAndroid: Display: Detected thermal sensor `aoss0-usr` at /sys/devices/virtual/thermal/thermal_zone0/temp
06-19 19:24:26.081 17544 17641 D UE4     : [2022.06.19-17.24.26:081][  0]LogAndroid: Display: Detected thermal sensor `cpu0-silver-usr` at /sys/devices/virtual/thermal/thermal_zone1/temp
06-19 19:24:26.081 17544 17641 D UE4     : [2022.06.19-17.24.26:081][  0]LogAndroid: Display: Detected thermal sensor `cpu1-silver-usr` at /sys/devices/virtual/thermal/thermal_zone2/temp
06-19 19:24:26.081 17544 17641 D UE4     : [2022.06.19-17.24.26:081][  0]LogAndroid: Display: Detected thermal sensor `cpu2-silver-usr` at /sys/devices/virtual/thermal/thermal_zone3/temp
06-19 19:24:26.081 17544 17641 D UE4     : [2022.06.19-17.24.26:081][  0]LogAndroid: Display: Detected thermal sensor `cpu3-silver-usr` at /sys/devices/virtual/thermal/thermal_zone4/temp
06-19 19:24:26.081 17544 17641 D UE4     : [2022.06.19-17.24.26:081][  0]LogAndroid: Display: Detected thermal sensor `kryo-l3-0-usr` at /sys/devices/virtual/thermal/thermal_zone5/temp
06-19 19:24:26.081 17544 17641 D UE4     : [2022.06.19-17.24.26:081][  0]LogAndroid: Display: Detected thermal sensor `kryo-l3-1-usr` at /sys/devices/virtual/thermal/thermal_zone6/temp
06-19 19:24:26.081 17544 17641 D UE4     : [2022.06.19-17.24.26:081][  0]LogAndroid: Display: Detected thermal sensor `cpu0-gold-usr` at /sys/devices/virtual/thermal/thermal_zone7/temp
06-19 19:24:26.081 17544 17641 D UE4     : [2022.06.19-17.24.26:081][  0]LogAndroid: Display: Detected thermal sensor `cpu1-gold-usr` at /sys/devices/virtual/thermal/thermal_zone8/temp
06-19 19:24:26.081 17544 17641 D UE4     : [2022.06.19-17.24.26:081][  0]LogAndroid: Display: Detected thermal sensor `cpu2-gold-usr` at /sys/devices/virtual/thermal/thermal_zone9/temp
06-19 19:24:26.081 17544 17641 D UE4     : [2022.06.19-17.24.26:081][  0]LogAndroid: Display: Detected thermal sensor `cpu3-gold-usr` at /sys/devices/virtual/thermal/thermal_zone10/temp
06-19 19:24:26.081 17544 17641 D UE4     : [2022.06.19-17.24.26:081][  0]LogAndroid: Display: Detected thermal sensor `gpu0-usr` at /sys/devices/virtual/thermal/thermal_zone11/temp
06-19 19:24:26.081 17544 17641 D UE4     : [2022.06.19-17.24.26:081][  0]LogAndroid: Display: Detected thermal sensor `gpu1-usr` at /sys/devices/virtual/thermal/thermal_zone12/temp
06-19 19:24:26.081 17544 17641 D UE4     : [2022.06.19-17.24.26:081][  0]LogAndroid: Display: Detected thermal sensor `aoss1-usr` at /sys/devices/virtual/thermal/thermal_zone13/temp
06-19 19:24:26.081 17544 17641 D UE4     : [2022.06.19-17.24.26:081][  0]LogAndroid: Display: Detected thermal sensor `mdm-dsp-usr` at /sys/devices/virtual/thermal/thermal_zone14/temp
06-19 19:24:26.081 17544 17641 D UE4     : [2022.06.19-17.24.26:081][  0]LogAndroid: Display: Detected thermal sensor `ddr-usr` at /sys/devices/virtual/thermal/thermal_zone15/temp
06-19 19:24:26.082 17544 17641 D UE4     : [2022.06.19-17.24.26:082][  0]LogAndroid: Display: Detected thermal sensor `wlan-usr` at /sys/devices/virtual/thermal/thermal_zone16/temp
06-19 19:24:26.082 17544 17641 D UE4     : [2022.06.19-17.24.26:082][  0]LogAndroid: Display: Detected thermal sensor `compute-hvx-usr` at /sys/devices/virtual/thermal/thermal_zone17/temp
06-19 19:24:26.082 17544 17641 D UE4     : [2022.06.19-17.24.26:082][  0]LogAndroid: Display: Detected thermal sensor `camera-usr` at /sys/devices/virtual/thermal/thermal_zone18/temp
06-19 19:24:26.082 17544 17641 D UE4     : [2022.06.19-17.24.26:082][  0]LogAndroid: Display: Detected thermal sensor `mmss-usr` at /sys/devices/virtual/thermal/thermal_zone19/temp
06-19 19:24:26.082 17544 17641 D UE4     : [2022.06.19-17.24.26:082][  0]LogAndroid: Display: Detected thermal sensor `mdm-core-usr` at /sys/devices/virtual/thermal/thermal_zone20/temp
06-19 19:24:26.082 17544 17641 D UE4     : [2022.06.19-17.24.26:082][  0]LogAndroid: Display: Detected thermal sensor `gpu-virt-max-step` at /sys/devices/virtual/thermal/thermal_zone21/temp
06-19 19:24:26.082 17544 17641 D UE4     : [2022.06.19-17.24.26:082][  0]LogAndroid: Display: Detected thermal sensor `silv-virt-max-step` at /sys/devices/virtual/thermal/thermal_zone22/temp
06-19 19:24:26.082 17544 17641 D UE4     : [2022.06.19-17.24.26:082][  0]LogAndroid: Display: Detected thermal sensor `gold-virt-max-step` at /sys/devices/virtual/thermal/thermal_zone23/temp
06-19 19:24:26.082 17544 17641 D UE4     : [2022.06.19-17.24.26:082][  0]LogAndroid: Display: Detected thermal sensor `pop-mem-step` at /sys/devices/virtual/thermal/thermal_zone24/temp
06-19 19:24:26.082 17544 17641 D UE4     : [2022.06.19-17.24.26:082][  0]LogAndroid: Display: Detected thermal sensor `cpu0-silver-step` at /sys/devices/virtual/thermal/thermal_zone25/temp
06-19 19:24:26.082 17544 17641 D UE4     : [2022.06.19-17.24.26:082][  0]LogAndroid: Display: Detected thermal sensor `cpu1-silver-step` at /sys/devices/virtual/thermal/thermal_zone26/temp
06-19 19:24:26.082 17544 17641 D UE4     : [2022.06.19-17.24.26:082][  0]LogAndroid: Display: Detected thermal sensor `cpu2-silver-step` at /sys/devices/virtual/thermal/thermal_zone27/temp
06-19 19:24:26.082 17544 17641 D UE4     : [2022.06.19-17.24.26:082][  0]LogAndroid: Display: Detected thermal sensor `cpu3-silver-step` at /sys/devices/virtual/thermal/thermal_zone28/temp
06-19 19:24:26.082 17544 17641 D UE4     : [2022.06.19-17.24.26:082][  0]LogAndroid: Display: Detected thermal sensor `cpu0-gold-step` at /sys/devices/virtual/thermal/thermal_zone29/temp
06-19 19:24:26.082 17544 17641 D UE4     : [2022.06.19-17.24.26:082][  0]LogAndroid: Display: Detected thermal sensor `cpu1-gold-step` at /sys/devices/virtual/thermal/thermal_zone30/temp
06-19 19:24:26.082 17544 17641 D UE4     : [2022.06.19-17.24.26:082][  0]LogAndroid: Display: Detected thermal sensor `cpu2-gold-step` at /sys/devices/virtual/thermal/thermal_zone31/temp
06-19 19:24:26.082 17544 17641 D UE4     : [2022.06.19-17.24.26:082][  0]LogAndroid: Display: Detected thermal sensor `cpu3-gold-step` at /sys/devices/virtual/thermal/thermal_zone32/temp
06-19 19:24:26.082 17544 17641 D UE4     : [2022.06.19-17.24.26:082][  0]LogAndroid: Display: Detected thermal sensor `lmh-dcvs-01` at /sys/devices/virtual/thermal/thermal_zone33/temp
06-19 19:24:26.082 17544 17641 D UE4     : [2022.06.19-17.24.26:082][  0]LogAndroid: Display: Detected thermal sensor `lmh-dcvs-00` at /sys/devices/virtual/thermal/thermal_zone34/temp
06-19 19:24:26.082 17544 17641 D UE4     : [2022.06.19-17.24.26:082][  0]LogAndroid: Display: Detected thermal sensor `pm8998_tz` at /sys/devices/virtual/thermal/thermal_zone35/temp
06-19 19:24:26.082 17544 17641 D UE4     : [2022.06.19-17.24.26:082][  0]LogAndroid: Display: Detected thermal sensor `pm8005_tz` at /sys/devices/virtual/thermal/thermal_zone36/temp
06-19 19:24:26.082 17544 17641 D UE4     : [2022.06.19-17.24.26:082][  0]LogAndroid: Display: Detected thermal sensor `aoss0-lowf` at /sys/devices/virtual/thermal/thermal_zone37/temp
06-19 19:24:26.083 17544 17641 D UE4     : [2022.06.19-17.24.26:082][  0]LogAndroid: Display: Detected thermal sensor `cpu0-silver-lowf` at /sys/devices/virtual/thermal/thermal_zone38/temp
06-19 19:24:26.083 17544 17641 D UE4     : [2022.06.19-17.24.26:083][  0]LogAndroid: Display: Detected thermal sensor `cpu1-silver-lowf` at /sys/devices/virtual/thermal/thermal_zone39/temp
06-19 19:24:26.083 17544 17641 D UE4     : [2022.06.19-17.24.26:083][  0]LogAndroid: Display: Detected thermal sensor `cpu2-silver-lowf` at /sys/devices/virtual/thermal/thermal_zone40/temp
06-19 19:24:26.083 17544 17641 D UE4     : [2022.06.19-17.24.26:083][  0]LogAndroid: Display: Detected thermal sensor `cpu3-silver-lowf` at /sys/devices/virtual/thermal/thermal_zone41/temp
06-19 19:24:26.083 17544 17641 D UE4     : [2022.06.19-17.24.26:083][  0]LogAndroid: Display: Detected thermal sensor `kryo-l3-0-lowf` at /sys/devices/virtual/thermal/thermal_zone42/temp
06-19 19:24:26.083 17544 17641 D UE4     : [2022.06.19-17.24.26:083][  0]LogAndroid: Display: Detected thermal sensor `kryo-l3-1-lowf` at /sys/devices/virtual/thermal/thermal_zone43/temp
06-19 19:24:26.083 17544 17641 D UE4     : [2022.06.19-17.24.26:083][  0]LogAndroid: Display: Detected thermal sensor `cpu0-gold-lowf` at /sys/devices/virtual/thermal/thermal_zone44/temp
06-19 19:24:26.083 17544 17641 D UE4     : [2022.06.19-17.24.26:083][  0]LogAndroid: Display: Detected thermal sensor `cpu1-gold-lowf` at /sys/devices/virtual/thermal/thermal_zone45/temp
06-19 19:24:26.083 17544 17641 D UE4     : [2022.06.19-17.24.26:083][  0]LogAndroid: Display: Detected thermal sensor `cpu2-gold-lowf` at /sys/devices/virtual/thermal/thermal_zone46/temp
06-19 19:24:26.083 17544 17641 D UE4     : [2022.06.19-17.24.26:083][  0]LogAndroid: Display: Detected thermal sensor `cpu3-gold-lowf` at /sys/devices/virtual/thermal/thermal_zone47/temp
06-19 19:24:26.083 17544 17641 D UE4     : [2022.06.19-17.24.26:083][  0]LogAndroid: Display: Detected thermal sensor `gpu0-lowf` at /sys/devices/virtual/thermal/thermal_zone48/temp
06-19 19:24:26.083 17544 17641 D UE4     : [2022.06.19-17.24.26:083][  0]LogAndroid: Display: Detected thermal sensor `gpu1-lowf` at /sys/devices/virtual/thermal/thermal_zone49/temp
06-19 19:24:26.083 17544 17641 D UE4     : [2022.06.19-17.24.26:083][  0]LogAndroid: Display: Detected thermal sensor `aoss1-lowf` at /sys/devices/virtual/thermal/thermal_zone50/temp
06-19 19:24:26.083 17544 17641 D UE4     : [2022.06.19-17.24.26:083][  0]LogAndroid: Display: Detected thermal sensor `mdm-dsp-lowf` at /sys/devices/virtual/thermal/thermal_zone51/temp
06-19 19:24:26.083 17544 17641 D UE4     : [2022.06.19-17.24.26:083][  0]LogAndroid: Display: Detected thermal sensor `ddr-lowf` at /sys/devices/virtual/thermal/thermal_zone52/temp
06-19 19:24:26.083 17544 17641 D UE4     : [2022.06.19-17.24.26:083][  0]LogAndroid: Display: Detected thermal sensor `wlan-lowf` at /sys/devices/virtual/thermal/thermal_zone53/temp
06-19 19:24:26.083 17544 17641 D UE4     : [2022.06.19-17.24.26:083][  0]LogAndroid: Display: Detected thermal sensor `compute-hvx-lowf` at /sys/devices/virtual/thermal/thermal_zone54/temp
06-19 19:24:26.083 17544 17641 D UE4     : [2022.06.19-17.24.26:083][  0]LogAndroid: Display: Detected thermal sensor `camera-lowf` at /sys/devices/virtual/thermal/thermal_zone55/temp
06-19 19:24:26.083 17544 17641 D UE4     : [2022.06.19-17.24.26:083][  0]LogAndroid: Display: Detected thermal sensor `mmss-lowf` at /sys/devices/virtual/thermal/thermal_zone56/temp
06-19 19:24:26.083 17544 17641 D UE4     : [2022.06.19-17.24.26:083][  0]LogAndroid: Display: Detected thermal sensor `mdm-core-lowf` at /sys/devices/virtual/thermal/thermal_zone57/temp
06-19 19:24:26.083 17544 17641 D UE4     : [2022.06.19-17.24.26:083][  0]LogAndroid: Display: Detected thermal sensor `ibat-high` at /sys/devices/virtual/thermal/thermal_zone58/temp
06-19 19:24:26.083 17544 17641 D UE4     : [2022.06.19-17.24.26:083][  0]LogAndroid: Display: Detected thermal sensor `ibat-vhigh` at /sys/devices/virtual/thermal/thermal_zone59/temp
06-19 19:24:26.083 17544 17641 D UE4     : [2022.06.19-17.24.26:083][  0]LogAndroid: Display: Detected thermal sensor `vbat` at /sys/devices/virtual/thermal/thermal_zone60/temp
06-19 19:24:26.083 17544 17641 D UE4     : [2022.06.19-17.24.26:083][  0]LogAndroid: Display: Detected thermal sensor `vbat_low` at /sys/devices/virtual/thermal/thermal_zone61/temp
06-19 19:24:26.084 17544 17641 D UE4     : [2022.06.19-17.24.26:084][  0]LogAndroid: Display: Detected thermal sensor `vbat_too_low` at /sys/devices/virtual/thermal/thermal_zone62/temp
06-19 19:24:26.084 17544 17641 D UE4     : [2022.06.19-17.24.26:084][  0]LogAndroid: Display: Detected thermal sensor `soc` at /sys/devices/virtual/thermal/thermal_zone63/temp
06-19 19:24:26.084 17544 17641 D UE4     : [2022.06.19-17.24.26:084][  0]LogAndroid: Display: Detected thermal sensor `pmi8998_tz` at /sys/devices/virtual/thermal/thermal_zone64/temp
06-19 19:24:26.084 17544 17641 D UE4     : [2022.06.19-17.24.26:084][  0]LogAndroid: Display: Detected thermal sensor `xo_therm` at /sys/devices/virtual/thermal/thermal_zone65/temp
06-19 19:24:26.084 17544 17641 D UE4     : [2022.06.19-17.24.26:084][  0]LogAndroid: Display: Detected thermal sensor `cam_therm0` at /sys/devices/virtual/thermal/thermal_zone66/temp
06-19 19:24:26.084 17544 17641 D UE4     : [2022.06.19-17.24.26:084][  0]LogAndroid: Display: Detected thermal sensor `cam_therm1` at /sys/devices/virtual/thermal/thermal_zone67/temp
06-19 19:24:26.084 17544 17641 D UE4     : [2022.06.19-17.24.26:084][  0]LogAndroid: Display: Detected thermal sensor `pa_therm0` at /sys/devices/virtual/thermal/thermal_zone68/temp
06-19 19:24:26.084 17544 17641 D UE4     : [2022.06.19-17.24.26:084][  0]LogAndroid: Display: Detected thermal sensor `pa_therm1` at /sys/devices/virtual/thermal/thermal_zone69/temp
06-19 19:24:26.084 17544 17641 D UE4     : [2022.06.19-17.24.26:084][  0]LogAndroid: Display: Detected thermal sensor `quiet_therm` at /sys/devices/virtual/thermal/thermal_zone70/temp
06-19 19:24:26.084 17544 17641 D UE4     : [2022.06.19-17.24.26:084][  0]LogAndroid: Display: Detected thermal sensor `backlight_therm` at /sys/devices/virtual/thermal/thermal_zone71/temp
06-19 19:24:26.084 17544 17641 D UE4     : [2022.06.19-17.24.26:084][  0]LogAndroid: Display: Detected thermal sensor `battery` at /sys/devices/virtual/thermal/thermal_zone72/temp
06-19 19:24:26.084 17544 17641 D UE4     : [2022.06.19-17.24.26:084][  0]LogAndroid: Display: Detected thermal sensor `bms` at /sys/devices/virtual/thermal/thermal_zone73/temp
06-19 19:24:26.084 17544 17641 D UE4     : [2022.06.19-17.24.26:084][  0]LogAndroid: Display: Selecting thermal sensor located at `/sys/devices/virtual/thermal/thermal_zone1/temp`
06-19 19:24:26.084 16608 16629 I Finsky  : [8511] gch.a(16): es.udc.DDM.Grupo3DDM: Account from first account - [sJQDuJ_uHx7mGo-O64AfFXXKTvPyoiI1EdEyZ3CuMpk]
06-19 19:24:26.084 17544 17641 D UE4     : [2022.06.19-17.24.26:084][  0]LogInit: Memory total: Physical=5631.84MB (6GB approx) Available=2826.33MB PageSize=4.0KB
06-19 19:24:26.085 16608 16629 I Finsky  : [8511] gch.a(63): Billing preferred account via installer for es.udc.DDM.Grupo3DDM: [sJQDuJ_uHx7mGo-O64AfFXXKTvPyoiI1EdEyZ3CuMpk]
06-19 19:24:26.085 17544 17641 D UE4     : [2022.06.19-17.24.26:085][  0]LogInit: Physics initialised using underlying interface: PhysX
06-19 19:24:26.085 17544 17641 D UE4     : [2022.06.19-17.24.26:085][  0]LogInit: Using OS detected language (es-ES).
06-19 19:24:26.085 17544 17641 D UE4     : [2022.06.19-17.24.26:085][  0]LogInit: Using OS detected locale (es-ES).
06-19 19:24:26.086 17544 17641 D UE4     : [2022.06.19-17.24.26:086][  0]LogTextLocalizationManager: No localization for 'es-ES' exists, so 'en' will be used for the language.
06-19 19:24:26.086 17544 17641 D UE4     : [2022.06.19-17.24.26:086][  0]LogTextLocalizationManager: No localization for 'es-ES' exists, so 'en' will be used for the locale.
06-19 19:24:26.088 17544 17544 D UE4     : [GameActivity] In-app billing supported for es.udc.DDM.Grupo3DDM
06-19 19:24:26.091   887   887 E libc    : Access denied finding property "ro.hardware.fp.fod"
06-19 19:24:26.091   887   887 E libc    : Access denied finding property "ro.hardware.fp.sideCap"
06-19 19:24:26.108   887   887 E libc    : Access denied finding property "ro.hardware.fp.fod"
06-19 19:24:26.108   887   887 E libc    : Access denied finding property "ro.hardware.fp.sideCap"
06-19 19:24:26.114 17544 17641 D UE4     : [2022.06.19-17.24.26:114][  0]LogSlate: New Slate User Created.  User Index 0, Is Virtual User: 0
06-19 19:24:26.114 17544 17641 D UE4     : [2022.06.19-17.24.26:114][  0]LogSlate: Slate User Registered.  User Index 0, Is Virtual User: 0
06-19 19:24:26.117 17544 17641 D UE4     : [2022.06.19-17.24.26:117][  0]LogAndroid: VulkanRHI will NOT be used:
06-19 19:24:26.118 17544 17641 D UE4     : [2022.06.19-17.24.26:118][  0]LogAndroid:  ** Vulkan support is not available (Driver, RHI or shaders are missing, or disabled by cmdline, see above logging for details)
06-19 19:24:26.118 17544 17641 D UE4     : [2022.06.19-17.24.26:118][  0]LogAndroid:  ** Vulkan is disabled via console variable.
06-19 19:24:26.118 17544 17641 D UE4     : [2022.06.19-17.24.26:118][  0]LogAndroid: OpenGL ES will be used.
06-19 19:24:26.118 17544 17641 D UE4     : [2022.06.19-17.24.26:118][  0]LogAndroid: Vulkan SM5 is available but disabled for this device.
06-19 19:24:26.118 17544 17641 D UE4     : [2022.06.19-17.24.26:118][  0]LogRHI: App is packaged for OpenGL ES 3.1 and an ES 3.2-capable device was detected.
06-19 19:24:26.119 17544 17641 D UE4     : Device supports the following refresh rates 60 
06-19 19:24:26.119 17544 17641 D UE4     : FPlatformOpenGLDevice:Init
06-19 19:24:26.119 17544 17641 D UE4     : AndroidEGL::InitRenderSurface 0, 1
06-19 19:24:26.119 17544 17641 D UE4     : AndroidEGL::InitRenderSurface, Using width: 640, height 1280 
06-19 19:24:26.119 17544 17641 D UE4     : [GameActivity] [JAVA] - SetDesiredViewSize width=640 and height=1280
06-19 19:24:26.119 17544 17641 D UE4     : AndroidEGL::InitRenderSurface, wnd: 0x780d67d010, width: 640, height 1280 
06-19 19:24:26.119 17544 17641 D UE4     : AndroidEGL::CreateEGLRenderSurface() Already initialized: 0x7863b28180
06-19 19:24:26.119 17544 17641 D UE4     : AndroidEGL::InitSharedSurface 0
06-19 19:24:26.119 17544 17641 D UE4     : AndroidEGL::InitSharedSurface, Using width: 640, height 1280 
06-19 19:24:26.119 17544 17641 D UE4     : AndroidEGL::InitSharedSurface, width: 640, height 1280 
06-19 19:24:26.119 17544 17641 D UE4     : AndroidEGL::CreateEGLSharedSurface() Already initialized: 0x7863b28280
06-19 19:24:26.119 17544 17641 D UE4     : [2022.06.19-17.24.26:119][  0]LogRHI: Extension eglPresentationTimeANDROID Present
06-19 19:24:26.120 17544 17641 D UE4     : [2022.06.19-17.24.26:120][  0]LogRHI: Extension eglGetNextFrameIdANDROID Present
06-19 19:24:26.120 17544 17641 D UE4     : [2022.06.19-17.24.26:120][  0]LogRHI: Extension eglGetCompositorTimingANDROID Present
06-19 19:24:26.120 17544 17641 D UE4     : [2022.06.19-17.24.26:120][  0]LogRHI: Extension eglGetFrameTimestampsANDROID Present
06-19 19:24:26.120 17544 17641 D UE4     : [2022.06.19-17.24.26:120][  0]LogRHI: Extension eglQueryTimestampSupportedANDROID NOT Available
06-19 19:24:26.120 17544 17641 D UE4     : [2022.06.19-17.24.26:120][  0]LogRHI: Extension eglGetCompositorTimingSupportedANDROID Present
06-19 19:24:26.120 17544 17641 D UE4     : [2022.06.19-17.24.26:120][  0]LogRHI: Extension eglGetFrameTimestampsSupportedANDROID NOT Available
06-19 19:24:26.121 17544 17641 D UE4     : [2022.06.19-17.24.26:121][  0]LogRHI: Initializing OpenGL RHI
06-19 19:24:26.121 17544 17641 D UE4     : [2022.06.19-17.24.26:121][  0]LogRHI:   GL_VENDOR: Qualcomm
06-19 19:24:26.121 17544 17641 D UE4     : [2022.06.19-17.24.26:121][  0]LogRHI:   GL_RENDERER: Adreno (TM) 630
06-19 19:24:26.121 17544 17641 D UE4     : [2022.06.19-17.24.26:121][  0]LogRHI:   GL_VERSION: OpenGL ES 3.2 V@415.0 (GIT@e541a88, I20154638fb, 1600173890) (Date:09/15/20)
06-19 19:24:26.121 17544 17641 D UE4     : [2022.06.19-17.24.26:121][  0]LogRHI:   GL_SHADING_LANGUAGE_VERSION: OpenGL ES GLSL ES 3.20
06-19 19:24:26.121 17544 17641 D UE4     : [2022.06.19-17.24.26:121][  0]LogRHI: OpenGL Extensions:
06-19 19:24:26.121 17544 17641 D UE4     : [2022.06.19-17.24.26:121][  0]LogRHI:   GL_OES_EGL_image
06-19 19:24:26.121 17544 17641 D UE4     : [2022.06.19-17.24.26:121][  0]LogRHI:   GL_OES_EGL_image_external
06-19 19:24:26.121 17544 17641 D UE4     : [2022.06.19-17.24.26:121][  0]LogRHI:   GL_OES_EGL_sync
06-19 19:24:26.122 17544 17641 D UE4     : [2022.06.19-17.24.26:122][  0]LogRHI:   GL_OES_vertex_half_float
06-19 19:24:26.122 17544 17641 D UE4     : [2022.06.19-17.24.26:122][  0]LogRHI:   GL_OES_framebuffer_object
06-19 19:24:26.122 17544 17641 D UE4     : [2022.06.19-17.24.26:122][  0]LogRHI:   GL_OES_rgb8_rgba8
06-19 19:24:26.122 17544 17641 D UE4     : [2022.06.19-17.24.26:122][  0]LogRHI:   GL_OES_compressed_ETC1_RGB8_texture
06-19 19:24:26.122 17544 17641 D UE4     : [2022.06.19-17.24.26:122][  0]LogRHI:   GL_AMD_compressed_ATC_texture
06-19 19:24:26.122 17544 17641 D UE4     : [2022.06.19-17.24.26:122][  0]LogRHI:   GL_KHR_texture_compression_astc_ldr
06-19 19:24:26.122 17544 17641 D UE4     : [2022.06.19-17.24.26:122][  0]LogRHI:   GL_KHR_texture_compression_astc_hdr
06-19 19:24:26.122 17544 17641 D UE4     : [2022.06.19-17.24.26:122][  0]LogRHI:   GL_OES_texture_compression_astc
06-19 19:24:26.122 17544 17641 D UE4     : [2022.06.19-17.24.26:122][  0]LogRHI:   GL_OES_texture_npot
06-19 19:24:26.122 17544 17641 D UE4     : [2022.06.19-17.24.26:122][  0]LogRHI:   GL_EXT_texture_filter_anisotropic
06-19 19:24:26.122 17544 17641 D UE4     : [2022.06.19-17.24.26:122][  0]LogRHI:   GL_EXT_texture_format_BGRA8888
06-19 19:24:26.122 17544 17641 D UE4     : [2022.06.19-17.24.26:122][  0]LogRHI:   GL_EXT_read_format_bgra
06-19 19:24:26.122 17544 17641 D UE4     : [2022.06.19-17.24.26:122][  0]LogRHI:   GL_OES_texture_3D
06-19 19:24:26.122 17544 17641 D UE4     : [2022.06.19-17.24.26:122][  0]LogRHI:   GL_EXT_color_buffer_float
06-19 19:24:26.122 17544 17641 D UE4     : [2022.06.19-17.24.26:122][  0]LogRHI:   GL_EXT_color_buffer_half_float
06-19 19:24:26.122 17544 17641 D UE4     : [2022.06.19-17.24.26:122][  0]LogRHI:   GL_QCOM_alpha_test
06-19 19:24:26.122 17544 17641 D UE4     : [2022.06.19-17.24.26:122][  0]LogRHI:   GL_OES_depth24
06-19 19:24:26.122 17544 17641 D UE4     : [2022.06.19-17.24.26:122][  0]LogRHI:   GL_OES_packed_depth_stencil
06-19 19:24:26.122 17544 17641 D UE4     : [2022.06.19-17.24.26:122][  0]LogRHI:   GL_OES_depth_texture
06-19 19:24:26.122 17544 17641 D UE4     : [2022.06.19-17.24.26:122][  0]LogRHI:   GL_OES_depth_texture_cube_map
06-19 19:24:26.122 17544 17641 D UE4     : [2022.06.19-17.24.26:122][  0]LogRHI:   GL_EXT_sRGB
06-19 19:24:26.122 17544 17641 D UE4     : [2022.06.19-17.24.26:122][  0]LogRHI:   GL_OES_texture_float
06-19 19:24:26.122 17544 17641 D UE4     : [2022.06.19-17.24.26:122][  0]LogRHI:   GL_OES_texture_float_linear
06-19 19:24:26.122 17544 17641 D UE4     : [2022.06.19-17.24.26:122][  0]LogRHI:   GL_OES_texture_half_float
06-19 19:24:26.122 17544 17641 D UE4     : [2022.06.19-17.24.26:122][  0]LogRHI:   GL_OES_texture_half_float_linear
06-19 19:24:26.122 17544 17641 D UE4     : [2022.06.19-17.24.26:122][  0]LogRHI:   GL_EXT_texture_type_2_10_10_10_REV
06-19 19:24:26.122 17544 17641 D UE4     : [2022.06.19-17.24.26:122][  0]LogRHI:   GL_EXT_texture_sRGB_decode
06-19 19:24:26.122 17544 17641 D UE4     : [2022.06.19-17.24.26:122][  0]LogRHI:   GL_EXT_texture_format_sRGB_override
06-19 19:24:26.122 17544 17641 D UE4     : [2022.06.19-17.24.26:122][  0]LogRHI:   GL_OES_element_index_uint
06-19 19:24:26.122 17544 17641 D UE4     : [2022.06.19-17.24.26:122][  0]LogRHI:   GL_EXT_copy_image
06-19 19:24:26.122 17544 17641 D UE4     : [2022.06.19-17.24.26:122][  0]LogRHI:   GL_EXT_geometry_shader
06-19 19:24:26.122 17544 17641 D UE4     : [2022.06.19-17.24.26:122][  0]LogRHI:   GL_EXT_tessellation_shader
06-19 19:24:26.122 17544 17641 D UE4     : [2022.06.19-17.24.26:122][  0]LogRHI:   GL_OES_texture_stencil8
06-19 19:24:26.122 17544 17641 D UE4     : [2022.06.19-17.24.26:122][  0]LogRHI:   GL_EXT_shader_io_blocks
06-19 19:24:26.122 17544 17641 D UE4     : [2022.06.19-17.24.26:122][  0]LogRHI:   GL_OES_shader_image_atomic
06-19 19:24:26.122 17544 17641 D UE4     : [2022.06.19-17.24.26:122][  0]LogRHI:   GL_OES_sample_variables
06-19 19:24:26.122 17544 17641 D UE4     : [2022.06.19-17.24.26:122][  0]LogRHI:   GL_EXT_texture_border_clamp
06-19 19:24:26.122 17544 17641 D UE4     : [2022.06.19-17.24.26:122][  0]LogRHI:   GL_EXT_EGL_image_external_wrap_modes
06-19 19:24:26.123 17544 17641 D UE4     : [2022.06.19-17.24.26:123][  0]LogRHI:   GL_EXT_multisampled_render_to_texture
06-19 19:24:26.123 17544 17641 D UE4     : [2022.06.19-17.24.26:123][  0]LogRHI:   GL_EXT_multisampled_render_to_texture2
06-19 19:24:26.123 17544 17641 D UE4     : [2022.06.19-17.24.26:123][  0]LogRHI:   GL_OES_shader_multisample_interpolation
06-19 19:24:26.123 17544 17641 D UE4     : [2022.06.19-17.24.26:123][  0]LogRHI:   GL_EXT_texture_cube_map_array
06-19 19:24:26.123 17544 17641 D UE4     : [2022.06.19-17.24.26:123][  0]LogRHI:   GL_EXT_draw_buffers_indexed
06-19 19:24:26.123 17544 17641 D UE4     : [2022.06.19-17.24.26:123][  0]LogRHI:   GL_EXT_gpu_shader5
06-19 19:24:26.123 17544 17641 D UE4     : [2022.06.19-17.24.26:123][  0]LogRHI:   GL_EXT_robustness
06-19 19:24:26.123 17544 17641 D UE4     : [2022.06.19-17.24.26:123][  0]LogRHI:   GL_EXT_texture_buffer
06-19 19:24:26.123 17544 17641 D UE4     : [2022.06.19-17.24.26:123][  0]LogRHI:   GL_EXT_shader_framebuffer_fetch
06-19 19:24:26.123 17544 17641 D UE4     : [2022.06.19-17.24.26:123][  0]LogRHI:   GL_ARM_shader_framebuffer_fetch_depth_stencil
06-19 19:24:26.123 17544 17641 D UE4     : [2022.06.19-17.24.26:123][  0]LogRHI:   GL_OES_texture_storage_multisample_2d_array
06-19 19:24:26.123 17544 17641 D UE4     : [2022.06.19-17.24.26:123][  0]LogRHI:   GL_OES_sample_shading
06-19 19:24:26.123 17544 17641 D UE4     : [2022.06.19-17.24.26:123][  0]LogRHI:   GL_OES_get_program_binary
06-19 19:24:26.123 17544 17641 D UE4     : [2022.06.19-17.24.26:123][  0]LogRHI:   GL_EXT_debug_label
06-19 19:24:26.123 17544 17641 D UE4     : [2022.06.19-17.24.26:123][  0]LogRHI:   GL_KHR_blend_equation_advanced
06-19 19:24:26.123 17544 17641 D UE4     : [2022.06.19-17.24.26:123][  0]LogRHI:   GL_KHR_blend_equation_advanced_coherent
06-19 19:24:26.123 17544 17641 D UE4     : [2022.06.19-17.24.26:123][  0]LogRHI:   GL_QCOM_tiled_rendering
06-19 19:24:26.123 17544 17641 D UE4     : [2022.06.19-17.24.26:123][  0]LogRHI:   GL_ANDROID_extension_pack_es31a
06-19 19:24:26.123 17544 17641 D UE4     : [2022.06.19-17.24.26:123][  0]LogRHI:   GL_EXT_primitive_bounding_box
06-19 19:24:26.123 17544 17641 D UE4     : [2022.06.19-17.24.26:123][  0]LogRHI:   GL_OES_standard_derivatives
06-19 19:24:26.123 17544 17641 D UE4     : [2022.06.19-17.24.26:123][  0]LogRHI:   GL_OES_vertex_array_object
06-19 19:24:26.123 17544 17641 D UE4     : [2022.06.19-17.24.26:123][  0]LogRHI:   GL_EXT_disjoint_timer_query
06-19 19:24:26.123 17544 17641 D UE4     : [2022.06.19-17.24.26:123][  0]LogRHI:   GL_KHR_debug
06-19 19:24:26.123 17544 17641 D UE4     : [2022.06.19-17.24.26:123][  0]LogRHI:   GL_EXT_YUV_target
06-19 19:24:26.123 17544 17641 D UE4     : [2022.06.19-17.24.26:123][  0]LogRHI:   GL_EXT_sRGB_write_control
06-19 19:24:26.123 17544 17641 D UE4     : [2022.06.19-17.24.26:123][  0]LogRHI:   GL_EXT_texture_norm16
06-19 19:24:26.123 17544 17641 D UE4     : [2022.06.19-17.24.26:123][  0]LogRHI:   GL_EXT_discard_framebuffer
06-19 19:24:26.123 17544 17641 D UE4     : [2022.06.19-17.24.26:123][  0]LogRHI:   GL_OES_surfaceless_context
06-19 19:24:26.123 17544 17641 D UE4     : [2022.06.19-17.24.26:123][  0]LogRHI:   GL_OVR_multiview
06-19 19:24:26.123 17544 17641 D UE4     : [2022.06.19-17.24.26:123][  0]LogRHI:   GL_OVR_multiview2
06-19 19:24:26.123 17544 17641 D UE4     : [2022.06.19-17.24.26:123][  0]LogRHI:   GL_EXT_texture_sRGB_R8
06-19 19:24:26.123 17544 17641 D UE4     : [2022.06.19-17.24.26:123][  0]LogRHI:   GL_KHR_no_error
06-19 19:24:26.123 17544 17641 D UE4     : [2022.06.19-17.24.26:123][  0]LogRHI:   GL_EXT_debug_marker
06-19 19:24:26.123 17544 17641 D UE4     : [2022.06.19-17.24.26:123][  0]LogRHI:   GL_OES_EGL_image_external_essl3
06-19 19:24:26.123 17544 17641 D UE4     : [2022.06.19-17.24.26:123][  0]LogRHI:   GL_OVR_multiview_multisampled_render_to_texture
06-19 19:24:26.124 17544 17641 D UE4     : [2022.06.19-17.24.26:124][  0]LogRHI:   GL_EXT_buffer_storage
06-19 19:24:26.124 17544 17641 D UE4     : [2022.06.19-17.24.26:124][  0]LogRHI:   GL_EXT_external_buffer
06-19 19:24:26.124 17544 17641 D UE4     : [2022.06.19-17.24.26:124][  0]LogRHI:   GL_EXT_blit_framebuffer_params
06-19 19:24:26.124 17544 17641 D UE4     : [2022.06.19-17.24.26:124][  0]LogRHI:   GL_EXT_clip_cull_distance
06-19 19:24:26.124 17544 17641 D UE4     : [2022.06.19-17.24.26:124][  0]LogRHI:   GL_EXT_protected_textures
06-19 19:24:26.124 17544 17641 D UE4     : [2022.06.19-17.24.26:124][  0]LogRHI:   GL_EXT_shader_non_constant_global_initializers
06-19 19:24:26.124 17544 17641 D UE4     : [2022.06.19-17.24.26:124][  0]LogRHI:   GL_QCOM_texture_foveated
06-19 19:24:26.124 17544 17641 D UE4     : [2022.06.19-17.24.26:124][  0]LogRHI:   GL_QCOM_texture_foveated_subsampled_layout
06-19 19:24:26.124 17544 17641 D UE4     : [2022.06.19-17.24.26:124][  0]LogRHI:   GL_QCOM_shader_framebuffer_fetch_noncoherent
06-19 19:24:26.124 17544 17641 D UE4     : [2022.06.19-17.24.26:124][  0]LogRHI:   GL_QCOM_shader_framebuffer_fetch_rate
06-19 19:24:26.124 17544 17641 D UE4     : [2022.06.19-17.24.26:124][  0]LogRHI:   GL_EXT_memory_object
06-19 19:24:26.124 17544 17641 D UE4     : [2022.06.19-17.24.26:124][  0]LogRHI:   GL_EXT_memory_object_fd
06-19 19:24:26.124 17544 17641 D UE4     : [2022.06.19-17.24.26:124][  0]LogRHI:   GL_EXT_EGL_image_array
06-19 19:24:26.124 17544 17641 D UE4     : [2022.06.19-17.24.26:124][  0]LogRHI:   GL_NV_shader_noperspective_interpolation
06-19 19:24:26.124 17544 17641 D UE4     : [2022.06.19-17.24.26:124][  0]LogRHI:   GL_KHR_robust_buffer_access_behavior
06-19 19:24:26.124 17544 17641 D UE4     : [2022.06.19-17.24.26:124][  0]LogRHI:   GL_EXT_EGL_image_storage
06-19 19:24:26.124 17544 17641 D UE4     : [2022.06.19-17.24.26:124][  0]LogRHI:   GL_EXT_blend_func_extended
06-19 19:24:26.124 17544 17641 D UE4     : [2022.06.19-17.24.26:124][  0]LogRHI:   GL_EXT_clip_control
06-19 19:24:26.124 17544 17641 D UE4     : [2022.06.19-17.24.26:124][  0]LogRHI:   GL_OES_texture_view
06-19 19:24:26.124 17544 17641 D UE4     : [2022.06.19-17.24.26:124][  0]LogRHI:   GL_EXT_fragment_invocation_density
06-19 19:24:26.124 17544 17641 D UE4     : [2022.06.19-17.24.26:124][  0]LogRHI:   GL_QCOM_YUV_texture_gather
06-19 19:24:26.124 17544 17641 D UE4     : [2022.06.19-17.24.26:124][  0]LogRHI:   GL_MAX_VERTEX_ATTRIBS: 32
06-19 19:24:26.124 17544 17641 D UE4     : [2022.06.19-17.24.26:124][  0]LogRHI:   GL_MAX_VARYING_VECTORS: 31
06-19 19:24:26.124 17544 17641 D UE4     : [2022.06.19-17.24.26:124][  0]LogRHI:   GL_MAX_VERTEX_UNIFORM_VECTORS: 256
06-19 19:24:26.124 17544 17641 D UE4     : [2022.06.19-17.24.26:124][  0]LogRHI:   GL_MAX_FRAGMENT_UNIFORM_VECTORS: 256
06-19 19:24:26.124 17544 17641 D UE4     : [2022.06.19-17.24.26:124][  0]LogRHI:   GL_TEXTURE_BUFFER_OFFSET_ALIGNMENT: 64
06-19 19:24:26.124 17544 17641 D UE4     : [2022.06.19-17.24.26:124][  0]LogRHI:   GL_MAX_COMBINED_IMAGE_UNIFORMS: 20
06-19 19:24:26.124 17544 17641 D UE4     : [2022.06.19-17.24.26:124][  0]LogRHI:   GL_MAX_COMPUTE_IMAGE_UNIFORMS: 8
06-19 19:24:26.124 17544 17641 D UE4     : [2022.06.19-17.24.26:124][  0]LogRHI:   GL_MAX_FRAGMENT_IMAGE_UNIFORMS: 4
06-19 19:24:26.124   887   887 E libc    : Access denied finding property "ro.hardware.fp.fod"
06-19 19:24:26.124   887   887 E libc    : Access denied finding property "ro.hardware.fp.sideCap"
06-19 19:24:26.124 17544 17641 D UE4     : [2022.06.19-17.24.26:124][  0]LogRHI: Fragment shader lowp precision: 10
06-19 19:24:26.124 17544 17641 D UE4     : [2022.06.19-17.24.26:124][  0]LogRHI: Fragment shader mediump precision: 10
06-19 19:24:26.125 17544 17641 D UE4     : [2022.06.19-17.24.26:125][  0]LogRHI: Fragment shader highp precision: 23
06-19 19:24:26.125 17544 17641 D UE4     : [2022.06.19-17.24.26:125][  0]LogRHI: Support for 4x MSAA detected
06-19 19:24:26.125 17544 17641 D UE4     : [2022.06.19-17.24.26:125][  0]LogRHI: Device supports mobile multi-view.
06-19 19:24:26.125 17544 17641 D UE4     : [2022.06.19-17.24.26:125][  0]LogRHI: Image external enabled: ImageExternalESSL300
06-19 19:24:26.126 17544 17641 D UE4     : [2022.06.19-17.24.26:126][  0]LogRHI: Using QCOM_shader_framebuffer_fetch_noncoherent
06-19 19:24:26.126 17544 17641 D UE4     : [2022.06.19-17.24.26:126][  0]LogRHI:   GL_MAX_TEXTURE_SIZE: 16384
06-19 19:24:26.126 17544 17641 D UE4     : [2022.06.19-17.24.26:126][  0]LogRHI:   GL_MAX_CUBE_MAP_TEXTURE_SIZE: 16384
06-19 19:24:26.126 17544 17641 D UE4     : [2022.06.19-17.24.26:126][  0]LogRHI:   GL_MAX_ARRAY_TEXTURE_LAYERS: 2048
06-19 19:24:26.126 17544 17641 D UE4     : [2022.06.19-17.24.26:126][  0]LogRHI:   GL_MAX_3D_TEXTURE_SIZE: 2048
06-19 19:24:26.126 17544 17641 D UE4     : [2022.06.19-17.24.26:126][  0]LogRHI:   GL_MAX_RENDERBUFFER_SIZE: 16384
06-19 19:24:26.126 17544 17641 D UE4     : [2022.06.19-17.24.26:126][  0]LogRHI:   GL_MAX_TEXTURE_IMAGE_UNITS: 16
06-19 19:24:26.126 17544 17641 D UE4     : [2022.06.19-17.24.26:126][  0]LogRHI:   GL_MAX_DRAW_BUFFERS: 8
06-19 19:24:26.126 17544 17641 D UE4     : [2022.06.19-17.24.26:126][  0]LogRHI:   GL_MAX_COLOR_ATTACHMENTS: 8
06-19 19:24:26.126 17544 17641 D UE4     : [2022.06.19-17.24.26:126][  0]LogRHI:   GL_MAX_SAMPLES: 4
06-19 19:24:26.126 17544 17641 D UE4     : [2022.06.19-17.24.26:126][  0]LogRHI:   GL_MAX_COLOR_TEXTURE_SAMPLES: 4
06-19 19:24:26.126 17544 17641 D UE4     : [2022.06.19-17.24.26:126][  0]LogRHI:   GL_MAX_DEPTH_TEXTURE_SAMPLES: 4
06-19 19:24:26.126 17544 17641 D UE4     : [2022.06.19-17.24.26:126][  0]LogRHI:   GL_MAX_INTEGER_SAMPLES: 1
06-19 19:24:26.126 17544 17641 D UE4     : [2022.06.19-17.24.26:126][  0]LogRHI:   GL_MAX_COMBINED_TEXTURE_IMAGE_UNITS: 96
06-19 19:24:26.126 17544 17641 D UE4     : [2022.06.19-17.24.26:126][  0]LogRHI:   GL_MAX_VERTEX_ATTRIBS: 32
06-19 19:24:26.126 17544 17641 D UE4     : [2022.06.19-17.24.26:126][  0]LogRHI:   GL_MAX_COMPUTE_WORK_GROUP_INVOCATIONS: 1024
06-19 19:24:26.126 17544 17641 D UE4     : [2022.06.19-17.24.26:126][  0]LogRHI:   GL_MAX_COMPUTE_WORK_GROUP_SIZE: 0
06-19 19:24:26.126 17544 17641 D UE4     : [2022.06.19-17.24.26:126][  0]LogRHI:   GL_MAX_COMPUTE_WORK_GROUP_COUNT: 0
06-19 19:24:26.126 17544 17641 D UE4     : [2022.06.19-17.24.26:126][  0]LogRHI:   GL_MAX_COMPUTE_SHARED_MEMORY_SIZE: 32768
06-19 19:24:26.126 17544 17641 D UE4     : [2022.06.19-17.24.26:126][  0]LogRHI:   GL_MAX_TEXTURE_MAX_ANISOTROPY_EXT: 16
06-19 19:24:26.126 17544 17641 D UE4     : [2022.06.19-17.24.26:126][  0]LogRHI: OpenGL MajorVersion = 3, MinorVersion = 1, ShaderPlatform = GLSL_ES3_1_ANDROID, FeatureLevel = ES3_1
06-19 19:24:26.126 17544 17641 D UE4     : [2022.06.19-17.24.26:126][  0]LogRHI: PLATFORM_ANDROID
06-19 19:24:26.126 17544 17641 D UE4     : [2022.06.19-17.24.26:126][  0]LogAndroid: Unlocking android HW window during preinit.
06-19 19:24:26.126 17544 17641 D UE4     : [2022.06.19-17.24.26:126][  0]LogRHI: Enabling program binary cache as /storage/emulated/0/Android/data/es.udc.DDM.Grupo3DDM/files/ProgramBinaryCache/GLSL_ES3_1_ANDROID_57367C67CCFCEAE5AD1AB869F63401DE66BE8759
06-19 19:24:26.126 17544 17641 D UE4     : [2022.06.19-17.24.26:126][  0]LogRHI: FOpenGLProgramBinaryCache will be initialized when ShaderPipelineCache opens its file
06-19 19:24:26.127 17544 17641 D UE4     : [2022.06.19-17.24.26:127][  0]LogRHI: Texture pool is 800 MB (of 0 MB total graphics mem)
06-19 19:24:26.132 17544 17641 D UE4     : [2022.06.19-17.24.26:132][  0]LogRendererCore: Ray tracing is disabled. Reason: r.RayTracing=0.
06-19 19:24:26.132 17544 17641 D UE4     : [2022.06.19-17.24.26:132][  0]LogShaderLibrary: Display: Using ../../../Grupo3DDM/Content/ShaderArchive-Global-GLSL_ES3_1_ANDROID.ushaderbytecode for material shader code. Total 542 unique shaders.
06-19 19:24:26.132 17544 17641 D UE4     : [2022.06.19-17.24.26:132][  0]LogShaderLibrary: Display: Cooked Context: Using Shared Shader Library Global
06-19 19:24:26.133 17544 17641 D UE4     : [2022.06.19-17.24.26:133][  0]LogTemp: Warning: Clearing the OS Cache
06-19 19:24:26.156 17544 17641 D UE4     : [2022.06.19-17.24.26:156][  0]LogSlate: Using FreeType 2.10.4
06-19 19:24:26.157 17544 17641 D UE4     : [2022.06.19-17.24.26:157][  0]LogSlate: SlateFontServices - WITH_FREETYPE: 1, WITH_HARFBUZZ: 1
06-19 19:24:26.157 17544 17641 D UE4     : [2022.06.19-17.24.26:157][  0]LogImageWrapper: Warning: PNG Warning: iCCP: known incorrect sRGB profile
06-19 19:24:26.158 17544 17675 D UE4     : [2022.06.19-17.24.26:158][  0]LogImageWrapper: Warning: PNG Warning: iCCP: known incorrect sRGB profile
06-19 19:24:26.158 17544 17675 D UE4     : [2022.06.19-17.24.26:158][  0]LogImageWrapper: Warning: PNG Warning: iCCP: known incorrect sRGB profile
06-19 19:24:26.158   887   887 E libc    : Access denied finding property "ro.hardware.fp.fod"
06-19 19:24:26.158   887   887 E libc    : Access denied finding property "ro.hardware.fp.sideCap"
06-19 19:24:26.158 17544 17673 D UE4     : [2022.06.19-17.24.26:158][  0]LogImageWrapper: Warning: PNG Warning: iCCP: known incorrect sRGB profile
06-19 19:24:26.158 17544 17673 D UE4     : [2022.06.19-17.24.26:158][  0]LogImageWrapper: Warning: PNG Warning: iCCP: known incorrect sRGB profile
06-19 19:24:26.159 17544 17675 D UE4     : [2022.06.19-17.24.26:159][  0]LogImageWrapper: Warning: PNG Warning: iCCP: known incorrect sRGB profile
06-19 19:24:26.159 17544 17675 D UE4     : [2022.06.19-17.24.26:159][  0]LogImageWrapper: Warning: PNG Warning: iCCP: known incorrect sRGB profile
06-19 19:24:26.159 17544 17641 D UE4     : [2022.06.19-17.24.26:159][  0]LogImageWrapper: Warning: PNG Warning: iCCP: known incorrect sRGB profile
06-19 19:24:26.159 17544 17675 D UE4     : [2022.06.19-17.24.26:159][  0]LogImageWrapper: Warning: PNG Warning: iCCP: known incorrect sRGB profile
06-19 19:24:26.159 17544 17675 D UE4     : [2022.06.19-17.24.26:159][  0]LogImageWrapper: Warning: PNG Warning: iCCP: known incorrect sRGB profile
06-19 19:24:26.160 17544 17674 D UE4     : [2022.06.19-17.24.26:160][  0]LogImageWrapper: Warning: PNG Warning: iCCP: known incorrect sRGB profile
06-19 19:24:26.160 17544 17674 D UE4     : [2022.06.19-17.24.26:160][  0]LogImageWrapper: Warning: PNG Warning: iCCP: known incorrect sRGB profile
06-19 19:24:26.160 17544 17673 D UE4     : [2022.06.19-17.24.26:160][  0]LogImageWrapper: Warning: PNG Warning: iCCP: known incorrect sRGB profile
