06-19 19:24:28.988   572   572 E SELinux : avc:  denied  { find } for interface=vendor.qti.hardware.servicetracker::IServicetracker sid=u:r:system_server:s0 pid=2104 scontext=u:r:system_server:s0 tcontext=u:object_r:default_android_hwservice:s0 tclass=hwservice_manager permissive=0
06-19 19:24:28.989 28800 28800 D BoundBrokerSvc: onBind: Intent { act=com.google.android.gms.signin.service.INTERNAL_START id=identifierhack:4d8cdbec-099b-40c7-8436-35b7d456dbf7 pkg=com.google.android.gms (has extras) }
06-19 19:24:28.989 28800 28800 D BoundBrokerSvc: Loading bound service for intent: Intent { act=com.google.android.gms.signin.service.INTERNAL_START id=identifierhack:4d8cdbec-099b-40c7-8436-35b7d456dbf7 pkg=com.google.android.gms (has extras) }
06-19 19:24:28.997   572   572 E SELinux : avc:  denied  { find } for interface=vendor.qti.hardware.servicetracker::IServicetracker sid=u:r:system_server:s0 pid=2104 scontext=u:r:system_server:s0 tcontext=u:object_r:default_android_hwservice:s0 tclass=hwservice_manager permissive=0
06-19 19:24:28.999 28800 17736 I SignInPerformer-83: Successfully authorized dli{clientPackageName=es.udc.DDM.Grupo3DDM, clientUid=10488, account=<ELLIDED:698726267>, requestedScopes=[https://www.googleapis.com/auth/games_lite], shouldIncludeAllGrantedScopes=false, gamesAutoSignInPolicyAction=APPLY_AND_APPROVE, serverClientId=null, forceRefreshToken=false} [CONTEXT service_id=1 ]
06-19 19:24:28.999   887   887 E libc    : Access denied finding property "ro.hardware.fp.fod"
06-19 19:24:28.999   887   887 E libc    : Access denied finding property "ro.hardware.fp.sideCap"
06-19 19:24:28.999 28800 17736 I PlayerManager: Fetching player: account [<ELLIDED:698726267>] gamePackageName [es.udc.DDM.Grupo3DDM] forceServerFetch [false] getLegacyPlayerIdResponse [GetLegacyPlayerIdResponse{wasSuccessful=true, legacyPlayerId=null}] [CONTEXT service_id=1 ]
06-19 19:24:28.999 28800 28800 D BoundBrokerSvc: onUnbind: Intent { act=com.google.android.gms.signin.service.INTERNAL_START id=identifierhack:4d8cdbec-099b-40c7-8436-35b7d456dbf7 pkg=com.google.android.gms (has extras) }
06-19 19:24:29.002   572   572 E SELinux : avc:  denied  { find } for interface=vendor.qti.hardware.servicetracker::IServicetracker sid=u:r:system_server:s0 pid=2104 scontext=u:r:system_server:s0 tcontext=u:object_r:default_android_hwservice:s0 tclass=hwservice_manager permissive=0
06-19 19:24:29.003 17544 17769 D UE4     : [2022.06.19-17.24.29:003][ 69]LogTcpMessaging: Started Connection to '127.0.0.1:45091'
06-19 19:24:29.003 28800 17736 I PlayerManager: Found player: account [<ELLIDED:698726267>] validatedLegacyPlayerId [false] playerId [g09401448654165323361] legacyPlayerId [null] [CONTEXT service_id=1 ]
06-19 19:24:29.003 28800 17736 I SignInPerformer-83: Successfully found player (id [g09401448654165323361], originalId [null], displayName [RandomGP]) for account [<ELLIDED:698726267>] [CONTEXT service_id=1 ]
06-19 19:24:29.004 17544 17769 D UE4     : [2022.06.19-17.24.29:004][ 69]LogTcpMessaging: Discovered node '03B2FD0544219E9E3315D6A6CA59C80F' on connection '127.0.0.1:45091'...
06-19 19:24:29.016   887   887 E libc    : Access denied finding property "ro.hardware.fp.fod"
06-19 19:24:29.016   887   887 E libc    : Access denied finding property "ro.hardware.fp.sideCap"
06-19 19:24:29.032   887   887 E libc    : Access denied finding property "ro.hardware.fp.fod"
06-19 19:24:29.033   887   887 E libc    : Access denied finding property "ro.hardware.fp.sideCap"
06-19 19:24:29.037 28800 32219 W Conscrypt: Could not set socket write timeout: java.net.SocketException: Socket closed
06-19 19:24:29.038 28800 15295 W Conscrypt: Could not set socket write timeout: java.net.SocketException: Socket closed
06-19 19:24:29.038 28800 32219 W Conscrypt: 	at com.google.android.gms.org.conscrypt.Platform.setSocketWriteTimeout(:com.google.android.gms@222116028@22.21.16 (100400-454906765):2)
06-19 19:24:29.038 28800 32219 W Conscrypt: 	at com.google.android.gms.org.conscrypt.ConscryptFileDescriptorSocket.setSoWriteTimeout(:com.google.android.gms@222116028@22.21.16 (100400-454906765):0)
06-19 19:24:29.038 28800 15295 W Conscrypt: 	at com.google.android.gms.org.conscrypt.Platform.setSocketWriteTimeout(:com.google.android.gms@222116028@22.21.16 (100400-454906765):2)
06-19 19:24:29.038 28800 15295 W Conscrypt: 	at com.google.android.gms.org.conscrypt.ConscryptFileDescriptorSocket.setSoWriteTimeout(:com.google.android.gms@222116028@22.21.16 (100400-454906765):0)
06-19 19:24:29.045 28800 12321 W Conscrypt: Could not set socket write timeout: java.net.SocketException: Socket closed
06-19 19:24:29.046 28800 12321 W Conscrypt: 	at com.google.android.gms.org.conscrypt.Platform.setSocketWriteTimeout(:com.google.android.gms@222116028@22.21.16 (100400-454906765):2)
06-19 19:24:29.046 28800 12321 W Conscrypt: 	at com.google.android.gms.org.conscrypt.ConscryptFileDescriptorSocket.setSoWriteTimeout(:com.google.android.gms@222116028@22.21.16 (100400-454906765):0)
06-19 19:24:29.050   887   887 E libc    : Access denied finding property "ro.hardware.fp.fod"
06-19 19:24:29.050   887   887 E libc    : Access denied finding property "ro.hardware.fp.sideCap"
06-19 19:24:29.056 28800 13415 W Conscrypt: Could not set socket write timeout: java.net.SocketException: Socket closed
06-19 19:24:29.057 28800 13415 W Conscrypt: 	at com.google.android.gms.org.conscrypt.Platform.setSocketWriteTimeout(:com.google.android.gms@222116028@22.21.16 (100400-454906765):2)
06-19 19:24:29.057 28800 13415 W Conscrypt: 	at com.google.android.gms.org.conscrypt.ConscryptFileDescriptorSocket.setSoWriteTimeout(:com.google.android.gms@222116028@22.21.16 (100400-454906765):0)
06-19 19:24:29.066   887   887 E libc    : Access denied finding property "ro.hardware.fp.fod"
06-19 19:24:29.066   887   887 E libc    : Access denied finding property "ro.hardware.fp.sideCap"
06-19 19:24:29.083   887   887 E libc    : Access denied finding property "ro.hardware.fp.fod"
06-19 19:24:29.084   887   887 E libc    : Access denied finding property "ro.hardware.fp.sideCap"
06-19 19:24:29.100   887   887 E libc    : Access denied finding property "ro.hardware.fp.fod"
06-19 19:24:29.100   887   887 E libc    : Access denied finding property "ro.hardware.fp.sideCap"
06-19 19:24:29.106 28800 15295 W Conscrypt: Could not set socket write timeout: java.net.SocketException: Socket closed
06-19 19:24:29.106 28800 15295 W Conscrypt: 	at com.google.android.gms.org.conscrypt.Platform.setSocketWriteTimeout(:com.google.android.gms@222116028@22.21.16 (100400-454906765):2)
06-19 19:24:29.106 28800 15295 W Conscrypt: 	at com.google.android.gms.org.conscrypt.ConscryptFileDescriptorSocket.setSoWriteTimeout(:com.google.android.gms@222116028@22.21.16 (100400-454906765):0)
06-19 19:24:29.117   887   887 E libc    : Access denied finding property "ro.hardware.fp.fod"
06-19 19:24:29.117   887   887 E libc    : Access denied finding property "ro.hardware.fp.sideCap"
06-19 19:24:29.134   887   887 E libc    : Access denied finding property "ro.hardware.fp.fod"
06-19 19:24:29.134   887   887 E libc    : Access denied finding property "ro.hardware.fp.sideCap"
06-19 19:24:29.151   887   887 E libc    : Access denied finding property "ro.hardware.fp.fod"
06-19 19:24:29.151   887   887 E libc    : Access denied finding property "ro.hardware.fp.sideCap"
06-19 19:24:29.168   887   887 E libc    : Access denied finding property "ro.hardware.fp.fod"
06-19 19:24:29.169   887   887 E libc    : Access denied finding property "ro.hardware.fp.sideCap"
06-19 19:24:29.184   887   887 E libc    : Access denied finding property "ro.hardware.fp.fod"
06-19 19:24:29.185   887   887 E libc    : Access denied finding property "ro.hardware.fp.sideCap"
06-19 19:24:29.200   887   887 E libc    : Access denied finding property "ro.hardware.fp.fod"
06-19 19:24:29.200   887   887 E libc    : Access denied finding property "ro.hardware.fp.sideCap"
06-19 19:24:29.217   887   887 E libc    : Access denied finding property "ro.hardware.fp.fod"
06-19 19:24:29.217   887   887 E libc    : Access denied finding property "ro.hardware.fp.sideCap"
06-19 19:24:29.234   887   887 E libc    : Access denied finding property "ro.hardware.fp.fod"
06-19 19:24:29.234   887   887 E libc    : Access denied finding property "ro.hardware.fp.sideCap"
06-19 19:24:29.250   887   887 E libc    : Access denied finding property "ro.hardware.fp.fod"
06-19 19:24:29.250   887   887 E libc    : Access denied finding property "ro.hardware.fp.sideCap"
06-19 19:24:29.266   887   887 E libc    : Access denied finding property "ro.hardware.fp.fod"
06-19 19:24:29.266   887   887 E libc    : Access denied finding property "ro.hardware.fp.sideCap"
06-19 19:24:29.283   887   887 E libc    : Access denied finding property "ro.hardware.fp.fod"
06-19 19:24:29.283   887   887 E libc    : Access denied finding property "ro.hardware.fp.sideCap"
06-19 19:24:29.300   887   887 E libc    : Access denied finding property "ro.hardware.fp.fod"
06-19 19:24:29.300   887   887 E libc    : Access denied finding property "ro.hardware.fp.sideCap"
06-19 19:24:29.313 28800 17736 I SignInPerformer-83: Successfully found game: displayName [Taiko Infinite], applicationId [223906162529], packageName [es.udc.DDM.Taiko_Infinite] [CONTEXT service_id=1 ]
06-19 19:24:29.317   887   887 E libc    : Access denied finding property "ro.hardware.fp.fod"
06-19 19:24:29.317   887   887 E libc    : Access denied finding property "ro.hardware.fp.sideCap"
06-19 19:24:29.333   887   887 E libc    : Access denied finding property "ro.hardware.fp.fod"
06-19 19:24:29.333   887   887 E libc    : Access denied finding property "ro.hardware.fp.sideCap"
06-19 19:24:29.352   887   887 E libc    : Access denied finding property "ro.hardware.fp.fod"
06-19 19:24:29.352   887   887 E libc    : Access denied finding property "ro.hardware.fp.sideCap"
06-19 19:24:29.352 28800 17736 W PlayGamesServices[DataBroker]: No player ID found when refreshing
06-19 19:24:29.353 28800 17736 I GmsCoreAccountHinter: No Games Java SDK version for es.udc.DDM.Grupo3DDM. Assuming first generation SDK. Updating active gmscore account. [CONTEXT service_id=1 ]
06-19 19:24:29.354 28800 17736 I GmsCoreAccountHinter: Hinted account Account {name=randomgameplayer1234@gmail.com, type=com.google} for es.udc.DDM.Grupo3DDM [CONTEXT service_id=1 ]
06-19 19:24:29.363 28800 17736 W PlayGamesServices[DataBroker]: No player ID found when refreshing
06-19 19:24:29.363 28800 17736 I SignInManagerV2: Recorded sign-in successful: request[dxn{gamePackageName=es.udc.DDM.Grupo3DDM, gameUid=10488, account=<ELLIDED:698726267>, playerId=<ELLIDED:2103526792>, grantedScoped=[https://www.googleapis.com/auth/games_lite]}] [CONTEXT service_id=1 ]
06-19 19:24:29.365 28800 17736 I AlertsManager: Limit of 'settings location' alerts (2) is reached (session=SessionKey{packageName=es.udc.DDM.Grupo3DDM, sessionId=17544,}) [CONTEXT service_id=1 ]
06-19 19:24:29.368   887   887 E libc    : Access denied finding property "ro.hardware.fp.fod"
06-19 19:24:29.368   887   887 E libc    : Access denied finding property "ro.hardware.fp.sideCap"
06-19 19:24:29.371 28800 17736 I GetGamesServiceV2Op: Successfully brokered GamesService for request ecj{gamePackageName=es.udc.DDM.Grupo3DDM, gameUid=10488, gamePlayServicesClientLibraryVersion=11910000, sdkVariation=4368, requestedScopes=[https://www.googleapis.com/auth/games_lite], callingIdentity=CallingIdentity{uid=10488, pid=17544, packageName=es.udc.DDM.Grupo3DDM, playServicesClientLibraryVersion=11910000}, requestedAccount=Optional.absent(), forceResolveAccountKey=null, requestedServiceMode=0} [CONTEXT service_id=1 ]
06-19 19:24:29.376 17544 17770 D UE4     : [2022.06.19-17.24.29:376][ 92]LogOnline: OSS: nativeGoogleClientConnectCompleted Success: 1 Token: NOT_ACQUIRED
06-19 19:24:29.378 17544 17641 D UE4     : Google Client connected successfully, Access Token: NOT_ACQUIRED
06-19 19:24:29.378 17544 17641 D UE4     : [2022.06.19-17.24.29:378][ 92]LogOnline: Display: OSS: FOnlineAsyncTaskGooglePlayShowLoginUI::ProcessGoogleClientConnectResult 1 NOT_ACQUIRED
06-19 19:24:29.383   887   887 E libc    : Access denied finding property "ro.hardware.fp.fod"
06-19 19:24:29.383   887   887 E libc    : Access denied finding property "ro.hardware.fp.sideCap"
06-19 19:24:29.401   887   887 E libc    : Access denied finding property "ro.hardware.fp.fod"
06-19 19:24:29.402   887   887 E libc    : Access denied finding property "ro.hardware.fp.sideCap"
06-19 19:24:29.405 17544 17641 D UE4     : [2022.06.19-17.24.29:405][ 93]LogOnline: OSS: FOnlineAsyncTaskGooglePlayShowLoginUI: Finalize.
06-19 19:24:29.406 17544 17641 D UE4     : [2022.06.19-17.24.29:406][ 93]LogOnline: OSS: FOnlineAsyncTaskGooglePlayShowLoginUI: TriggerDelegates Success: 1.
06-19 19:24:29.417   887   887 E libc    : Access denied finding property "ro.hardware.fp.fod"
06-19 19:24:29.417   887   887 E libc    : Access denied finding property "ro.hardware.fp.sideCap"
06-19 19:24:29.435   887   887 E libc    : Access denied finding property "ro.hardware.fp.fod"
06-19 19:24:29.435   887   887 E libc    : Access denied finding property "ro.hardware.fp.sideCap"
06-19 19:24:29.452   887   887 E libc    : Access denied finding property "ro.hardware.fp.fod"
06-19 19:24:29.452   887   887 E libc    : Access denied finding property "ro.hardware.fp.sideCap"
06-19 19:24:29.468   887   887 E libc    : Access denied finding property "ro.hardware.fp.fod"
06-19 19:24:29.468   887   887 E libc    : Access denied finding property "ro.hardware.fp.sideCap"
06-19 19:24:29.485   887   887 E libc    : Access denied finding property "ro.hardware.fp.fod"
06-19 19:24:29.485   887   887 E libc    : Access denied finding property "ro.hardware.fp.sideCap"
06-19 19:24:29.502   887   887 E libc    : Access denied finding property "ro.hardware.fp.fod"
06-19 19:24:29.502   887   887 E libc    : Access denied finding property "ro.hardware.fp.sideCap"
06-19 19:24:29.519   887   887 E libc    : Access denied finding property "ro.hardware.fp.fod"
06-19 19:24:29.519   887   887 E libc    : Access denied finding property "ro.hardware.fp.sideCap"
06-19 19:24:29.535   887   887 E libc    : Access denied finding property "ro.hardware.fp.fod"
06-19 19:24:29.535   887   887 E libc    : Access denied finding property "ro.hardware.fp.sideCap"
06-19 19:24:29.551   887   887 E libc    : Access denied finding property "ro.hardware.fp.fod"
06-19 19:24:29.551   887   887 E libc    : Access denied finding property "ro.hardware.fp.sideCap"
06-19 19:24:29.568   887   887 E libc    : Access denied finding property "ro.hardware.fp.fod"
06-19 19:24:29.568   887   887 E libc    : Access denied finding property "ro.hardware.fp.sideCap"
06-19 19:24:29.585   887   887 E libc    : Access denied finding property "ro.hardware.fp.fod"
06-19 19:24:29.585   887   887 E libc    : Access denied finding property "ro.hardware.fp.sideCap"
06-19 19:24:29.602   887   887 E libc    : Access denied finding property "ro.hardware.fp.fod"
06-19 19:24:29.602   887   887 E libc    : Access denied finding property "ro.hardware.fp.sideCap"
06-19 19:24:29.619   887   887 E libc    : Access denied finding property "ro.hardware.fp.fod"
06-19 19:24:29.620   887   887 E libc    : Access denied finding property "ro.hardware.fp.sideCap"
06-19 19:24:29.636   887   887 E libc    : Access denied finding property "ro.hardware.fp.fod"
06-19 19:24:29.636   887   887 E libc    : Access denied finding property "ro.hardware.fp.sideCap"
06-19 19:24:29.652   887   887 E libc    : Access denied finding property "ro.hardware.fp.fod"
06-19 19:24:29.652   887   887 E libc    : Access denied finding property "ro.hardware.fp.sideCap"
06-19 19:24:29.669   887   887 E libc    : Access denied finding property "ro.hardware.fp.fod"
06-19 19:24:29.669   887   887 E libc    : Access denied finding property "ro.hardware.fp.sideCap"
06-19 19:24:29.685   887   887 E libc    : Access denied finding property "ro.hardware.fp.fod"
06-19 19:24:29.686   887   887 E libc    : Access denied finding property "ro.hardware.fp.sideCap"
06-19 19:24:29.702 17544 17731 V GamesNativeSDK: Automatically seeded event cache.
06-19 19:24:29.703   887   887 E libc    : Access denied finding property "ro.hardware.fp.fod"
06-19 19:24:29.703   887   887 E libc    : Access denied finding property "ro.hardware.fp.sideCap"
06-19 19:24:29.712   887   887 W surfaceflinger: type=1400 audit(0.0:3191987): avc: denied { read } for name="u:object_r:vendor_fp_prop:s0" dev="tmpfs" ino=16614 scontext=u:r:surfaceflinger:s0 tcontext=u:object_r:vendor_fp_prop:s0 tclass=file permissive=0
06-19 19:24:29.712   887   887 W surfaceflinger: type=1400 audit(0.0:3191988): avc: denied { read } for name="u:object_r:vendor_fp_prop:s0" dev="tmpfs" ino=16614 scontext=u:r:surfaceflinger:s0 tcontext=u:object_r:vendor_fp_prop:s0 tclass=file permissive=0
06-19 19:24:29.719   887   887 E libc    : Access denied finding property "ro.hardware.fp.fod"
06-19 19:24:29.719   887   887 E libc    : Access denied finding property "ro.hardware.fp.sideCap"
06-19 19:24:29.736   887   887 E libc    : Access denied finding property "ro.hardware.fp.fod"
06-19 19:24:29.736   887   887 E libc    : Access denied finding property "ro.hardware.fp.sideCap"
06-19 19:24:29.722   887   887 W surfaceflinger: type=1400 audit(0.0:3191989): avc: denied { read } for name="u:object_r:vendor_fp_prop:s0" dev="tmpfs" ino=16614 scontext=u:r:surfaceflinger:s0 tcontext=u:object_r:vendor_fp_prop:s0 tclass=file permissive=0
06-19 19:24:29.722   887   887 W surfaceflinger: type=1400 audit(0.0:3191990): avc: denied { read } for name="u:object_r:vendor_fp_prop:s0" dev="tmpfs" ino=16614 scontext=u:r:surfaceflinger:s0 tcontext=u:object_r:vendor_fp_prop:s0 tclass=file permissive=0
06-19 19:24:29.752   887   887 E libc    : Access denied finding property "ro.hardware.fp.fod"
06-19 19:24:29.753   887   887 E libc    : Access denied finding property "ro.hardware.fp.sideCap"
06-19 19:24:29.742   887   887 W surfaceflinger: type=1400 audit(0.0:3191991): avc: denied { read } for name="u:object_r:vendor_fp_prop:s0" dev="tmpfs" ino=16614 scontext=u:r:surfaceflinger:s0 tcontext=u:object_r:vendor_fp_prop:s0 tclass=file permissive=0
06-19 19:24:29.768   887   887 E libc    : Access denied finding property "ro.hardware.fp.fod"
06-19 19:24:29.768   887   887 E libc    : Access denied finding property "ro.hardware.fp.sideCap"
06-19 19:24:29.778 17544 17731 V GamesNativeSDK: Automatically seeded achievement cache.
06-19 19:24:29.784   887   887 E libc    : Access denied finding property "ro.hardware.fp.fod"
06-19 19:24:29.784   887   887 E libc    : Access denied finding property "ro.hardware.fp.sideCap"
06-19 19:24:29.801   887   887 E libc    : Access denied finding property "ro.hardware.fp.fod"
06-19 19:24:29.801   887   887 E libc    : Access denied finding property "ro.hardware.fp.sideCap"
06-19 19:24:29.818   887   887 E libc    : Access denied finding property "ro.hardware.fp.fod"
06-19 19:24:29.818   887   887 E libc    : Access denied finding property "ro.hardware.fp.sideCap"
06-19 19:24:29.835   887   887 E libc    : Access denied finding property "ro.hardware.fp.fod"
06-19 19:24:29.836   887   887 E libc    : Access denied finding property "ro.hardware.fp.sideCap"
06-19 19:24:29.853   887   887 E libc    : Access denied finding property "ro.hardware.fp.fod"
06-19 19:24:29.853   887   887 E libc    : Access denied finding property "ro.hardware.fp.sideCap"
06-19 19:24:29.869   887   887 E libc    : Access denied finding property "ro.hardware.fp.fod"
06-19 19:24:29.870   887   887 E libc    : Access denied finding property "ro.hardware.fp.sideCap"
06-19 19:24:29.886   887   887 E libc    : Access denied finding property "ro.hardware.fp.fod"
06-19 19:24:29.886   887   887 E libc    : Access denied finding property "ro.hardware.fp.sideCap"
06-19 19:24:29.903   887   887 E libc    : Access denied finding property "ro.hardware.fp.fod"
06-19 19:24:29.903   887   887 E libc    : Access denied finding property "ro.hardware.fp.sideCap"
06-19 19:24:29.920   887   887 E libc    : Access denied finding property "ro.hardware.fp.fod"
06-19 19:24:29.920   887   887 E libc    : Access denied finding property "ro.hardware.fp.sideCap"
06-19 19:24:29.936   887   887 E libc    : Access denied finding property "ro.hardware.fp.fod"
06-19 19:24:29.936   887   887 E libc    : Access denied finding property "ro.hardware.fp.sideCap"
06-19 19:24:29.953   887   887 E libc    : Access denied finding property "ro.hardware.fp.fod"
06-19 19:24:29.953   887   887 E libc    : Access denied finding property "ro.hardware.fp.sideCap"
06-19 19:24:29.969   887   887 E libc    : Access denied finding property "ro.hardware.fp.fod"
06-19 19:24:29.970   887   887 E libc    : Access denied finding property "ro.hardware.fp.sideCap"
06-19 19:24:29.986   887   887 E libc    : Access denied finding property "ro.hardware.fp.fod"
06-19 19:24:29.986   887   887 E libc    : Access denied finding property "ro.hardware.fp.sideCap"
06-19 19:24:30.003   887   887 E libc    : Access denied finding property "ro.hardware.fp.fod"
06-19 19:24:30.004   887   887 E libc    : Access denied finding property "ro.hardware.fp.sideCap"
06-19 19:24:30.020   887   887 E libc    : Access denied finding property "ro.hardware.fp.fod"
06-19 19:24:30.021   887   887 E libc    : Access denied finding property "ro.hardware.fp.sideCap"
06-19 19:24:30.037   887   887 E libc    : Access denied finding property "ro.hardware.fp.fod"
06-19 19:24:30.038   887   887 E libc    : Access denied finding property "ro.hardware.fp.sideCap"
06-19 19:24:30.055   887   887 E libc    : Access denied finding property "ro.hardware.fp.fod"
06-19 19:24:30.055   887   887 E libc    : Access denied finding property "ro.hardware.fp.sideCap"
06-19 19:24:30.071   887   887 E libc    : Access denied finding property "ro.hardware.fp.fod"
06-19 19:24:30.071   887   887 E libc    : Access denied finding property "ro.hardware.fp.sideCap"
06-19 19:24:30.088   887   887 E libc    : Access denied finding property "ro.hardware.fp.fod"
06-19 19:24:30.088   887   887 E libc    : Access denied finding property "ro.hardware.fp.sideCap"
06-19 19:24:30.094 17544 17642 D UE4     : [2022.06.19-17.24.30:093][134]LogAndroid: Mobile HDR: no
06-19 19:24:30.094 17544 17642 D UE4     : [2022.06.19-17.24.30:094][134]LogAndroidWindowUtils: Setting Width=640 and Height=1280 (requested scale = 1.000000)
06-19 19:24:30.102   887   887 E libc    : Access denied finding property "ro.hardware.fp.fod"
06-19 19:24:30.102   887   887 E libc    : Access denied finding property "ro.hardware.fp.sideCap"
06-19 19:24:30.119   887   887 E libc    : Access denied finding property "ro.hardware.fp.fod"
06-19 19:24:30.119   887   887 E libc    : Access denied finding property "ro.hardware.fp.sideCap"
06-19 19:24:30.135   887   887 E libc    : Access denied finding property "ro.hardware.fp.fod"
06-19 19:24:30.136   887   887 E libc    : Access denied finding property "ro.hardware.fp.sideCap"
06-19 19:24:30.152   887   887 E libc    : Access denied finding property "ro.hardware.fp.fod"
06-19 19:24:30.152   887   887 E libc    : Access denied finding property "ro.hardware.fp.sideCap"
06-19 19:24:30.169   887   887 E libc    : Access denied finding property "ro.hardware.fp.fod"
06-19 19:24:30.169   887   887 E libc    : Access denied finding property "ro.hardware.fp.sideCap"
06-19 19:24:30.185   887   887 E libc    : Access denied finding property "ro.hardware.fp.fod"
06-19 19:24:30.185   887   887 E libc    : Access denied finding property "ro.hardware.fp.sideCap"
06-19 19:24:30.202   887   887 E libc    : Access denied finding property "ro.hardware.fp.fod"
06-19 19:24:30.202   887   887 E libc    : Access denied finding property "ro.hardware.fp.sideCap"
06-19 19:24:30.219   887   887 E libc    : Access denied finding property "ro.hardware.fp.fod"
06-19 19:24:30.219   887   887 E libc    : Access denied finding property "ro.hardware.fp.sideCap"
06-19 19:24:30.236   887   887 E libc    : Access denied finding property "ro.hardware.fp.fod"
06-19 19:24:30.236   887   887 E libc    : Access denied finding property "ro.hardware.fp.sideCap"
06-19 19:24:30.252   887   887 E libc    : Access denied finding property "ro.hardware.fp.fod"
06-19 19:24:30.252   887   887 E libc    : Access denied finding property "ro.hardware.fp.sideCap"
06-19 19:24:30.269   887   887 E libc    : Access denied finding property "ro.hardware.fp.fod"
06-19 19:24:30.270   887   887 E libc    : Access denied finding property "ro.hardware.fp.sideCap"
06-19 19:24:30.286   887   887 E libc    : Access denied finding property "ro.hardware.fp.fod"
06-19 19:24:30.286   887   887 E libc    : Access denied finding property "ro.hardware.fp.sideCap"
06-19 19:24:30.303   887   887 E libc    : Access denied finding property "ro.hardware.fp.fod"
06-19 19:24:30.303   887   887 E libc    : Access denied finding property "ro.hardware.fp.sideCap"
06-19 19:24:30.320   887   887 E libc    : Access denied finding property "ro.hardware.fp.fod"
06-19 19:24:30.320   887   887 E libc    : Access denied finding property "ro.hardware.fp.sideCap"
06-19 19:24:30.336   887   887 E libc    : Access denied finding property "ro.hardware.fp.fod"
06-19 19:24:30.336   887   887 E libc    : Access denied finding property "ro.hardware.fp.sideCap"
06-19 19:24:30.353   887   887 E libc    : Access denied finding property "ro.hardware.fp.fod"
06-19 19:24:30.353   887   887 E libc    : Access denied finding property "ro.hardware.fp.sideCap"
06-19 19:24:30.370   887   887 E libc    : Access denied finding property "ro.hardware.fp.fod"
06-19 19:24:30.370   887   887 E libc    : Access denied finding property "ro.hardware.fp.sideCap"
06-19 19:24:30.386   887   887 E libc    : Access denied finding property "ro.hardware.fp.fod"
06-19 19:24:30.387   887   887 E libc    : Access denied finding property "ro.hardware.fp.sideCap"
06-19 19:24:30.403   887   887 E libc    : Access denied finding property "ro.hardware.fp.fod"
06-19 19:24:30.403   887   887 E libc    : Access denied finding property "ro.hardware.fp.sideCap"
06-19 19:24:30.420   887   887 E libc    : Access denied finding property "ro.hardware.fp.fod"
06-19 19:24:30.420   887   887 E libc    : Access denied finding property "ro.hardware.fp.sideCap"
06-19 19:24:30.437   887   887 E libc    : Access denied finding property "ro.hardware.fp.fod"
06-19 19:24:30.438   887   887 E libc    : Access denied finding property "ro.hardware.fp.sideCap"
06-19 19:24:30.453   887   887 E libc    : Access denied finding property "ro.hardware.fp.fod"
06-19 19:24:30.453   887   887 E libc    : Access denied finding property "ro.hardware.fp.sideCap"
06-19 19:24:30.470   887   887 E libc    : Access denied finding property "ro.hardware.fp.fod"
06-19 19:24:30.470   887   887 E libc    : Access denied finding property "ro.hardware.fp.sideCap"
06-19 19:24:30.477 17544 17641 D UE4     : [2022.06.19-17.24.30:477][157]LogScript: Warning: Accessed None trying to read property K2Node_DynamicCast_AsProjectil_Generico_Azul
06-19 19:24:30.478 17544 17641 D UE4     : 	LimitBP_C /Game/2DSideScrollerBP/Maps/2DSideScrollerExampleMap.2DSideScrollerExampleMap:PersistentLevel.LimitBP_2
06-19 19:24:30.478 17544 17641 D UE4     : 	Function /Game/2DSideScrollerBP/Blueprints/Generador/LimitBP.LimitBP_C:ExecuteUbergraph_LimitBP:0069
06-19 19:24:30.478 17544 17641 D UE4     : [2022.06.19-17.24.30:478][157]LogScript: Warning: Script call stack:
06-19 19:24:30.478 17544 17641 D UE4     : 	Function /Game/2DSideScrollerBP/Blueprints/Generador/LimitBP.LimitBP_C:BndEvt__LimitBP_Box_K2Node_ComponentBoundEvent_0_ComponentBeginOverlapSignature__DelegateSignature
06-19 19:24:30.478 17544 17641 D UE4     : 	Function /Game/2DSideScrollerBP/Blueprints/Generador/LimitBP.LimitBP_C:ExecuteUbergraph_LimitBP
06-19 19:24:30.478 17544 17641 D UE4     : 
06-19 19:24:30.478 17544 17641 D UE4     : [2022.06.19-17.24.30:478][157]LogScript: Warning: Accessed None trying to read property K2Node_DynamicCast_AsProjectil_Generico_Azul_Grande
06-19 19:24:30.478 17544 17641 D UE4     : 	LimitBP_C /Game/2DSideScrollerBP/Maps/2DSideScrollerExampleMap.2DSideScrollerExampleMap:PersistentLevel.LimitBP_2
06-19 19:24:30.478 17544 17641 D UE4     : 	Function /Game/2DSideScrollerBP/Blueprints/Generador/LimitBP.LimitBP_C:ExecuteUbergraph_LimitBP:008D
06-19 19:24:30.478 17544 17641 D UE4     : [2022.06.19-17.24.30:478][157]LogScript: Warning: Script call stack:
06-19 19:24:30.478 17544 17641 D UE4     : 	Function /Game/2DSideScrollerBP/Blueprints/Generador/LimitBP.LimitBP_C:BndEvt__LimitBP_Box_K2Node_ComponentBoundEvent_0_ComponentBeginOverlapSignature__DelegateSignature
06-19 19:24:30.478 17544 17641 D UE4     : 	Function /Game/2DSideScrollerBP/Blueprints/Generador/LimitBP.LimitBP_C:ExecuteUbergraph_LimitBP
06-19 19:24:30.478 17544 17641 D UE4     : 
06-19 19:24:30.479 17544 17641 D UE4     : [2022.06.19-17.24.30:479][157]LogScript: Warning: Accessed None trying to read property K2Node_DynamicCast_AsProjectil_Generico_Rojo_Grande
06-19 19:24:30.479 17544 17641 D UE4     : 	LimitBP_C /Game/2DSideScrollerBP/Maps/2DSideScrollerExampleMap.2DSideScrollerExampleMap:PersistentLevel.LimitBP_2
06-19 19:24:30.479 17544 17641 D UE4     : 	Function /Game/2DSideScrollerBP/Blueprints/Generador/LimitBP.LimitBP_C:ExecuteUbergraph_LimitBP:00D5
06-19 19:24:30.479 17544 17641 D UE4     : [2022.06.19-17.24.30:479][157]LogScript: Warning: Script call stack:
06-19 19:24:30.479 17544 17641 D UE4     : 	Function /Game/2DSideScrollerBP/Blueprints/Generador/LimitBP.LimitBP_C:BndEvt__LimitBP_Box_K2Node_ComponentBoundEvent_0_ComponentBeginOverlapSignature__DelegateSignature
06-19 19:24:30.479 17544 17641 D UE4     : 	Function /Game/2DSideScrollerBP/Blueprints/Generador/LimitBP.LimitBP_C:ExecuteUbergraph_LimitBP
06-19 19:24:30.479 17544 17641 D UE4     : 
06-19 19:24:30.486   887   887 E libc    : Access denied finding property "ro.hardware.fp.fod"
06-19 19:24:30.487   887   887 E libc    : Access denied finding property "ro.hardware.fp.sideCap"
06-19 19:24:30.503   887   887 E libc    : Access denied finding property "ro.hardware.fp.fod"
06-19 19:24:30.503   887   887 E libc    : Access denied finding property "ro.hardware.fp.sideCap"
06-19 19:24:30.520   887   887 E libc    : Access denied finding property "ro.hardware.fp.fod"
06-19 19:24:30.520   887   887 E libc    : Access denied finding property "ro.hardware.fp.sideCap"
06-19 19:24:30.537   887   887 E libc    : Access denied finding property "ro.hardware.fp.fod"
06-19 19:24:30.537   887   887 E libc    : Access denied finding property "ro.hardware.fp.sideCap"
06-19 19:24:30.553   887   887 E libc    : Access denied finding property "ro.hardware.fp.fod"
06-19 19:24:30.553   887   887 E libc    : Access denied finding property "ro.hardware.fp.sideCap"
06-19 19:24:30.570   887   887 E libc    : Access denied finding property "ro.hardware.fp.fod"
06-19 19:24:30.570   887   887 E libc    : Access denied finding property "ro.hardware.fp.sideCap"
06-19 19:24:30.586   887   887 E libc    : Access denied finding property "ro.hardware.fp.fod"
06-19 19:24:30.587   887   887 E libc    : Access denied finding property "ro.hardware.fp.sideCap"
06-19 19:24:30.603   887   887 E libc    : Access denied finding property "ro.hardware.fp.fod"
06-19 19:24:30.604   887   887 E libc    : Access denied finding property "ro.hardware.fp.sideCap"
06-19 19:24:30.620   887   887 E libc    : Access denied finding property "ro.hardware.fp.fod"
06-19 19:24:30.620   887   887 E libc    : Access denied finding property "ro.hardware.fp.sideCap"
06-19 19:24:30.636   887   887 E libc    : Access denied finding property "ro.hardware.fp.fod"
06-19 19:24:30.637   887   887 E libc    : Access denied finding property "ro.hardware.fp.sideCap"
06-19 19:24:30.654   887   887 E libc    : Access denied finding property "ro.hardware.fp.fod"
06-19 19:24:30.654   887   887 E libc    : Access denied finding property "ro.hardware.fp.sideCap"
06-19 19:24:30.662 17544 17641 D UE4     : [2022.06.19-17.24.30:662][168]LogScript: Warning: Accessed None trying to read property K2Node_DynamicCast_AsProjectil_Generico_Azul
06-19 19:24:30.662 17544 17641 D UE4     : 	LimitBP_C /Game/2DSideScrollerBP/Maps/2DSideScrollerExampleMap.2DSideScrollerExampleMap:PersistentLevel.LimitBP_2
06-19 19:24:30.662 17544 17641 D UE4     : 	Function /Game/2DSideScrollerBP/Blueprints/Generador/LimitBP.LimitBP_C:ExecuteUbergraph_LimitBP:0069
06-19 19:24:30.662 17544 17641 D UE4     : [2022.06.19-17.24.30:662][168]LogScript: Warning: Script call stack:
06-19 19:24:30.662 17544 17641 D UE4     : 	Function /Game/2DSideScrollerBP/Blueprints/Generador/LimitBP.LimitBP_C:BndEvt__LimitBP_Box_K2Node_ComponentBoundEvent_0_ComponentBeginOverlapSignature__DelegateSignature
06-19 19:24:30.662 17544 17641 D UE4     : 	Function /Game/2DSideScrollerBP/Blueprints/Generador/LimitBP.LimitBP_C:ExecuteUbergraph_LimitBP
06-19 19:24:30.662 17544 17641 D UE4     : 
06-19 19:24:30.663 17544 17641 D UE4     : [2022.06.19-17.24.30:663][168]LogScript: Warning: Attempted to access Projectil_Generico_Rojo_C_2147482525 via property K2Node_DynamicCast_AsProjectil_Generico_Rojo, but Projectil_Generico_Rojo_C_2147482525 is pending kill
06-19 19:24:30.663 17544 17641 D UE4     : 	LimitBP_C /Game/2DSideScrollerBP/Maps/2DSideScrollerExampleMap.2DSideScrollerExampleMap:PersistentLevel.LimitBP_2
06-19 19:24:30.663 17544 17641 D UE4     : 	Function /Game/2DSideScrollerBP/Blueprints/Generador/LimitBP.LimitBP_C:ExecuteUbergraph_LimitBP:00B1
06-19 19:24:30.663 17544 17641 D UE4     : [2022.06.19-17.24.30:663][168]LogScript: Warning: Script call stack:
06-19 19:24:30.663 17544 17641 D UE4     : 	Function /Game/2DSideScrollerBP/Blueprints/Generador/LimitBP.LimitBP_C:BndEvt__LimitBP_Box_K2Node_ComponentBoundEvent_0_ComponentBeginOverlapSignature__DelegateSignature
06-19 19:24:30.663 17544 17641 D UE4     : 	Function /Game/2DSideScrollerBP/Blueprints/Generador/LimitBP.LimitBP_C:ExecuteUbergraph_LimitBP
06-19 19:24:30.663 17544 17641 D UE4     : 
06-19 19:24:30.663 17544 17641 D UE4     : [2022.06.19-17.24.30:663][168]LogScript: Warning: Accessed None trying to read property K2Node_DynamicCast_AsProjectil_Generico_Rojo_Grande
06-19 19:24:30.663 17544 17641 D UE4     : 	LimitBP_C /Game/2DSideScrollerBP/Maps/2DSideScrollerExampleMap.2DSideScrollerExampleMap:PersistentLevel.LimitBP_2
06-19 19:24:30.663 17544 17641 D UE4     : 	Function /Game/2DSideScrollerBP/Blueprints/Generador/LimitBP.LimitBP_C:ExecuteUbergraph_LimitBP:00D5
06-19 19:24:30.663 17544 17641 D UE4     : [2022.06.19-17.24.30:663][168]LogScript: Warning: Script call stack:
06-19 19:24:30.663 17544 17641 D UE4     : 	Function /Game/2DSideScrollerBP/Blueprints/Generador/LimitBP.LimitBP_C:BndEvt__LimitBP_Box_K2Node_ComponentBoundEvent_0_ComponentBeginOverlapSignature__DelegateSignature
06-19 19:24:30.663 17544 17641 D UE4     : 	Function /Game/2DSideScrollerBP/Blueprints/Generador/LimitBP.LimitBP_C:ExecuteUbergraph_LimitBP
06-19 19:24:30.663 17544 17641 D UE4     : 
06-19 19:24:30.670   887   887 E libc    : Access denied finding property "ro.hardware.fp.fod"
06-19 19:24:30.670   887   887 E libc    : Access denied finding property "ro.hardware.fp.sideCap"
06-19 19:24:30.687   887   887 E libc    : Access denied finding property "ro.hardware.fp.fod"
06-19 19:24:30.688   887   887 E libc    : Access denied finding property "ro.hardware.fp.sideCap"
06-19 19:24:30.703   887   887 E libc    : Access denied finding property "ro.hardware.fp.fod"
06-19 19:24:30.703   887   887 E libc    : Access denied finding property "ro.hardware.fp.sideCap"
06-19 19:24:30.720   887   887 E libc    : Access denied finding property "ro.hardware.fp.fod"
06-19 19:24:30.720   887   887 E libc    : Access denied finding property "ro.hardware.fp.sideCap"
06-19 19:24:30.722   887   887 W surfaceflinger: type=1400 audit(0.0:3192109): avc: denied { read } for name="u:object_r:vendor_fp_prop:s0" dev="tmpfs" ino=16614 scontext=u:r:surfaceflinger:s0 tcontext=u:object_r:vendor_fp_prop:s0 tclass=file permissive=0
06-19 19:24:30.722   887   887 W surfaceflinger: type=1400 audit(0.0:3192110): avc: denied { read } for name="u:object_r:vendor_fp_prop:s0" dev="tmpfs" ino=16614 scontext=u:r:surfaceflinger:s0 tcontext=u:object_r:vendor_fp_prop:s0 tclass=file permissive=0
06-19 19:24:30.736   887   887 E libc    : Access denied finding property "ro.hardware.fp.fod"
06-19 19:24:30.736   887   887 E libc    : Access denied finding property "ro.hardware.fp.sideCap"
06-19 19:24:30.742   887   887 W surfaceflinger: type=1400 audit(0.0:3192111): avc: denied { read } for name="u:object_r:vendor_fp_prop:s0" dev="tmpfs" ino=16614 scontext=u:r:surfaceflinger:s0 tcontext=u:object_r:vendor_fp_prop:s0 tclass=file permissive=0
06-19 19:24:30.753   887   887 E libc    : Access denied finding property "ro.hardware.fp.fod"
06-19 19:24:30.753   887   887 E libc    : Access denied finding property "ro.hardware.fp.sideCap"
06-19 19:24:30.742   887   887 W surfaceflinger: type=1400 audit(0.0:3192112): avc: denied { read } for name="u:object_r:vendor_fp_prop:s0" dev="tmpfs" ino=16614 scontext=u:r:surfaceflinger:s0 tcontext=u:object_r:vendor_fp_prop:s0 tclass=file permissive=0
06-19 19:24:30.762   887   887 W surfaceflinger: type=1400 audit(0.0:3192113): avc: denied { read } for name="u:object_r:vendor_fp_prop:s0" dev="tmpfs" ino=16614 scontext=u:r:surfaceflinger:s0 tcontext=u:object_r:vendor_fp_prop:s0 tclass=file permissive=0
06-19 19:24:30.770   887   887 E libc    : Access denied finding property "ro.hardware.fp.fod"
06-19 19:24:30.770   887   887 E libc    : Access denied finding property "ro.hardware.fp.sideCap"
06-19 19:24:30.787   887   887 E libc    : Access denied finding property "ro.hardware.fp.fod"
06-19 19:24:30.787   887   887 E libc    : Access denied finding property "ro.hardware.fp.sideCap"
06-19 19:24:30.803   887   887 E libc    : Access denied finding property "ro.hardware.fp.fod"
06-19 19:24:30.803   887   887 E libc    : Access denied finding property "ro.hardware.fp.sideCap"
06-19 19:24:30.820   887   887 E libc    : Access denied finding property "ro.hardware.fp.fod"
06-19 19:24:30.820   887   887 E libc    : Access denied finding property "ro.hardware.fp.sideCap"
06-19 19:24:30.837   887   887 E libc    : Access denied finding property "ro.hardware.fp.fod"
06-19 19:24:30.837   887   887 E libc    : Access denied finding property "ro.hardware.fp.sideCap"
06-19 19:24:30.854   887   887 E libc    : Access denied finding property "ro.hardware.fp.fod"
06-19 19:24:30.854   887   887 E libc    : Access denied finding property "ro.hardware.fp.sideCap"
06-19 19:24:30.872   887   887 E libc    : Access denied finding property "ro.hardware.fp.fod"
06-19 19:24:30.872   887   887 E libc    : Access denied finding property "ro.hardware.fp.sideCap"
06-19 19:24:30.890   887   887 E libc    : Access denied finding property "ro.hardware.fp.fod"
06-19 19:24:30.890   887   887 E libc    : Access denied finding property "ro.hardware.fp.sideCap"
06-19 19:24:30.906   887   887 E libc    : Access denied finding property "ro.hardware.fp.fod"
06-19 19:24:30.906   887   887 E libc    : Access denied finding property "ro.hardware.fp.sideCap"
06-19 19:24:30.923   887   887 E libc    : Access denied finding property "ro.hardware.fp.fod"
06-19 19:24:30.923   887   887 E libc    : Access denied finding property "ro.hardware.fp.sideCap"
06-19 19:24:30.931 17544 17641 D UE4     : [2022.06.19-17.24.30:931][184]LogScript: Warning: Accessed None trying to read property K2Node_DynamicCast_AsProjectil_Generico_Azul
06-19 19:24:30.931 17544 17641 D UE4     : 	LimitBP_C /Game/2DSideScrollerBP/Maps/2DSideScrollerExampleMap.2DSideScrollerExampleMap:PersistentLevel.LimitBP_2
06-19 19:24:30.931 17544 17641 D UE4     : 	Function /Game/2DSideScrollerBP/Blueprints/Generador/LimitBP.LimitBP_C:ExecuteUbergraph_LimitBP:0069
06-19 19:24:30.931 17544 17641 D UE4     : [2022.06.19-17.24.30:931][184]LogScript: Warning: Script call stack:
06-19 19:24:30.931 17544 17641 D UE4     : 	Function /Game/2DSideScrollerBP/Blueprints/Generador/LimitBP.LimitBP_C:BndEvt__LimitBP_Box_K2Node_ComponentBoundEvent_0_ComponentBeginOverlapSignature__DelegateSignature
06-19 19:24:30.931 17544 17641 D UE4     : 	Function /Game/2DSideScrollerBP/Blueprints/Generador/LimitBP.LimitBP_C:ExecuteUbergraph_LimitBP
06-19 19:24:30.931 17544 17641 D UE4     : 
06-19 19:24:30.932 17544 17641 D UE4     : [2022.06.19-17.24.30:932][184]LogScript: Warning: Attempted to access Projectil_Generico_Rojo_C_2147482525 via property K2Node_DynamicCast_AsProjectil_Generico_Rojo, but Projectil_Generico_Rojo_C_2147482525 is pending kill
06-19 19:24:30.932 17544 17641 D UE4     : 	LimitBP_C /Game/2DSideScrollerBP/Maps/2DSideScrollerExampleMap.2DSideScrollerExampleMap:PersistentLevel.LimitBP_2
06-19 19:24:30.932 17544 17641 D UE4     : 	Function /Game/2DSideScrollerBP/Blueprints/Generador/LimitBP.LimitBP_C:ExecuteUbergraph_LimitBP:00B1
06-19 19:24:30.932 17544 17641 D UE4     : [2022.06.19-17.24.30:932][184]LogScript: Warning: Script call stack:
06-19 19:24:30.932 17544 17641 D UE4     : 	Function /Game/2DSideScrollerBP/Blueprints/Generador/LimitBP.LimitBP_C:BndEvt__LimitBP_Box_K2Node_ComponentBoundEvent_0_ComponentBeginOverlapSignature__DelegateSignature
06-19 19:24:30.932 17544 17641 D UE4     : 	Function /Game/2DSideScrollerBP/Blueprints/Generador/LimitBP.LimitBP_C:ExecuteUbergraph_LimitBP
06-19 19:24:30.932 17544 17641 D UE4     : 
06-19 19:24:30.932 17544 17641 D UE4     : [2022.06.19-17.24.30:932][184]LogScript: Warning: Accessed None trying to read property K2Node_DynamicCast_AsProjectil_Generico_Rojo_Grande
06-19 19:24:30.932 17544 17641 D UE4     : 	LimitBP_C /Game/2DSideScrollerBP/Maps/2DSideScrollerExampleMap.2DSideScrollerExampleMap:PersistentLevel.LimitBP_2
06-19 19:24:30.932 17544 17641 D UE4     : 	Function /Game/2DSideScrollerBP/Blueprints/Generador/LimitBP.LimitBP_C:ExecuteUbergraph_LimitBP:00D5
06-19 19:24:30.932 17544 17641 D UE4     : [2022.06.19-17.24.30:932][184]LogScript: Warning: Script call stack:
06-19 19:24:30.932 17544 17641 D UE4     : 	Function /Game/2DSideScrollerBP/Blueprints/Generador/LimitBP.LimitBP_C:BndEvt__LimitBP_Box_K2Node_ComponentBoundEvent_0_ComponentBeginOverlapSignature__DelegateSignature
06-19 19:24:30.932 17544 17641 D UE4     : 	Function /Game/2DSideScrollerBP/Blueprints/Generador/LimitBP.LimitBP_C:ExecuteUbergraph_LimitBP
06-19 19:24:30.932 17544 17641 D UE4     : 
06-19 19:24:30.938   887   887 E libc    : Access denied finding property "ro.hardware.fp.fod"
06-19 19:24:30.938   887   887 E libc    : Access denied finding property "ro.hardware.fp.sideCap"
06-19 19:24:30.954   887   887 E libc    : Access denied finding property "ro.hardware.fp.fod"
06-19 19:24:30.954   887   887 E libc    : Access denied finding property "ro.hardware.fp.sideCap"
06-19 19:24:30.971   887   887 E libc    : Access denied finding property "ro.hardware.fp.fod"
06-19 19:24:30.971   887   887 E libc    : Access denied finding property "ro.hardware.fp.sideCap"
06-19 19:24:30.987   887   887 E libc    : Access denied finding property "ro.hardware.fp.fod"
06-19 19:24:30.987   887   887 E libc    : Access denied finding property "ro.hardware.fp.sideCap"
06-19 19:24:31.004   887   887 E libc    : Access denied finding property "ro.hardware.fp.fod"
06-19 19:24:31.004   887   887 E libc    : Access denied finding property "ro.hardware.fp.sideCap"
06-19 19:24:31.021   887   887 E libc    : Access denied finding property "ro.hardware.fp.fod"
06-19 19:24:31.021   887   887 E libc    : Access denied finding property "ro.hardware.fp.sideCap"
06-19 19:24:31.038   887   887 E libc    : Access denied finding property "ro.hardware.fp.fod"
06-19 19:24:31.038   887   887 E libc    : Access denied finding property "ro.hardware.fp.sideCap"
06-19 19:24:31.054   887   887 E libc    : Access denied finding property "ro.hardware.fp.fod"
06-19 19:24:31.055   887   887 E libc    : Access denied finding property "ro.hardware.fp.sideCap"
06-19 19:24:31.073   887   887 E libc    : Access denied finding property "ro.hardware.fp.fod"
06-19 19:24:31.073   887   887 E libc    : Access denied finding property "ro.hardware.fp.sideCap"
06-19 19:24:31.090   887   887 E libc    : Access denied finding property "ro.hardware.fp.fod"
06-19 19:24:31.090   887   887 E libc    : Access denied finding property "ro.hardware.fp.sideCap"
06-19 19:24:31.107   887   887 E libc    : Access denied finding property "ro.hardware.fp.fod"
06-19 19:24:31.107   887   887 E libc    : Access denied finding property "ro.hardware.fp.sideCap"
06-19 19:24:31.123   887   887 E libc    : Access denied finding property "ro.hardware.fp.fod"
06-19 19:24:31.123   887   887 E libc    : Access denied finding property "ro.hardware.fp.sideCap"
06-19 19:24:31.139   887   887 E libc    : Access denied finding property "ro.hardware.fp.fod"
06-19 19:24:31.139   887   887 E libc    : Access denied finding property "ro.hardware.fp.sideCap"
06-19 19:24:31.155   887   887 E libc    : Access denied finding property "ro.hardware.fp.fod"
06-19 19:24:31.155   887   887 E libc    : Access denied finding property "ro.hardware.fp.sideCap"
06-19 19:24:31.171   887   887 E libc    : Access denied finding property "ro.hardware.fp.fod"
06-19 19:24:31.172   887   887 E libc    : Access denied finding property "ro.hardware.fp.sideCap"
06-19 19:24:31.188   887   887 E libc    : Access denied finding property "ro.hardware.fp.fod"
06-19 19:24:31.188   887   887 E libc    : Access denied finding property "ro.hardware.fp.sideCap"
06-19 19:24:31.196 17544 17641 D UE4     : [2022.06.19-17.24.31:196][200]LogScript: Warning: Accessed None trying to read property K2Node_DynamicCast_AsProjectil_Generico_Azul
06-19 19:24:31.196 17544 17641 D UE4     : 	LimitBP_C /Game/2DSideScrollerBP/Maps/2DSideScrollerExampleMap.2DSideScrollerExampleMap:PersistentLevel.LimitBP_2
06-19 19:24:31.196 17544 17641 D UE4     : 	Function /Game/2DSideScrollerBP/Blueprints/Generador/LimitBP.LimitBP_C:ExecuteUbergraph_LimitBP:0069
06-19 19:24:31.196 17544 17641 D UE4     : [2022.06.19-17.24.31:196][200]LogScript: Warning: Script call stack:
06-19 19:24:31.196 17544 17641 D UE4     : 	Function /Game/2DSideScrollerBP/Blueprints/Generador/LimitBP.LimitBP_C:BndEvt__LimitBP_Box_K2Node_ComponentBoundEvent_0_ComponentBeginOverlapSignature__DelegateSignature
06-19 19:24:31.196 17544 17641 D UE4     : 	Function /Game/2DSideScrollerBP/Blueprints/Generador/LimitBP.LimitBP_C:ExecuteUbergraph_LimitBP
06-19 19:24:31.196 17544 17641 D UE4     : 
06-19 19:24:31.197 17544 17641 D UE4     : [2022.06.19-17.24.31:197][200]LogScript: Warning: Attempted to access Projectil_Generico_Rojo_C_2147482525 via property K2Node_DynamicCast_AsProjectil_Generico_Rojo, but Projectil_Generico_Rojo_C_2147482525 is pending kill
06-19 19:24:31.197 17544 17641 D UE4     : 	LimitBP_C /Game/2DSideScrollerBP/Maps/2DSideScrollerExampleMap.2DSideScrollerExampleMap:PersistentLevel.LimitBP_2
06-19 19:24:31.197 17544 17641 D UE4     : 	Function /Game/2DSideScrollerBP/Blueprints/Generador/LimitBP.LimitBP_C:ExecuteUbergraph_LimitBP:00B1
06-19 19:24:31.197 17544 17641 D UE4     : [2022.06.19-17.24.31:197][200]LogScript: Warning: Script call stack:
06-19 19:24:31.197 17544 17641 D UE4     : 	Function /Game/2DSideScrollerBP/Blueprints/Generador/LimitBP.LimitBP_C:BndEvt__LimitBP_Box_K2Node_ComponentBoundEvent_0_ComponentBeginOverlapSignature__DelegateSignature
06-19 19:24:31.197 17544 17641 D UE4     : 	Function /Game/2DSideScrollerBP/Blueprints/Generador/LimitBP.LimitBP_C:ExecuteUbergraph_LimitBP
06-19 19:24:31.197 17544 17641 D UE4     : 
06-19 19:24:31.197 17544 17641 D UE4     : [2022.06.19-17.24.31:197][200]LogScript: Warning: Accessed None trying to read property K2Node_DynamicCast_AsProjectil_Generico_Rojo_Grande
06-19 19:24:31.197 17544 17641 D UE4     : 	LimitBP_C /Game/2DSideScrollerBP/Maps/2DSideScrollerExampleMap.2DSideScrollerExampleMap:PersistentLevel.LimitBP_2
06-19 19:24:31.197 17544 17641 D UE4     : 	Function /Game/2DSideScrollerBP/Blueprints/Generador/LimitBP.LimitBP_C:ExecuteUbergraph_LimitBP:00D5
06-19 19:24:31.197 17544 17641 D UE4     : [2022.06.19-17.24.31:197][200]LogScript: Warning: Script call stack:
06-19 19:24:31.197 17544 17641 D UE4     : 	Function /Game/2DSideScrollerBP/Blueprints/Generador/LimitBP.LimitBP_C:BndEvt__LimitBP_Box_K2Node_ComponentBoundEvent_0_ComponentBeginOverlapSignature__DelegateSignature
06-19 19:24:31.197 17544 17641 D UE4     : 	Function /Game/2DSideScrollerBP/Blueprints/Generador/LimitBP.LimitBP_C:ExecuteUbergraph_LimitBP
06-19 19:24:31.197 17544 17641 D UE4     : 
06-19 19:24:31.206   887   887 E libc    : Access denied finding property "ro.hardware.fp.fod"
06-19 19:24:31.206   887   887 E libc    : Access denied finding property "ro.hardware.fp.sideCap"
06-19 19:24:31.223   887   887 E libc    : Access denied finding property "ro.hardware.fp.fod"
06-19 19:24:31.223   887   887 E libc    : Access denied finding property "ro.hardware.fp.sideCap"
06-19 19:24:31.239   887   887 E libc    : Access denied finding property "ro.hardware.fp.fod"
06-19 19:24:31.240   887   887 E libc    : Access denied finding property "ro.hardware.fp.sideCap"
06-19 19:24:31.257   887   887 E libc    : Access denied finding property "ro.hardware.fp.fod"
06-19 19:24:31.257   887   887 E libc    : Access denied finding property "ro.hardware.fp.sideCap"
06-19 19:24:31.274   887   887 E libc    : Access denied finding property "ro.hardware.fp.fod"
06-19 19:24:31.274   887   887 E libc    : Access denied finding property "ro.hardware.fp.sideCap"
06-19 19:24:31.290   887   887 E libc    : Access denied finding property "ro.hardware.fp.fod"
06-19 19:24:31.290   887   887 E libc    : Access denied finding property "ro.hardware.fp.sideCap"
06-19 19:24:31.307   887   887 E libc    : Access denied finding property "ro.hardware.fp.fod"
