06-19 18:19:51.166 23628 23779 E Parcel  : Reading a NULL string not supported here.
06-19 18:19:51.174 14953 16752 D BatteryLed: getLightInColorState, oppoLightMgr empty!
06-19 18:19:51.175 14953 14953 D OppoBaseBatteryService: send broadcast : oppo.intent.action.BATTERY_DATA_UPDATE
06-19 18:19:51.175 14953 14953 W ContextImpl: Calling a method in the system process without a qualified user: android.app.ContextImpl.sendBroadcast:1158 com.android.server.OppoBaseBatteryService$2.run:280 android.os.Handler.handleCallback:938 android.os.Handler.dispatchMessage:99 android.os.Looper.loop:254 
06-19 18:19:51.188  9678  9678 D DeviceStatisticsService: chargerType=2 batteryLevel=80 totalBatteryCapacity=3762500
06-19 18:19:51.188  9678  9678 D DeviceInfoHidlClient: isPowerInfoNeverSent()=true
06-19 18:19:51.204 23628 23779 E Parcel  : Reading a NULL string not supported here.
06-19 18:19:51.227 23628 23779 E Parcel  : Reading a NULL string not supported here.
06-19 18:19:51.261 23628 23779 E Parcel  : Reading a NULL string not supported here.
06-19 18:19:51.279 23628 23779 E Parcel  : Reading a NULL string not supported here.
06-19 18:19:51.311 23628 23779 E Parcel  : Reading a NULL string not supported here.
06-19 18:19:51.342 23628 23779 E Parcel  : Reading a NULL string not supported here.
06-19 18:19:51.382 23628 23779 E Parcel  : Reading a NULL string not supported here.
06-19 18:19:51.408 23628 23779 E Parcel  : Reading a NULL string not supported here.
06-19 18:19:51.439 23628 23779 E Parcel  : Reading a NULL string not supported here.
06-19 18:19:51.466 23628 23779 E Parcel  : Reading a NULL string not supported here.
06-19 18:19:51.484  1146  1811 E HWComposer: getDisplayedContentSample: getDisplayedContentSample failed for display 19260944289885569: Unsupported (8)
06-19 18:19:51.501 23628 23779 E Parcel  : Reading a NULL string not supported here.
06-19 18:19:51.538 23628 23779 E Parcel  : Reading a NULL string not supported here.
06-19 18:19:51.571 23628 23779 E Parcel  : Reading a NULL string not supported here.
06-19 18:19:51.605 23628 23779 E Parcel  : Reading a NULL string not supported here.
06-19 18:19:51.614  5916  5916 E adbd    : failed to connect to socket 'tcp:6666': Connection refused
06-19 18:19:51.620 16136 16136 E OplusNecManagerHelper: com.oplus.nec.OplusNecManager.notifyOrigSignalStrengthChanged [class android.telephony.SignalStrength, int]
06-19 18:19:51.636 23628 23779 E Parcel  : Reading a NULL string not supported here.
06-19 18:19:51.659 23628 23779 E Parcel  : Reading a NULL string not supported here.
06-19 18:19:51.690 23628 23779 E Parcel  : Reading a NULL string not supported here.
06-19 18:19:51.720 23628 23779 E Parcel  : Reading a NULL string not supported here.
06-19 18:19:51.753 23628 23779 E Parcel  : Reading a NULL string not supported here.
06-19 18:19:51.780 23628 23779 E Parcel  : Reading a NULL string not supported here.
06-19 18:19:51.816 23628 23779 E Parcel  : Reading a NULL string not supported here.
06-19 18:19:51.839 23628 23779 E Parcel  : Reading a NULL string not supported here.
06-19 18:19:51.854 23628 23779 E Parcel  : Reading a NULL string not supported here.
06-19 18:19:51.882 23628 23779 E Parcel  : Reading a NULL string not supported here.
06-19 18:19:51.914 23628 23779 E Parcel  : Reading a NULL string not supported here.
06-19 18:19:51.948 23628 23779 E Parcel  : Reading a NULL string not supported here.
06-19 18:19:51.982 23628 23779 E Parcel  : Reading a NULL string not supported here.
06-19 18:19:52.009 27194 31913 I OplusFeedbackInfo: [sendFPSInfo:L314] mInputBufCnt = 0 fps, mOutputBufCnt = 0 fps, mRenderFrameCnt = 0 fps
06-19 18:19:52.010  1412  1628 D AtlasService: clientsCount 3
06-19 18:19:52.010  1412  1628 D AtlasService: notify 1025 to client
06-19 18:19:52.010  1412  1628 D AtlasService: notify 1025 to client
06-19 18:19:52.016 23628 23779 E Parcel  : Reading a NULL string not supported here.
06-19 18:19:52.048 23628 23779 E Parcel  : Reading a NULL string not supported here.
06-19 18:19:52.075 23628 23779 E Parcel  : Reading a NULL string not supported here.
06-19 18:19:52.108 23628 23779 E Parcel  : Reading a NULL string not supported here.
06-19 18:19:52.135 23628 23779 E Parcel  : Reading a NULL string not supported here.
06-19 18:19:52.168 23628 23779 E Parcel  : Reading a NULL string not supported here.
06-19 18:19:52.198 23628 23779 E Parcel  : Reading a NULL string not supported here.
06-19 18:19:52.226 23628 23779 E Parcel  : Reading a NULL string not supported here.
06-19 18:19:52.258 23628 23779 E Parcel  : Reading a NULL string not supported here.
06-19 18:19:52.293 23628 23779 E Parcel  : Reading a NULL string not supported here.
06-19 18:19:52.327 23628 23779 E Parcel  : Reading a NULL string not supported here.
06-19 18:19:52.355 23628 23779 E Parcel  : Reading a NULL string not supported here.
06-19 18:19:52.388 23628 23779 E Parcel  : Reading a NULL string not supported here.
06-19 18:19:52.466 14953 15248 W ContextImpl: Calling a method in the system process without a qualified user: android.app.ContextImpl.sendBroadcast:1143 com.android.server.policy.OppoPhoneWindowManager.interceptKeyBeforeQueueing:719 com.android.server.wm.InputManagerCallback.interceptKeyBeforeQueueing:318 com.android.server.input.InputManagerService.interceptKeyBeforeQueueing:2002 <bottom of call stack> 
06-19 18:19:52.531 14953 15248 I chatty  : uid=1000(system) InputReader expire 7 lines
06-19 18:19:52.532 14953 15248 W ColorGameSpaceManager: mInterceptGamepadKey is false
06-19 18:19:52.536 14953 15248 W ColorGameSpaceManager: mInterceptGamepadKey is false
06-19 18:19:52.537 14953  8638 D ColorScreenOffTorchHelper: handle with turnOffFlashlight,flashlight is not enable.need not turn off
06-19 18:19:52.545 14953 15061 I PackageManager: set persist.sys.package.SHA1 as e65d44e3679fbf3724151099ac81806f995774e0
06-19 18:19:52.545 14953 15017 I chatty  : uid=1000(system) android.ui expire 4 lines
06-19 18:19:52.547 26689 26724 E Parcel  : Reading a NULL string not supported here.
06-19 18:19:52.548 14953 15017 D CompatibilityChangeReporter: Compat change id reported: 135634846; UID 10362; state: DISABLED
06-19 18:19:52.549 14953 15039 D CompatibilityChangeReporter: Compat change id reported: 143937733; UID 10362; state: ENABLED
06-19 18:19:52.550 23628 23779 E Parcel  : Reading a NULL string not supported here.
06-19 18:19:52.572 14808 14808 D Zygote  : Forked child process 10490
06-19 18:19:52.576 14953 15039 I ActivityManager: Start proc 10490:com.coloros.screenshot/u0a362 for service {com.coloros.screenshot/com.coloros.screenshot.service.ScreenshotService}
06-19 18:19:52.577 10490 10490 W Zygote  : Unable to open libbeluga.so: dlopen failed: library "libbeluga.so" not found.
06-19 18:19:52.592 10490 10490 E oros.screensho: Unknown bits set in runtime_flags: 0x40000000
06-19 18:19:52.595 10490 10490 W oros.screensho: Using default instruction set features for ARM CPU variant (cortex-a9) using conservative defaults
06-19 18:19:52.603 10490 10490 E oros.screensho: Not starting debugger since process cannot load the jdwp agent.
06-19 18:19:52.626 14953 15248 W ColorGameSpaceManager: mInterceptGamepadKey is false
06-19 18:19:52.632 10490 10490 E RefClass: java.lang.reflect.InvocationTargetException
06-19 18:19:52.635 14953 15248 W ColorGameSpaceManager: mInterceptGamepadKey is false
06-19 18:19:52.636 14953 15248 I HwShutdownRecord: RecoverSqlFunc running start, setprop false
06-19 18:19:52.637 10516 10516 W autochmod.sh: type=1400 audit(0.0:6652559): avc: denied { dac_override } for capability=1 scontext=u:r:oppodebugtool:s0 tcontext=u:r:oppodebugtool:s0 tclass=capability permissive=0
06-19 18:19:52.637 14953 16303 I OplusEngineerService: handleMessage msg = 100002
06-19 18:19:52.660 10490 10490 I oplus.android.OplusFrameworkFactoryImpl: get feature:IOplusScreenModeFeature
06-19 18:19:52.660 10490 10490 I oplus.android.OplusFrameworkFactoryImpl: getOplusScreenModeFeature
06-19 18:19:52.660 23628 23779 E Parcel  : Reading a NULL string not supported here.
06-19 18:19:52.673 10521 10521 W autochmod.sh: type=1400 audit(0.0:6652560): avc: denied { dac_override } for capability=1 scontext=u:r:oppodebugtool:s0 tcontext=u:r:oppodebugtool:s0 tclass=capability permissive=0 app=es.bancosantander.apps
06-19 18:19:52.677 10523 10523 W autochmod.sh: type=1400 audit(0.0:6652561): avc: denied { dac_override } for capability=1 scontext=u:r:oppodebugtool:s0 tcontext=u:r:oppodebugtool:s0 tclass=capability permissive=0
06-19 18:19:52.682 15419 15496 D OplusCoreAppService: isPackageContainsOplusCertificates be called
06-19 18:19:52.685 10525 10525 W autochmod.sh: type=1400 audit(0.0:6652562): avc: denied { dac_override } for capability=1 scontext=u:r:oppodebugtool:s0 tcontext=u:r:oppodebugtool:s0 tclass=capability permissive=0
06-19 18:19:52.686 23628 23779 E Parcel  : Reading a NULL string not supported here.
06-19 18:19:52.693 10527 10527 W autochmod.sh: type=1400 audit(0.0:6652563): avc: denied { dac_override } for capability=1 scontext=u:r:oppodebugtool:s0 tcontext=u:r:oppodebugtool:s0 tclass=capability permissive=0 app=com.google.android.inputmethod.latin
06-19 18:19:52.701 10530 10530 W autochmod.sh: type=1400 audit(0.0:6652564): avc: denied { dac_override } for capability=1 scontext=u:r:oppodebugtool:s0 tcontext=u:r:oppodebugtool:s0 tclass=capability permissive=0
06-19 18:19:52.715 23628 23779 E Parcel  : Reading a NULL string not supported here.
06-19 18:19:52.742 10490 10490 I Perf    : Connecting to perf service.
06-19 18:19:52.752 23628 23779 E Parcel  : Reading a NULL string not supported here.
06-19 18:19:52.759 10490 10490 D NetworkSecurityConfig: No Network Security Config specified, using platform default
06-19 18:19:52.760 10490 10490 D NetworkSecurityConfig: No Network Security Config specified, using platform default
06-19 18:19:52.790 23628 23779 E Parcel  : Reading a NULL string not supported here.
06-19 18:19:52.813 23628 23779 E Parcel  : Reading a NULL string not supported here.
06-19 18:19:52.833 23628 23779 E Parcel  : Reading a NULL string not supported here.
06-19 18:19:52.836 10490 10490 D VersionUtils: Get OsVersion Exception : java.lang.NoSuchFieldException: OplusOS_11_3
06-19 18:19:52.836 10490 10490 D VersionUtils: Get OsVersion Exception : java.lang.NoSuchFieldException: OplusOS_11_3
06-19 18:19:52.836 10490 10490 D [Longshot][SystemPropertiesUtil]: getPropertyAsBoolean(AOSP): feature.shot.debug=false
06-19 18:19:52.836 10490 10490 D [Longshot][SystemPropertiesUtil]: getPropertyAsBoolean(AOSP): persist.sys.assert.panic=false
06-19 18:19:52.836 10490 10490 D [Longshot][SystemPropertiesUtil]: getPropertyAsBoolean(AOSP): persist.sys.assert.enable=false
06-19 18:19:52.836 10490 10490 I [Longshot][............Logger]: updateLogEnableStatus: isLogEnabled=false
06-19 18:19:52.836 10490 10490 I [Longshot][............Logger]: updateLogEnableStatus: isVerboseEnabled=false
06-19 18:19:52.857 23628 23779 E Parcel  : Reading a NULL string not supported here.
06-19 18:19:52.858 10490 10490 W SoundPool: Use of stream types is deprecated for operations other than volume control
06-19 18:19:52.858 10490 10490 W SoundPool: See the documentation of SoundPool() for what to use instead with android.media.AudioAttributes to qualify your playback use case
06-19 18:19:52.872 10490 10490 D VersionUtils: Get OsVersion Exception : java.lang.NoSuchFieldException: OplusOS_11_3
06-19 18:19:52.872 10490 10490 I chatty  : uid=10362(com.coloros.screenshot) identical 5 lines
06-19 18:19:52.872 10490 10490 D VersionUtils: Get OsVersion Exception : java.lang.NoSuchFieldException: OplusOS_11_3
06-19 18:19:52.876 10490 10490 I OplusFeatureCache: Milliseconds spent on init(): 3
06-19 18:19:52.877  1111  1111 I ANDR-PERF-LM: LMPerfGlue: perfmodule_submit_request() 132: perfmodule_submit_request()
06-19 18:19:52.877  1111  1111 I ANDR-PERF-LM: Core: getInstance() 84: LM getInstance
06-19 18:19:52.877  1111  1111 D ANDR-PERF-LM: Feature: lookup() 101: Feature Name = AppClassifier, total featuers = 4, featureFound = 1
06-19 18:19:52.878  1111  1111 D ANDR-PERF-LM: Feature: getData() 112: data.data = 0
06-19 18:19:52.878  1111  1111 I ANDR-PERF-LM: FeedbackAPI: getFeedback() 60: app:com.coloros.screenshot feature:AppClassifier feedback = 0
06-19 18:19:52.881 14953 15061 D PackageManager: notifyPackageXmlVerify done. result=true
06-19 18:19:52.882 10490 10490 I [Longshot][............Logger]: updateLogEnableStatus: isLogEnabled=false
06-19 18:19:52.882 10490 10490 I [Longshot][............Logger]: updateLogEnableStatus: isVerboseEnabled=false
06-19 18:19:52.885 10490 10490 E Parcel  : Reading a NULL string not supported here.
06-19 18:19:52.896  1401 24739 D FFmpegExtractor: SniffFFMPEG failed to sniff this source
06-19 18:19:52.898  1401 24739 D OplusMPEG4Extractor: [BetterSniffMPEG4:L7311] 0 A:0 V:0
06-19 18:19:52.899 23628 23779 E Parcel  : Reading a NULL string not supported here.
06-19 18:19:52.911 14953 15161 I chatty  : uid=1000(system) [Longshot][Long expire 3 lines
06-19 18:19:52.916 10490 10561 E ActivityThread: Failed to find provider info for com.oplus.statistics.provider
06-19 18:19:52.917 10490 10561 W OplusTrack-ContentProviderRecorder: not support content provider
06-19 18:19:52.921 10490 10558 E Parcel  : Reading a NULL string not supported here.
06-19 18:19:52.921 23580 23634 I [0]DCS-StrategyManager: isNeedUpload: false, type: 2006, appID: 20088, logTag: 20088, eventID: CREATE
06-19 18:19:52.921 23580 23634 W [0]DCS  : Record event failed. DCS reject event: [appId=20088,logTag=20088,eventId=CREATE] . Pls check server config.
06-19 18:19:52.923 10490 10562 D CCodec  : allocate(c2.android.vorbis.decoder)
06-19 18:19:52.938 23628 23779 E Parcel  : Reading a NULL string not supported here.
06-19 18:19:52.939 10490 10562 I Codec2Client: Available Codec2 services: "software"
06-19 18:19:52.946 10490 10512 D [Longshot][ScreenshotController]: Screenshot : clearStashState: mStashState=null
06-19 18:19:52.946 10490 10512 I [Longshot][............Logger]: updateLogEnableStatus: isLogEnabled=false
06-19 18:19:52.946 10490 10512 I [Longshot][............Logger]: updateLogEnableStatus: isVerboseEnabled=false
06-19 18:19:52.946 10490 10512 I [Longshot][.ScreenshotContext]: log forceOn=false
06-19 18:19:52.946 10490 10512 D [Longshot][..........Features]: debugLog=none
06-19 18:19:52.946 10490 10512 D [Longshot][..........Features]: enable Feature : DEBUG_LOG_MEM=false
06-19 18:19:52.946 10490 10512 D [Longshot][..........Features]: enable Feature : DEBUG_LOG_MSG=false
06-19 18:19:52.946 10490 10512 D [Longshot][..........Features]: enable Feature : DEBUG_LOG_MORE=false
06-19 18:19:52.946 10490 10512 D [Longshot][..........Features]: debugGui=none
06-19 18:19:52.946 10490 10512 D [Longshot][..........Features]: enable Feature : DEBUG_GUI_ALL=false
06-19 18:19:52.946 10490 10512 D [Longshot][..........Features]: enable Feature : DEBUG_GUI_SYS=false
06-19 18:19:52.946 10490 10512 D [Longshot][..........Features]: enable Feature : DEBUG_GUI_CAP=false
06-19 18:19:52.946 10490 10512 D [Longshot][..........Features]: enable Feature : DEBUG_GUI_LONG=false
06-19 18:19:52.946 10490 10512 D [Longshot][..........Features]: debugBmp=none
06-19 18:19:52.946 10490 10512 D [Longshot][..........Features]: enable Feature : DEBUG_BMP_CAPTURE=false
06-19 18:19:52.946 10490 10512 D [Longshot][..........Features]: enable Feature : DEBUG_BMP_SCREEN=false
06-19 18:19:52.946 10490 10512 D [Longshot][..........Features]: enable Feature : DEBUG_BMP_STITCH=false
06-19 18:19:52.946 10490 10512 D [Longshot][..........Features]: enable Feature : DEBUG_BMP_FLUSH=false
06-19 18:19:52.946 10490 10512 D [Longshot][..........Features]: enable Feature : DEBUG_BMP_ERROR=false
06-19 18:19:52.946 10490 10512 E RefClass: java.lang.reflect.InvocationTargetException
06-19 18:19:52.949 10490 10512 I chatty  : uid=10362(com.coloros.screenshot) Binder:10490_2 identical 17 lines
06-19 18:19:52.949 10490 10512 E RefClass: java.lang.reflect.InvocationTargetException
06-19 18:19:52.959 23580 23634 I [0]DCS-StrategyManager: isNeedUpload: false, type: 2006, appID: 20088, logTag: 20088, eventID: ENTRY
06-19 18:19:52.959 23580 23634 W [0]DCS  : Record event failed. DCS reject event: [appId=20088,logTag=20088,eventId=ENTRY] . Pls check server config.
06-19 18:19:52.961 23580 23634 I [0]DCS-StrategyManager: isNeedUpload: false, type: 2006, appID: 21000, logTag: 210001, eventID: bg_app_custom_launch
06-19 18:19:52.961 23580 23634 W [0]DCS  : Record event failed. DCS reject event: [appId=21000,logTag=210001,eventId=bg_app_custom_launch] . Pls check server config.
06-19 18:19:52.981 10490 10562 I CCodec  : Created component [c2.android.vorbis.decoder]
06-19 18:19:52.985 10490 10562 D CCodecConfig: read media type: audio/vorbis
06-19 18:19:52.986  1146  1811 E HWComposer: getDisplayedContentSample: getDisplayedContentSample failed for display 19260944289885569: Unsupported (8)
06-19 18:19:52.987 23628 23779 E Parcel  : Reading a NULL string not supported here.
06-19 18:19:52.988 10490 10562 D ReflectedParamUpdater: extent() != 1 for single value type: algo.buffers.max-count.values
06-19 18:19:52.988 10490 10562 D ReflectedParamUpdater: extent() != 1 for single value type: output.subscribed-indices.values
06-19 18:19:52.988 10490 10562 D ReflectedParamUpdater: extent() != 1 for single value type: input.buffers.allocator-ids.values
06-19 18:19:52.988 10490 10562 D ReflectedParamUpdater: extent() != 1 for single value type: output.buffers.allocator-ids.values
06-19 18:19:52.988 10490 10562 D ReflectedParamUpdater: extent() != 1 for single value type: algo.buffers.allocator-ids.values
06-19 18:19:52.989 10490 10562 D ReflectedParamUpdater: extent() != 1 for single value type: output.buffers.pool-ids.values
06-19 18:19:52.989 10490 10562 D ReflectedParamUpdater: extent() != 1 for single value type: algo.buffers.pool-ids.values
06-19 18:19:52.993 10490 10562 I CCodecConfig: query failed after returning 7 values (BAD_INDEX)
06-19 18:19:52.993 10490 10562 D CCodecConfig: c2 config diff is Dict {
06-19 18:19:52.993 10490 10562 D CCodecConfig:   c2::u32 coded.bitrate.value = 64000
06-19 18:19:52.993 10490 10562 D CCodecConfig:   c2::u32 input.buffers.max-size.value = 32768
06-19 18:19:52.993 10490 10562 D CCodecConfig:   c2::u32 input.delay.value = 0
06-19 18:19:52.993 10490 10562 D CCodecConfig:   string input.media-type.value = "audio/vorbis"
06-19 18:19:52.993 10490 10562 D CCodecConfig:   string output.media-type.value = "audio/raw"
06-19 18:19:52.993 10490 10562 D CCodecConfig:   c2::u32 raw.channel-count.value = 1
06-19 18:19:52.993 10490 10562 D CCodecConfig:   c2::u32 raw.sample-rate.value = 48000
06-19 18:19:52.993 10490 10562 D CCodecConfig: }
06-19 18:19:52.994 10490 10562 D CCodec  : [c2.android.vorbis.decoder] buffers are bound to CCodec for this session
06-19 18:19:52.994 10490 10562 D CCodecConfig: no c2 equivalents for durationUs
06-19 18:19:52.994 10490 10562 D CCodecConfig: no c2 equivalents for track-id
06-19 18:19:52.994 10490 10562 D CCodecConfig: no c2 equivalents for csd-1
06-19 18:19:52.994 10490 10562 D CCodecConfig: no c2 equivalents for channel-mask
06-19 18:19:52.994 10490 10562 D CCodecConfig: no c2 equivalents for flags
06-19 18:19:52.994 10490 10562 D CCodecConfig: c2 config diff is   c2::u32 raw.channel-count.value = 2
06-19 18:19:52.994 10490 10562 D CCodecConfig:   c2::u32 raw.sample-rate.value = 44100
06-19 18:19:52.995 10490 10562 W Codec2Client: query -- param skipped: index = 1107298332.
06-19 18:19:52.995 10490 10562 D CCodec  : setup formats input: AMessage(what = 0x00000000) = {
06-19 18:19:52.995 10490 10562 D CCodec  :   int32_t channel-count = 2
06-19 18:19:52.995 10490 10562 D CCodec  :   int32_t max-input-size = 32768
06-19 18:19:52.995 10490 10562 D CCodec  :   string mime = "audio/vorbis"
06-19 18:19:52.995 10490 10562 D CCodec  :   int32_t sample-rate = 44100
06-19 18:19:52.995 10490 10562 D CCodec  : } and output: AMessage(what = 0x00000000) = {
06-19 18:19:52.995 10490 10562 D CCodec  :   int32_t channel-count = 2
06-19 18:19:52.995 10490 10562 D CCodec  :   string mime = "audio/raw"
06-19 18:19:52.995 10490 10562 D CCodec  :   int32_t sample-rate = 44100
06-19 18:19:52.995 10490 10562 D CCodec  :   int32_t channel-mask = 3
06-19 18:19:52.995 10490 10562 D CCodec  : }
06-19 18:19:52.996 10490 10562 W Codec2Client: query -- param skipped: index = 1342179345.
06-19 18:19:52.996 10490 10562 W Codec2Client: query -- param skipped: index = 2415921170.
06-19 18:19:52.997 10490 10562 E FMQ     : grantorIdx must be less than 3
06-19 18:19:52.997 10490 10562 E FMQ     : grantorIdx must be less than 3
06-19 18:19:52.997 10490 10562 D CCodecBufferChannel: [c2.android.vorbis.decoder#568] Created input block pool with allocatorID 16 => poolID 17 - OK (0)
06-19 18:19:52.999  1516  6800 D BufferPoolAccessor2.0: bufferpool2 0xb4000074c414d628 : 0(0 size) total buffers - 0(0 size) used buffers - 9/15 (recycle/alloc) - 6/14 (fetch/transfer)
06-19 18:19:53.002 10490 10562 I CCodecBufferChannel: [c2.android.vorbis.decoder#568] Created output block pool with allocatorID 16 => poolID 9865 - OK
06-19 18:19:53.002 10490 10562 D CCodecBufferChannel: [c2.android.vorbis.decoder#568] Configured output block pool ids 9865 => OK
06-19 18:19:53.003 10490 10512 D CompatibilityChangeReporter: Compat change id reported: 147600208; UID 10362; state: ENABLED
06-19 18:19:53.003 10490 10562 D CCodecBufferChannel: [c2.android.vorbis.decoder#568] start: updating output delay 0
06-19 18:19:53.004 10490 10562 E ion     : ioctl c0044901 failed with code -1: Inappropriate ioctl for device
06-19 18:19:53.006  1516 10567 D SimpleC2Component: Using output block pool with poolID 9865 => got 9865 - 0
06-19 18:19:53.007 10490 10562 E FMQ     : grantorIdx must be less than 3
06-19 18:19:53.013 27194 31913 I OplusFeedbackInfo: [sendFPSInfo:L314] mInputBufCnt = 0 fps, mOutputBufCnt = 0 fps, mRenderFrameCnt = 0 fps
06-19 18:19:53.014  1412  1628 D AtlasService: clientsCount 3
06-19 18:19:53.014  1412  1628 D AtlasService: notify 1025 to client
06-19 18:19:53.014  1412  1628 D AtlasService: notify 1025 to client
06-19 18:19:53.020 10490 10542 E FMQ     : grantorIdx must be less than 3
06-19 18:19:53.021 10490 10512 D VersionUtils: Get OsVersion Exception : java.lang.NoSuchFieldException: OplusOS_11_3
06-19 18:19:53.022 10490 10512 E Parcel  : Reading a NULL string not supported here.
06-19 18:19:53.032 23628 23779 E Parcel  : Reading a NULL string not supported here.
06-19 18:19:53.051  1146  1912 D SurfaceFlinger: getScreenRGB when(1670399244 ms) count(9) rgb(0,0,0,1670399204(ms))
06-19 18:19:53.072 10490 10512 D VersionUtils: Get OsVersion Exception : java.lang.NoSuchFieldException: OplusOS_11_3
06-19 18:19:53.073 10490 10512 E Parcel  : Reading a NULL string not supported here.
06-19 18:19:53.077 23628 23779 E Parcel  : Reading a NULL string not supported here.
06-19 18:19:53.089 14953 15642 D ORMS_CORE: Set scene action identity: com.coloros.screenshot.b.i scene: , action: ORMS_ACTION_SCREEN_SHOT, timeout: 2000, handle: 1143527569093094162
06-19 18:19:53.090 14953 15339 D ORMS_CORE: FinalSceneAction scene:1000 action:50 prio:800 start:1670399283 timeout:2000 timeout_left:2000
06-19 18:19:53.090 14953 15339 D ORMS_Platform : OplusBasePlatformQcSysFs: reset ,mask .
06-19 18:19:53.090 14953 15339 D ORMS_HISTORY: setSoCLimit sa
06-19 18:19:53.090 14953 15339 D ORMS_HISTORY: no limit in sa : 1000, 50
06-19 18:19:53.090 14953 15339 D ORMS_CORE: TCpuL:1 TGpuL:-1 TCtrlL:1 TModeOn:0 IdleS:0 PowerMode:NORMAL_MODE BenchMark:0 HaveCtrlD:0
06-19 18:19:53.090 14953 15339 D ORMS_CORE: saConfig:,SAResult Info{minCore=[-1, -1, -1]minFreq=[-1, -1, -1]maxCore=[-1, -1, -1]maxFreq=[-1, -1, -1], ddr=-1, lpm=-1, sb=-1, prio=800, fpsgo=-1, migrate= migfrate: , mask=0, clkscale=-1, schedPreferSpread=-1, colocate=-1, slb=-1, nice=0, extActId=-1, extTime=-1}
06-19 18:19:53.090 14953 15339 D ORMS_CORE: request mDecision:SAResult Info{ minCpuCore: -1 -1 ,  minCpuFreq: -1 -1 ,  maxCpuCore: -1 -1 ,  maxCpuFreq: -1 -1 ,  minGpuCore: -1 ,  minGpuFreq: -1 ,  maxGpuCore: -1 ,  maxGpuFreq: -1 , Lpm=-1, clkscale=-1, schedPreferSpread=-1, colocate=-1, slb=-1, fpsgo=-1, schedBoost=-1, ddrFreq=-1, migrate= migfrate: -1 -1 }
06-19 18:19:53.091 14953 15339 D ORMS_Platform : OplusBasePlatformQcSysFs: perflockAcquireEnd ,mask : 0xd078c000
06-19 18:19:53.092  1111  1196 E ANDR-PERF-OPTSHANDLER: Perflock resource /sys/class/devfreq/soc:qcom,cpubw/bw_hwmon/io_percent not supported
06-19 18:19:53.092  1111  1196 E ANDR-PERF-RESOURCEQS: Failed to apply optimization [6, 2]
06-19 18:19:53.092  1111  1196 E ANDR-PERF-OPTSHANDLER: Perflock resource /sys/class/devfreq/soc:qcom,cpubw/bw_hwmon/sample_ms not supported
06-19 18:19:53.092  1111  1196 E ANDR-PERF-RESOURCEQS: Failed to apply optimization [6, 8]
06-19 18:19:53.092  1111  1196 E ANDR-PERF-OPTSHANDLER: Perflock resource /sys/class/devfreq/soc:qcom,cpubw/min_freq not supported
06-19 18:19:53.092  1111  1196 E ANDR-PERF-RESOURCEQS: Failed to apply optimization [6, 0]
06-19 18:19:53.102 10490 10562 D CCodecBufferChannel: [c2.android.vorbis.decoder#568] MediaCodec discarded an unknown buffer
06-19 18:19:53.102 10490 10562 I chatty  : uid=10362(com.coloros.screenshot) identical 1 line
06-19 18:19:53.102 10490 10562 D CCodecBufferChannel: [c2.android.vorbis.decoder#568] MediaCodec discarded an unknown buffer
06-19 18:19:53.103 10490 10562 I hw-BpHwBinder: onLastStrongRef automatically unlinking death recipients
06-19 18:19:53.103  1516 30586 I hw-BpHwBinder: onLastStrongRef automatically unlinking death recipients
06-19 18:19:53.111 10490 10571 E Parcel  : Reading a NULL string not supported here.
06-19 18:19:53.117  1401 24740 D FFmpegExtractor: SniffFFMPEG failed to sniff this source
06-19 18:19:53.119  1401 24740 D OplusMPEG4Extractor: [BetterSniffMPEG4:L7311] 0 A:0 V:0
06-19 18:19:53.125 23628 23779 E Parcel  : Reading a NULL string not supported here.
06-19 18:19:53.127 10490 10558 E Parcel  : Reading a NULL string not supported here.
06-19 18:19:53.127 10490 10569 D [Longshot][...........Configs]: res_dir=default
06-19 18:19:53.129 10490 10574 D CCodec  : allocate(c2.android.vorbis.decoder)
06-19 18:19:53.130 10490 10569 D [Longshot][..........TaskInit]: realMetrics=DisplayMetrics{density=3.0, width=1080, height=2400, scaledDensity=3.0, xdpi=409.432, ydpi=409.127}
06-19 18:19:53.130 10490 10569 D [Longshot][..........TaskInit]: dispMetrics=DisplayMetrics{density=3.0, width=1080, height=2158, scaledDensity=3.0, xdpi=409.432, ydpi=409.127}
06-19 18:19:53.130 10490 10569 D [Longshot][..........TaskInit]: density=3.0
06-19 18:19:53.133 10490 10574 I CCodec  : Created component [c2.android.vorbis.decoder]
06-19 18:19:53.134 10490 10574 D CCodecConfig: read media type: audio/vorbis
06-19 18:19:53.134 10490 10575 E Parcel  : Attempt to read from protected data in Parcel 0xebd43b00
06-19 18:19:53.135 10490 10575 I chatty  : uid=10362(com.coloros.screenshot) identical 3 lines
06-19 18:19:53.135 10490 10575 E Parcel  : Attempt to read from protected data in Parcel 0xebd43b00
06-19 18:19:53.135 10490 10575 E Parcel  : Reading a NULL string not supported here.
06-19 18:19:53.137 10490 10574 D ReflectedParamUpdater: extent() != 1 for single value type: algo.buffers.max-count.values
06-19 18:19:53.138 10490 10574 D ReflectedParamUpdater: extent() != 1 for single value type: output.subscribed-indices.values
06-19 18:19:53.138 10490 10574 D ReflectedParamUpdater: extent() != 1 for single value type: input.buffers.allocator-ids.values
06-19 18:19:53.138 10490 10574 D ReflectedParamUpdater: extent() != 1 for single value type: output.buffers.allocator-ids.values
06-19 18:19:53.138 10490 10574 D ReflectedParamUpdater: extent() != 1 for single value type: algo.buffers.allocator-ids.values
06-19 18:19:53.139 10490 10574 D ReflectedParamUpdater: extent() != 1 for single value type: output.buffers.pool-ids.values
06-19 18:19:53.139 10490 10574 D ReflectedParamUpdater: extent() != 1 for single value type: algo.buffers.pool-ids.values
06-19 18:19:53.141 10490 10574 I CCodecConfig: query failed after returning 7 values (BAD_INDEX)
06-19 18:19:53.141 10490 10574 D CCodecConfig: c2 config diff is Dict {
06-19 18:19:53.141 10490 10574 D CCodecConfig:   c2::u32 coded.bitrate.value = 64000
06-19 18:19:53.141 10490 10574 D CCodecConfig:   c2::u32 input.buffers.max-size.value = 32768
06-19 18:19:53.141 10490 10574 D CCodecConfig:   c2::u32 input.delay.value = 0
06-19 18:19:53.141 10490 10574 D CCodecConfig:   string input.media-type.value = "audio/vorbis"
06-19 18:19:53.141 10490 10574 D CCodecConfig:   string output.media-type.value = "audio/raw"
06-19 18:19:53.141 10490 10574 D CCodecConfig:   c2::u32 raw.channel-count.value = 1
06-19 18:19:53.141 10490 10574 D CCodecConfig:   c2::u32 raw.sample-rate.value = 48000
06-19 18:19:53.141 10490 10574 D CCodecConfig: }
06-19 18:19:53.142 10490 10574 D CCodec  : [c2.android.vorbis.decoder] buffers are bound to CCodec for this session
06-19 18:19:53.142 10490 10574 D CCodecConfig: no c2 equivalents for durationUs
06-19 18:19:53.142 10490 10574 D CCodecConfig: no c2 equivalents for track-id
06-19 18:19:53.142 10490 10574 D CCodecConfig: no c2 equivalents for csd-1
06-19 18:19:53.142 10490 10574 D CCodecConfig: no c2 equivalents for channel-mask
06-19 18:19:53.142 10490 10574 D CCodecConfig: no c2 equivalents for flags
06-19 18:19:53.143 10490 10574 D CCodecConfig: c2 config diff is   c2::u32 raw.channel-count.value = 2
06-19 18:19:53.143 10490 10574 D CCodecConfig:   c2::u32 raw.sample-rate.value = 44100
06-19 18:19:53.143 10490 10574 W Codec2Client: query -- param skipped: index = 1107298332.
06-19 18:19:53.143 10490 10574 D CCodec  : setup formats input: AMessage(what = 0x00000000) = {
06-19 18:19:53.143 10490 10574 D CCodec  :   int32_t channel-count = 2
06-19 18:19:53.143 10490 10574 D CCodec  :   int32_t max-input-size = 32768
06-19 18:19:53.143 10490 10574 D CCodec  :   string mime = "audio/vorbis"
06-19 18:19:53.143 10490 10574 D CCodec  :   int32_t sample-rate = 44100
06-19 18:19:53.143 10490 10574 D CCodec  : } and output: AMessage(what = 0x00000000) = {
06-19 18:19:53.143 10490 10574 D CCodec  :   int32_t channel-count = 2
06-19 18:19:53.143 10490 10574 D CCodec  :   string mime = "audio/raw"
06-19 18:19:53.143 10490 10574 D CCodec  :   int32_t sample-rate = 44100
06-19 18:19:53.143 10490 10574 D CCodec  :   int32_t channel-mask = 3
06-19 18:19:53.143 10490 10574 D CCodec  : }
06-19 18:19:53.146 10490 10574 W Codec2Client: query -- param skipped: index = 1342179345.
06-19 18:19:53.146 10490 10574 W Codec2Client: query -- param skipped: index = 2415921170.
06-19 18:19:53.147 10490 10574 E FMQ     : grantorIdx must be less than 3
06-19 18:19:53.147 10490 10574 E FMQ     : grantorIdx must be less than 3
06-19 18:19:53.147 10490 10574 D CCodecBufferChannel: [c2.android.vorbis.decoder#568] Created input block pool with allocatorID 16 => poolID 18 - OK (0)
06-19 18:19:53.147 10490 10574 I CCodecBufferChannel: [c2.android.vorbis.decoder#568] Created output block pool with allocatorID 16 => poolID 9866 - OK
06-19 18:19:53.148 10490 10574 D CCodecBufferChannel: [c2.android.vorbis.decoder#568] Configured output block pool ids 9866 => OK
06-19 18:19:53.148 10490 10574 D CCodecBufferChannel: [c2.android.vorbis.decoder#568] start: updating output delay 0
06-19 18:19:53.148  1516 10576 D SimpleC2Component: Using output block pool with poolID 9866 => got 9866 - 0
06-19 18:19:53.153 10490 10574 E FMQ     : grantorIdx must be less than 3
06-19 18:19:53.165 10490 10542 E FMQ     : grantorIdx must be less than 3
06-19 18:19:53.177 23580 23634 I [0]DCS-StrategyManager: isNeedUpload: false, type: 2006, appID: 20088, logTag: 20088, eventID: APPINFO
06-19 18:19:53.177 23580 23634 W [0]DCS  : Record event failed. DCS reject event: [appId=20088,logTag=20088,eventId=APPINFO] . Pls check server config.
06-19 18:19:53.180 23628 23779 E Parcel  : Reading a NULL string not supported here.
06-19 18:19:53.184 23580 23634 I [0]DCS-StrategyManager: isNeedUpload: false, type: 2006, appID: 20088, logTag: 20088, eventID: SETTINGPOSITONSTATIC
06-19 18:19:53.187 10490 10569 D [Longshot][..........TaskInit]: init spend 83 ms
06-19 18:19:53.194 23580 23634 W [0]DCS  : reject period data: appId=20088 logTag=20088 eventId=SETTINGPOSITONSTATIC update=0 logMap={"Position":"Left"}
06-19 18:19:53.194 23580 23634 I [0]DCS-StrategyManager: isNeedUpload: false, type: 2006, appID: 20088, logTag: 20088, eventID: SETTINGPLAYSOUNDSTATIC
06-19 18:19:53.194 23580 23634 W [0]DCS  : reject period data: appId=20088 logTag=20088 eventId=SETTINGPLAYSOUNDSTATIC update=0 logMap={"Status":"Open"}
06-19 18:19:53.194 23580 23634 I [0]DCS-StrategyManager: isNeedUpload: false, type: 2006, appID: 20088, logTag: 20088, eventID: SETTINGDELETESTATIC
06-19 18:19:53.194 23580 23634 W [0]DCS  : reject period data: appId=20088 logTag=20088 eventId=SETTINGDELETESTATIC update=0 logMap={"Status":"Close"}
06-19 18:19:53.194 23580 23634 I [0]DCS-StrategyManager: isNeedUpload: false, type: 2006, appID: 20088, logTag: 20088, eventID: SETTINGTHREEFINGERSTATIC
06-19 18:19:53.194 23580 23634 W [0]DCS  : reject period data: appId=20088 logTag=20088 eventId=SETTINGTHREEFINGERSTATIC update=0 logMap={"Status":"Open"}
06-19 18:19:53.195 23580 23634 I [0]DCS-StrategyManager: isNeedUpload: false, type: 2006, appID: 20088, logTag: 20088, eventID: SETTING_PHYSICAL_KEYS_STATIC
06-19 18:19:53.195 23580 23634 W [0]DCS  : reject period data: appId=20088 logTag=20088 eventId=SETTING_PHYSICAL_KEYS_STATIC update=0 logMap={"Status":"Open"}
06-19 18:19:53.203 23580 23634 I [0]DCS-StrategyManager: isNeedUpload: false, type: 2006, appID: 20088, logTag: 20088, eventID: SETTINGAREASTATIC
06-19 18:19:53.203 23580 23634 W [0]DCS  : reject period data: appId=20088 logTag=20088 eventId=SETTINGAREASTATIC update=0 logMap={"Status":"Open"}
06-19 18:19:53.210 10490 10574 D CCodecBufferChannel: [c2.android.vorbis.decoder#568] MediaCodec discarded an unknown buffer
06-19 18:19:53.210 10490 10574 I chatty  : uid=10362(com.coloros.screenshot) identical 1 line
06-19 18:19:53.211 10490 10574 D CCodecBufferChannel: [c2.android.vorbis.decoder#568] MediaCodec discarded an unknown buffer
06-19 18:19:53.212 10490 10574 I hw-BpHwBinder: onLastStrongRef automatically unlinking death recipients
06-19 18:19:53.212  1516  8200 I hw-BpHwBinder: onLastStrongRef automatically unlinking death recipients
06-19 18:19:53.219  1401 24740 I FFmpegExtractor: [SniffFFMPEGCommon:L2816]found stream 0 id 0x10000 codec pcm_s16le
06-19 18:19:53.219  1401 24740 I FFmpegExtractor: [WAV]audio codec(pcm_s16le), confidence should be use ffmpeg
06-19 18:19:53.220  1401 24740 D FFmpegExtractor: [SniffFFMPEG:L2937] ffmpeg detected media content as 'audio/x-wav' with confidence 0.81
06-19 18:19:53.220  1401 24740 I FFmpegExtractor: [Sniff:L2978] confidence:0.810000
06-19 18:19:53.223  1401 24740 D OplusMPEG4Extractor: [BetterSniffMPEG4:L7311] 0 A:0 V:0
06-19 18:19:53.228  1401 24740 I FFmpegExtractor: new FFmpegExtractor()
06-19 18:19:53.229 23628 23779 E Parcel  : Reading a NULL string not supported here.
06-19 18:19:53.230  1146  1912 W DisplayIdentification: Invalid EDID: falling back to serial number due to missing display name.
06-19 18:19:53.230  1146  1912 W DisplayIdentification: Invalid EDID: falling back to ASCII text due to missing serial number.
06-19 18:19:53.234 10490 10583 E libEGL  : Invalid file path for libcolorx-loader.so
06-19 18:19:53.249  1401 24740 D FFmpegExtractor: unsuppoted codec(pcm_s16le), but give it a chance
06-19 18:19:53.250  1401 24740 I FFmpegExtractor: stream_index: 0
06-19 18:19:53.250  1401 24740 D FFmpegExtractor: unsuppoted codec(pcm_s16le), but give it a chance
06-19 18:19:53.250  1401 24740 I FFmpegExtractor: support the codec(pcm_s16le) disposition(0)
06-19 18:19:53.250  1401 24740 D FFmpegExtractor: setAudioFormat avctx->codec_id = 0x10000 ,name = pcm_s16le
06-19 18:19:53.250  1401 24740 D FFmpegExtractor: unsuppoted codec(pcm_s16le), but give it a chance
06-19 18:19:53.250  1401 24740 I FFmpegExtractor: AV_CODEC_ID_PCM_S16LE use defalut mime..
06-19 18:19:53.250  1401 24740 D FFmpegExtractor: bit_rate: 1411200, sample_rate: 44100, channels: 2, bits_per_coded_sample: 16, block_align: 4 bits_per_raw_sample: 0, sample_format: 1 bit_per_sample:16
06-19 18:19:53.250  1401 24740 I FFmpegExtractor: the time is 00:00:00.08
06-19 18:19:53.250  1401 24740 D FFmpegExtractor: Reader thread starting
06-19 18:19:53.255 10490 10558 E Parcel  : Reading a NULL string not supported here.
06-19 18:19:53.255 10490 10571 E Parcel  : Reading a NULL string not supported here.
06-19 18:19:53.257 23628 23779 E Parcel  : Reading a NULL string not supported here.
06-19 18:19:53.257 10490 10558 D ACodec  : ACodec() ro.oplus.audio.effect.type = dolby ro.oplus.audio.dolby.type = none
06-19 18:19:53.258 10490 10558 I ACodec  : new ACodec()
06-19 18:19:53.258 10490 10558 D ACodec  : Now uninitialized
06-19 18:19:53.258 10490 10558 D OplusACodec: OplusACodec [113]: 
06-19 18:19:53.258 10490 10583 I AdrenoGLES-0: QUALCOMM build                   : 3142bdd, I7afe4835b7
06-19 18:19:53.258 10490 10583 I AdrenoGLES-0: Build Date                       : 09/16/20
06-19 18:19:53.258 10490 10583 I AdrenoGLES-0: OpenGL ES Shader Compiler Version: EV031.32.02.00
06-19 18:19:53.258 10490 10583 I AdrenoGLES-0: Local Branch                     : 
06-19 18:19:53.258 10490 10583 I AdrenoGLES-0: Remote Branch                    : 
06-19 18:19:53.258 10490 10583 I AdrenoGLES-0: Remote Branch                    : 
06-19 18:19:53.258 10490 10583 I AdrenoGLES-0: Reconstruct Branch               : 
06-19 18:19:53.258 10490 10583 I AdrenoGLES-0: Build Config                     : S P 10.0.6 AArch32
06-19 18:19:53.258 10490 10583 I AdrenoGLES-0: Driver Path                      : /vendor/lib/egl/libGLESv2_adreno.so
06-19 18:19:53.260 10490 10558 D OplusACodec: getBufferChannel: New
06-19 18:19:53.269 10490 10585 I OMXClient: IOmx service obtained
06-19 18:19:53.276  2324 15004 W OplusExSystemServiceHelper: checkOplusExSystemService intent getComponent is null
06-19 18:19:53.280  2324  2324 I A       : Creating pss binder().
06-19 18:19:53.281  1470 24443 I OMXMaster: makeComponentInstance(OMX.google.raw.decoder) in android.hardwar process
06-19 18:19:53.285  2324 15004 I A       : Calling beginSession().
06-19 18:19:53.293  2324 15004 I A       : (REDACTED) New PSS started. SessionType: %s
06-19 18:19:53.293 23628 23779 E Parcel  : Reading a NULL string not supported here.
06-19 18:19:53.303 10490 10583 I AdrenoGLES-0: PFP: 0x016ee190, ME: 0x00000000
06-19 18:19:53.326 23628 23779 E Parcel  : Reading a NULL string not supported here.
06-19 18:19:53.338  2324  2693 I PrimeSessionProcessor: start with session_id: 10222715472126870
06-19 18:19:53.338  2324  2693 I LensSessionSubCtrlr: (REDACTED) onNewClient(%d)
06-19 18:19:53.338  2324  2693 W LensLegacyAppFlowLogger: End timestamp missing for latency event, value will be inaccurate!
06-19 18:19:53.342 10490 10583 E libEGL  : Invalid file path for libcolorx-loader.so
06-19 18:19:53.350 10490 10585 I ACodec  : Successfully allocate component [OMX.google.raw.decoder]
06-19 18:19:53.350 10490 10585 D ACodec  : AllocateComponent OMX.google.raw.decoder success
06-19 18:19:53.350 10490 10585 D ACodec  : [OMX.google.raw.decoder] Now Loaded
06-19 18:19:53.351 10490 10585 I ACodec  : configureCodec() mime = audio/raw
06-19 18:19:53.351 10490 10585 D OplusUtils: ACodec getComponentRole [92]: mime:audio/raw
06-19 18:19:53.354 23628 23779 E Parcel  : Reading a NULL string not supported here.
06-19 18:19:53.356  2324  2693 W ExportedActivityHandler: Package com.coloros.screenshot not on LENS_EXPORTED_ACTIVITY_ALLOWLIST.
06-19 18:19:53.356  1470 25782 E OMXNodeInstance: getConfig(0xf4a25d60:google.raw.decoder, ConfigAndroidVendorExtension(0x6f100004)) ERROR: Undefined(0x80001001)
06-19 18:19:53.358 10490 10585 W ExtendedACodec: Failed to get extension for extradata parameter
06-19 18:19:53.359 10490 10585 D ACodec  : [OMX.google.raw.decoder] Now Loaded->Idle
06-19 18:19:53.359 10490 10585 D ACodec  : [OMX.google.raw.decoder] Allocating 4 buffers of size 196608 (from 196608 using PresetByteBuffer) on input port
06-19 18:19:53.366 10490 10583 E libEGL  : Invalid file path for libcolorx-loader.so
06-19 18:19:53.371 10490 10583 I chatty  : uid=10362(com.coloros.screenshot) RenderThread identical 55 lines
06-19 18:19:53.371 10490 10583 E libEGL  : Invalid file path for libcolorx-loader.so
06-19 18:19:53.373 10490 10585 D ACodec  : [OMX.google.raw.decoder] Allocating 4 buffers of size 196608 (from 196608 using PresetByteBuffer) on output port
06-19 18:19:53.373 10490 10583 E libEGL  : Invalid file path for libcolorx-loader.so
06-19 18:19:53.377 10490 10583 E libEGL  : Invalid file path for libcolorx-loader.so
06-19 18:19:53.377 10490 10585 D ACodec  : [OMX.google.raw.decoder] Now Idle->Executing
06-19 18:19:53.377 10490 10583 E libEGL  : Invalid file path for libcolorx-loader.so
06-19 18:19:53.378 10490 10583 E libEGL  : Invalid file path for libcolorx-loader.so
06-19 18:19:53.378  1401 24740 W MediaBufferGroup: Preallocated buffers 2 > growthLimit 1, increasing growthLimit
06-19 18:19:53.378  1401 24740 D MediaBufferGroup: creating MemoryDealer
06-19 18:19:53.378 10490 10583 E libEGL  : Invalid file path for libcolorx-loader.so
06-19 18:19:53.378 10490 10585 D ACodec  : [OMX.google.raw.decoder] Now Executing
06-19 18:19:53.378 10490 10583 E libEGL  : Invalid file path for libcolorx-loader.so
06-19 18:19:53.380  1401 24740 D FFmpegExtractor: read audio eos pkt
06-19 18:19:53.380 10490 10583 E libEGL  : Invalid file path for libcolorx-loader.so
06-19 18:19:53.380 10490 10583 E libEGL  : Invalid file path for libcolorx-loader.so
06-19 18:19:53.381 10490 10583 E libEGL  : Invalid file path for libcolorx-loader.so
06-19 18:19:53.396 10490 10585 D ACodec  : [OMX.google.raw.decoder] Now Executing->Idle
06-19 18:19:53.398 23628 23779 E Parcel  : Reading a NULL string not supported here.
06-19 18:19:53.398 10490 10585 D ACodec  : [OMX.google.raw.decoder] Now Idle->Loaded
06-19 18:19:53.398 10490 10585 D ACodec  : [OMX.google.raw.decoder] Now Loaded
06-19 18:19:53.400 10490 10585 D ACodec  : Now uninitialized
06-19 18:19:53.401 10490 10558 D OplusACodec: ~OplusACodec [127]: 
06-19 18:19:53.401 10490 10558 I ACodec  : ~ACodec()
06-19 18:19:53.426 23628 23779 E Parcel  : Reading a NULL string not supported here.
06-19 18:19:53.459 23628 23779 E Parcel  : Reading a NULL string not supported here.
06-19 18:19:53.467 10490 10490 D VersionUtils: Get OsVersion Exception : java.lang.NoSuchFieldException: OplusOS_11_3
06-19 18:19:53.477 10490 10490 E OplusCustomizeRestrictionManager: sInstance is null, start a new sInstance
06-19 18:19:53.489 23628 23779 E Parcel  : Reading a NULL string not supported here.
06-19 18:19:53.514 23628 23779 E Parcel  : Reading a NULL string not supported here.
06-19 18:19:53.525 10490 10490 E Parcel  : Reading a NULL string not supported here.
06-19 18:19:53.534 10490 10490 D OplusSlideAnimOptHelper: scrollEffectOpt enable = false
06-19 18:19:53.534 10490 10490 D ColorViewRootUtil: initSwipState, isDisplayCompatApp false
06-19 18:19:53.535 10490 10490 D ColorViewRootUtil: mScreenHeight 2400, mScreenWidth 1080
06-19 18:19:53.535 10490 10490 D WindowManager: Add to mViews: com.coloros.screenshot.ui.widget.DecorView{2ca78a5 V.E...... ......I. 0,0-0,0 #1020002 android:id/content},pkg= null
06-19 18:19:53.538 23628 23779 E Parcel  : Reading a NULL string not supported here.
06-19 18:19:53.548 14953 15633 V WindowManager: Changing focus from Window{2d4be70 u0 es.udc.DDM.Grupo3DDM/com.epicgames.ue4.GameActivity} to Window{e3f587d u0 com.coloros.screenshot/LongshotCapture},diplayid=0
06-19 18:19:53.559 10490 10490 I oplus.android.OplusFrameworkFactoryImpl: getOplusRedPacketManager
06-19 18:19:53.568 14953 15633 W ActivityManager: Foreground service started from background can not have location/camera/microphone access: service com.coloros.screenshot/.service.SaveScreenService
06-19 18:19:53.570 23580 23634 I [0]DCS-StrategyManager: isNeedUpload: false, type: 2006, appID: 20088, logTag: 20088, eventID: START_TIME
06-19 18:19:53.570 23580 23634 W [0]DCS  : Record event failed. DCS reject event: [appId=20088,logTag=20088,eventId=START_TIME] . Pls check server config.
06-19 18:19:53.575 23628 23779 E Parcel  : Reading a NULL string not supported here.
06-19 18:19:53.579 14953 15074 W ContextImpl: Calling a method in the system process without a qualified user: android.app.ContextImpl.startService:1701 com.oplus.util.OplusStatisticsImpl.startService:216 com.oplus.util.OplusStatisticsImpl.sendDataToDCS:192 com.oplus.util.OplusStatisticsImpl.onCommonSync:84 com.oplus.util.OplusStatisticsImpl$1.run:124 
06-19 18:19:53.582  1079  8779 I vendor.qti.bluetooth@1.0-ibs_handler: ProcessIbsCmd: Received IBS_WAKE_IND: 0xFD
06-19 18:19:53.583  1079  8779 D vendor.qti.bluetooth@1.0-ibs_handler: SerialClockVote: vote for UART CLK ON
06-19 18:19:53.583  1079  8779 D vendor.qti.bluetooth@1.0-wake_lock: Acquire wakelock is acquired 
06-19 18:19:53.583  1079  8779 I vendor.qti.bluetooth@1.0-ibs_handler: ProcessIbsCmd: Writing IBS_WAKE_ACK
06-19 18:19:53.587 23580 23634 I [0]DCS-StrategyManager: isNeedUpload: false, type: 2006, appID: 20120, logTag: 20120, eventID: self_protect_add
06-19 18:19:53.587 23580 23634 W [0]DCS  : Record event failed. DCS reject event: [appId=20120,logTag=20120,eventId=self_protect_add] . Pls check server config.
06-19 18:19:53.593 10490 10592 E Parcel  : Reading a NULL string not supported here.
06-19 18:19:53.600 14953 15633 D CompatibilityChangeReporter: Compat change id reported: 149924527; UID 10362; state: ENABLED
06-19 18:19:53.602 14953 16306 D CompatibilityChangeReporter: Compat change id reported: 132649864; UID 10362; state: DISABLED
06-19 18:19:53.613 14953 15019 D PowerManagerService: setScreenBrightnessOverrideFromWindowManagerInternal brightness=NaN mScreenBrightnessOverrideFromWindowManager=NaN
06-19 18:19:53.613 23628 23779 E Parcel  : Reading a NULL string not supported here.
06-19 18:19:53.624  1079  8779 I vendor.qti.bluetooth@1.0-ibs_handler: ProcessIbsCmd: Received IBS_SLEEP_IND: 0xFE
06-19 18:19:53.624  1079  8779 D vendor.qti.bluetooth@1.0-ibs_handler: SerialClockVote: vote for UART CLK OFF
06-19 18:19:53.629  5916  5916 E adbd    : failed to connect to socket 'tcp:6666': Connection refused
06-19 18:19:53.640  1146  1240 D DispPerfService: onframeavailable pid=10490, slot=0, seq=209779, name=com.coloros.screenshot:com.coloros.screenshot/LongshotCapture#0
06-19 18:19:53.651 14953 15019 D PowerManagerService: setScreenBrightnessOverrideFromWindowManagerInternal brightness=NaN mScreenBrightnessOverrideFromWindowManager=NaN
06-19 18:19:53.657  8688  8759 I BtGatt.ScanManager: msg.what = 6
06-19 18:19:53.657 24665 24665 D BoundBrokerSvc: onUnbind: Intent { act=com.google.android.gms.clearcut.bootcount.service.START dat=chimera-action:com.google.android.gms.clearcut.bootcount.service.START cmp=com.google.android.gms/.chimera.PersistentBoundBrokerService }
06-19 18:19:53.664 23628 23779 E Parcel  : Reading a NULL string not supported here.
06-19 18:19:53.664 14953 16306 D CompatibilityChangeReporter: Compat change id reported: 172100307; UID 10362; state: DISABLED
06-19 18:19:53.696 17062 26201 I chatty  : uid=10386(com.google.android.providers.media.module) Binder:17062_F expire 2 lines
06-19 18:19:53.700 10490 10592 D IAtlas  : IAtlas::init CallingPid 10490
06-19 18:19:53.700 10490 10592 D IAtlas  : IAtlas::init this 0xb5461700
06-19 18:19:53.700 10490 10592 D OplusSkImageProcessing: INFO:(null),quality 100
06-19 18:19:53.701 10490 10592 E OplusSkImageProcessing: not in image processing list
06-19 18:19:53.701 10490 10592 D OplusSkImageProcessing: support_flag: 0,new_quality: 100
06-19 18:19:53.701 10490 10592 I BpBinder: onLastStrongRef automatically unlinking death recipients: <uncached descriptor>
06-19 18:19:53.701 10490 10592 D oros.screensho: ##Make: options.fQuality:100,quality:100,encoderMgr->imageprocessing_flag:0
06-19 18:19:53.701 10490 10592 D oros.screensho: Resolution: 1080 x 2400; FLAG:0
06-19 18:19:53.701 10490 10592 D oros.screensho: Resolution: 1080 x 2400;
06-19 18:19:53.701 10490 10592 D oros.screensho: support: 0
06-19 18:19:53.705  1079  8779 I vendor.qti.bluetooth@1.0-ibs_handler: ProcessIbsCmd: Received IBS_WAKE_IND: 0xFD
06-19 18:19:53.705  1079  8779 D vendor.qti.bluetooth@1.0-ibs_handler: SerialClockVote: vote for UART CLK ON
06-19 18:19:53.705  1079  8779 I vendor.qti.bluetooth@1.0-ibs_handler: ProcessIbsCmd: Writing IBS_WAKE_ACK
06-19 18:19:53.707 24665 24902 E Parcel  : Reading a NULL string not supported here.
06-19 18:19:53.710 24665 24902 I chatty  : uid=10151(com.google.android.gms) netscheduler-qu identical 4 lines
06-19 18:19:53.713 24665 24902 E Parcel  : Reading a NULL string not supported here.
06-19 18:19:53.720 24665 24902 E Parcel  : Reading a NULL string not supported here.
06-19 18:19:53.736 24665 24902 E Parcel  : Reading a NULL string not supported here.
06-19 18:19:53.738 24665 24902 E Parcel  : Reading a NULL string not supported here.
06-19 18:19:53.739 23628 23779 E Parcel  : Reading a NULL string not supported here.
06-19 18:19:53.741 24665 24902 E Parcel  : Reading a NULL string not supported here.
06-19 18:19:53.746 24665 24902 E Parcel  : Reading a NULL string not supported here.
06-19 18:19:53.746  1079  8779 I vendor.qti.bluetooth@1.0-ibs_handler: ProcessIbsCmd: Received IBS_SLEEP_IND: 0xFE
06-19 18:19:53.746  1079  8779 D vendor.qti.bluetooth@1.0-ibs_handler: SerialClockVote: vote for UART CLK OFF
