06-19 18:19:47.354 14953 15339 D ORMS_CORE: FinalSceneAction null
06-19 18:19:47.354 14953 15339 D ORMS_Platform : OplusBasePlatformQcSysFs: reset ,mask .
06-19 18:19:47.354 14953 15339 D ORMS_CORE: TCpuL:1 TGpuL:-1 TCtrlL:1 TModeOn:0 IdleS:0 PowerMode:NORMAL_MODE BenchMark:0 HaveCtrlD:0
06-19 18:19:47.354 14953 15339 D ORMS_CORE: request mDecision:SAResult Info{ minCpuCore: -1 -1 ,  minCpuFreq: -1 -1 ,  maxCpuCore: -1 -1 ,  maxCpuFreq: -1 -1 ,  minGpuCore: -1 ,  minGpuFreq: -1 ,  maxGpuCore: -1 ,  maxGpuFreq: -1 , Lpm=-1, clkscale=-1, schedPreferSpread=-1, colocate=-1, slb=-1, fpsgo=-1, schedBoost=-1, ddrFreq=-1, migrate= migfrate: -1 -1 }
06-19 18:19:47.355 14953 15339 D ORMS_Platform : OplusBasePlatformQcSysFs: perflockAcquireEnd ,mask : 0xd078c000
06-19 18:19:47.356  1111  1196 E ANDR-PERF-OPTSHANDLER: Perflock resource /sys/class/devfreq/soc:qcom,cpubw/bw_hwmon/io_percent not supported
06-19 18:19:47.356  1111  1196 E ANDR-PERF-RESOURCEQS: Failed to apply optimization [6, 2]
06-19 18:19:47.356  1111  1196 E ANDR-PERF-OPTSHANDLER: Perflock resource /sys/class/devfreq/soc:qcom,cpubw/bw_hwmon/sample_ms not supported
06-19 18:19:47.356  1111  1196 E ANDR-PERF-RESOURCEQS: Failed to apply optimization [6, 8]
06-19 18:19:47.356  1111  1196 E ANDR-PERF-OPTSHANDLER: Perflock resource /sys/class/devfreq/soc:qcom,cpubw/min_freq not supported
06-19 18:19:47.356  1111  1196 E ANDR-PERF-RESOURCEQS: Failed to apply optimization [6, 0]
06-19 18:19:47.365 23628 23779 E Parcel  : Reading a NULL string not supported here.
06-19 18:19:47.390 23628 23779 E Parcel  : Reading a NULL string not supported here.
06-19 18:19:47.424 23628 23779 E Parcel  : Reading a NULL string not supported here.
06-19 18:19:47.429 14953 15975 I chatty  : uid=1000(system) RPMHandler expire 1 line
06-19 18:19:47.458 23628 23779 E Parcel  : Reading a NULL string not supported here.
06-19 18:19:47.492 23628 23779 E Parcel  : Reading a NULL string not supported here.
06-19 18:19:47.522 23628 23779 E Parcel  : Reading a NULL string not supported here.
06-19 18:19:47.555 23628 23779 E Parcel  : Reading a NULL string not supported here.
06-19 18:19:47.585 23628 23779 E Parcel  : Reading a NULL string not supported here.
06-19 18:19:47.603  5916  5916 E adbd    : failed to connect to socket 'tcp:6666': Connection refused
06-19 18:19:47.617 23628 23779 E Parcel  : Reading a NULL string not supported here.
06-19 18:19:47.653 23628 23779 E Parcel  : Reading a NULL string not supported here.
06-19 18:19:47.682 23628 23779 E Parcel  : Reading a NULL string not supported here.
06-19 18:19:47.712 23628 23779 E Parcel  : Reading a NULL string not supported here.
06-19 18:19:47.744 23628 23779 E Parcel  : Reading a NULL string not supported here.
06-19 18:19:47.771 23628 23779 E Parcel  : Reading a NULL string not supported here.
06-19 18:19:47.799 23628 23779 E Parcel  : Reading a NULL string not supported here.
06-19 18:19:47.833 23628 23779 E Parcel  : Reading a NULL string not supported here.
06-19 18:19:47.862 23628 23779 E Parcel  : Reading a NULL string not supported here.
06-19 18:19:47.891 23628 23779 E Parcel  : Reading a NULL string not supported here.
06-19 18:19:47.922 23628 23779 E Parcel  : Reading a NULL string not supported here.
06-19 18:19:47.954 23628 23779 E Parcel  : Reading a NULL string not supported here.
06-19 18:19:47.962  1146  1240 D SurfaceFlinger: getScreenRGB when(1670394155 ms) count(8) rgb(0,0,0,1670394116(ms))
06-19 18:19:47.986 23628 23779 E Parcel  : Reading a NULL string not supported here.
06-19 18:19:47.993 27194 31913 I OplusFeedbackInfo: [sendFPSInfo:L314] mInputBufCnt = 0 fps, mOutputBufCnt = 0 fps, mRenderFrameCnt = 0 fps
06-19 18:19:47.994  1412  1628 D AtlasService: clientsCount 3
06-19 18:19:47.994  1412  1628 D AtlasService: notify 1025 to client
06-19 18:19:47.994  1412  1628 D AtlasService: notify 1025 to client
06-19 18:19:48.016 23628 23779 E Parcel  : Reading a NULL string not supported here.
06-19 18:19:48.049 23628 23779 E Parcel  : Reading a NULL string not supported here.
06-19 18:19:48.079 23628 23779 E Parcel  : Reading a NULL string not supported here.
06-19 18:19:48.112 23628 23779 E Parcel  : Reading a NULL string not supported here.
06-19 18:19:48.140 23628 23779 E Parcel  : Reading a NULL string not supported here.
06-19 18:19:48.184 23628 23779 E Parcel  : Reading a NULL string not supported here.
06-19 18:19:48.216 23628 23779 E Parcel  : Reading a NULL string not supported here.
06-19 18:19:48.254 23628 23779 E Parcel  : Reading a NULL string not supported here.
06-19 18:19:48.279 23628 23779 E Parcel  : Reading a NULL string not supported here.
06-19 18:19:48.298 23628 23779 E Parcel  : Reading a NULL string not supported here.
06-19 18:19:48.327 23628 23779 E Parcel  : Reading a NULL string not supported here.
06-19 18:19:48.359 23628 23779 E Parcel  : Reading a NULL string not supported here.
06-19 18:19:48.389 23628 23779 E Parcel  : Reading a NULL string not supported here.
06-19 18:19:48.423 23628 23779 E Parcel  : Reading a NULL string not supported here.
06-19 18:19:48.453 23628 23779 E Parcel  : Reading a NULL string not supported here.
06-19 18:19:48.480  1146  1811 E HWComposer: getDisplayedContentSample: getDisplayedContentSample failed for display 19260944289885569: Unsupported (8)
06-19 18:19:48.486 23628 23779 E Parcel  : Reading a NULL string not supported here.
06-19 18:19:48.517 23628 23779 E Parcel  : Reading a NULL string not supported here.
06-19 18:19:48.547 23628 23779 E Parcel  : Reading a NULL string not supported here.
06-19 18:19:48.579 23628 23779 E Parcel  : Reading a NULL string not supported here.
06-19 18:19:48.612 23628 23779 E Parcel  : Reading a NULL string not supported here.
06-19 18:19:48.656 23628 23733 E Parcel  : Reading a NULL string not supported here.
06-19 18:19:48.658 14953 15642 W UriGrantsManagerService: No permission grants found for com.google.android.apps.photos
06-19 18:19:48.659 14953 15642 W UriGrantsManagerService: No permission grants found for com.google.android.apps.photos
06-19 18:19:48.665 23628 23779 E Parcel  : Reading a NULL string not supported here.
06-19 18:19:48.727 23628 23779 I chatty  : uid=10188(com.google.android.apps.photos) ptz-fgd-1-LOCAL identical 40 lines
06-19 18:19:48.802 23628 23779 E Parcel  : Reading a NULL string not supported here.
06-19 18:19:48.812 23628 23779 D Intent  : disableDeathOnFileUriExposure com.google.android.apps.photos
06-19 18:19:48.837  1380  1380 W drmserver: type=1400 audit(0.0:6652543): avc: denied { getattr } for path="/proc/14811/cmdline" dev="proc" ino=55624653 scontext=u:r:drmserver:s0 tcontext=u:r:mediaserver:s0 tclass=file permissive=0
06-19 18:19:48.839 17062 17101 I chatty  : uid=10386(com.google.android.providers.media.module) Binder:17062_3 expire 32 lines
06-19 18:19:48.843  1380  1380 I OmaDrmEngine: OmaDrmEngine::onInitialize
06-19 18:19:48.843  1380  1380 I OmaDrmEngine: OmaDrmEngine::onInitialize -- OmaDrmGlue_InitializeKeyEncryption succeeded
06-19 18:19:48.843  1380  1380 I OmaDrmEngine: OmaDrmEngine::onSetOnInfoListener
06-19 18:19:48.843  1380  1380 V OmaDrmEngine: Found infoListenerClient
06-19 18:19:48.843  1380  1380 I OmaDrmEngine: OmaDrmEngine::onOpenDecryptSession! fd = 5
06-19 18:19:48.843  1380  1380 D OmaDrmFile: Coming into OmaDrmDcfFile_ParserDcf, fd =  7
06-19 18:19:48.843  1380  1380 E OmaDrmFile: Unable to open Temp media file : No such file or directory 
06-19 18:19:48.843  1380  1380 E OmaDrmFile: Invalid drm version
06-19 18:19:48.843  1380  1380 V OmaDrmFile: DCF releases
06-19 18:19:48.843  1380  1380 I OmaDrmEngine: OmaDrmEngine::onOpenDecryptSession Exit. result = -2006
06-19 18:19:48.844  1380 19756 I OmaDrmEngine: OmaDrmEngine::onTerminate
06-19 18:19:48.847  1401 24739 I FFmpegExtractor: [SniffFFMPEGCommon:L2816]found stream 0 id 0x1b codec h264
06-19 18:19:48.847  1401 24739 I FFmpegExtractor: [mp4]video codec(h264), confidence should be larger than MPEG4Extractor
06-19 18:19:48.848  1401 24739 D FFmpegExtractor: [SniffFFMPEG:L2937] ffmpeg detected media content as 'video/mp4' with confidence 0.41
06-19 18:19:48.848  1401 24739 I FFmpegExtractor: [Sniff:L2978] confidence:0.410000
06-19 18:19:48.860  1401 24739 D OplusMPEG4Extractor: [BetterSniffMPEG4:L7311] 1 A:0 V:0
06-19 18:19:48.865 14811  5014 I StagefrightMetadataRetriever: setDataSource, create extractor OplusMPEG4Extractor
06-19 18:19:48.877 30351 10465 W FileSource: offset/length adjusted from 0/576460752303423487 to 0/87013
06-19 18:19:48.880  1401 24739 I FFmpegExtractor: [SniffFFMPEGCommon:L2816]found stream 0 id 0x1b codec h264
06-19 18:19:48.880  1401 24739 I FFmpegExtractor: [mp4]video codec(h264), confidence should be larger than MPEG4Extractor
06-19 18:19:48.881  1401 24739 D FFmpegExtractor: [SniffFFMPEG:L2937] ffmpeg detected media content as 'video/mp4' with confidence 0.41
06-19 18:19:48.881  1401 24739 I FFmpegExtractor: [Sniff:L2978] confidence:0.410000
06-19 18:19:48.895  1401 24739 D OplusMPEG4Extractor: [BetterSniffMPEG4:L7311] 1 A:0 V:0
06-19 18:19:48.922 23628 23779 D Intent  : disableDeathOnFileUriExposure com.google.android.apps.photos
06-19 18:19:48.933  1380  1380 W drmserver: type=1400 audit(0.0:6652544): avc: denied { getattr } for path="/proc/14811/cmdline" dev="proc" ino=55624653 scontext=u:r:drmserver:s0 tcontext=u:r:mediaserver:s0 tclass=file permissive=0
06-19 18:19:48.939  1380  1380 I OmaDrmEngine: OmaDrmEngine::onInitialize
06-19 18:19:48.939  1380  1380 I OmaDrmEngine: OmaDrmEngine::onInitialize -- OmaDrmGlue_InitializeKeyEncryption succeeded
06-19 18:19:48.939  1380  1380 I OmaDrmEngine: OmaDrmEngine::onSetOnInfoListener
06-19 18:19:48.939  1380  1380 V OmaDrmEngine: Found infoListenerClient
06-19 18:19:48.939  1380  1380 I OmaDrmEngine: OmaDrmEngine::onOpenDecryptSession! fd = 5
06-19 18:19:48.939  1380  1380 D OmaDrmFile: Coming into OmaDrmDcfFile_ParserDcf, fd =  7
06-19 18:19:48.939  1380  1380 E OmaDrmFile: Unable to open Temp media file : No such file or directory 
06-19 18:19:48.939  1380  1380 E OmaDrmFile: Invalid drm version
06-19 18:19:48.939  1380  1380 V OmaDrmFile: DCF releases
06-19 18:19:48.939  1380  1380 I OmaDrmEngine: OmaDrmEngine::onOpenDecryptSession Exit. result = -2006
06-19 18:19:48.939  1380  1380 I OmaDrmEngine: OmaDrmEngine::onTerminate
06-19 18:19:48.941  1401 24739 I FFmpegExtractor: [SniffFFMPEGCommon:L2816]found stream 0 id 0x1b codec h264
06-19 18:19:48.941  1401 24739 I FFmpegExtractor: [mp4]video codec(h264), confidence should be larger than MPEG4Extractor
06-19 18:19:48.941  1401 24739 D FFmpegExtractor: [SniffFFMPEG:L2937] ffmpeg detected media content as 'video/mp4' with confidence 0.41
06-19 18:19:48.941  1401 24739 I FFmpegExtractor: [Sniff:L2978] confidence:0.410000
06-19 18:19:48.950  1401 24739 D OplusMPEG4Extractor: [BetterSniffMPEG4:L7311] 1 A:0 V:0
06-19 18:19:48.954 14811  5014 I StagefrightMetadataRetriever: setDataSource, create extractor OplusMPEG4Extractor
06-19 18:19:48.987 23628 23779 E Parcel  : Reading a NULL string not supported here.
06-19 18:19:48.998 27194 31913 I OplusFeedbackInfo: [sendFPSInfo:L314] mInputBufCnt = 0 fps, mOutputBufCnt = 0 fps, mRenderFrameCnt = 0 fps
06-19 18:19:48.998  1412  1628 D AtlasService: clientsCount 3
06-19 18:19:48.998  1412  1628 D AtlasService: notify 1025 to client
06-19 18:19:48.999  1412  1628 D AtlasService: notify 1025 to client
06-19 18:19:49.005 23628 23779 D Intent  : disableDeathOnFileUriExposure com.google.android.apps.photos
06-19 18:19:49.025  1380  1380 W drmserver: type=1400 audit(0.0:6652545): avc: denied { getattr } for path="/proc/14811/cmdline" dev="proc" ino=55624653 scontext=u:r:drmserver:s0 tcontext=u:r:mediaserver:s0 tclass=file permissive=0
06-19 18:19:49.031  1380  1380 I OmaDrmEngine: OmaDrmEngine::onInitialize
06-19 18:19:49.031  1380  1380 I OmaDrmEngine: OmaDrmEngine::onInitialize -- OmaDrmGlue_InitializeKeyEncryption succeeded
06-19 18:19:49.031  1380  1380 I OmaDrmEngine: OmaDrmEngine::onSetOnInfoListener
06-19 18:19:49.031  1380  1380 V OmaDrmEngine: Found infoListenerClient
06-19 18:19:49.032  1380  1380 I OmaDrmEngine: OmaDrmEngine::onOpenDecryptSession! fd = 5
06-19 18:19:49.032  1380  1380 D OmaDrmFile: Coming into OmaDrmDcfFile_ParserDcf, fd =  7
06-19 18:19:49.032  1380  1380 E OmaDrmFile: Unable to open Temp media file : No such file or directory 
06-19 18:19:49.032  1380  1380 E OmaDrmFile: Invalid drm version
06-19 18:19:49.032  1380  1380 V OmaDrmFile: DCF releases
06-19 18:19:49.032  1380  1380 I OmaDrmEngine: OmaDrmEngine::onOpenDecryptSession Exit. result = -2006
06-19 18:19:49.032  1380 19756 I OmaDrmEngine: OmaDrmEngine::onTerminate
06-19 18:19:49.035  1401 24739 I FFmpegExtractor: [SniffFFMPEGCommon:L2816]found stream 0 id 0x1b codec h264
06-19 18:19:49.035  1401 24739 I FFmpegExtractor: [mp4]video codec(h264), confidence should be larger than MPEG4Extractor
06-19 18:19:49.036  1401 24739 D FFmpegExtractor: [SniffFFMPEG:L2937] ffmpeg detected media content as 'video/mp4' with confidence 0.41
06-19 18:19:49.036  1401 24739 I FFmpegExtractor: [Sniff:L2978] confidence:0.410000
06-19 18:19:49.051  1401 24739 D OplusMPEG4Extractor: [BetterSniffMPEG4:L7311] 1 A:0 V:0
06-19 18:19:49.059 14811  5014 I StagefrightMetadataRetriever: setDataSource, create extractor OplusMPEG4Extractor
06-19 18:19:49.070  9547  9573 E Parcel  : Reading a NULL string not supported here.
06-19 18:19:49.073  9547  9573 E Parcel  : Reading a NULL string not supported here.
06-19 18:19:49.074 30351 10467 W FileSource: offset/length adjusted from 0/576460752303423487 to 0/119547
06-19 18:19:49.077  1401  1401 I FFmpegExtractor: [SniffFFMPEGCommon:L2816]found stream 0 id 0x1b codec h264
06-19 18:19:49.077  1401  1401 I FFmpegExtractor: [mp4]video codec(h264), confidence should be larger than MPEG4Extractor
06-19 18:19:49.078  1401  1401 D FFmpegExtractor: [SniffFFMPEG:L2937] ffmpeg detected media content as 'video/mp4' with confidence 0.41
06-19 18:19:49.078  1401  1401 I FFmpegExtractor: [Sniff:L2978] confidence:0.410000
06-19 18:19:49.097  1401  1401 D OplusMPEG4Extractor: [BetterSniffMPEG4:L7311] 1 A:0 V:0
06-19 18:19:49.124 23628 23779 D Intent  : disableDeathOnFileUriExposure com.google.android.apps.photos
06-19 18:19:49.137  1380  1380 W drmserver: type=1400 audit(0.0:6652546): avc: denied { getattr } for path="/proc/14811/cmdline" dev="proc" ino=55624653 scontext=u:r:drmserver:s0 tcontext=u:r:mediaserver:s0 tclass=file permissive=0
06-19 18:19:49.143  1380  1380 I OmaDrmEngine: OmaDrmEngine::onInitialize
06-19 18:19:49.143  1380  1380 I OmaDrmEngine: OmaDrmEngine::onInitialize -- OmaDrmGlue_InitializeKeyEncryption succeeded
06-19 18:19:49.143  1380  1380 I OmaDrmEngine: OmaDrmEngine::onSetOnInfoListener
06-19 18:19:49.143  1380  1380 V OmaDrmEngine: Found infoListenerClient
06-19 18:19:49.143  1380  1380 I OmaDrmEngine: OmaDrmEngine::onOpenDecryptSession! fd = 5
06-19 18:19:49.143  1380  1380 D OmaDrmFile: Coming into OmaDrmDcfFile_ParserDcf, fd =  7
06-19 18:19:49.143  1380  1380 E OmaDrmFile: Unable to open Temp media file : No such file or directory 
06-19 18:19:49.143  1380  1380 E OmaDrmFile: Invalid drm version
06-19 18:19:49.143  1380  1380 V OmaDrmFile: DCF releases
06-19 18:19:49.143  1380  1380 I OmaDrmEngine: OmaDrmEngine::onOpenDecryptSession Exit. result = -2006
06-19 18:19:49.143  1380  1380 I OmaDrmEngine: OmaDrmEngine::onTerminate
06-19 18:19:49.145  1401  1401 I FFmpegExtractor: [SniffFFMPEGCommon:L2816]found stream 0 id 0x1b codec h264
06-19 18:19:49.145  1401  1401 I FFmpegExtractor: [mp4]video codec(h264), confidence should be larger than MPEG4Extractor
06-19 18:19:49.146  1401  1401 D FFmpegExtractor: [SniffFFMPEG:L2937] ffmpeg detected media content as 'video/mp4' with confidence 0.41
06-19 18:19:49.146  1401  1401 I FFmpegExtractor: [Sniff:L2978] confidence:0.410000
06-19 18:19:49.157  1401  1401 D OplusMPEG4Extractor: [BetterSniffMPEG4:L7311] 1 A:0 V:0
06-19 18:19:49.162 14811  5014 I StagefrightMetadataRetriever: setDataSource, create extractor OplusMPEG4Extractor
06-19 18:19:49.192 23628 23779 E Parcel  : Reading a NULL string not supported here.
06-19 18:19:49.211 23628 23779 D Intent  : disableDeathOnFileUriExposure com.google.android.apps.photos
06-19 18:19:49.225  1079  8779 I vendor.qti.bluetooth@1.0-ibs_handler: ProcessIbsCmd: Received IBS_WAKE_IND: 0xFD
06-19 18:19:49.225  1079  8779 D vendor.qti.bluetooth@1.0-ibs_handler: SerialClockVote: vote for UART CLK ON
06-19 18:19:49.225  1079  8779 D vendor.qti.bluetooth@1.0-wake_lock: Acquire wakelock is acquired 
06-19 18:19:49.226  1079  8779 I vendor.qti.bluetooth@1.0-ibs_handler: ProcessIbsCmd: Writing IBS_WAKE_ACK
06-19 18:19:49.233  1380  1380 W drmserver: type=1400 audit(0.0:6652547): avc: denied { getattr } for path="/proc/14811/cmdline" dev="proc" ino=55624653 scontext=u:r:drmserver:s0 tcontext=u:r:mediaserver:s0 tclass=file permissive=0
06-19 18:19:49.238  1380  1380 I OmaDrmEngine: OmaDrmEngine::onInitialize
06-19 18:19:49.239  1380  1380 I OmaDrmEngine: OmaDrmEngine::onInitialize -- OmaDrmGlue_InitializeKeyEncryption succeeded
06-19 18:19:49.239  1380  1380 I OmaDrmEngine: OmaDrmEngine::onSetOnInfoListener
06-19 18:19:49.239  1380  1380 V OmaDrmEngine: Found infoListenerClient
06-19 18:19:49.239  1380  1380 I OmaDrmEngine: OmaDrmEngine::onOpenDecryptSession! fd = 5
06-19 18:19:49.239  1380  1380 D OmaDrmFile: Coming into OmaDrmDcfFile_ParserDcf, fd =  7
06-19 18:19:49.239  1380  1380 E OmaDrmFile: Unable to open Temp media file : No such file or directory 
06-19 18:19:49.239  1380  1380 E OmaDrmFile: Invalid drm version
06-19 18:19:49.239  1380  1380 V OmaDrmFile: DCF releases
06-19 18:19:49.239  1380  1380 I OmaDrmEngine: OmaDrmEngine::onOpenDecryptSession Exit. result = -2006
06-19 18:19:49.239  1380 19756 I OmaDrmEngine: OmaDrmEngine::onTerminate
06-19 18:19:49.242  1401  1401 I FFmpegExtractor: [SniffFFMPEGCommon:L2816]found stream 0 id 0x1b codec h264
06-19 18:19:49.242  1401  1401 I FFmpegExtractor: [mp4]video codec(h264), confidence should be larger than MPEG4Extractor
06-19 18:19:49.243  1401  1401 D FFmpegExtractor: [SniffFFMPEG:L2937] ffmpeg detected media content as 'video/mp4' with confidence 0.41
06-19 18:19:49.243  1401  1401 I FFmpegExtractor: [Sniff:L2978] confidence:0.410000
06-19 18:19:49.248  1401  1401 D OplusMPEG4Extractor: [BetterSniffMPEG4:L7311] 1 A:0 V:0
06-19 18:19:49.251 14811  5014 I StagefrightMetadataRetriever: setDataSource, create extractor OplusMPEG4Extractor
06-19 18:19:49.265 30351 10469 W FileSource: offset/length adjusted from 0/576460752303423487 to 0/26859
06-19 18:19:49.266  1079  8779 I vendor.qti.bluetooth@1.0-ibs_handler: ProcessIbsCmd: Received IBS_SLEEP_IND: 0xFE
06-19 18:19:49.266  1079  8779 D vendor.qti.bluetooth@1.0-ibs_handler: SerialClockVote: vote for UART CLK OFF
06-19 18:19:49.269  1401  1401 I FFmpegExtractor: [SniffFFMPEGCommon:L2816]found stream 0 id 0x1b codec h264
06-19 18:19:49.269  1401  1401 I FFmpegExtractor: [mp4]video codec(h264), confidence should be larger than MPEG4Extractor
06-19 18:19:49.270  1401  1401 D FFmpegExtractor: [SniffFFMPEG:L2937] ffmpeg detected media content as 'video/mp4' with confidence 0.41
06-19 18:19:49.270  1401  1401 I FFmpegExtractor: [Sniff:L2978] confidence:0.410000
06-19 18:19:49.276  1401  1401 D OplusMPEG4Extractor: [BetterSniffMPEG4:L7311] 1 A:0 V:0
06-19 18:19:49.295 23628 23779 D Intent  : disableDeathOnFileUriExposure com.google.android.apps.photos
06-19 18:19:49.321  1380  1380 W drmserver: type=1400 audit(0.0:6652548): avc: denied { getattr } for path="/proc/14811/cmdline" dev="proc" ino=55624653 scontext=u:r:drmserver:s0 tcontext=u:r:mediaserver:s0 tclass=file permissive=0
06-19 18:19:49.327  1380  1380 I OmaDrmEngine: OmaDrmEngine::onInitialize
06-19 18:19:49.327  1380  1380 I OmaDrmEngine: OmaDrmEngine::onInitialize -- OmaDrmGlue_InitializeKeyEncryption succeeded
06-19 18:19:49.327  1380  1380 I OmaDrmEngine: OmaDrmEngine::onSetOnInfoListener
06-19 18:19:49.327  1380  1380 V OmaDrmEngine: Found infoListenerClient
06-19 18:19:49.327  1380  1380 I OmaDrmEngine: OmaDrmEngine::onOpenDecryptSession! fd = 5
06-19 18:19:49.327  1380  1380 D OmaDrmFile: Coming into OmaDrmDcfFile_ParserDcf, fd =  7
06-19 18:19:49.328  1380  1380 E OmaDrmFile: Unable to open Temp media file : No such file or directory 
06-19 18:19:49.328  1380  1380 E OmaDrmFile: Invalid drm version
06-19 18:19:49.328  1380  1380 V OmaDrmFile: DCF releases
06-19 18:19:49.328  1380  1380 I OmaDrmEngine: OmaDrmEngine::onOpenDecryptSession Exit. result = -2006
06-19 18:19:49.328  1380 19756 I OmaDrmEngine: OmaDrmEngine::onTerminate
06-19 18:19:49.335  1401  1401 I FFmpegExtractor: [SniffFFMPEGCommon:L2816]found stream 0 id 0x1b codec h264
06-19 18:19:49.335  1401  1401 I FFmpegExtractor: [mp4]video codec(h264), confidence should be larger than MPEG4Extractor
06-19 18:19:49.336  1401  1401 D FFmpegExtractor: [SniffFFMPEG:L2937] ffmpeg detected media content as 'video/mp4' with confidence 0.41
06-19 18:19:49.336  1401  1401 I FFmpegExtractor: [Sniff:L2978] confidence:0.410000
06-19 18:19:49.341  1401  1401 D OplusMPEG4Extractor: [BetterSniffMPEG4:L7311] 1 A:0 V:0
06-19 18:19:49.344 14811  5014 I StagefrightMetadataRetriever: setDataSource, create extractor OplusMPEG4Extractor
06-19 18:19:49.354  1079  8779 I vendor.qti.bluetooth@1.0-ibs_handler: ProcessIbsCmd: Received IBS_WAKE_IND: 0xFD
06-19 18:19:49.354  1079  8779 D vendor.qti.bluetooth@1.0-ibs_handler: SerialClockVote: vote for UART CLK ON
06-19 18:19:49.354  1079  8779 I vendor.qti.bluetooth@1.0-ibs_handler: ProcessIbsCmd: Writing IBS_WAKE_ACK
06-19 18:19:49.382 16136 16136 E OplusNecManagerHelper: com.oplus.nec.OplusNecManager.notifyOrigSignalStrengthChanged [class android.telephony.SignalStrength, int]
06-19 18:19:49.398  1079  8779 I vendor.qti.bluetooth@1.0-ibs_handler: ProcessIbsCmd: Received IBS_SLEEP_IND: 0xFE
06-19 18:19:49.398  1079  8779 D vendor.qti.bluetooth@1.0-ibs_handler: SerialClockVote: vote for UART CLK OFF
06-19 18:19:49.404 23628 23779 E Parcel  : Reading a NULL string not supported here.
06-19 18:19:49.437 23628 23779 D Intent  : disableDeathOnFileUriExposure com.google.android.apps.photos
06-19 18:19:49.461  1380  1380 W drmserver: type=1400 audit(0.0:6652549): avc: denied { getattr } for path="/proc/14811/cmdline" dev="proc" ino=55624653 scontext=u:r:drmserver:s0 tcontext=u:r:mediaserver:s0 tclass=file permissive=0
06-19 18:19:49.469  1380  1380 I OmaDrmEngine: OmaDrmEngine::onInitialize
06-19 18:19:49.469  1380  1380 I OmaDrmEngine: OmaDrmEngine::onInitialize -- OmaDrmGlue_InitializeKeyEncryption succeeded
06-19 18:19:49.469  1380  1380 I OmaDrmEngine: OmaDrmEngine::onSetOnInfoListener
06-19 18:19:49.469  1380  1380 V OmaDrmEngine: Found infoListenerClient
06-19 18:19:49.469  1380  1380 I OmaDrmEngine: OmaDrmEngine::onOpenDecryptSession! fd = 5
06-19 18:19:49.469  1380  1380 D OmaDrmFile: Coming into OmaDrmDcfFile_ParserDcf, fd =  7
06-19 18:19:49.469  1380  1380 E OmaDrmFile: Unable to open Temp media file : No such file or directory 
06-19 18:19:49.469  1380  1380 E OmaDrmFile: Invalid drm version
06-19 18:19:49.469  1380  1380 V OmaDrmFile: DCF releases
06-19 18:19:49.469  1380  1380 I OmaDrmEngine: OmaDrmEngine::onOpenDecryptSession Exit. result = -2006
06-19 18:19:49.469  1380 19756 I OmaDrmEngine: OmaDrmEngine::onTerminate
06-19 18:19:49.471  1401  1401 I FFmpegExtractor: [SniffFFMPEGCommon:L2816]found stream 0 id 0x1b codec h264
06-19 18:19:49.471  1401  1401 I FFmpegExtractor: [mp4]video codec(h264), confidence should be larger than MPEG4Extractor
06-19 18:19:49.472  1401  1401 D FFmpegExtractor: [SniffFFMPEG:L2937] ffmpeg detected media content as 'video/mp4' with confidence 0.41
06-19 18:19:49.472  1401  1401 I FFmpegExtractor: [Sniff:L2978] confidence:0.410000
06-19 18:19:49.486  1401  1401 D OplusMPEG4Extractor: [BetterSniffMPEG4:L7311] 1 A:0 V:0
06-19 18:19:49.492 14811  5014 I StagefrightMetadataRetriever: setDataSource, create extractor OplusMPEG4Extractor
06-19 18:19:49.500  1079  8779 I vendor.qti.bluetooth@1.0-ibs_handler: ProcessIbsCmd: Received IBS_WAKE_IND: 0xFD
06-19 18:19:49.500  1079  8779 D vendor.qti.bluetooth@1.0-ibs_handler: SerialClockVote: vote for UART CLK ON
06-19 18:19:49.500  1079  8779 I vendor.qti.bluetooth@1.0-ibs_handler: ProcessIbsCmd: Writing IBS_WAKE_ACK
06-19 18:19:49.506 30351 10473 W FileSource: offset/length adjusted from 0/576460752303423487 to 0/129363
06-19 18:19:49.508  1401 24739 I FFmpegExtractor: [SniffFFMPEGCommon:L2816]found stream 0 id 0x1b codec h264
06-19 18:19:49.508  1401 24739 I FFmpegExtractor: [mp4]video codec(h264), confidence should be larger than MPEG4Extractor
06-19 18:19:49.509  1401 24739 D FFmpegExtractor: [SniffFFMPEG:L2937] ffmpeg detected media content as 'video/mp4' with confidence 0.41
06-19 18:19:49.509  1401 24739 I FFmpegExtractor: [Sniff:L2978] confidence:0.410000
06-19 18:19:49.524  1401 24739 D OplusMPEG4Extractor: [BetterSniffMPEG4:L7311] 1 A:0 V:0
06-19 18:19:49.540  1079  8779 I vendor.qti.bluetooth@1.0-ibs_handler: ProcessIbsCmd: Received IBS_SLEEP_IND: 0xFE
06-19 18:19:49.541  1079  8779 D vendor.qti.bluetooth@1.0-ibs_handler: SerialClockVote: vote for UART CLK OFF
06-19 18:19:49.550 23628 23779 D Intent  : disableDeathOnFileUriExposure com.google.android.apps.photos
06-19 18:19:49.572  1380  1380 I OmaDrmEngine: OmaDrmEngine::onInitialize
06-19 18:19:49.572  1380  1380 I OmaDrmEngine: OmaDrmEngine::onInitialize -- OmaDrmGlue_InitializeKeyEncryption succeeded
06-19 18:19:49.572  1380  1380 I OmaDrmEngine: OmaDrmEngine::onSetOnInfoListener
06-19 18:19:49.572  1380  1380 V OmaDrmEngine: Found infoListenerClient
06-19 18:19:49.572  1380  1380 I OmaDrmEngine: OmaDrmEngine::onOpenDecryptSession! fd = 5
06-19 18:19:49.572  1380  1380 D OmaDrmFile: Coming into OmaDrmDcfFile_ParserDcf, fd =  7
06-19 18:19:49.572  1380  1380 E OmaDrmFile: Unable to open Temp media file : No such file or directory 
06-19 18:19:49.572  1380  1380 E OmaDrmFile: Invalid drm version
06-19 18:19:49.572  1380  1380 V OmaDrmFile: DCF releases
06-19 18:19:49.572  1380  1380 I OmaDrmEngine: OmaDrmEngine::onOpenDecryptSession Exit. result = -2006
06-19 18:19:49.573  1380 19756 I OmaDrmEngine: OmaDrmEngine::onTerminate
06-19 18:19:49.575  1401 24739 I FFmpegExtractor: [SniffFFMPEGCommon:L2816]found stream 0 id 0x1b codec h264
06-19 18:19:49.575  1401 24739 I FFmpegExtractor: [mp4]video codec(h264), confidence should be larger than MPEG4Extractor
06-19 18:19:49.576  1401 24739 D FFmpegExtractor: [SniffFFMPEG:L2937] ffmpeg detected media content as 'video/mp4' with confidence 0.41
06-19 18:19:49.576  1401 24739 I FFmpegExtractor: [Sniff:L2978] confidence:0.410000
06-19 18:19:49.587  1401 24739 D OplusMPEG4Extractor: [BetterSniffMPEG4:L7311] 1 A:0 V:0
06-19 18:19:49.593 14811  5014 I StagefrightMetadataRetriever: setDataSource, create extractor OplusMPEG4Extractor
06-19 18:19:49.607  5916  5916 E adbd    : failed to connect to socket 'tcp:6666': Connection refused
06-19 18:19:49.623 23628 23779 E Parcel  : Reading a NULL string not supported here.
06-19 18:19:49.642 23628 23779 D Intent  : disableDeathOnFileUriExposure com.google.android.apps.photos
06-19 18:19:49.647  1079  8779 I vendor.qti.bluetooth@1.0-ibs_handler: ProcessIbsCmd: Received IBS_WAKE_IND: 0xFD
06-19 18:19:49.647  1079  8779 D vendor.qti.bluetooth@1.0-ibs_handler: SerialClockVote: vote for UART CLK ON
06-19 18:19:49.647  1079  8779 I vendor.qti.bluetooth@1.0-ibs_handler: ProcessIbsCmd: Writing IBS_WAKE_ACK
06-19 18:19:49.674  1380  1380 I OmaDrmEngine: OmaDrmEngine::onInitialize
06-19 18:19:49.674  1380  1380 I OmaDrmEngine: OmaDrmEngine::onInitialize -- OmaDrmGlue_InitializeKeyEncryption succeeded
06-19 18:19:49.674  1380  1380 I OmaDrmEngine: OmaDrmEngine::onSetOnInfoListener
06-19 18:19:49.674  1380  1380 V OmaDrmEngine: Found infoListenerClient
06-19 18:19:49.675  1380  1380 I OmaDrmEngine: OmaDrmEngine::onOpenDecryptSession! fd = 5
06-19 18:19:49.675  1380  1380 D OmaDrmFile: Coming into OmaDrmDcfFile_ParserDcf, fd =  7
06-19 18:19:49.675  1380  1380 E OmaDrmFile: Unable to open Temp media file : No such file or directory 
06-19 18:19:49.675  1380  1380 E OmaDrmFile: Invalid drm version
06-19 18:19:49.675  1380  1380 V OmaDrmFile: DCF releases
06-19 18:19:49.675  1380  1380 I OmaDrmEngine: OmaDrmEngine::onOpenDecryptSession Exit. result = -2006
06-19 18:19:49.675  1380  1380 I OmaDrmEngine: OmaDrmEngine::onTerminate
06-19 18:19:49.678  1401 24739 I FFmpegExtractor: [SniffFFMPEGCommon:L2816]found stream 0 id 0x1b codec h264
06-19 18:19:49.679  1401 24739 I FFmpegExtractor: [mp4]video codec(h264), confidence should be larger than MPEG4Extractor
06-19 18:19:49.679  1401 24739 D FFmpegExtractor: [SniffFFMPEG:L2937] ffmpeg detected media content as 'video/mp4' with confidence 0.41
06-19 18:19:49.679  1401 24739 I FFmpegExtractor: [Sniff:L2978] confidence:0.410000
06-19 18:19:49.688  1079  8779 I vendor.qti.bluetooth@1.0-ibs_handler: ProcessIbsCmd: Received IBS_SLEEP_IND: 0xFE
06-19 18:19:49.688  1079  8779 D vendor.qti.bluetooth@1.0-ibs_handler: SerialClockVote: vote for UART CLK OFF
06-19 18:19:49.688  1401 24739 D OplusMPEG4Extractor: [BetterSniffMPEG4:L7311] 1 A:0 V:0
06-19 18:19:49.692 14811  5014 I StagefrightMetadataRetriever: setDataSource, create extractor OplusMPEG4Extractor
06-19 18:19:49.701 30351 10475 W FileSource: offset/length adjusted from 0/576460752303423487 to 0/82324
06-19 18:19:49.703  1401 24739 I FFmpegExtractor: [SniffFFMPEGCommon:L2816]found stream 0 id 0x1b codec h264
06-19 18:19:49.703  1401 24739 I FFmpegExtractor: [mp4]video codec(h264), confidence should be larger than MPEG4Extractor
06-19 18:19:49.704  1401 24739 D FFmpegExtractor: [SniffFFMPEG:L2937] ffmpeg detected media content as 'video/mp4' with confidence 0.41
06-19 18:19:49.704  1401 24739 I FFmpegExtractor: [Sniff:L2978] confidence:0.410000
06-19 18:19:49.715  1401 24739 D OplusMPEG4Extractor: [BetterSniffMPEG4:L7311] 1 A:0 V:0
06-19 18:19:49.737 23628 23779 D Intent  : disableDeathOnFileUriExposure com.google.android.apps.photos
06-19 18:19:49.764  1380  1380 I OmaDrmEngine: OmaDrmEngine::onInitialize
06-19 18:19:49.764  1380  1380 I OmaDrmEngine: OmaDrmEngine::onInitialize -- OmaDrmGlue_InitializeKeyEncryption succeeded
06-19 18:19:49.764  1380  1380 I OmaDrmEngine: OmaDrmEngine::onSetOnInfoListener
06-19 18:19:49.764  1380  1380 V OmaDrmEngine: Found infoListenerClient
06-19 18:19:49.765  1380  1380 I OmaDrmEngine: OmaDrmEngine::onOpenDecryptSession! fd = 5
06-19 18:19:49.765  1380  1380 D OmaDrmFile: Coming into OmaDrmDcfFile_ParserDcf, fd =  7
06-19 18:19:49.765  1380  1380 E OmaDrmFile: Unable to open Temp media file : No such file or directory 
06-19 18:19:49.765  1380  1380 E OmaDrmFile: Invalid drm version
06-19 18:19:49.765  1380  1380 V OmaDrmFile: DCF releases
06-19 18:19:49.765  1380  1380 I OmaDrmEngine: OmaDrmEngine::onOpenDecryptSession Exit. result = -2006
06-19 18:19:49.765  1380  1380 I OmaDrmEngine: OmaDrmEngine::onTerminate
06-19 18:19:49.768  1401 24739 I FFmpegExtractor: [SniffFFMPEGCommon:L2816]found stream 0 id 0x1b codec h264
06-19 18:19:49.768  1401 24739 I FFmpegExtractor: [mp4]video codec(h264), confidence should be larger than MPEG4Extractor
06-19 18:19:49.768  1401 24739 D FFmpegExtractor: [SniffFFMPEG:L2937] ffmpeg detected media content as 'video/mp4' with confidence 0.41
06-19 18:19:49.769  1401 24739 I FFmpegExtractor: [Sniff:L2978] confidence:0.410000
06-19 18:19:49.780  1401 24739 D OplusMPEG4Extractor: [BetterSniffMPEG4:L7311] 1 A:0 V:0
06-19 18:19:49.785 14811  5014 I StagefrightMetadataRetriever: setDataSource, create extractor OplusMPEG4Extractor
06-19 18:19:49.790  1079  8779 I vendor.qti.bluetooth@1.0-ibs_handler: ProcessIbsCmd: Received IBS_WAKE_IND: 0xFD
06-19 18:19:49.790  1079  8779 D vendor.qti.bluetooth@1.0-ibs_handler: SerialClockVote: vote for UART CLK ON
06-19 18:19:49.790  1079  8779 I vendor.qti.bluetooth@1.0-ibs_handler: ProcessIbsCmd: Writing IBS_WAKE_ACK
06-19 18:19:49.824 23628 23779 E Parcel  : Reading a NULL string not supported here.
06-19 18:19:49.831  1079  8779 I vendor.qti.bluetooth@1.0-ibs_handler: ProcessIbsCmd: Received IBS_SLEEP_IND: 0xFE
06-19 18:19:49.831  1079  8779 D vendor.qti.bluetooth@1.0-ibs_handler: SerialClockVote: vote for UART CLK OFF
06-19 18:19:49.843 23628 23779 D Intent  : disableDeathOnFileUriExposure com.google.android.apps.photos
06-19 18:19:49.869  1380  1380 I OmaDrmEngine: OmaDrmEngine::onInitialize
06-19 18:19:49.869  1380  1380 I OmaDrmEngine: OmaDrmEngine::onInitialize -- OmaDrmGlue_InitializeKeyEncryption succeeded
06-19 18:19:49.869  1380  1380 I OmaDrmEngine: OmaDrmEngine::onSetOnInfoListener
06-19 18:19:49.869  1380  1380 V OmaDrmEngine: Found infoListenerClient
06-19 18:19:49.870  1380  1380 I OmaDrmEngine: OmaDrmEngine::onOpenDecryptSession! fd = 5
06-19 18:19:49.870  1380  1380 D OmaDrmFile: Coming into OmaDrmDcfFile_ParserDcf, fd =  7
06-19 18:19:49.870  1380  1380 E OmaDrmFile: Unable to open Temp media file : No such file or directory 
06-19 18:19:49.870  1380  1380 E OmaDrmFile: Invalid drm version
06-19 18:19:49.870  1380  1380 V OmaDrmFile: DCF releases
06-19 18:19:49.870  1380  1380 I OmaDrmEngine: OmaDrmEngine::onOpenDecryptSession Exit. result = -2006
06-19 18:19:49.870  1380  1380 I OmaDrmEngine: OmaDrmEngine::onTerminate
06-19 18:19:49.873  1401 24739 I FFmpegExtractor: [SniffFFMPEGCommon:L2816]found stream 0 id 0x1b codec h264
06-19 18:19:49.873  1401 24739 I FFmpegExtractor: [mp4]video codec(h264), confidence should be larger than MPEG4Extractor
06-19 18:19:49.874  1401 24739 D FFmpegExtractor: [SniffFFMPEG:L2937] ffmpeg detected media content as 'video/mp4' with confidence 0.41
06-19 18:19:49.874  1401 24739 I FFmpegExtractor: [Sniff:L2978] confidence:0.410000
06-19 18:19:49.883  1401 24739 D OplusMPEG4Extractor: [BetterSniffMPEG4:L7311] 1 A:0 V:0
06-19 18:19:49.888 14811  5014 I StagefrightMetadataRetriever: setDataSource, create extractor OplusMPEG4Extractor
06-19 18:19:49.896 30351 10477 W FileSource: offset/length adjusted from 0/576460752303423487 to 0/65504
06-19 18:19:49.899  1401 24739 I FFmpegExtractor: [SniffFFMPEGCommon:L2816]found stream 0 id 0x1b codec h264
06-19 18:19:49.899  1401 24739 I FFmpegExtractor: [mp4]video codec(h264), confidence should be larger than MPEG4Extractor
06-19 18:19:49.900  1401 24739 D FFmpegExtractor: [SniffFFMPEG:L2937] ffmpeg detected media content as 'video/mp4' with confidence 0.41
06-19 18:19:49.900  1401 24739 I FFmpegExtractor: [Sniff:L2978] confidence:0.410000
06-19 18:19:49.912  1401 24739 D OplusMPEG4Extractor: [BetterSniffMPEG4:L7311] 1 A:0 V:0
06-19 18:19:49.931 23628 23779 D Intent  : disableDeathOnFileUriExposure com.google.android.apps.photos
06-19 18:19:49.931  1079  8779 I vendor.qti.bluetooth@1.0-ibs_handler: ProcessIbsCmd: Received IBS_WAKE_IND: 0xFD
06-19 18:19:49.931  1079  8779 D vendor.qti.bluetooth@1.0-ibs_handler: SerialClockVote: vote for UART CLK ON
06-19 18:19:49.931  1079  8779 I vendor.qti.bluetooth@1.0-ibs_handler: ProcessIbsCmd: Writing IBS_WAKE_ACK
06-19 18:19:49.954  1380  1380 I OmaDrmEngine: OmaDrmEngine::onInitialize
06-19 18:19:49.954  1380  1380 I OmaDrmEngine: OmaDrmEngine::onInitialize -- OmaDrmGlue_InitializeKeyEncryption succeeded
06-19 18:19:49.954  1380  1380 I OmaDrmEngine: OmaDrmEngine::onSetOnInfoListener
06-19 18:19:49.954  1380  1380 V OmaDrmEngine: Found infoListenerClient
06-19 18:19:49.954  1380  1380 I OmaDrmEngine: OmaDrmEngine::onOpenDecryptSession! fd = 5
06-19 18:19:49.954  1380  1380 D OmaDrmFile: Coming into OmaDrmDcfFile_ParserDcf, fd =  7
06-19 18:19:49.954  1380  1380 E OmaDrmFile: Unable to open Temp media file : No such file or directory 
06-19 18:19:49.954  1380  1380 E OmaDrmFile: Invalid drm version
06-19 18:19:49.954  1380  1380 V OmaDrmFile: DCF releases
06-19 18:19:49.954  1380  1380 I OmaDrmEngine: OmaDrmEngine::onOpenDecryptSession Exit. result = -2006
06-19 18:19:49.955  1380 19756 I OmaDrmEngine: OmaDrmEngine::onTerminate
06-19 18:19:49.957  1401 24739 I FFmpegExtractor: [SniffFFMPEGCommon:L2816]found stream 0 id 0x1b codec h264
06-19 18:19:49.958  1401 24739 I FFmpegExtractor: [mp4]video codec(h264), confidence should be larger than MPEG4Extractor
06-19 18:19:49.959  1401 24739 D FFmpegExtractor: [SniffFFMPEG:L2937] ffmpeg detected media content as 'video/mp4' with confidence 0.41
06-19 18:19:49.959  1401 24739 I FFmpegExtractor: [Sniff:L2978] confidence:0.410000
06-19 18:19:49.968  1401 24739 D OplusMPEG4Extractor: [BetterSniffMPEG4:L7311] 1 A:0 V:0
06-19 18:19:49.972  1079  8779 I vendor.qti.bluetooth@1.0-ibs_handler: ProcessIbsCmd: Received IBS_SLEEP_IND: 0xFE
06-19 18:19:49.972  1079  8779 D vendor.qti.bluetooth@1.0-ibs_handler: SerialClockVote: vote for UART CLK OFF
06-19 18:19:49.973 14811  5014 I StagefrightMetadataRetriever: setDataSource, create extractor OplusMPEG4Extractor
06-19 18:19:49.982  1146  1811 E HWComposer: getDisplayedContentSample: getDisplayedContentSample failed for display 19260944289885569: Unsupported (8)
06-19 18:19:50.004 27194 31913 I OplusFeedbackInfo: [sendFPSInfo:L314] mInputBufCnt = 0 fps, mOutputBufCnt = 0 fps, mRenderFrameCnt = 0 fps
06-19 18:19:50.005  1412  1628 D AtlasService: clientsCount 3
06-19 18:19:50.005  1412  1628 D AtlasService: notify 1025 to client
06-19 18:19:50.005  1412  1628 D AtlasService: notify 1025 to client
06-19 18:19:50.005  1412  1628 D AtlasService: clientsCount 3
06-19 18:19:50.005  1412  1628 D AtlasService: notify 1029 to client
06-19 18:19:50.005  1412  1628 D AtlasService: notify 1029 to client
06-19 18:19:50.015 23628 23779 E Parcel  : Reading a NULL string not supported here.
06-19 18:19:50.034 23628 23779 D Intent  : disableDeathOnFileUriExposure com.google.android.apps.photos
06-19 18:19:50.057  1380  1380 W drmserver: type=1400 audit(0.0:6652555): avc: denied { getattr } for path="/proc/14811/cmdline" dev="proc" ino=55624653 scontext=u:r:drmserver:s0 tcontext=u:r:mediaserver:s0 tclass=file permissive=0
06-19 18:19:50.063  1380  1380 I OmaDrmEngine: OmaDrmEngine::onInitialize
06-19 18:19:50.063  1380  1380 I OmaDrmEngine: OmaDrmEngine::onInitialize -- OmaDrmGlue_InitializeKeyEncryption succeeded
06-19 18:19:50.063  1380  1380 I OmaDrmEngine: OmaDrmEngine::onSetOnInfoListener
06-19 18:19:50.063  1380  1380 V OmaDrmEngine: Found infoListenerClient
06-19 18:19:50.063  1380  1380 I OmaDrmEngine: OmaDrmEngine::onOpenDecryptSession! fd = 5
06-19 18:19:50.063  1380  1380 D OmaDrmFile: Coming into OmaDrmDcfFile_ParserDcf, fd =  7
06-19 18:19:50.063  1380  1380 E OmaDrmFile: Unable to open Temp media file : No such file or directory 
06-19 18:19:50.063  1380  1380 E OmaDrmFile: Invalid drm version
06-19 18:19:50.063  1380  1380 V OmaDrmFile: DCF releases
06-19 18:19:50.063  1380  1380 I OmaDrmEngine: OmaDrmEngine::onOpenDecryptSession Exit. result = -2006
06-19 18:19:50.063  1380  1380 I OmaDrmEngine: OmaDrmEngine::onTerminate
06-19 18:19:50.066  1401 24739 I FFmpegExtractor: [SniffFFMPEGCommon:L2816]found stream 0 id 0x1b codec h264
06-19 18:19:50.066  1401 24739 I FFmpegExtractor: [mp4]video codec(h264), confidence should be larger than MPEG4Extractor
06-19 18:19:50.068  1401 24739 D FFmpegExtractor: [SniffFFMPEG:L2937] ffmpeg detected media content as 'video/mp4' with confidence 0.41
06-19 18:19:50.068  1401 24739 I FFmpegExtractor: [Sniff:L2978] confidence:0.410000
06-19 18:19:50.075  1079  8779 I vendor.qti.bluetooth@1.0-ibs_handler: ProcessIbsCmd: Received IBS_WAKE_IND: 0xFD
06-19 18:19:50.075  1079  8779 D vendor.qti.bluetooth@1.0-ibs_handler: SerialClockVote: vote for UART CLK ON
06-19 18:19:50.075  1079  8779 I vendor.qti.bluetooth@1.0-ibs_handler: ProcessIbsCmd: Writing IBS_WAKE_ACK
06-19 18:19:50.084  1401 24739 D OplusMPEG4Extractor: [BetterSniffMPEG4:L7311] 1 A:0 V:0
06-19 18:19:50.092 14811  5014 I StagefrightMetadataRetriever: setDataSource, create extractor OplusMPEG4Extractor
06-19 18:19:50.105 30351 10479 W FileSource: offset/length adjusted from 0/576460752303423487 to 0/143476
06-19 18:19:50.108  1401 24739 I FFmpegExtractor: [SniffFFMPEGCommon:L2816]found stream 0 id 0x1b codec h264
06-19 18:19:50.108  1401 24739 I FFmpegExtractor: [mp4]video codec(h264), confidence should be larger than MPEG4Extractor
06-19 18:19:50.109  1401 24739 D FFmpegExtractor: [SniffFFMPEG:L2937] ffmpeg detected media content as 'video/mp4' with confidence 0.41
06-19 18:19:50.109  1401 24739 I FFmpegExtractor: [Sniff:L2978] confidence:0.410000
06-19 18:19:50.116  1079  8779 I vendor.qti.bluetooth@1.0-ibs_handler: ProcessIbsCmd: Received IBS_SLEEP_IND: 0xFE
06-19 18:19:50.116  1079  8779 D vendor.qti.bluetooth@1.0-ibs_handler: SerialClockVote: vote for UART CLK OFF
06-19 18:19:50.127  1401 24739 D OplusMPEG4Extractor: [BetterSniffMPEG4:L7311] 1 A:0 V:0
06-19 18:19:50.153 23628 23779 D Intent  : disableDeathOnFileUriExposure com.google.android.apps.photos
06-19 18:19:50.165  1380  1380 W drmserver: type=1400 audit(0.0:6652556): avc: denied { getattr } for path="/proc/14811/cmdline" dev="proc" ino=55624653 scontext=u:r:drmserver:s0 tcontext=u:r:mediaserver:s0 tclass=file permissive=0
06-19 18:19:50.172  1380  1380 I OmaDrmEngine: OmaDrmEngine::onInitialize
06-19 18:19:50.172  1380  1380 I OmaDrmEngine: OmaDrmEngine::onInitialize -- OmaDrmGlue_InitializeKeyEncryption succeeded
06-19 18:19:50.172  1380  1380 I OmaDrmEngine: OmaDrmEngine::onSetOnInfoListener
06-19 18:19:50.172  1380  1380 V OmaDrmEngine: Found infoListenerClient
06-19 18:19:50.172  1380  1380 I OmaDrmEngine: OmaDrmEngine::onOpenDecryptSession! fd = 5
06-19 18:19:50.172  1380  1380 D OmaDrmFile: Coming into OmaDrmDcfFile_ParserDcf, fd =  7
06-19 18:19:50.172  1380  1380 E OmaDrmFile: Unable to open Temp media file : No such file or directory 
06-19 18:19:50.172  1380  1380 E OmaDrmFile: Invalid drm version
06-19 18:19:50.172  1380  1380 V OmaDrmFile: DCF releases
06-19 18:19:50.172  1380  1380 I OmaDrmEngine: OmaDrmEngine::onOpenDecryptSession Exit. result = -2006
06-19 18:19:50.172  1380 19756 I OmaDrmEngine: OmaDrmEngine::onTerminate
06-19 18:19:50.174  1401 24739 I FFmpegExtractor: [SniffFFMPEGCommon:L2816]found stream 0 id 0x1b codec h264
06-19 18:19:50.174  1401 24739 I FFmpegExtractor: [mp4]video codec(h264), confidence should be larger than MPEG4Extractor
06-19 18:19:50.175  1401 24739 D FFmpegExtractor: [SniffFFMPEG:L2937] ffmpeg detected media content as 'video/mp4' with confidence 0.41
06-19 18:19:50.175  1401 24739 I FFmpegExtractor: [Sniff:L2978] confidence:0.410000
06-19 18:19:50.189  1401 24739 D OplusMPEG4Extractor: [BetterSniffMPEG4:L7311] 1 A:0 V:0
06-19 18:19:50.196 14811  5014 I StagefrightMetadataRetriever: setDataSource, create extractor OplusMPEG4Extractor
06-19 18:19:50.221 23628 23779 E Parcel  : Reading a NULL string not supported here.
06-19 18:19:50.231 23628 23779 D Intent  : disableDeathOnFileUriExposure com.google.android.apps.photos
06-19 18:19:50.245  1380  1380 W drmserver: type=1400 audit(0.0:6652557): avc: denied { getattr } for path="/proc/14811/cmdline" dev="proc" ino=55624653 scontext=u:r:drmserver:s0 tcontext=u:r:mediaserver:s0 tclass=file permissive=0
06-19 18:19:50.249  1380  1380 I OmaDrmEngine: OmaDrmEngine::onInitialize
06-19 18:19:50.250  1380  1380 I OmaDrmEngine: OmaDrmEngine::onInitialize -- OmaDrmGlue_InitializeKeyEncryption succeeded
06-19 18:19:50.250  1380  1380 I OmaDrmEngine: OmaDrmEngine::onSetOnInfoListener
06-19 18:19:50.250  1380  1380 V OmaDrmEngine: Found infoListenerClient
06-19 18:19:50.250  1380  1380 I OmaDrmEngine: OmaDrmEngine::onOpenDecryptSession! fd = 5
06-19 18:19:50.250  1380  1380 D OmaDrmFile: Coming into OmaDrmDcfFile_ParserDcf, fd =  7
06-19 18:19:50.250  1380  1380 E OmaDrmFile: Unable to open Temp media file : No such file or directory 
06-19 18:19:50.250  1380  1380 E OmaDrmFile: Invalid drm version
06-19 18:19:50.250  1380  1380 V OmaDrmFile: DCF releases
06-19 18:19:50.250  1380  1380 I OmaDrmEngine: OmaDrmEngine::onOpenDecryptSession Exit. result = -2006
06-19 18:19:50.250  1380  1380 I OmaDrmEngine: OmaDrmEngine::onTerminate
06-19 18:19:50.252  1401 24739 I FFmpegExtractor: [SniffFFMPEGCommon:L2816]found stream 0 id 0x1b codec h264
06-19 18:19:50.252  1401 24739 I FFmpegExtractor: [mp4]video codec(h264), confidence should be larger than MPEG4Extractor
06-19 18:19:50.252  1401 24739 D FFmpegExtractor: [SniffFFMPEG:L2937] ffmpeg detected media content as 'video/mp4' with confidence 0.41
06-19 18:19:50.252  1401 24739 I FFmpegExtractor: [Sniff:L2978] confidence:0.410000
06-19 18:19:50.261  1401 24739 D OplusMPEG4Extractor: [BetterSniffMPEG4:L7311] 1 A:0 V:0
06-19 18:19:50.266 14811  5014 I StagefrightMetadataRetriever: setDataSource, create extractor OplusMPEG4Extractor
06-19 18:19:50.267  1079  8764 D vendor.qti.bluetooth@1.0-wake_lock: Release wakelock is released 
06-19 18:19:50.273 30351 10481 W FileSource: offset/length adjusted from 0/576460752303423487 to 0/82626
06-19 18:19:50.275  1401 24739 I FFmpegExtractor: [SniffFFMPEGCommon:L2816]found stream 0 id 0x1b codec h264
06-19 18:19:50.275  1401 24739 I FFmpegExtractor: [mp4]video codec(h264), confidence should be larger than MPEG4Extractor
06-19 18:19:50.276  1401 24739 D FFmpegExtractor: [SniffFFMPEG:L2937] ffmpeg detected media content as 'video/mp4' with confidence 0.41
06-19 18:19:50.276  1401 24739 I FFmpegExtractor: [Sniff:L2978] confidence:0.410000
06-19 18:19:50.289  1401 24739 D OplusMPEG4Extractor: [BetterSniffMPEG4:L7311] 1 A:0 V:0
06-19 18:19:50.309 23628 23779 D Intent  : disableDeathOnFileUriExposure com.google.android.apps.photos
06-19 18:19:50.329  1380  1380 W drmserver: type=1400 audit(0.0:6652558): avc: denied { getattr } for path="/proc/14811/cmdline" dev="proc" ino=55624653 scontext=u:r:drmserver:s0 tcontext=u:r:mediaserver:s0 tclass=file permissive=0
06-19 18:19:50.333  1380  1380 I OmaDrmEngine: OmaDrmEngine::onInitialize
06-19 18:19:50.333  1380  1380 I OmaDrmEngine: OmaDrmEngine::onInitialize -- OmaDrmGlue_InitializeKeyEncryption succeeded
06-19 18:19:50.333  1380  1380 I OmaDrmEngine: OmaDrmEngine::onSetOnInfoListener
06-19 18:19:50.333  1380  1380 V OmaDrmEngine: Found infoListenerClient
06-19 18:19:50.333  1380  1380 I OmaDrmEngine: OmaDrmEngine::onOpenDecryptSession! fd = 5
06-19 18:19:50.333  1380  1380 D OmaDrmFile: Coming into OmaDrmDcfFile_ParserDcf, fd =  7
06-19 18:19:50.333  1380  1380 E OmaDrmFile: Unable to open Temp media file : No such file or directory 
06-19 18:19:50.333  1380  1380 E OmaDrmFile: Invalid drm version
06-19 18:19:50.333  1380  1380 V OmaDrmFile: DCF releases
06-19 18:19:50.333  1380  1380 I OmaDrmEngine: OmaDrmEngine::onOpenDecryptSession Exit. result = -2006
06-19 18:19:50.334  1380 19756 I OmaDrmEngine: OmaDrmEngine::onTerminate
06-19 18:19:50.336  1401 24739 I FFmpegExtractor: [SniffFFMPEGCommon:L2816]found stream 0 id 0x1b codec h264
06-19 18:19:50.336  1401 24739 I FFmpegExtractor: [mp4]video codec(h264), confidence should be larger than MPEG4Extractor
06-19 18:19:50.337  1401 24739 D FFmpegExtractor: [SniffFFMPEG:L2937] ffmpeg detected media content as 'video/mp4' with confidence 0.41
06-19 18:19:50.337  1401 24739 I FFmpegExtractor: [Sniff:L2978] confidence:0.410000
06-19 18:19:50.348  1401 24739 D OplusMPEG4Extractor: [BetterSniffMPEG4:L7311] 1 A:0 V:0
06-19 18:19:50.353 14811  5014 I StagefrightMetadataRetriever: setDataSource, create extractor OplusMPEG4Extractor
06-19 18:19:50.381 23628 23779 E Parcel  : Reading a NULL string not supported here.
06-19 18:19:50.405 23628 23779 E Parcel  : Reading a NULL string not supported here.
06-19 18:19:50.431 23628 23779 E Parcel  : Reading a NULL string not supported here.
06-19 18:19:50.456 23628 23779 E Parcel  : Reading a NULL string not supported here.
06-19 18:19:50.490 23628 23779 E Parcel  : Reading a NULL string not supported here.
06-19 18:19:50.520 23628 23779 E Parcel  : Reading a NULL string not supported here.
06-19 18:19:50.554 23628 23779 E Parcel  : Reading a NULL string not supported here.
06-19 18:19:50.598 23628 23779 E Parcel  : Reading a NULL string not supported here.
06-19 18:19:50.633 23628 23779 E Parcel  : Reading a NULL string not supported here.
06-19 18:19:50.656 23628 23779 E Parcel  : Reading a NULL string not supported here.
06-19 18:19:50.680 23628 23779 E Parcel  : Reading a NULL string not supported here.
06-19 18:19:50.705 23628 23779 E Parcel  : Reading a NULL string not supported here.
06-19 18:19:50.734 23628 23779 E Parcel  : Reading a NULL string not supported here.
06-19 18:19:50.767 23628 23779 E Parcel  : Reading a NULL string not supported here.
06-19 18:19:50.799 23628 23779 E Parcel  : Reading a NULL string not supported here.
06-19 18:19:50.828 23628 23779 E Parcel  : Reading a NULL string not supported here.
06-19 18:19:50.859 23628 23779 E Parcel  : Reading a NULL string not supported here.
06-19 18:19:50.886 23628 23779 E Parcel  : Reading a NULL string not supported here.
06-19 18:19:50.915 23628 23779 E Parcel  : Reading a NULL string not supported here.
06-19 18:19:50.948 23628 23779 E Parcel  : Reading a NULL string not supported here.
06-19 18:19:50.979 23628 23779 E Parcel  : Reading a NULL string not supported here.
06-19 18:19:51.007 27194 31913 I OplusFeedbackInfo: [sendFPSInfo:L314] mInputBufCnt = 0 fps, mOutputBufCnt = 0 fps, mRenderFrameCnt = 0 fps
06-19 18:19:51.007 23628 23779 E Parcel  : Reading a NULL string not supported here.
06-19 18:19:51.008  1412  1628 D AtlasService: clientsCount 3
06-19 18:19:51.008  1412  1628 D AtlasService: notify 1025 to client
06-19 18:19:51.008  1412  1628 D AtlasService: notify 1025 to client
06-19 18:19:51.036 23628 23779 E Parcel  : Reading a NULL string not supported here.
06-19 18:19:51.068 23628 23779 E Parcel  : Reading a NULL string not supported here.
06-19 18:19:51.097 23628 23779 E Parcel  : Reading a NULL string not supported here.
06-19 18:19:51.130 23628 23779 E Parcel  : Reading a NULL string not supported here.
