--------- beginning of main
06-19 19:24:23.902   887   887 E libc    : Access denied finding property "ro.hardware.fp.fod"
06-19 19:24:23.902   887   887 E libc    : Access denied finding property "ro.hardware.fp.sideCap"
06-19 19:24:23.909   887   887 E libc    : Access denied finding property "ro.hardware.fp.fod"
06-19 19:24:23.909   887   887 E libc    : Access denied finding property "ro.hardware.fp.sideCap"
06-19 19:24:23.934   887   887 E libc    : Access denied finding property "ro.hardware.fp.fod"
06-19 19:24:23.934   887   887 E libc    : Access denied finding property "ro.hardware.fp.sideCap"
06-19 19:24:23.937   887   887 E libc    : Access denied finding property "ro.hardware.fp.fod"
06-19 19:24:23.937   887   887 E libc    : Access denied finding property "ro.hardware.fp.sideCap"
06-19 19:24:23.969   887   887 E libc    : Access denied finding property "ro.hardware.fp.fod"
06-19 19:24:23.969   887   887 E libc    : Access denied finding property "ro.hardware.fp.sideCap"
06-19 19:24:23.976   887   887 E libc    : Access denied finding property "ro.hardware.fp.fod"
06-19 19:24:23.976   887   887 E libc    : Access denied finding property "ro.hardware.fp.sideCap"
06-19 19:24:24.001   887   887 E libc    : Access denied finding property "ro.hardware.fp.fod"
06-19 19:24:24.002   887   887 E libc    : Access denied finding property "ro.hardware.fp.sideCap"
06-19 19:24:24.006   887   887 E libc    : Access denied finding property "ro.hardware.fp.fod"
06-19 19:24:24.006   887   887 E libc    : Access denied finding property "ro.hardware.fp.sideCap"
06-19 19:24:24.037   887   887 E libc    : Access denied finding property "ro.hardware.fp.fod"
06-19 19:24:24.038   887   887 E libc    : Access denied finding property "ro.hardware.fp.sideCap"
06-19 19:24:24.052   887   887 E libc    : Access denied finding property "ro.hardware.fp.fod"
06-19 19:24:24.052   887   887 E libc    : Access denied finding property "ro.hardware.fp.sideCap"
06-19 19:24:24.058   887   887 E libc    : Access denied finding property "ro.hardware.fp.fod"
06-19 19:24:24.058   887   887 E libc    : Access denied finding property "ro.hardware.fp.sideCap"
06-19 19:24:24.087   887   887 E libc    : Access denied finding property "ro.hardware.fp.fod"
06-19 19:24:24.088   887   887 E libc    : Access denied finding property "ro.hardware.fp.sideCap"
06-19 19:24:24.094   887   887 E libc    : Access denied finding property "ro.hardware.fp.fod"
06-19 19:24:24.094   887   887 E libc    : Access denied finding property "ro.hardware.fp.sideCap"
06-19 19:24:24.119   887   887 E libc    : Access denied finding property "ro.hardware.fp.fod"
06-19 19:24:24.119   887   887 E libc    : Access denied finding property "ro.hardware.fp.sideCap"
06-19 19:24:24.134   887   887 E libc    : Access denied finding property "ro.hardware.fp.fod"
06-19 19:24:24.135   887   887 E libc    : Access denied finding property "ro.hardware.fp.sideCap"
06-19 19:24:24.138   887   887 E libc    : Access denied finding property "ro.hardware.fp.fod"
06-19 19:24:24.138   887   887 E libc    : Access denied finding property "ro.hardware.fp.sideCap"
06-19 19:24:24.155   887   887 E libc    : Access denied finding property "ro.hardware.fp.fod"
06-19 19:24:24.156   887   887 E libc    : Access denied finding property "ro.hardware.fp.sideCap"
--------- beginning of system
06-19 19:24:24.170  2104  9020 I ActivityTaskManager: START u0 {flg=0x10000000 cmp=es.udc.DDM.Grupo3DDM/com.epicgames.ue4.SplashActivity} from uid 2000
06-19 19:24:24.170  2104  9020 D MiuiMultiWindowAdapter: MiuiMultiWindowAdapter::getFreeformBlackList::sSmallWindowBlackList = [com.miui.securitycenter, com.miui.weather2, com.miui.miservice, com.android.calendar, com.xiaomi.calendar, com.android.contacts, com.miui.mishare.connectivity, com.android.settings, com.android.printspooler, com.miui.backup, com.miui.huanji, com.miui.calculator, com.android.deskclock, com.android.thememanager, com.mfashiongallery.emag, com.miui.virtualsim, com.miui.smarttravel, com.mi.health, com.android.camera, com.lbe.security.miui, com.miui.cleanmaster, com.miui.newhome, com.miui.voiceassist, com.android.phone, com.miui.yellowpage, com.android.updater, com.miui.tsmclient, com.miui.securitycore, com.xiaomi.account, com.xiaomi.shop, com.xiaomi.smarthome, com.mipay.wallet, com.xiaomi.youpin, com.xiaomi.hm.health, com.miui.bugreport, com.xiaomi.mibrain.speech, com.xiaomi.mimoji, com.xiaomi.scanner, com.duokan.phone.remotecontroller, com.miui.hybrid, com.android.incallui, com.miui.video, com.miui.videoplayer, com.miui.player, com.miui.fm, com.miui.packageinstaller, com.mi.android.globallauncher, com.mi.android.globallauncher-poco, com.google.android.dialer, com.google.android.apps.magazines, com.miui.compass, com.miui.greenguard, com.kiteguard, com.google.android.apps.prodcasts, com.google.ar.lens, com.xiangkan.android, com.android.bankabc, com.sohu.inputmethod.sogou, com.tencent.mtt, com.shyz.toutiao, com.netease.mc.mi, com.outfit7.talkingtomgoldrun.mi, com.doudz.mi, com.wepie.snake.new.mi, cn.jj, com.standddz002.mi, com.miHoYo.bh3.mi, com.qqgame.hlddz, com.happyelements.AndroidAnimal, com.minitech.miniworld.TMobile.mi, com.mfp.jelly.xiaomi, com.lilithgames.afk.mi, com.tencent.peng, com.teenpatti.hd.gold, blockpuzzle.jewelgames.jewelslegend, com.playgendary.tanks, com.chillingo.robberybobfree.android.row, com.episodeinteractive.android.catalog, com.playrix.township, com.ansangha.drdriving, com.google.android.youtube, com.gbits.atm.mi, com.tencent.tetris, com.sukhavati.gotoplaying.bubble.BubbleShooter.mint, com.block.puzzle.game.hippo.mi, com.youzu.bs.mi, com.appsomniacs.da2, com.miHoYo.Yuanshen, com.baidu.BaiduMap, com.google.android.googlequicksearchbox]
06-19 19:24:24.182  2104  9020 E ANDR-PERF-JNI: com_qualcomm_qtiperformance_native_perf_io_prefetch_start
06-19 19:24:24.186   887   887 E libc    : Access denied finding property "ro.hardware.fp.fod"
06-19 19:24:24.186   887   887 E libc    : Access denied finding property "ro.hardware.fp.sideCap"
06-19 19:24:24.188  2104  9020 D CompatibilityInfo: mCompatibilityFlags - 0
06-19 19:24:24.188  2104  9020 D CompatibilityInfo: applicationDensity - 440
06-19 19:24:24.188  2104  9020 D CompatibilityInfo: applicationScale - 1.0
06-19 19:24:24.188  2043  2048 E ANDR-IOP: io prefetch is disabled
06-19 19:24:24.189  2104  9020 D ActivityTrigger: ActivityTrigger activityPauseTrigger 
06-19 19:24:24.190   887   887 E libc    : Access denied finding property "ro.hardware.fp.fod"
06-19 19:24:24.190   887   887 E libc    : Access denied finding property "ro.hardware.fp.sideCap"
06-19 19:24:24.194   572   572 E SELinux : avc:  denied  { find } for interface=vendor.qti.hardware.servicetracker::IServicetracker sid=u:r:system_server:s0 pid=2104 scontext=u:r:system_server:s0 tcontext=u:object_r:default_android_hwservice:s0 tclass=hwservice_manager permissive=0
06-19 19:24:24.195  2104  9020 D CompatibilityInfo: mCompatibilityFlags - 0
06-19 19:24:24.195  2104  9020 D CompatibilityInfo: applicationDensity - 440
06-19 19:24:24.195  2104  9020 D CompatibilityInfo: applicationScale - 1.0
06-19 19:24:24.196   572   572 E SELinux : avc:  denied  { find } for interface=vendor.qti.hardware.servicetracker::IServicetracker sid=u:r:system_server:s0 pid=2104 scontext=u:r:system_server:s0 tcontext=u:object_r:default_android_hwservice:s0 tclass=hwservice_manager permissive=0
06-19 19:24:24.197  2761  2761 D ScreenElementRoot: pause
06-19 19:24:24.198   572   572 E SELinux : avc:  denied  { find } for interface=vendor.qti.hardware.servicetracker::IServicetracker sid=u:r:system_server:s0 pid=2104 scontext=u:r:system_server:s0 tcontext=u:object_r:default_android_hwservice:s0 tclass=hwservice_manager permissive=0
06-19 19:24:24.198  2104  2152 I SettingsInjector: notify first launch
06-19 19:24:24.202  2104  3455 D CompatibilityInfo: mCompatibilityFlags - 0
06-19 19:24:24.202  2104  3455 D CompatibilityInfo: applicationDensity - 440
06-19 19:24:24.202  2104  3455 D CompatibilityInfo: applicationScale - 1.0
06-19 19:24:24.203   572   572 E SELinux : avc:  denied  { find } for interface=vendor.qti.hardware.servicetracker::IServicetracker sid=u:r:system_server:s0 pid=2104 scontext=u:r:system_server:s0 tcontext=u:object_r:default_android_hwservice:s0 tclass=hwservice_manager permissive=0
06-19 19:24:24.204 28800 28800 D BoundBrokerSvc: onBind: Intent { act=com.google.android.gms.measurement.START pkg=com.google.android.gms }
06-19 19:24:24.204 28800 28800 D BoundBrokerSvc: Loading bound service for intent: Intent { act=com.google.android.gms.measurement.START pkg=com.google.android.gms }
06-19 19:24:24.205  2104  2264 I MiuiNetworkPolicy: updateUidState uid = 10119, uidState = 4
06-19 19:24:24.205  2104  2264 I MiuiNetworkPolicy: updateMLUid uid:10119,old:20,new:4
06-19 19:24:24.205  2104  2264 I MiuiNetworkPolicy: isMLEnabled state:20,uid:10119,connect:DISCONNECTED
06-19 19:24:24.205  2104  2264 I MiuiNetworkPolicy: isMLEnabled state:4,uid:10119,connect:DISCONNECTED
06-19 19:24:24.205  2104  2264 I MiuiNetworkPolicy: updateUidState uid = 10023, uidState = 2
06-19 19:24:24.205  2104  2264 I MiuiNetworkPolicy: updateWmmForUidState uid: 10023 state: 2 wmm: 1
06-19 19:24:24.206  1289  1525 D OemNetd : updateWmm: uid=10023, wmm=1
06-19 19:24:24.207  2104  2264 I MiuiNetworkPolicy: updateMLUid uid:10023,old:6,new:2
06-19 19:24:24.207  2104  2264 I MiuiNetworkPolicy: isMLEnabled state:6,uid:10023,connect:DISCONNECTED
06-19 19:24:24.207  2104  2264 I MiuiNetworkPolicy: isMLEnabled state:2,uid:10023,connect:DISCONNECTED
06-19 19:24:24.209  2104  2152 W ActivityManager: Sending non-protected broadcast miui.intent.action.PACKAGE_FIRST_LAUNCH from system uid 1000 pkg null. Callers=com.android.server.am.ActivityManagerService.broadcastIntentLocked:15848 com.android.server.am.ActivityManagerService.broadcastIntentLocked:15202 com.android.server.am.ActivityManagerService.broadcastIntent:15991 com.android.server.pm.IActivityManagerCompat.sendBroadcast:19 com.android.server.pm.SettingsInjector$1.run:117 
06-19 19:24:24.209  2328  2328 D StatusBar: disable<e i a s b h r c!s > disable2<q i n g r >
06-19 19:24:24.209  2328  2328 D StatusBarClock:  isNormalMode= true clock visible=true
06-19 19:24:24.209  2104  2141 D CompatibilityInfo: mCompatibilityFlags - 0
06-19 19:24:24.210  2104  2141 D CompatibilityInfo: applicationDensity - 440
06-19 19:24:24.210  2104  2141 D CompatibilityInfo: applicationScale - 1.0
06-19 19:24:24.210   572   572 E SELinux : avc:  denied  { find } for interface=vendor.qti.hardware.servicetracker::IServicetracker sid=u:r:system_server:s0 pid=2104 scontext=u:r:system_server:s0 tcontext=u:object_r:default_android_hwservice:s0 tclass=hwservice_manager permissive=0
06-19 19:24:24.211 10400 11373 D AppStatChecker: first launch package: es.udc.DDM.Grupo3DDM
06-19 19:24:24.211 10400 11373 D IdProviderImpl: getOAID
06-19 19:24:24.212   572   572 E SELinux : avc:  denied  { find } for interface=vendor.qti.hardware.servicetracker::IServicetracker sid=u:r:system_server:s0 pid=2104 scontext=u:r:system_server:s0 tcontext=u:object_r:default_android_hwservice:s0 tclass=hwservice_manager permissive=0
06-19 19:24:24.212   572   572 E SELinux : avc:  denied  { find } for interface=vendor.qti.hardware.servicetracker::IServicetracker sid=u:r:system_server:s0 pid=2104 scontext=u:r:system_server:s0 tcontext=u:object_r:default_android_hwservice:s0 tclass=hwservice_manager permissive=0
06-19 19:24:24.215  2104  2264 I MiuiNetworkPolicy: updateUidState uid = 10119, uidState = 11
06-19 19:24:24.216  2104  2264 I MiuiNetworkPolicy: updateMLUid uid:10119,old:4,new:11
06-19 19:24:24.216  2104  2264 I MiuiNetworkPolicy: isMLEnabled state:4,uid:10119,connect:DISCONNECTED
06-19 19:24:24.216  2104  2264 I MiuiNetworkPolicy: isMLEnabled state:11,uid:10119,connect:DISCONNECTED
06-19 19:24:24.216  2104  2134 E system_server: Invalid ID 0x00000000.
06-19 19:24:24.218  2104  3442 D CompatibilityInfo: mCompatibilityFlags - 0
06-19 19:24:24.218  2104  3442 D CompatibilityInfo: applicationDensity - 440
06-19 19:24:24.218  2104  3442 D CompatibilityInfo: applicationScale - 1.0
06-19 19:24:24.221   887   887 E libc    : Access denied finding property "ro.hardware.fp.fod"
06-19 19:24:24.222   887   887 E libc    : Access denied finding property "ro.hardware.fp.sideCap"
06-19 19:24:24.232  2104  2264 I MiuiNetworkPolicy: updateUidState uid = 10488, uidState = 20
06-19 19:24:24.232  2104  2264 I MiuiNetworkPolicy: updateUidState uid = 10119, uidState = 20
06-19 19:24:24.232  2104  2264 I MiuiNetworkPolicy: updateMLUid uid:10119,old:11,new:20
06-19 19:24:24.232  2104  2264 I MiuiNetworkPolicy: isMLEnabled state:11,uid:10119,connect:DISCONNECTED
06-19 19:24:24.233  2104  2264 I MiuiNetworkPolicy: isMLEnabled state:20,uid:10119,connect:DISCONNECTED
06-19 19:24:24.235  2104  3442 D CompatibilityInfo: mCompatibilityFlags - 0
06-19 19:24:24.235  2104  3442 D CompatibilityInfo: applicationDensity - 440
06-19 19:24:24.235  2104  3442 D CompatibilityInfo: applicationScale - 1.0
06-19 19:24:24.242   887   887 E libc    : Access denied finding property "ro.hardware.fp.fod"
06-19 19:24:24.242   887   887 E libc    : Access denied finding property "ro.hardware.fp.sideCap"
06-19 19:24:24.243  2104  2264 I MiuiNetworkPolicy: updateUidState uid = 10119, uidState = 12
06-19 19:24:24.243  2104  2264 I MiuiNetworkPolicy: updateMLUid uid:10119,old:20,new:12
06-19 19:24:24.243  2104  2264 I MiuiNetworkPolicy: isMLEnabled state:20,uid:10119,connect:DISCONNECTED
06-19 19:24:24.243  2104  2264 I MiuiNetworkPolicy: isMLEnabled state:12,uid:10119,connect:DISCONNECTED
06-19 19:24:24.246  2104  2264 I MiuiNetworkPolicy: updateUidState uid = 10119, uidState = 20
06-19 19:24:24.246  2104  2264 I MiuiNetworkPolicy: updateMLUid uid:10119,old:12,new:20
06-19 19:24:24.246  2104  2264 I MiuiNetworkPolicy: isMLEnabled state:12,uid:10119,connect:DISCONNECTED
06-19 19:24:24.246  2104  2264 I MiuiNetworkPolicy: isMLEnabled state:20,uid:10119,connect:DISCONNECTED
06-19 19:24:24.246  2104  2264 I MiuiNetworkPolicy: updateUidState uid = 10064, uidState = 20
06-19 19:24:24.250  1256  1256 D Zygote  : Forked child process 17544
06-19 19:24:24.252   887   887 E libc    : Access denied finding property "ro.hardware.fp.fod"
06-19 19:24:24.252   887   887 E libc    : Access denied finding property "ro.hardware.fp.sideCap"
06-19 19:24:24.253  1289  1525 D OemNetd : setPidForPackage: packageName=es.udc.DDM.Grupo3DDM, pid=17544, pid=10488
06-19 19:24:24.253  2104  2142 I ActivityManager: Start proc 17544:es.udc.DDM.Grupo3DDM/u0a488 for activity {es.udc.DDM.Grupo3DDM/com.epicgames.ue4.SplashActivity} caller=null
06-19 19:24:24.254   887   887 E libc    : Access denied finding property "ro.hardware.fp.fod"
06-19 19:24:24.254   887   887 E libc    : Access denied finding property "ro.hardware.fp.sideCap"
06-19 19:24:24.259 17544 17544 I c.DDM.Grupo3DD: Late-enabling -Xcheck:jni
06-19 19:24:24.285   887   887 E libc    : Access denied finding property "ro.hardware.fp.fod"
06-19 19:24:24.286   887   887 E libc    : Access denied finding property "ro.hardware.fp.sideCap"
06-19 19:24:24.287 17544 17544 E c.DDM.Grupo3DD: Unknown bits set in runtime_flags: 0x8000
06-19 19:24:24.288  1256  1256 D Zygote  : Forked child process 17550
06-19 19:24:24.289  6373  6482 W RenderInspector: DequeueBuffer time out on com.mi.android.globallauncher/com.miui.home.launcher.Launcher, count=1, avg=21 ms, max=21 ms.
06-19 19:24:24.290  1289  1525 D OemNetd : setPidForPackage: packageName=com.xiaomi.mipicks, pid=17550, pid=10064
06-19 19:24:24.290  2104  2142 I ActivityManager: Start proc 17550:com.xiaomi.mipicks/u0a64 for broadcast {com.xiaomi.mipicks/com.xiaomi.market.receiver.AppActiveReceiver} caller=null
06-19 19:24:24.292   887   887 E libc    : Access denied finding property "ro.hardware.fp.fod"
06-19 19:24:24.292   887   887 E libc    : Access denied finding property "ro.hardware.fp.sideCap"
06-19 19:24:24.297 17550 17550 E .xiaomi.mipick: Not starting debugger since process cannot load the jdwp agent.
06-19 19:24:24.305  2104  9020 D CompatibilityInfo: mCompatibilityFlags - 0
06-19 19:24:24.305  2104  9020 D CompatibilityInfo: applicationDensity - 440
06-19 19:24:24.305  2104  9020 D CompatibilityInfo: applicationScale - 1.0
06-19 19:24:24.308  2104  9020 D CompatibilityInfo: mCompatibilityFlags - 0
06-19 19:24:24.308  2104  9020 D CompatibilityInfo: applicationDensity - 440
06-19 19:24:24.308  2104  9020 D CompatibilityInfo: applicationScale - 1.0
06-19 19:24:24.309  2104  3442 D CompatibilityInfo: mCompatibilityFlags - 0
06-19 19:24:24.309  2104  3442 D CompatibilityInfo: applicationDensity - 440
06-19 19:24:24.309  2104  3442 D CompatibilityInfo: applicationScale - 1.0
06-19 19:24:24.311  2104  3442 D CompatibilityInfo: mCompatibilityFlags - 0
06-19 19:24:24.311  2104  3442 D CompatibilityInfo: applicationDensity - 440
06-19 19:24:24.311  2104  3442 D CompatibilityInfo: applicationScale - 1.0
06-19 19:24:24.312  6440  6458 I GST     : forePkg: es.udc.DDM.Grupo3DDM, preForePkg: com.mi.android.globallauncher
06-19 19:24:24.312  2104  3442 W ActivityTaskManager: Request to remove task ignored for non-existent task 93
06-19 19:24:24.312  3827 10379 I ProcessMonitor: onForegroundInfoChanged: ForegroundInfo{mForegroundPackageName='es.udc.DDM.Grupo3DDM', mForegroundUid=10488, mForegroundPid=17544, mLastForegroundPackageName='com.mi.android.globallauncher', mLastForegroundUid=10034, mLastForegroundPid=2761, mMultiWindowForegroundPackageName='null', mMultiWindowForegroundUid=-1, mFlags=1}
06-19 19:24:24.313  2104  3442 I qspmsvc-client: inside perf_hint_qspm
06-19 19:24:24.314  3827 10379 I GameBoosterService: onForegroundInfoChanged: Cur=es.udc.DDM.Grupo3DDM	 last=com.mi.android.globallauncher
06-19 19:24:24.314  3827 10379 D GameBoosterService: onGameStatusChange foreground:ForegroundInfo{mForegroundPackageName='es.udc.DDM.Grupo3DDM', mForegroundUid=10488, mForegroundPid=17544, mLastForegroundPackageName='com.mi.android.globallauncher', mLastForegroundUid=10034, mLastForegroundPid=2761, mMultiWindowForegroundPackageName='null', mMultiWindowForegroundUid=-1, mFlags=1}
06-19 19:24:24.314  3827 10379 I GameBoosterService: onForegroundInfoChanged: Exit
06-19 19:24:24.314  3827 10379 I VideoBoxUtils: isSupportVideoBox: false
06-19 19:24:24.315  3827 10379 I VideoToolBoxService: onForegroundInfoChanged: Exit Vtb
06-19 19:24:24.316  1289  1525 I netd    : firewallSetUidRule(2, 10488, 1) <1.70ms>
06-19 19:24:24.317  2104  2134 I Timeline: Timeline: App_transition_ready time:56608209
06-19 19:24:24.318   887   887 E libc    : Access denied finding property "ro.hardware.fp.fod"
06-19 19:24:24.319   887   887 E libc    : Access denied finding property "ro.hardware.fp.sideCap"
06-19 19:24:24.321  2328  2328 D StatusBar: disable<e i a s b h r c s > disable2<q i n g r >
06-19 19:24:24.321  2328  2328 D PhoneStatusBar/NavigationBarView: setDisabledFlags back:false home:false recent:false
06-19 19:24:24.321  2328  2328 D StatusBarClock:  isNormalMode= true clock visible=true
06-19 19:24:24.323   887   887 E libc    : Access denied finding property "ro.hardware.fp.fod"
06-19 19:24:24.323   887   887 E libc    : Access denied finding property "ro.hardware.fp.sideCap"
06-19 19:24:24.324  2104  2264 I MiuiNetworkPolicy: updateUidState uid = 10064, uidState = 12
06-19 19:24:24.324  2104  2264 I MiuiNetworkPolicy: updateMLUid uid:10064,old:20,new:12
06-19 19:24:24.324  2104  2264 I MiuiNetworkPolicy: isMLEnabled state:20,uid:10064,connect:DISCONNECTED
06-19 19:24:24.324  2104  2264 I MiuiNetworkPolicy: isMLEnabled state:12,uid:10064,connect:DISCONNECTED
06-19 19:24:24.324  2104  2264 I MiuiNetworkPolicy: updateUidState uid = 10488, uidState = 2
06-19 19:24:24.324  2104  2264 I MiuiNetworkPolicy: updateWmmForUidState uid: 10488 state: 2 wmm: 1
06-19 19:24:24.325  1289  1525 D OemNetd : updateWmm: uid=10488, wmm=1
06-19 19:24:24.326  2104  2264 I MiuiNetworkPolicy: updateMLUid uid:10488,old:20,new:2
06-19 19:24:24.326  2104  2264 I MiuiNetworkPolicy: isMLEnabled state:20,uid:10488,connect:DISCONNECTED
06-19 19:24:24.326  2104  2264 I MiuiNetworkPolicy: isMLEnabled state:2,uid:10488,connect:DISCONNECTED
06-19 19:24:24.335  2328  2328 D PhoneStatusBar/NavigationBarView: onDraw
06-19 19:24:24.340   887   887 E libc    : Access denied finding property "ro.hardware.fp.fod"
06-19 19:24:24.340   887   887 E libc    : Access denied finding property "ro.hardware.fp.sideCap"
06-19 19:24:24.356   887   887 E libc    : Access denied finding property "ro.hardware.fp.fod"
06-19 19:24:24.356   887   887 E libc    : Access denied finding property "ro.hardware.fp.sideCap"
06-19 19:24:24.373   887   887 E libc    : Access denied finding property "ro.hardware.fp.fod"
06-19 19:24:24.373   887   887 E libc    : Access denied finding property "ro.hardware.fp.sideCap"
06-19 19:24:24.387  6373  6482 W RenderInspector: DequeueBuffer time out on com.mi.android.globallauncher/com.miui.home.launcher.Launcher, count=1, avg=17 ms, max=17 ms.
06-19 19:24:24.390   887   887 E libc    : Access denied finding property "ro.hardware.fp.fod"
06-19 19:24:24.390   887   887 E libc    : Access denied finding property "ro.hardware.fp.sideCap"
06-19 19:24:24.392  2328  2829 D MobileSignalController: onSignalStrengthsChanged: SignalStrength:{mCdma=CellSignalStrengthCdma: cdmaDbm=2147483647 cdmaEcio=2147483647 evdoDbm=2147483647 evdoEcio=2147483647 evdoSnr=2147483647 miuiLevel=0 level=0,mGsm=CellSignalStrengthGsm: rssi=2147483647 ber=2147483647 mTa=2147483647 miuiLevel=0 mLevel=0,mWcdma=CellSignalStrengthWcdma: ss=-99 ber=2147483647 rscp=-98 ecno=-10 miuiLevel=3 level=1,mTdscdma=CellSignalStrengthTdscdma: rssi=2147483647 ber=2147483647 rscp=2147483647 miuiLevel=0 level=0,mLte=CellSignalStrengthLte: rssi=2147483647 rsrp=2147483647 rsrq=2147483647 rssnr=2147483647 cqi=2147483647 ta=2147483647 miuiLevel=0 level=0,mNr=CellSignalStrengthNr:{ csiRsrp = 2147483647 csiRsrq = 2147483647 csiSinr = 2147483647 ssRsrp = 2147483647 ssRsrq = 2147483647 ssSinr = 2147483647 miuiLevel = 0 level = 0 },primary=CellSignalStrengthWcdma}
06-19 19:24:24.392  2328  2829 D NetworkController.MobileSignalController(1): 4G level = 3
06-19 19:24:24.406   887   887 E libc    : Access denied finding property "ro.hardware.fp.fod"
06-19 19:24:24.406   887   887 E libc    : Access denied finding property "ro.hardware.fp.sideCap"
06-19 19:24:24.422   887   887 E libc    : Access denied finding property "ro.hardware.fp.fod"
06-19 19:24:24.423   887   887 E libc    : Access denied finding property "ro.hardware.fp.sideCap"
06-19 19:24:24.439   887   887 E libc    : Access denied finding property "ro.hardware.fp.fod"
06-19 19:24:24.439   887   887 E libc    : Access denied finding property "ro.hardware.fp.sideCap"
06-19 19:24:24.456   887   887 E libc    : Access denied finding property "ro.hardware.fp.fod"
06-19 19:24:24.456   887   887 E libc    : Access denied finding property "ro.hardware.fp.sideCap"
06-19 19:24:24.465 17550 17550 I Perf    : Connecting to perf service.
06-19 19:24:24.472   887   887 E libc    : Access denied finding property "ro.hardware.fp.fod"
06-19 19:24:24.473   887   887 E libc    : Access denied finding property "ro.hardware.fp.sideCap"
06-19 19:24:24.489   887   887 E libc    : Access denied finding property "ro.hardware.fp.fod"
06-19 19:24:24.489   887   887 E libc    : Access denied finding property "ro.hardware.fp.sideCap"
06-19 19:24:24.506   887   887 E libc    : Access denied finding property "ro.hardware.fp.fod"
06-19 19:24:24.506   887   887 E libc    : Access denied finding property "ro.hardware.fp.sideCap"
06-19 19:24:24.507 17550 17550 D WM-WrkMgrInitializer: Initializing WorkManager with default configuration.
06-19 19:24:24.523   887   887 E libc    : Access denied finding property "ro.hardware.fp.fod"
06-19 19:24:24.523   887   887 E libc    : Access denied finding property "ro.hardware.fp.sideCap"
06-19 19:24:24.526 17550 17550 I FeatureParser: can't find beryllium.xml in assets/device_features/,it may be in /system/etc/device_features
06-19 19:24:24.532 17550 17550 I MiPicks-App: 
06-19 19:24:24.532 17550 17550 I MiPicks-App: 
06-19 19:24:24.532 17550 17550 I MiPicks-App: Process create: com.xiaomi.mipicks ------------------
06-19 19:24:24.539   887   887 E libc    : Access denied finding property "ro.hardware.fp.fod"
06-19 19:24:24.539   887   887 E libc    : Access denied finding property "ro.hardware.fp.sideCap"
06-19 19:24:24.549 17550 17550 I MMKV    : Disable checkProcessMode()
06-19 19:24:24.551 17550 17550 I MMKV    : <native-bridge.cpp:104::JNI_OnLoad> current API level = 29, libc++_shared=0
06-19 19:24:24.552 17550 17550 I MMKV    : <MMKV.cpp:165::initialize> version v1.2.13, page size 4096, arch arm64-v8a
06-19 19:24:24.552 17550 17550 I MMKV    : <MMKV.cpp:176::initialize> armv8 AES instructions is supported
06-19 19:24:24.552 17550 17550 I MMKV    : <MMKV.cpp:184::initialize> armv8 CRC32 instructions is supported
06-19 19:24:24.552 17550 17550 I MMKV    : <MMKV.cpp:207::initializeMMKV> root dir: /data/user/0/com.xiaomi.mipicks/files/mmkv
06-19 19:24:24.556 17550 17550 I MMKV    : <MemoryFile.cpp:97::open> open fd[0x41], /data/user/0/com.xiaomi.mipicks/files/mmkv/com.xiaomi.mipicks_preferences
06-19 19:24:24.556 17550 17550 I MMKV    : <MemoryFile.cpp:97::open> open fd[0x43], /data/user/0/com.xiaomi.mipicks/files/mmkv/com.xiaomi.mipicks_preferences.crc
06-19 19:24:24.557   887   887 E libc    : Access denied finding property "ro.hardware.fp.fod"
06-19 19:24:24.557   887   887 E libc    : Access denied finding property "ro.hardware.fp.sideCap"
06-19 19:24:24.558 17550 17550 I MMKV    : <MMKV_IO.cpp:81::loadFromFile> loading [com.xiaomi.mipicks_preferences] with 0 actual size, file size 4096, InterProcess 1, meta info version:1
06-19 19:24:24.558 17550 17550 I MMKV    : <MMKV_IO.cpp:130::loadFromFile> loaded [com.xiaomi.mipicks_preferences] with 0 key-values
06-19 19:24:24.563 17550 17550 I MiPicks-MMKVManager: init, use MMKV = false
06-19 19:24:24.565 17544 17544 I Perf    : Connecting to perf service.
06-19 19:24:24.565  2104  2264 I MiuiNetworkPolicy: updateUidState uid = 1000, uidState = 0
06-19 19:24:24.573   887   887 E libc    : Access denied finding property "ro.hardware.fp.fod"
06-19 19:24:24.573   887   887 E libc    : Access denied finding property "ro.hardware.fp.sideCap"
06-19 19:24:24.583 17544 17544 I FeatureParser: can't find beryllium.xml in assets/device_features/,it may be in /system/etc/device_features
06-19 19:24:24.587  6373  6482 W RenderInspector: DequeueBuffer time out on com.mi.android.globallauncher/com.miui.home.launcher.Launcher, count=1, avg=17 ms, max=17 ms.
06-19 19:24:24.590   887   887 E libc    : Access denied finding property "ro.hardware.fp.fod"
06-19 19:24:24.590   887   887 E libc    : Access denied finding property "ro.hardware.fp.sideCap"
06-19 19:24:24.592 17550 17550 D NetworkSecurityConfig: Using Network Security Config from resource network_security_config debugBuild: false
06-19 19:24:24.594 17544 17544 E libc    : Access denied finding property "ro.vendor.df.effect.conflict"
06-19 19:24:24.600 17544 17598 V UE4     : [NetworkChangedManager] Network Available: 105
06-19 19:24:24.601 17544 17598 V UE4     : [NetworkChangedManager] No network state set yet, setting naive network state checking connection fully.
06-19 19:24:24.601 17544 17598 V UE4     : [NetworkChangedManager] Network connectivity changed. New connectivity state: CONNECTION_AVAILABLE
06-19 19:24:24.603 17544 17599 E Perf    : Fail to get file list es.udc.DDM.Grupo3DDM
06-19 19:24:24.603 17544 17599 E Perf    : getFolderSize() : Exception_1 = java.lang.NullPointerException: Attempt to get length of null array
06-19 19:24:24.603 17544 17598 V UE4     : [NetworkChangedManager] Network Capabilities changed, has Internet: true
06-19 19:24:24.604 17544 17600 V UE4     : [NetworkChangedManager] Verifying internet connection with host: https://example.com/
06-19 19:24:24.603 17544 17599 E Perf    : Fail to get file list es.udc.DDM.Grupo3DDM
06-19 19:24:24.604 17544 17599 E Perf    : getFolderSize() : Exception_1 = java.lang.NullPointerException: Attempt to get length of null array
06-19 19:24:24.606   887   887 E libc    : Access denied finding property "ro.hardware.fp.fod"
06-19 19:24:24.607   887   887 E libc    : Access denied finding property "ro.hardware.fp.sideCap"
06-19 19:24:24.610 17544 17600 D NetworkSecurityConfig: No Network Security Config specified, using platform default
06-19 19:24:24.614  1289 17604 E ResolverController: No valid NAT64 prefix (105, <unspecified>/0)
06-19 19:24:24.612   887   887 W surfaceflinger: type=1400 audit(0.0:3191361): avc: denied { read } for name="u:object_r:vendor_fp_prop:s0" dev="tmpfs" ino=16614 scontext=u:r:surfaceflinger:s0 tcontext=u:object_r:vendor_fp_prop:s0 tclass=file permissive=0
06-19 19:24:24.623   887   887 E libc    : Access denied finding property "ro.hardware.fp.fod"
06-19 19:24:24.612   887   887 W surfaceflinger: type=1400 audit(0.0:3191362): avc: denied { read } for name="u:object_r:vendor_fp_prop:s0" dev="tmpfs" ino=16614 scontext=u:r:surfaceflinger:s0 tcontext=u:object_r:vendor_fp_prop:s0 tclass=file permissive=0
06-19 19:24:24.623   887   887 E libc    : Access denied finding property "ro.hardware.fp.sideCap"
06-19 19:24:24.638  2328  2328 D StatusBar: disable<e i a s b h r c s > disable2<q i n g r >
06-19 19:24:24.639  2328  2328 D StatusBarClock:  isNormalMode= true clock visible=true
06-19 19:24:24.640 17544 17544 D ForceDarkHelper: updateByCheckExcludeList: pkg: es.udc.DDM.Grupo3DDM activity: com.epicgames.ue4.SplashActivity@64652d9
06-19 19:24:24.632   887   887 W surfaceflinger: type=1400 audit(0.0:3191363): avc: denied { read } for name="u:object_r:vendor_fp_prop:s0" dev="tmpfs" ino=16614 scontext=u:r:surfaceflinger:s0 tcontext=u:object_r:vendor_fp_prop:s0 tclass=file permissive=0
06-19 19:24:24.640   887   887 E libc    : Access denied finding property "ro.hardware.fp.fod"
06-19 19:24:24.640 17550 17550 I Ad      : isPersonalizedAdEnabled getAdSettings: 3
06-19 19:24:24.640   887   887 E libc    : Access denied finding property "ro.hardware.fp.sideCap"
06-19 19:24:24.632   887   887 W surfaceflinger: type=1400 audit(0.0:3191364): avc: denied { read } for name="u:object_r:vendor_fp_prop:s0" dev="tmpfs" ino=16614 scontext=u:r:surfaceflinger:s0 tcontext=u:object_r:vendor_fp_prop:s0 tclass=file permissive=0
06-19 19:24:24.641 17544 17544 D ForceDarkHelper: updateByCheckExcludeList: pkg: es.udc.DDM.Grupo3DDM activity: com.epicgames.ue4.SplashActivity@64652d9
06-19 19:24:24.642 17544 17544 D ForceDarkHelper: updateByCheckExcludeList: pkg: es.udc.DDM.Grupo3DDM activity: com.epicgames.ue4.SplashActivity@64652d9
06-19 19:24:24.642 17550 17550 E DeviceLevel: MiDeviceLevelBridge(): Load Class Exception:java.lang.ClassNotFoundException: Didn't find class "com.miui.performance.DeviceLevelUtils" on path: DexPathList[[zip file "/system/framework/MiuiBooster.jar"],nativeLibraryDirectories=[/system/lib64, /system/product/lib64]]
06-19 19:24:24.645 17550 17606 I MiPicks-Connection: ConnectionException
06-19 19:24:24.645 17550 17606 I MiPicks-Connection: com.xiaomi.market.conn.ConnectionException: Connection aborted by user for CTA.
06-19 19:24:24.645 17550 17606 I MiPicks-Connection: 	at com.xiaomi.market.conn.Connection.ensureUserAgreement(Connection.java:3)
06-19 19:24:24.645 17550 17606 I MiPicks-Connection: 	at com.xiaomi.market.conn.Connection.requestUnsafe(Connection.java:1)
06-19 19:24:24.645 17550 17606 I MiPicks-Connection: 	at com.xiaomi.market.conn.Connection.request(Connection.java:2)
06-19 19:24:24.645 17550 17606 I MiPicks-Connection: 	at com.xiaomi.market.conn.Connection.requestString(Connection.java:3)
06-19 19:24:24.645 17550 17606 I MiPicks-Connection: 	at com.xiaomi.market.conn.Connection$1.run(Connection.java:1)
06-19 19:24:24.645 17550 17606 I MiPicks-Connection: 	at java.util.concurrent.ThreadPoolExecutor.runWorker(ThreadPoolExecutor.java:1167)
06-19 19:24:24.645 17550 17606 I MiPicks-Connection: 	at java.util.concurrent.ThreadPoolExecutor$Worker.run(ThreadPoolExecutor.java:641)
06-19 19:24:24.645 17550 17606 I MiPicks-Connection: 	at java.lang.Thread.run(Thread.java:919)
06-19 19:24:24.646 17550 17606 E MiPicks-Connection: ConnectionException in request : Connection aborted by user for CTA.
06-19 19:24:24.647 17544 17544 I Timeline: Timeline: Activity_launch_request time:56608539
06-19 19:24:24.647  2104  3442 I ActivityTaskManager: START u0 {flg=0x10000 cmp=es.udc.DDM.Grupo3DDM/com.epicgames.ue4.GameActivity (has extras)} from uid 10488
06-19 19:24:24.648  2104  3442 D MiuiMultiWindowAdapter: MiuiMultiWindowAdapter::getFreeformBlackList::sSmallWindowBlackList = [com.miui.securitycenter, com.miui.weather2, com.miui.miservice, com.android.calendar, com.xiaomi.calendar, com.android.contacts, com.miui.mishare.connectivity, com.android.settings, com.android.printspooler, com.miui.backup, com.miui.huanji, com.miui.calculator, com.android.deskclock, com.android.thememanager, com.mfashiongallery.emag, com.miui.virtualsim, com.miui.smarttravel, com.mi.health, com.android.camera, com.lbe.security.miui, com.miui.cleanmaster, com.miui.newhome, com.miui.voiceassist, com.android.phone, com.miui.yellowpage, com.android.updater, com.miui.tsmclient, com.miui.securitycore, com.xiaomi.account, com.xiaomi.shop, com.xiaomi.smarthome, com.mipay.wallet, com.xiaomi.youpin, com.xiaomi.hm.health, com.miui.bugreport, com.xiaomi.mibrain.speech, com.xiaomi.mimoji, com.xiaomi.scanner, com.duokan.phone.remotecontroller, com.miui.hybrid, com.android.incallui, com.miui.video, com.miui.videoplayer, com.miui.player, com.miui.fm, com.miui.packageinstaller, com.mi.android.globallauncher, com.mi.android.globallauncher-poco, com.google.android.dialer, com.google.android.apps.magazines, com.miui.compass, com.miui.greenguard, com.kiteguard, com.google.android.apps.prodcasts, com.google.ar.lens, com.xiangkan.android, com.android.bankabc, com.sohu.inputmethod.sogou, com.tencent.mtt, com.shyz.toutiao, com.netease.mc.mi, com.outfit7.talkingtomgoldrun.mi, com.doudz.mi, com.wepie.snake.new.mi, cn.jj, com.standddz002.mi, com.miHoYo.bh3.mi, com.qqgame.hlddz, com.happyelements.AndroidAnimal, com.minitech.miniworld.TMobile.mi, com.mfp.jelly.xiaomi, com.lilithgames.afk.mi, com.tencent.peng, com.teenpatti.hd.gold, blockpuzzle.jewelgames.jewelslegend, com.playgendary.tanks, com.chillingo.robberybobfree.android.row, com.episodeinteractive.android.catalog, com.playrix.township, com.ansangha.drdriving, com.google.android.youtube, com.gbits.atm.mi, com.tencent.tetris, com.sukhavati.gotoplaying.bubble.BubbleShooter.mint, com.block.puzzle.game.hippo.mi, com.youzu.bs.mi, com.appsomniacs.da2, com.miHoYo.Yuanshen, com.baidu.BaiduMap, com.google.android.googlequicksearchbox]
06-19 19:24:24.648 17550 17606 E MiPicks-Connection: Connection failed : CLIENT_ERROR | null
06-19 19:24:24.649 17550 17550 D AppActiveReceiver: receive app active broadcast for: es.udc.DDM.Grupo3DDM, install from: null
06-19 19:24:24.651  2104  3442 D CompatibilityInfo: mCompatibilityFlags - 0
06-19 19:24:24.651  2104  3442 D CompatibilityInfo: applicationDensity - 440
06-19 19:24:24.651  2104  3442 D CompatibilityInfo: applicationScale - 1.0
06-19 19:24:24.652  2104  3442 D ActivityTrigger: ActivityTrigger activityPauseTrigger 
06-19 19:24:24.652  2328  2328 D EventBus: [2328, u0] send(AppTransitionFinishedEvent)
06-19 19:24:24.652  2328  2328 D EventBus: [2328, u0]  -> ForcedResizableInfoActivityController [0xd8af784, P1] onBusEvent(AppTransitionFinishedEvent)
06-19 19:24:24.652  2328  2328 D EventBus: [2328, u0] onBusEvent(AppTransitionFinishedEvent) duration: 11 microseconds, avg: 162
06-19 19:24:24.642   887   887 W surfaceflinger: type=1400 audit(0.0:3191365): avc: denied { read } for name="u:object_r:vendor_fp_prop:s0" dev="tmpfs" ino=16614 scontext=u:r:surfaceflinger:s0 tcontext=u:object_r:vendor_fp_prop:s0 tclass=file permissive=0
06-19 19:24:24.657   887   887 E libc    : Access denied finding property "ro.hardware.fp.fod"
06-19 19:24:24.657   887   887 E libc    : Access denied finding property "ro.hardware.fp.sideCap"
06-19 19:24:24.657 17550 17607 E Perf    : Fail to get file list com.xiaomi.mipicks
06-19 19:24:24.658 17550 17607 E Perf    : getFolderSize() : Exception_1 = java.lang.NullPointerException: Attempt to get length of null array
06-19 19:24:24.658 17550 17607 E Perf    : Fail to get file list oat
06-19 19:24:24.658 17550 17607 E Perf    : getFolderSize() : Exception_1 = java.lang.NullPointerException: Attempt to get length of null array
06-19 19:24:24.658  2104  3455 D CompatibilityInfo: mCompatibilityFlags - 0
06-19 19:24:24.658  2104  3455 D CompatibilityInfo: applicationDensity - 440
06-19 19:24:24.658  2104  3455 D CompatibilityInfo: applicationScale - 1.0
06-19 19:24:24.659   572   572 E SELinux : avc:  denied  { find } for interface=vendor.qti.hardware.servicetracker::IServicetracker sid=u:r:system_server:s0 pid=2104 scontext=u:r:system_server:s0 tcontext=u:object_r:default_android_hwservice:s0 tclass=hwservice_manager permissive=0
06-19 19:24:24.661 17550 17550 I MiPicks-ServiceUtils: startForeground: AppActiveStatService
06-19 19:24:24.662  2104  3442 I ActivityTaskManager: The Process es.udc.DDM.Grupo3DDM Already Exists in BG. So sending its PID: 17544
06-19 19:24:24.663  2104  3442 D CompatibilityInfo: mCompatibilityFlags - 0
06-19 19:24:24.663  2104  3442 D CompatibilityInfo: applicationDensity - 440
06-19 19:24:24.663  2104  3442 D CompatibilityInfo: applicationScale - 1.0
06-19 19:24:24.665  2104  3442 I Timeline: Timeline: App_transition_ready time:56608557
06-19 19:24:24.667 17544 17544 W ActivityThread: handleWindowVisibility: no activity for token android.os.BinderProxy@605949e
06-19 19:24:24.667  2104  2264 I MiuiNetworkPolicy: updateUidState uid = 10064, uidState = 5
06-19 19:24:24.667  2104  2264 I MiuiNetworkPolicy: updateMLUid uid:10064,old:12,new:5
06-19 19:24:24.667  2104  2264 I MiuiNetworkPolicy: isMLEnabled state:12,uid:10064,connect:DISCONNECTED
06-19 19:24:24.667  2104  2264 I MiuiNetworkPolicy: isMLEnabled state:5,uid:10064,connect:DISCONNECTED
06-19 19:24:24.668  2328  2328 D EventBus: [2328, u0] send(AppTransitionFinishedEvent)
06-19 19:24:24.668  2328  2328 D EventBus: [2328, u0]  -> ForcedResizableInfoActivityController [0xd8af784, P1] onBusEvent(AppTransitionFinishedEvent)
06-19 19:24:24.668  2328  2328 D EventBus: [2328, u0] onBusEvent(AppTransitionFinishedEvent) duration: 12 microseconds, avg: 162
06-19 19:24:24.674   887   887 E libc    : Access denied finding property "ro.hardware.fp.fod"
06-19 19:24:24.674   887   887 E libc    : Access denied finding property "ro.hardware.fp.sideCap"
06-19 19:24:24.690   887   887 E libc    : Access denied finding property "ro.hardware.fp.fod"
06-19 19:24:24.691   887   887 E libc    : Access denied finding property "ro.hardware.fp.sideCap"
06-19 19:24:24.698  2104  2133 D ActivityManager: thread tid=2761, priority is set to -10
06-19 19:24:24.698  2104  2133 D ActivityManager: thread tid=2940, priority is set to -10
06-19 19:24:24.703 17550 17610 I MiPicks-LocalAppManager: load local apps from system : begin
06-19 19:24:24.703 17550 17610 I MiPicks-LocalAppManager: load local apps from system : finish
06-19 19:24:24.706   887   887 E libc    : Access denied finding property "ro.hardware.fp.fod"
06-19 19:24:24.706   887   887 E libc    : Access denied finding property "ro.hardware.fp.sideCap"
06-19 19:24:24.712   572   572 E SELinux : avc:  denied  { find } for interface=vendor.qti.hardware.servicetracker::IServicetracker sid=u:r:system_server:s0 pid=2104 scontext=u:r:system_server:s0 tcontext=u:object_r:default_android_hwservice:s0 tclass=hwservice_manager permissive=0
06-19 19:24:24.713 17550 17550 I MiPicks-ServiceUtils: stop foreground service: AppActiveStatService
06-19 19:24:24.715  2104  3455 I ActivityManager: Killing 17005:com.google.android.documentsui/u0a288 (adj 985): empty #17
06-19 19:24:24.718  2104  2264 I MiuiNetworkPolicy: updateUidState uid = 10064, uidState = 20
06-19 19:24:24.718  2104  2264 I MiuiNetworkPolicy: updateMLUid uid:10064,old:5,new:20
06-19 19:24:24.718  2104  2264 I MiuiNetworkPolicy: isMLEnabled state:5,uid:10064,connect:DISCONNECTED
06-19 19:24:24.718  2104  2264 I MiuiNetworkPolicy: isMLEnabled state:20,uid:10064,connect:DISCONNECTED
06-19 19:24:24.721 17544 17544 D UE4     : Used memory before allocating anything was 145.34MB
06-19 19:24:24.721  2328  2328 D EventBus: [2328, u0] send(AppTransitionFinishedEvent)
06-19 19:24:24.721  2476  2476 I VideoWallpaper: [(VideoWallpaperService.java:2)#OnVisibilityChanged] onVisibilityChanged: false
06-19 19:24:24.721  2328  2328 D EventBus: [2328, u0]  -> ForcedResizableInfoActivityController [0xd8af784, P1] onBusEvent(AppTransitionFinishedEvent)
06-19 19:24:24.721  2328  2328 D EventBus: [2328, u0] onBusEvent(AppTransitionFinishedEvent) duration: 16 microseconds, avg: 162
06-19 19:24:24.724   887   887 E libc    : Access denied finding property "ro.hardware.fp.fod"
06-19 19:24:24.724   887   887 E libc    : Access denied finding property "ro.hardware.fp.sideCap"
06-19 19:24:24.741   887   887 D SurfaceFlinger: Launcher Changed hasLauncher=0
06-19 19:24:24.742   887   887 E libc    : Access denied finding property "ro.hardware.fp.fod"
06-19 19:24:24.742   887   887 E libc    : Access denied finding property "ro.hardware.fp.sideCap"
06-19 19:24:24.758   887   887 E libc    : Access denied finding property "ro.hardware.fp.fod"
06-19 19:24:24.758   887   887 E libc    : Access denied finding property "ro.hardware.fp.sideCap"
06-19 19:24:24.760 17550 17617 I Ad      : isPersonalizedAdEnabled getAdSettings: 3
06-19 19:24:24.761 17550 17617 I MiPicks-Connection: ConnectionException
06-19 19:24:24.761 17550 17617 I MiPicks-Connection: com.xiaomi.market.conn.ConnectionException: Connection aborted by user for CTA.
06-19 19:24:24.761 17550 17617 I MiPicks-Connection: 	at com.xiaomi.market.conn.Connection.ensureUserAgreement(Connection.java:3)
06-19 19:24:24.761 17550 17617 I MiPicks-Connection: 	at com.xiaomi.market.conn.Connection.requestUnsafe(Connection.java:1)
06-19 19:24:24.761 17550 17617 I MiPicks-Connection: 	at com.xiaomi.market.conn.Connection.request(Connection.java:2)
06-19 19:24:24.761 17550 17617 I MiPicks-Connection: 	at com.xiaomi.market.conn.ConnectionRSA.requestJSON(ConnectionRSA.java:3)
06-19 19:24:24.761 17550 17617 I MiPicks-Connection: 	at com.xiaomi.market.service.AppActiveStatService.uploadData(AppActiveStatService.java:7)
06-19 19:24:24.761 17550 17617 I MiPicks-Connection: 	at com.xiaomi.market.service.AppActiveStatService.access$100(AppActiveStatService.java:1)
06-19 19:24:24.761 17550 17617 I MiPicks-Connection: 	at com.xiaomi.market.service.AppActiveStatService$1.doOperation(AppActiveStatService.java:37)
06-19 19:24:24.761 17550 17617 I MiPicks-Connection: 	at com.xiaomi.market.model.DataUploader$1.run(DataUploader.java:3)
06-19 19:24:24.761 17550 17617 I MiPicks-Connection: 	at java.util.concurrent.ThreadPoolExecutor.runWorker(ThreadPoolExecutor.java:1167)
06-19 19:24:24.761 17550 17617 I MiPicks-Connection: 	at java.util.concurrent.ThreadPoolExecutor$Worker.run(ThreadPoolExecutor.java:641)
06-19 19:24:24.761 17550 17617 I MiPicks-Connection: 	at java.lang.Thread.run(Thread.java:919)
06-19 19:24:24.762 17550 17617 E MiPicks-Connection: ConnectionException in request : Connection aborted by user for CTA.
06-19 19:24:24.772  1256  1256 I Zygote  : Process 17005 exited due to signal 9 (Killed)
06-19 19:24:24.772   572   572 E SELinux : avc:  denied  { find } for interface=vendor.qti.hardware.servicetracker::IServicetracker sid=u:r:system_server:s0 pid=2104 scontext=u:r:system_server:s0 tcontext=u:object_r:default_android_hwservice:s0 tclass=hwservice_manager permissive=0
06-19 19:24:24.774   887   887 E libc    : Access denied finding property "ro.hardware.fp.fod"
06-19 19:24:24.774   887   887 E libc    : Access denied finding property "ro.hardware.fp.sideCap"
06-19 19:24:24.775  2104  2264 I MiuiNetworkPolicy: removeUidState uid = 10288
06-19 19:24:24.776  2104  2143 I libprocessgroup: Successfully killed process cgroup uid 10288 pid 17005 in 59ms
06-19 19:24:24.777  2761  2761 I notification_pop_view:  notification is connected:true
06-19 19:24:24.777  2328  2328 D StatusBar: onNotificationPosted key=0|com.xiaomi.mipicks|139314527|null|10064 isUpdate=false
06-19 19:24:24.778  2328  2328 D StatusBar: filter Notification key=0|com.xiaomi.mipicks|139314527|null|10064
06-19 19:24:24.779  2328  2328 D StatusBar: onNotificationRemoved key=0|com.xiaomi.mipicks|139314527|null|10064 reason=8
06-19 19:24:24.779  2328  2328 W StatusBar: removeNotification for unknown key: 0|com.xiaomi.mipicks|139314527|null|10064
06-19 19:24:24.779  2328  2328 D StatusBar: removeNotification null
06-19 19:24:24.790   887   887 E libc    : Access denied finding property "ro.hardware.fp.fod"
06-19 19:24:24.790   887   887 E libc    : Access denied finding property "ro.hardware.fp.sideCap"
06-19 19:24:24.806   887   887 E libc    : Access denied finding property "ro.hardware.fp.fod"
06-19 19:24:24.806   887   887 E libc    : Access denied finding property "ro.hardware.fp.sideCap"
06-19 19:24:24.823   887   887 E libc    : Access denied finding property "ro.hardware.fp.fod"
06-19 19:24:24.823   887   887 E libc    : Access denied finding property "ro.hardware.fp.sideCap"
06-19 19:24:24.839   887   887 E libc    : Access denied finding property "ro.hardware.fp.fod"
06-19 19:24:24.839   887   887 E libc    : Access denied finding property "ro.hardware.fp.sideCap"
06-19 19:24:24.856   887   887 E libc    : Access denied finding property "ro.hardware.fp.fod"
06-19 19:24:24.856   887   887 E libc    : Access denied finding property "ro.hardware.fp.sideCap"
06-19 19:24:24.872   887   887 E libc    : Access denied finding property "ro.hardware.fp.fod"
06-19 19:24:24.873   887   887 E libc    : Access denied finding property "ro.hardware.fp.sideCap"
06-19 19:24:24.889   887   887 E libc    : Access denied finding property "ro.hardware.fp.fod"
06-19 19:24:24.889   887   887 E libc    : Access denied finding property "ro.hardware.fp.sideCap"
06-19 19:24:24.896  8225  8225 E adbd    : failed to connect to socket 'tcp:6666': Connection refused
06-19 19:24:24.906   887   887 E libc    : Access denied finding property "ro.hardware.fp.fod"
06-19 19:24:24.906   887   887 E libc    : Access denied finding property "ro.hardware.fp.sideCap"
06-19 19:24:24.923   887   887 E libc    : Access denied finding property "ro.hardware.fp.fod"
06-19 19:24:24.923   887   887 E libc    : Access denied finding property "ro.hardware.fp.sideCap"
06-19 19:24:24.940   887   887 E libc    : Access denied finding property "ro.hardware.fp.fod"
06-19 19:24:24.940   887   887 E libc    : Access denied finding property "ro.hardware.fp.sideCap"
06-19 19:24:24.956   887   887 E libc    : Access denied finding property "ro.hardware.fp.fod"
06-19 19:24:24.956   887   887 E libc    : Access denied finding property "ro.hardware.fp.sideCap"
06-19 19:24:24.969 17544 17544 D UE4     : In the JNI_OnLoad function
06-19 19:24:24.970 17544 17544 D UE4     : [JNI] - Failed to determine if app purchasing is enabled!
06-19 19:24:24.971 17544 17544 D UE4     : Path found as '/storage/emulated/0'
06-19 19:24:24.971 17544 17544 D UE4     : Font Path found as '/system/fonts/'
06-19 19:24:24.971 17544 17544 D UE4     : In the JNI_OnLoad function 5
06-19 19:24:24.973   887   887 E libc    : Access denied finding property "ro.hardware.fp.fod"
06-19 19:24:24.973   887   887 E libc    : Access denied finding property "ro.hardware.fp.sideCap"
06-19 19:24:24.974 17544 17544 D OVRPlugin: JNI_OnLoad
06-19 19:24:24.979 17544 17544 D ForceDarkHelper: updateByCheckExcludeList: pkg: es.udc.DDM.Grupo3DDM activity: com.epicgames.ue4.GameActivity@f89174c
06-19 19:24:24.982 17544 17544 I chatty  : uid=10488(es.udc.DDM.Grupo3DDM) identical 2 lines
06-19 19:24:24.982 17544 17544 D ForceDarkHelper: updateByCheckExcludeList: pkg: es.udc.DDM.Grupo3DDM activity: com.epicgames.ue4.GameActivity@f89174c
06-19 19:24:24.987  2104  3207 I SensorService: check list, getPackageName  com.google.android.location.collectionlib.BatchSignalCollector$BatchSensorEventListener
06-19 19:24:24.988   784   863 I sensors-hal: batch:180, android.sensor.accelerometer/50, period=20000000, max_latency=2147483647000
06-19 19:24:24.988   784   863 I sensors-hal: batch:189, android.sensor.accelerometer/50, period=20000000, max_latency=2147483647000 request completed
06-19 19:24:24.988   784   863 I sensors-hal: activate:147, android.sensor.accelerometer/50 en=1
06-19 19:24:24.988   784   863 I sensors-hal: get_qmi_debug_flag:230, support_qmi_debug : false
06-19 19:24:24.988   784   863 I sensors-hal: send_sensor_config_request:367, dt=accel, asked batch_period_us : 2147483647 adjusted_us : 200000000
06-19 19:24:24.990   887   887 E libc    : Access denied finding property "ro.hardware.fp.fod"
06-19 19:24:24.990   887   887 E libc    : Access denied finding property "ro.hardware.fp.sideCap"
06-19 19:24:24.991   784   863 I sensors-hal: activate:158, android.sensor.accelerometer/50 en=1 completed
06-19 19:24:24.995  2104  3455 I SensorService: check list, getPackageName  com.google.android.location.collectionlib.SensorScanner$SensorEventListenerAdapter
06-19 19:24:24.995   784   863 I sensors-hal: batch:180, android.sensor.accelerometer/50, period=20000000, max_latency=0
06-19 19:24:24.998   784  1575 E sensors-hal: ~worker:70, pthread_join iRet = 0
06-19 19:24:24.999   784   863 I sensors-hal: batch:189, android.sensor.accelerometer/50, period=20000000, max_latency=0 request completed
06-19 19:24:25.000   784   863 I sensors-hal: flush:209, android.sensor.accelerometer/50
06-19 19:24:25.004   784   863 I sensors-hal: flush:215, android.sensor.accelerometer/50 completed
