--------- beginning of system
06-19 18:34:59.343  1777  1919 W ActivityManager: Scheduling restart of crashed service com.google.android.apps.messaging/com.google.android.ims.binding.SystemBindingService in 20000ms for connection
06-19 18:34:59.489  1777  4881 W XSpaceManagerService: checkXSpaceControl, from:com.android.shell, to:es.udc.DDM.Grupo3DDM, with act:null, callingUserId:0, toUserId:0
--------- beginning of main
06-19 18:34:59.489  1777  1893 D EventSequenceValidator: Transition from ACTIVITY_FINISHED to INTENT_STARTED
06-19 18:34:59.489  1777  4881 I ActivityTaskManager: START u0 {flg=0x10000000 cmp=es.udc.DDM.Grupo3DDM/com.epicgames.ue4.SplashActivity} from uid 2000
06-19 18:34:59.490  1777  4881 D MiuiMultiWindowAdapter: MiuiMultiWindowAdapter::getFreeformBlackList::sSmallWindowBlackList = [com.miui.securitycenter, com.miui.miservice, com.xiaomi.calendar, com.miui.mishare.connectivity, com.android.settings, com.android.printspooler, com.miui.backup, com.miui.huanji, com.miui.calculator, com.android.thememanager, com.mfashiongallery.emag, com.miui.virtualsim, com.miui.smarttravel, com.mi.health, com.android.camera, com.lbe.security.miui, com.miui.cleanmaster, com.miui.newhome, com.miui.voiceassist, com.android.phone, com.miui.yellowpage, com.android.updater, com.miui.tsmclient, com.miui.securitycore, com.xiaomi.account, com.xiaomi.shop, com.mipay.wallet, com.xiaomi.youpin, com.xiaomi.hm.health, com.miui.bugreport, com.xiaomi.mibrain.speech, com.xiaomi.mimoji, com.xiaomi.scanner, com.duokan.phone.remotecontroller, com.miui.hybrid, com.miui.video, com.miui.videoplayer, com.miui.fm, com.miui.packageinstaller, com.mi.android.globallauncher, com.mi.android.globallauncher-poco, com.google.android.dialer, com.google.android.apps.magazines, com.miui.compass, com.miui.greenguard, com.kiteguard, com.google.android.apps.prodcasts, com.google.ar.lens, com.xiangkan.android, com.android.bankabc, com.sohu.inputmethod.sogou, com.tencent.mtt, com.shyz.toutiao, com.netease.mc.mi, com.outfit7.talkingtomgoldrun.mi, com.doudz.mi, com.wepie.snake.new.mi, cn.jj, com.standddz002.mi, com.miHoYo.bh3.mi, com.qqgame.hlddz, com.happyelements.AndroidAnimal, com.minitech.miniworld.TMobile.mi, com.mfp.jelly.xiaomi, com.lilithgames.afk.mi, com.tencent.peng, com.teenpatti.hd.gold, blockpuzzle.jewelgames.jewelslegend, com.playgendary.tanks, com.chillingo.robberybobfree.android.row, com.episodeinteractive.android.catalog, com.playrix.township, com.ansangha.drdriving, com.google.android.youtube, com.gbits.atm.mi, com.tencent.tetris, com.sukhavati.gotoplaying.bubble.BubbleShooter.mint, com.block.puzzle.game.hippo.mi, com.youzu.bs.mi, com.baidu.BaiduMap, com.google.android.googlequicksearchbox, com.appsomniacs.da2, com.android.stk, com.feiyu.carrot3.mi, com.popcap.pvz2cthdxm, com.mxtech.videoplayer.ad, cn.cisc, com.kiloo.subwaysurf, com.cncyj.mostbrain, pdf.tap.scanner, com.og.ttddz.mi, com.ximalaya.ting.lite, com.google.android.apps.podcasts, com.google.android.apps.googleassistant, com.netease.onmyoji.mi, com.netease.onmyoji.bili, com.netease.mrzh.mi, com.netease.mrzh.bili, com.tencent.tmgp.yys.zqb, com.google.android.gm, com.google.android.calendar, com.android.chrome, com.google.android.apps.youtube.music, com.netease.pes.huawei, com.netease.pes.mi, com.netease.pes.bili, com.flyfish.supermario, com.picsart.studio, com.netease.dwrg.mi, com.netease.dwrg.bili, com.netease.dwrg.nearme.gamecenter, com.netease.dwrg, com.netease.dwrg.huawei, com.tencent.tmgp.dwrg, com.netease.dwrg.m4399, com.netease.dwrg.mz, com.netease.dwrg.aligames, com.netease.dwrg.baidu, com.netease.dwrg.qihoo, com.moji.mjweather, com.tencent.tmgp.kof98, com.netease.onmyoji, com.taobao.idlefish, com.ledou.mhhy.mi, com.hzfy.ddzbs.mi, com.qsmy.walkmonkey, com.fy.bzzbc.mi, com.dw.xprqj.mi, com.miui.accessibility, com.ymt.nbaftx.mi]
06-19 18:34:59.494   992 11415 I vendor.qti.hardware.servicetracker@1.2-service: Activity state is changed to : 0
06-19 18:34:59.494   992 11415 I vendor.qti.hardware.servicetracker@1.2-service: Activity state is changed to : 0
06-19 18:34:59.494   988   988 I ANDR-PERF-LM: LMPerfGlue: perfmodule_submit_request() 132: perfmodule_submit_request()
06-19 18:34:59.495   988   988 I ANDR-PERF-LM: Core: getInstance() 84: LM getInstance
06-19 18:34:59.495   988   988 I ANDR-PERF-LM: WQ: push() 59: LMTriggerQ push() size=0
06-19 18:34:59.495   988   988 I ANDR-PERF-LM: WQ: push() 61: LMTriggerQ push() done size=1
06-19 18:34:59.495   988  1035 I ANDR-PERF-LM: WQ: pop() 42: LMTriggerQ pop() done size=0
06-19 18:34:59.495   988  1035 I ANDR-PERF-LM: Core: lmMain() 381: Calling runAsync for PreKill
06-19 18:34:59.495   988   988 I ANDR-PERF-LM: LMPerfGlue: perfmodule_submit_request() 132: perfmodule_submit_request()
06-19 18:34:59.495   988  1035 I ANDR-PERF-LM: FeatureState: readState() 162: PreKill: DB: es.udc.DDM.Grupo3DDM app state = 1
06-19 18:34:59.495   988   988 I ANDR-PERF-LM: Core: getInstance() 84: LM getInstance
06-19 18:34:59.495   988   988 I ANDR-PERF-LM: WQ: push() 59: LMTriggerQ push() size=0
06-19 18:34:59.495   988  1035 I ANDR-PERF-LM: Core: lmMain() 391: runAsync for PreKill returned
06-19 18:34:59.495   988   988 I ANDR-PERF-LM: WQ: push() 61: LMTriggerQ push() done size=1
06-19 18:34:59.495   988  1035 I ANDR-PERF-LM: Core: lmMain() 381: Calling runAsync for AdaptLaunch
06-19 18:34:59.495   988   988 D ANDR-PERF-LM: ThreadHelper: wakeUp() 103: (Meter,Helper,Name,pending)=(0xb400007eaf428540,0xb400007eaf467c20,PreKillActionThread,1)
06-19 18:34:59.495   988  1035 D ANDR-PERF-LM: Feature: lookup() 101: Feature Name = AppClassifier, total featuers = 4, featureFound = 1
06-19 18:34:59.495   988  1035 D ANDR-PERF-LM: Feature: getData() 112: data.data = 0
06-19 18:34:59.495   988  1035 I ANDR-PERF-LM: Core: lmMain() 391: runAsync for AdaptLaunch returned
06-19 18:34:59.495   988  1035 I ANDR-PERF-LM: Core: lmMain() 373: Waiting on trigger Queue
06-19 18:34:59.495   988  1035 I ANDR-PERF-LM: WQ: pop() 31: LMTriggerQ pop() size=1
06-19 18:34:59.495   988  1035 I ANDR-PERF-LM: WQ: pop() 42: LMTriggerQ pop() done size=0
06-19 18:34:59.495   988  1035 I ANDR-PERF-LM: Core: lmMain() 381: Calling runAsync for PreKill
06-19 18:34:59.495   988   988 I ANDR-PERF-LM: LMPerfGlue: perfmodule_submit_request() 132: perfmodule_submit_request()
06-19 18:34:59.495   988   988 I ANDR-PERF-LM: Core: getInstance() 84: LM getInstance
06-19 18:34:59.495   988   988 D ANDR-PERF-LM: Feature: lookup() 101: Feature Name = AppClassifier, total featuers = 4, featureFound = 1
06-19 18:34:59.495   988  1035 I ANDR-PERF-LM: FeatureState: readState() 162: PreKill: DB: es.udc.DDM.Grupo3DDM app state = 1
06-19 18:34:59.495   988  1035 I ANDR-PERF-LM: Core: lmMain() 391: runAsync for PreKill returned
06-19 18:34:59.495   988  1035 I ANDR-PERF-LM: Core: lmMain() 381: Calling runAsync for AdaptLaunch
06-19 18:34:59.495   988   988 D ANDR-PERF-LM: Feature: getData() 112: data.data = 0
06-19 18:34:59.495   988   988 I ANDR-PERF-LM: FeedbackAPI: getFeedback() 60: app:es.udc.DDM.Grupo3DDM feature:AppClassifier feedback = 0
06-19 18:34:59.495   988  1035 I ANDR-PERF-LM: MetaMeter: isValidAsync() 194: AsyncInfo: hintID = 4225
06-19 18:34:59.495   988  1035 I ANDR-PERF-LM: hintType: 2
06-19 18:34:59.495   988  1035 I ANDR-PERF-LM: isPrimary = 0
06-19 18:34:59.495   988  1035 I ANDR-PERF-LM: MetaMeter: isValidAsync() 203: Invalid (hintID,hintType,appName,duration,appPID,appThreadTID) = (4225, 2,es.udc.DDM.Grupo3DDM,-1,1777,4881)
06-19 18:34:59.495   988  1035 E ANDR-PERF-LM: MetaMeter: handleAsync() 164: AdaptLaunch Invalid Async
06-19 18:34:59.495   988  1035 I ANDR-PERF-LM: Core: lmMain() 391: runAsync for AdaptLaunch returned
06-19 18:34:59.495   988  1035 I ANDR-PERF-LM: Core: lmMain() 373: Waiting on trigger Queue
06-19 18:34:59.495   988  1035 I ANDR-PERF-LM: WQ: pop() 31: LMTriggerQ pop() size=0
06-19 18:34:59.495   988  3640 D ANDR-PERF-LM: ThreadHelper: thread_callback() 149: Starting:(Meter,Helper,Name,pending)=(0xb400007eaf428540,0xb400007eaf467c20,PreKillActionThread,0) 
06-19 18:34:59.496   988   988 I ANDR-PERF-LM: LMPerfGlue: perfmodule_submit_request() 132: perfmodule_submit_request()
06-19 18:34:59.496   988   988 I ANDR-PERF-LM: Core: getInstance() 84: LM getInstance
06-19 18:34:59.496   988   988 I ANDR-PERF-LM: WQ: push() 59: LMTriggerQ push() size=0
06-19 18:34:59.496   988   988 I ANDR-PERF-LM: WQ: push() 61: LMTriggerQ push() done size=1
06-19 18:34:59.496  1777  4881 E ANDR-PERF-JNI: com_qualcomm_qtiperformance_native_perf_io_prefetch_start
06-19 18:34:59.498   988  1035 I ANDR-PERF-LM: WQ: pop() 42: LMTriggerQ pop() done size=0
06-19 18:34:59.498   988  1035 I ANDR-PERF-LM: Core: lmMain() 381: Calling runAsync for PreKill
06-19 18:34:59.498   988  1035 I ANDR-PERF-LM: FeatureState: readState() 162: PreKill: DB: es.udc.DDM.Grupo3DDM app state = 1
06-19 18:34:59.498   988  1035 I ANDR-PERF-LM: Core: lmMain() 391: runAsync for PreKill returned
06-19 18:34:59.498   988  1035 I ANDR-PERF-LM: Core: lmMain() 381: Calling runAsync for AdaptLaunch
06-19 18:34:59.498   988  1035 I ANDR-PERF-LM: MetaMeter: isValidAsync() 194: AsyncInfo: hintID = 4225
06-19 18:34:59.498   988  1035 I ANDR-PERF-LM: hintType: 3
06-19 18:34:59.498   988  1035 I ANDR-PERF-LM: isPrimary = 0
06-19 18:34:59.498   988  1035 I ANDR-PERF-LM: MetaMeter: isValidAsync() 203: Invalid (hintID,hintType,appName,duration,appPID,appThreadTID) = (4225, 3,es.udc.DDM.Grupo3DDM,-1,1777,4881)
06-19 18:34:59.498   988  1035 E ANDR-PERF-LM: MetaMeter: handleAsync() 164: AdaptLaunch Invalid Async
06-19 18:34:59.498   988  1035 I ANDR-PERF-LM: Core: lmMain() 391: runAsync for AdaptLaunch returned
06-19 18:34:59.498   988  1035 I ANDR-PERF-LM: Core: lmMain() 373: Waiting on trigger Queue
06-19 18:34:59.498   988  1035 I ANDR-PERF-LM: WQ: pop() 31: LMTriggerQ pop() size=0
06-19 18:34:59.499   987   999 E ANDR-IOP: io prefetch is disabled
06-19 18:34:59.499   988  3640 D ANDR-PERF-LM: ThreadHelper: thread_callback() 162: Returned from Start:(Meter,Helper,Name,pending)=(0xb400007eaf428540,0xb400007eaf467c20,PreKillActionThread,0) 
06-19 18:34:59.499   988  3640 D ANDR-PERF-LM: ThreadHelper: thread_callback() 134: Waiting:(Meter,Helper,Name,pending)=(0xb400007eaf428540,0xb400007eaf467c20,PreKillActionThread,0)
06-19 18:34:59.500   988   988 I ANDR-PERF-LM: LMPerfGlue: perfmodule_submit_request() 132: perfmodule_submit_request()
06-19 18:34:59.500   988   988 I ANDR-PERF-LM: Core: getInstance() 84: LM getInstance
06-19 18:34:59.500   988   988 I ANDR-PERF-LM: WQ: push() 59: LMTriggerQ push() size=0
06-19 18:34:59.500   988   988 I ANDR-PERF-LM: WQ: push() 61: LMTriggerQ push() done size=1
06-19 18:34:59.500   988  1035 I ANDR-PERF-LM: WQ: pop() 42: LMTriggerQ pop() done size=0
06-19 18:34:59.500   988  1035 I ANDR-PERF-LM: Core: lmMain() 381: Calling runAsync for PreKill
06-19 18:34:59.500   988  1035 I ANDR-PERF-LM: Core: lmMain() 391: runAsync for PreKill returned
06-19 18:34:59.500   988  1035 I ANDR-PERF-LM: Core: lmMain() 381: Calling runAsync for AdaptLaunch
06-19 18:34:59.500   988  1035 I ANDR-PERF-LM: Core: lmMain() 391: runAsync for AdaptLaunch returned
06-19 18:34:59.500   988  1035 I ANDR-PERF-LM: Core: lmMain() 373: Waiting on trigger Queue
06-19 18:34:59.500   988  1035 I ANDR-PERF-LM: WQ: pop() 31: LMTriggerQ pop() size=0
06-19 18:34:59.500   988   988 I ANDR-PERF-LM: LMPerfGlue: perfmodule_submit_request() 132: perfmodule_submit_request()
06-19 18:34:59.500   988   988 I ANDR-PERF-LM: Core: getInstance() 84: LM getInstance
06-19 18:34:59.500   988   988 I ANDR-PERF-LM: WQ: push() 59: LMTriggerQ push() size=0
06-19 18:34:59.500   988   988 I ANDR-PERF-LM: WQ: push() 61: LMTriggerQ push() done size=1
06-19 18:34:59.500   988  1035 I ANDR-PERF-LM: WQ: pop() 42: LMTriggerQ pop() done size=0
06-19 18:34:59.500   988  1035 I ANDR-PERF-LM: Core: lmMain() 381: Calling runAsync for PreKill
06-19 18:34:59.501   988  1035 I ANDR-PERF-LM: Core: lmMain() 391: runAsync for PreKill returned
06-19 18:34:59.501   988  1035 I ANDR-PERF-LM: Core: lmMain() 381: Calling runAsync for AdaptLaunch
06-19 18:34:59.501   988  1035 I ANDR-PERF-LM: Core: lmMain() 391: runAsync for AdaptLaunch returned
06-19 18:34:59.501   988  1035 I ANDR-PERF-LM: Core: lmMain() 373: Waiting on trigger Queue
06-19 18:34:59.501   988  1035 I ANDR-PERF-LM: WQ: pop() 31: LMTriggerQ pop() size=0
06-19 18:34:59.503  1777  4881 D CompatibilityInfo: mCompatibilityFlags - 0
06-19 18:34:59.503  1777  4881 D CompatibilityInfo: applicationDensity - 440
06-19 18:34:59.503  1777  4881 D CompatibilityInfo: applicationScale - 1.0
06-19 18:34:59.504   992 17258 I vendor.qti.hardware.servicetracker@1.2-service: Activity state is changed to : 2
06-19 18:34:59.504   988   988 I ANDR-PERF-LM: LMPerfGlue: perfmodule_submit_request() 132: perfmodule_submit_request()
06-19 18:34:59.504   988   988 I ANDR-PERF-LM: Core: getInstance() 84: LM getInstance
06-19 18:34:59.504   988   988 I ANDR-PERF-LM: WQ: push() 59: LMTriggerQ push() size=0
06-19 18:34:59.504   988   988 I ANDR-PERF-LM: WQ: push() 61: LMTriggerQ push() done size=1
06-19 18:34:59.504   988  1035 I ANDR-PERF-LM: WQ: pop() 42: LMTriggerQ pop() done size=0
06-19 18:34:59.504   988  1035 I ANDR-PERF-LM: Core: lmMain() 381: Calling runAsync for GameOptimization
06-19 18:34:59.504   988  1035 D ANDR-PERF-LM: Feature: lookup() 101: Feature Name = AppClassifier, total featuers = 4, featureFound = 1
06-19 18:34:59.505   988  1035 D ANDR-PERF-LM: Feature: getData() 112: data.data = 0
06-19 18:34:59.505   988  1035 I ANDR-PERF-LM: Core: lmMain() 391: runAsync for GameOptimization returned
06-19 18:34:59.505   988  1035 I ANDR-PERF-LM: Core: lmMain() 373: Waiting on trigger Queue
06-19 18:34:59.505   988  1035 I ANDR-PERF-LM: WQ: pop() 31: LMTriggerQ pop() size=0
06-19 18:34:59.505  1777  4881 D ActivityTrigger: ActivityTrigger activityPauseTrigger 
06-19 18:34:59.505   992 17258 I vendor.qti.hardware.servicetracker@1.2-service: Activity state is changed to : 3
06-19 18:34:59.505   988   988 I ANDR-PERF-LM: LMPerfGlue: perfmodule_submit_request() 132: perfmodule_submit_request()
06-19 18:34:59.505   988   988 I ANDR-PERF-LM: Core: getInstance() 84: LM getInstance
06-19 18:34:59.505   988   988 I ANDR-PERF-LM: WQ: push() 59: LMTriggerQ push() size=0
06-19 18:34:59.505   988   988 I ANDR-PERF-LM: WQ: push() 61: LMTriggerQ push() done size=1
06-19 18:34:59.505   988  1035 I ANDR-PERF-LM: WQ: pop() 42: LMTriggerQ pop() done size=0
06-19 18:34:59.505   988  1035 I ANDR-PERF-LM: Core: lmMain() 381: Calling runAsync for GameOptimization
06-19 18:34:59.505   988  1035 D ANDR-PERF-LM: Feature: lookup() 101: Feature Name = AppClassifier, total featuers = 4, featureFound = 1
06-19 18:34:59.505   988  1035 D ANDR-PERF-LM: Feature: getData() 112: data.data = 1
06-19 18:34:59.505   988  1035 I ANDR-PERF-LM: Core: lmMain() 391: runAsync for GameOptimization returned
06-19 18:34:59.505   988  1035 I ANDR-PERF-LM: Core: lmMain() 373: Waiting on trigger Queue
06-19 18:34:59.505   988  1035 I ANDR-PERF-LM: WQ: pop() 31: LMTriggerQ pop() size=0
06-19 18:34:59.505   992 17258 I vendor.qti.hardware.servicetracker@1.2-service: Activity state is changed to : 3
06-19 18:34:59.512  1777  1893 D EventSequenceValidator: Transition from INTENT_STARTED to ACTIVITY_LAUNCHED
06-19 18:34:59.522  2821  2821 D Launcher.Lifecycle: onPause:UserHandle{0},34d3e1c,true
06-19 18:34:59.522  2821  2821 D Launcher_UnlockAnimationStateMachine: setState:PAUSE_WAIT
06-19 18:34:59.523   992 17258 I vendor.qti.hardware.servicetracker@1.2-service: Activity state is changed to : 4
06-19 18:34:59.523   992 17258 I vendor.qti.hardware.servicetracker@1.2-service: Activity state is changed to : 4
06-19 18:34:59.523   992 17258 I vendor.qti.hardware.servicetracker@1.2-service: Activity state is changed to : 2
06-19 18:34:59.523   988   988 I ANDR-PERF-LM: LMPerfGlue: perfmodule_submit_request() 132: perfmodule_submit_request()
06-19 18:34:59.523   988   988 I ANDR-PERF-LM: Core: getInstance() 84: LM getInstance
06-19 18:34:59.523   988   988 I ANDR-PERF-LM: WQ: push() 59: LMTriggerQ push() size=0
06-19 18:34:59.523   988   988 I ANDR-PERF-LM: WQ: push() 61: LMTriggerQ push() done size=1
06-19 18:34:59.523   988  1035 I ANDR-PERF-LM: WQ: pop() 42: LMTriggerQ pop() done size=0
06-19 18:34:59.523   988  1035 I ANDR-PERF-LM: Core: lmMain() 381: Calling runAsync for GameOptimization
06-19 18:34:59.523   988  1035 D ANDR-PERF-LM: Feature: lookup() 101: Feature Name = AppClassifier, total featuers = 4, featureFound = 1
06-19 18:34:59.523   988  1035 D ANDR-PERF-LM: Feature: getData() 112: data.data = 0
06-19 18:34:59.523   988  1035 I ANDR-PERF-LM: Core: lmMain() 391: runAsync for GameOptimization returned
06-19 18:34:59.523   988  1035 I ANDR-PERF-LM: Core: lmMain() 373: Waiting on trigger Queue
06-19 18:34:59.523   988  1035 I ANDR-PERF-LM: WQ: pop() 31: LMTriggerQ pop() size=0
06-19 18:34:59.524  1777  2035 I SettingsInjector: notify first launch
06-19 18:34:59.526  1777  2035 W ActivityManager: Sending non-protected broadcast miui.intent.action.PACKAGE_FIRST_LAUNCH from system uid 1000 pkg null. Callers=com.android.server.am.ActivityManagerService.broadcastIntentLocked:17078 com.android.server.am.ActivityManagerService.broadcastIntentLocked:16399 com.android.server.am.ActivityManagerService.broadcastIntentWithFeature:17235 com.android.server.am.ActivityManagerService.broadcastIntent:17215 com.android.server.pm.IActivityManagerCompat.sendBroadcast:19 
06-19 18:34:59.529  1777  1919 D CompatibilityInfo: mCompatibilityFlags - 0
06-19 18:34:59.529  1777  1919 D CompatibilityInfo: applicationDensity - 440
06-19 18:34:59.529  1777  1919 D CompatibilityInfo: applicationScale - 1.0
06-19 18:34:59.532  2821  2821 I RenderVsyncUpdater: All controllers paused.
06-19 18:34:59.532  2821  2977 D StatusBarController: handleMessage: flag 800000  disable false
06-19 18:34:59.533 30968 31391 D AppStatChecker: first launch package: es.udc.DDM.Grupo3DDM
06-19 18:34:59.534 30968 31391 D IdProviderImpl: getOAID
06-19 18:34:59.536  1777  4881 D CompatibilityInfo: mCompatibilityFlags - 0
06-19 18:34:59.536  1777  4881 D CompatibilityInfo: applicationDensity - 440
06-19 18:34:59.536  1777  4881 D CompatibilityInfo: applicationScale - 1.0
06-19 18:34:59.539  1777  2208 I MiuiNetworkPolicy: updateUidState uid = 10513, uidState = 19
06-19 18:34:59.547   822   822 D Zygote  : Forked child process 1137
06-19 18:34:59.548  2821  2821 D Launcher_WallpaperUtils: changeStatusBarMode:false
06-19 18:34:59.548  2821  2821 I RenderVsyncUpdater: All controllers paused.
06-19 18:34:59.549  1777  1920 I ActivityManager: Start proc 1137:es.udc.DDM.Grupo3DDM/u0a513 for pre-top-activity {es.udc.DDM.Grupo3DDM/com.epicgames.ue4.SplashActivity} caller=com.android.shell
06-19 18:34:59.549  1137  1137 W Zygote  : Unable to open libbeluga.so: dlopen failed: library "libbeluga.so" not found.
06-19 18:34:59.554  1777  2208 I MiuiNetworkPolicy: updateUidState uid = 10109, uidState = 19
06-19 18:34:59.560  1137  1137 I c.DDM.Grupo3DD: Late-enabling -Xcheck:jni
06-19 18:34:59.560  1777  1897 D DecorView: createDecorCaptionView windowingMode:1 mWindowMode 1 isFullscreen: true
06-19 18:34:59.584  1777  4335 D MIUIInput: [FoucsChange]: Display  0 FocusedWindow From Window{d8d2def mode=1 rootTaskId=1 u0 com.miui.home/com.miui.home.launcher.Launcher}(1,1)  to null(0,0)
06-19 18:34:59.586  2821  2821 D Launcher.Lifecycle: onWindowFocusChanged:false,UserHandle{0},34d3e1c,true
06-19 18:34:59.587   822   822 D Zygote  : Forked child process 1143
06-19 18:34:59.590  1143  1143 W Zygote  : Unable to open libbeluga.so: dlopen failed: library "libbeluga.so" not found.
06-19 18:34:59.592  1137  1137 I c.DDM.Grupo3DD: Unquickening 20 vdex files!
06-19 18:34:59.594  1777  1920 I ActivityManager: Start proc 1143:com.xiaomi.discover/u0a109 for broadcast {com.xiaomi.discover/com.xiaomi.market.receiver.AppActiveReceiver} caller=null
06-19 18:34:59.613  1143  1143 E xiaomi.discove: Not starting debugger since process cannot load the jdwp agent.
06-19 18:34:59.618 18483 18488 I adbd    : jdwp connection from 1137
06-19 18:34:59.625  1777  4881 D CompatibilityInfo: mCompatibilityFlags - 0
06-19 18:34:59.625  1777  4881 D CompatibilityInfo: applicationDensity - 440
06-19 18:34:59.625  1777  4881 D CompatibilityInfo: applicationScale - 1.0
06-19 18:34:59.628  1777  4881 D CompatibilityInfo: mCompatibilityFlags - 0
06-19 18:34:59.628  1777  4881 D CompatibilityInfo: applicationDensity - 440
06-19 18:34:59.628  1777  4881 D CompatibilityInfo: applicationScale - 1.0
06-19 18:34:59.628   988   988 I ANDR-PERF-LM: LMPerfGlue: perfmodule_submit_request() 132: perfmodule_submit_request()
06-19 18:34:59.628   988   988 I ANDR-PERF-LM: Core: getInstance() 84: LM getInstance
06-19 18:34:59.628   988   988 I ANDR-PERF-LM: WQ: push() 59: LMTriggerQ push() size=0
06-19 18:34:59.628   988   988 I ANDR-PERF-LM: WQ: push() 61: LMTriggerQ push() done size=1
06-19 18:34:59.629   988  1035 I ANDR-PERF-LM: WQ: pop() 42: LMTriggerQ pop() done size=0
06-19 18:34:59.629   988  1035 I ANDR-PERF-LM: Core: lmMain() 381: Calling runAsync for PreKill
06-19 18:34:59.629   988  1035 I ANDR-PERF-LM: FeatureState: readState() 162: PreKill: DB: es.udc.DDM.Grupo3DDM app state = 1
06-19 18:34:59.629   988  1035 I ANDR-PERF-LM: Core: lmMain() 391: runAsync for PreKill returned
06-19 18:34:59.629   988  1035 I ANDR-PERF-LM: Core: lmMain() 381: Calling runAsync for AdaptLaunch
06-19 18:34:59.629   988  1035 I ANDR-PERF-LM: MetaMeter: isValidAsync() 194: AsyncInfo: hintID = 4225
06-19 18:34:59.629   988  1035 I ANDR-PERF-LM: hintType: 103
06-19 18:34:59.629   988  1035 I ANDR-PERF-LM: isPrimary = 0
06-19 18:34:59.629   988  1035 I ANDR-PERF-LM: MetaMeter: isValidAsync() 203: Invalid (hintID,hintType,appName,duration,appPID,appThreadTID) = (4225, 103,es.udc.DDM.Grupo3DDM,1137,1777,3143)
06-19 18:34:59.629   988  1035 E ANDR-PERF-LM: MetaMeter: handleAsync() 164: AdaptLaunch Invalid Async
06-19 18:34:59.629   988  1035 I ANDR-PERF-LM: Core: lmMain() 391: runAsync for AdaptLaunch returned
06-19 18:34:59.629   988  1035 I ANDR-PERF-LM: Core: lmMain() 373: Waiting on trigger Queue
06-19 18:34:59.629   988  1035 I ANDR-PERF-LM: WQ: pop() 31: LMTriggerQ pop() size=0
06-19 18:34:59.631  1777  3143 D CompatibilityInfo: mCompatibilityFlags - 0
06-19 18:34:59.632  1777  3143 D CompatibilityInfo: applicationDensity - 440
06-19 18:34:59.632  1777  3143 D CompatibilityInfo: applicationScale - 1.0
06-19 18:34:59.633  1777  3143 D CompatibilityInfo: mCompatibilityFlags - 0
06-19 18:34:59.633  1777  3143 D CompatibilityInfo: applicationDensity - 440
06-19 18:34:59.633  1777  3143 D CompatibilityInfo: applicationScale - 1.0
06-19 18:34:59.634 14337 14356 D AutoInstallService: onForegroundInfoChanged: es.udc.DDM.Grupo3DDM
06-19 18:34:59.634  4860 11662 I ProcessMonitor: onForegroundInfoChanged: ForegroundInfo{mForegroundPackageName='es.udc.DDM.Grupo3DDM', mForegroundUid=10513, mForegroundPid=1137, mLastForegroundPackageName='com.miui.home', mLastForegroundUid=10091, mLastForegroundPid=2821, mMultiWindowForegroundPackageName='null', mMultiWindowForegroundUid=-1, mFlags=1}
06-19 18:34:59.635 11216 11234 I GST     : forePkg: es.udc.DDM.Grupo3DDM, preForePkg: com.miui.home
06-19 18:34:59.635  4860 11662 I VideoBoxUtils: isSupportVideoBox: false
06-19 18:34:59.635   992 17258 I vendor.qti.hardware.servicetracker@1.2-service: Activity state is changed to : 2
06-19 18:34:59.635  4860 11662 I VideoToolBoxService: onForegroundInfoChanged: Exit Vtb
06-19 18:34:59.635   992 17258 I vendor.qti.hardware.servicetracker@1.2-service: Activity state is changed to : 2
06-19 18:34:59.635  6689 29775 D PerfEngineController: ForegroundInfo{mForegroundPackageName='es.udc.DDM.Grupo3DDM', mForegroundUid=10513, mForegroundPid=1137, mLastForegroundPackageName='com.miui.home', mLastForegroundUid=10091, mLastForegroundPid=2821, mMultiWindowForegroundPackageName='null', mMultiWindowForegroundUid=-1, mFlags=1}
06-19 18:34:59.636  6689  6842 I ThermalInfoCollector: collectForgroundAppsInfo
06-19 18:34:59.642  1777  1897 I Timeline: Timeline: App_transition_ready time:167939681
06-19 18:34:59.649  1777  2208 I MiuiNetworkPolicy: updateUidState uid = 10109, uidState = 11
06-19 18:34:59.649  1777  2208 I MiuiNetworkPolicy: updateUidState uid = 10513, uidState = 2
06-19 18:34:59.655  2425  3555 D CommandQueue: setStatus: setStatus: what = 0, action = upate_specail_mode, ext = Bundle[mParcelledData.dataSize=108][pkg = es.udc.DDM.Grupo3DDM[enable_config = false
06-19 18:34:59.655  2425  2425 D StatusBar: disable<e i a s b h r c s > disable2<q i n >
06-19 18:34:59.656  1777  5470 W ActivityManager: Sending non-protected broadcast com.android.systemui.fullscreen.statechange from system 2425:com.android.systemui/1000 pkg com.android.systemui. Callers=
06-19 18:34:59.656  1777  5470 W ActivityManager: Sending non-protected broadcast com.android.systemui.fullscreen.statechange from system 2425:com.android.systemui/1000 pkg com.android.systemui. Callers=
06-19 18:34:59.658  2425  2796 D MiuiPhoneStatusBarPolicy: updateManagedProfile: secondSpace = false
06-19 18:34:59.664  2821  3021 D GestureStubView: gatherTransparentRegion: need render w:54  h:1440
06-19 18:34:59.664  2821  3022 D NavStubView: gatherTransparentRegion: need render w:1080  h:35
06-19 18:34:59.664  2821  3022 W NavStubView: onComputeInternalInsets  bounds=Rect(0, 0 - 1080, 35)   mHideGestureLine=true   mIsShowNavBar=true
06-19 18:34:59.665  2337  2431 D HomeWallpaperRenderer: OFFSET  x: 1.0  y: 0.0
06-19 18:34:59.665 23989 23989 I A       : (REDACTED) onApplyWindowInsets: systemWindowInsets=%s
06-19 18:34:59.666 23989 23989 I A       : (REDACTED) onApplyWindowInsets: systemWindowInsets=%s
06-19 18:34:59.667  2821  2821 D RecentsContainer: onApplyWindowInsets, insets=WindowInsets{
06-19 18:34:59.667  2821  2821 D RecentsContainer:     statusBars=Insets{left=0, top=102, right=0, bottom=0} max=Insets{left=0, top=102, right=0, bottom=0} vis=false
06-19 18:34:59.667  2821  2821 D RecentsContainer:     navigationBars=Insets{left=0, top=0, right=0, bottom=0} max=null vis=false
06-19 18:34:59.667  2821  2821 D RecentsContainer:     =Insets{left=0, top=0, right=0, bottom=0} max=null vis=false
06-19 18:34:59.667  2821  2821 D RecentsContainer:     ime=Insets{left=0, top=0, right=0, bottom=0} max=null vis=false
06-19 18:34:59.667  2821  2821 D RecentsContainer:     systemGestures=Insets{left=0, top=102, right=0, bottom=0} max=Insets{left=0, top=102, right=0, bottom=0} vis=true
06-19 18:34:59.667  2821  2821 D RecentsContainer:     mandatorySystemGestures=Insets{left=0, top=102, right=0, bottom=0} max=Insets{left=0, top=102, right=0, bottom=0} vis=true
06-19 18:34:59.667  2821  2821 D RecentsContainer:     tappableElement=Insets{left=0, top=102, right=0, bottom=0} max=Insets{left=0, top=102, right=0, bottom=0} vis=true
06-19 18:34:59.667  2821  2821 D RecentsContainer:     displayCutout=Insets{left=0, top=102, right=0, bottom=0} max=Insets{left=0, top=102, right=0, bottom=0} vis=true
06-19 18:34:59.667  2821  2821 D RecentsContainer:     windowDecor=null max=null vis=false
06-19 18:34:59.667  2821  2821 D RecentsContainer:     cutout=DisplayCutout{insets=Rect(0, 102 - 0, 0) waterfall=Insets{left=0, top=0, right=0, bottom=0} boundingRect={Bounds=[Rect(0, 0 - 0, 0), Rect(504, 0 - 576, 102), Rect(0, 0 - 0, 0), Rect(0, 0 - 0, 0)]}}
06-19 18:34:59.667  2821  2821 D RecentsContainer:     }, rotation=0
06-19 18:34:59.671  2821  2821 I RenderVsyncUpdater: All controllers paused.
06-19 18:34:59.676  2337  3398 D KeyguardWallpaperRenderer: OFFSET  x: 0.0  y: 0.0
06-19 18:34:59.676  1143  1143 E LoadedApk: Unable to instantiate appComponentFactory
06-19 18:34:59.676  1143  1143 E LoadedApk: java.lang.ClassNotFoundException: Didn't find class "androidx.core.app.CoreComponentFactory" on path: DexPathList[[zip file "/data/app/~~SZAsFI8e9aE8AdiAl7AsGg==/com.xiaomi.discover-rHe10xxzQeHWaYM0Vxnw4w==/base.apk"],nativeLibraryDirectories=[/data/app/~~SZAsFI8e9aE8AdiAl7AsGg==/com.xiaomi.discover-rHe10xxzQeHWaYM0Vxnw4w==/lib/arm64, /data/app/~~SZAsFI8e9aE8AdiAl7AsGg==/com.xiaomi.discover-rHe10xxzQeHWaYM0Vxnw4w==/base.apk!/lib/arm64-v8a, /system/lib64, /system_ext/lib64]]
06-19 18:34:59.676  1143  1143 E LoadedApk: 	at dalvik.system.BaseDexClassLoader.findClass(BaseDexClassLoader.java:207)
06-19 18:34:59.676  1143  1143 E LoadedApk: 	at java.lang.ClassLoader.loadClass(ClassLoader.java:379)
06-19 18:34:59.676  1143  1143 E LoadedApk: 	at java.lang.ClassLoader.loadClass(ClassLoader.java:312)
06-19 18:34:59.676  1143  1143 E LoadedApk: 	at android.app.LoadedApk.createAppFactory(LoadedApk.java:262)
06-19 18:34:59.676  1143  1143 E LoadedApk: 	at android.app.LoadedApk.createOrUpdateClassLoaderLocked(LoadedApk.java:907)
06-19 18:34:59.676  1143  1143 E LoadedApk: 	at android.app.LoadedApk.getClassLoader(LoadedApk.java:960)
06-19 18:34:59.676  1143  1143 E LoadedApk: 	at android.app.LoadedApk.getResources(LoadedApk.java:1192)
06-19 18:34:59.676  1143  1143 E LoadedApk: 	at android.app.ContextImpl.createAppContext(ContextImpl.java:2671)
06-19 18:34:59.676  1143  1143 E LoadedApk: 	at android.app.ContextImpl.createAppContext(ContextImpl.java:2663)
06-19 18:34:59.676  1143  1143 E LoadedApk: 	at android.app.ActivityThread.handleBindApplication(ActivityThread.java:6701)
06-19 18:34:59.676  1143  1143 E LoadedApk: 	at android.app.ActivityThread.access$1400(ActivityThread.java:244)
06-19 18:34:59.676  1143  1143 E LoadedApk: 	at android.app.ActivityThread$H.handleMessage(ActivityThread.java:1951)
06-19 18:34:59.676  1143  1143 E LoadedApk: 	at android.os.Handler.dispatchMessage(Handler.java:106)
06-19 18:34:59.676  1143  1143 E LoadedApk: 	at android.os.Looper.loop(Looper.java:236)
06-19 18:34:59.676  1143  1143 E LoadedApk: 	at android.app.ActivityThread.main(ActivityThread.java:7861)
06-19 18:34:59.676  1143  1143 E LoadedApk: 	at java.lang.reflect.Method.invoke(Native Method)
06-19 18:34:59.676  1143  1143 E LoadedApk: 	at com.android.internal.os.RuntimeInit$MethodAndArgsCaller.run(RuntimeInit.java:600)
06-19 18:34:59.676  1143  1143 E LoadedApk: 	at com.android.internal.os.ZygoteInit.main(ZygoteInit.java:967)
06-19 18:34:59.680  2821  3021 D GestureStubView: gatherTransparentRegion: need render w:54  h:1440
06-19 18:34:59.689  1143  1143 I Perf    : Connecting to perf service.
06-19 18:34:59.705  1143  1143 D NetworkSecurityConfig: Using Network Security Config from resource network_security_config debugBuild: false
06-19 18:34:59.707  1143  1143 D NetworkSecurityConfig: Using Network Security Config from resource network_security_config debugBuild: false
06-19 18:34:59.721  1143  1143 I SystemUpdate-App: Process create: com.xiaomi.discover ------------------
06-19 18:34:59.733  1143  1143 I FirebaseApp: Device unlocked: initializing all Firebase APIs for app [DEFAULT]
06-19 18:34:59.738  1137  1137 I Perf    : Connecting to perf service.
06-19 18:34:59.738  1143  1143 I FirebaseCrashlytics: Initializing Firebase Crashlytics 18.0.1 for com.xiaomi.discover
06-19 18:34:59.737  1143  1143 W ScionFrontendAp: type=1400 audit(0.0:566621): avc: denied { execute } for path="/data/user_de/0/com.google.android.gms/app_chimera/m/00000253/oat/arm64/DynamiteLoader.odex" dev="sda18" ino=364281 scontext=u:r:platform_app:s0:c512,c768 tcontext=u:object_r:privapp_data_file:s0:c512,c768 tclass=file permissive=0 app=com.xiaomi.discover
06-19 18:34:59.750  1137  1137 D NetworkSecurityConfig: No Network Security Config specified, using platform default
06-19 18:34:59.750  1137  1137 D NetworkSecurityConfig: No Network Security Config specified, using platform default
06-19 18:34:59.737  1143  1143 W ScionFrontendAp: type=1400 audit(0.0:566622): avc: denied { execute } for path="/data/user_de/0/com.google.android.gms/app_chimera/m/00000253/oat/arm64/DynamiteLoader.odex" dev="sda18" ino=364281 scontext=u:r:platform_app:s0:c512,c768 tcontext=u:object_r:privapp_data_file:s0:c512,c768 tclass=file permissive=0 app=com.xiaomi.discover
06-19 18:34:59.760  1143  1222 I DynamiteModule: Considering local module com.google.android.gms.measurement.dynamite:51 and remote module com.google.android.gms.measurement.dynamite:73
06-19 18:34:59.760  1143  1222 I DynamiteModule: Selected remote version of com.google.android.gms.measurement.dynamite, version >= 73
06-19 18:34:59.760  1143  1222 V DynamiteModule: Dynamite loader version >= 2, using loadModule2NoCrashUtils
06-19 18:34:59.763  1137  1137 I TetheringManager: registerTetheringEventCallback:es.udc.DDM.Grupo3DDM
06-19 18:34:59.767  1777  2222 D SlaveWifiManager: getWifiSlaveConnectionInfo
06-19 18:34:59.768  1777  2222 I chatty  : uid=1000(system) ConnectivitySer identical 62 lines
06-19 18:34:59.768  1777  2222 D SlaveWifiManager: getWifiSlaveConnectionInfo
06-19 18:34:59.769   988   988 I ANDR-PERF-LM: LMPerfGlue: perfmodule_submit_request() 132: perfmodule_submit_request()
06-19 18:34:59.769   988   988 I ANDR-PERF-LM: Core: getInstance() 84: LM getInstance
06-19 18:34:59.769   988   988 D ANDR-PERF-LM: Feature: lookup() 101: Feature Name = AppClassifier, total featuers = 4, featureFound = 1
06-19 18:34:59.769   988   988 D ANDR-PERF-LM: Feature: getData() 112: data.data = 0
06-19 18:34:59.769   988   988 I ANDR-PERF-LM: FeedbackAPI: getFeedback() 60: app:es.udc.DDM.Grupo3DDM feature:AppClassifier feedback = 0
06-19 18:34:59.773  1143  1143 I DeviceLevelUtils: platform：atoll
06-19 18:34:59.778  1058  3059 W DisplayIdentification: Invalid EDID: falling back to serial number due to missing display name.
06-19 18:34:59.778  1058  3059 W DisplayIdentification: Invalid EDID: falling back to ASCII text due to missing serial number.
06-19 18:34:59.784  1137  1233 V UE4     : [NetworkChangedManager] Network Available: 123
06-19 18:34:59.785  1137  1233 V UE4     : [NetworkChangedManager] No network state set yet, setting naive network state checking connection fully.
06-19 18:34:59.786  1137  1233 V UE4     : [NetworkChangedManager] Network connectivity changed. New connectivity state: CONNECTION_AVAILABLE
06-19 18:34:59.787  1137  1233 V UE4     : [NetworkChangedManager] Network Capabilities changed, has Internet: true
06-19 18:34:59.787  1137  1248 V UE4     : [NetworkChangedManager] Verifying internet connection with host: https://example.com/
06-19 18:34:59.791  1143  1222 W System  : ClassLoader referenced unknown path: 
06-19 18:34:59.795  1137  1248 I DpmTcmClient: RegisterTcmMonitor from: $Proxy1
06-19 18:34:59.798  1137  1137 D View    : es.udc.DDM.Grupo3DDM initForcedUseForceDark: 1
06-19 18:34:59.799   988   988 I ANDR-PERF-LM: LMPerfGlue: perfmodule_submit_request() 132: perfmodule_submit_request()
06-19 18:34:59.799   988   988 I ANDR-PERF-LM: Core: getInstance() 84: LM getInstance
06-19 18:34:59.799   988   988 D ANDR-PERF-LM: Feature: lookup() 101: Feature Name = AppClassifier, total featuers = 4, featureFound = 1
06-19 18:34:59.799   988   988 D ANDR-PERF-LM: Feature: getData() 112: data.data = 1
06-19 18:34:59.799   988   988 I ANDR-PERF-LM: FeedbackAPI: getFeedback() 60: app:com.xiaomi.discover feature:AppClassifier feedback = 1
06-19 18:34:59.805  1143  1143 I SystemUpdate-LocalAppManager: load local apps from system : begin
06-19 18:34:59.814  1137  1137 D DecorView[]: getWindowModeFromSystem  windowmode is 1
06-19 18:34:59.814  1137  1137 D DecorView: createDecorCaptionView windowingMode:1 mWindowMode 1 isFullscreen: true
06-19 18:34:59.822  2821  2821 D Launcher_UnlockAnimationStateMachine: mResetIdleStateRunnable
06-19 18:34:59.835  1777  3143 W XSpaceManagerService: checkXSpaceControl, from:es.udc.DDM.Grupo3DDM, to:com.google.android.permissioncontroller, with act:android.content.pm.action.REQUEST_PERMISSIONS, callingUserId:0, toUserId:0
06-19 18:34:59.836  1777  3143 I ActivityTaskManager: START u0 {act=android.content.pm.action.REQUEST_PERMISSIONS pkg=com.google.android.permissioncontroller cmp=com.google.android.permissioncontroller/com.android.permissioncontroller.permission.ui.GrantPermissionsActivity (has extras)} from uid 10513
06-19 18:34:59.836  1777  3143 D MiuiMultiWindowAdapter: MiuiMultiWindowAdapter::getFreeformBlackList::sSmallWindowBlackList = [com.miui.securitycenter, com.miui.miservice, com.xiaomi.calendar, com.miui.mishare.connectivity, com.android.settings, com.android.printspooler, com.miui.backup, com.miui.huanji, com.miui.calculator, com.android.thememanager, com.mfashiongallery.emag, com.miui.virtualsim, com.miui.smarttravel, com.mi.health, com.android.camera, com.lbe.security.miui, com.miui.cleanmaster, com.miui.newhome, com.miui.voiceassist, com.android.phone, com.miui.yellowpage, com.android.updater, com.miui.tsmclient, com.miui.securitycore, com.xiaomi.account, com.xiaomi.shop, com.mipay.wallet, com.xiaomi.youpin, com.xiaomi.hm.health, com.miui.bugreport, com.xiaomi.mibrain.speech, com.xiaomi.mimoji, com.xiaomi.scanner, com.duokan.phone.remotecontroller, com.miui.hybrid, com.miui.video, com.miui.videoplayer, com.miui.fm, com.miui.packageinstaller, com.mi.android.globallauncher, com.mi.android.globallauncher-poco, com.google.android.dialer, com.google.android.apps.magazines, com.miui.compass, com.miui.greenguard, com.kiteguard, com.google.android.apps.prodcasts, com.google.ar.lens, com.xiangkan.android, com.android.bankabc, com.sohu.inputmethod.sogou, com.tencent.mtt, com.shyz.toutiao, com.netease.mc.mi, com.outfit7.talkingtomgoldrun.mi, com.doudz.mi, com.wepie.snake.new.mi, cn.jj, com.standddz002.mi, com.miHoYo.bh3.mi, com.qqgame.hlddz, com.happyelements.AndroidAnimal, com.minitech.miniworld.TMobile.mi, com.mfp.jelly.xiaomi, com.lilithgames.afk.mi, com.tencent.peng, com.teenpatti.hd.gold, blockpuzzle.jewelgames.jewelslegend, com.playgendary.tanks, com.chillingo.robberybobfree.android.row, com.episodeinteractive.android.catalog, com.playrix.township, com.ansangha.drdriving, com.google.android.youtube, com.gbits.atm.mi, com.tencent.tetris, com.sukhavati.gotoplaying.bubble.BubbleShooter.mint, com.block.puzzle.game.hippo.mi, com.youzu.bs.mi, com.baidu.BaiduMap, com.google.android.googlequicksearchbox, com.appsomniacs.da2, com.android.stk, com.feiyu.carrot3.mi, com.popcap.pvz2cthdxm, com.mxtech.videoplayer.ad, cn.cisc, com.kiloo.subwaysurf, com.cncyj.mostbrain, pdf.tap.scanner, com.og.ttddz.mi, com.ximalaya.ting.lite, com.google.android.apps.podcasts, com.google.android.apps.googleassistant, com.netease.onmyoji.mi, com.netease.onmyoji.bili, com.netease.mrzh.mi, com.netease.mrzh.bili, com.tencent.tmgp.yys.zqb, com.google.android.gm, com.google.android.calendar, com.android.chrome, com.google.android.apps.youtube.music, com.netease.pes.huawei, com.netease.pes.mi, com.netease.pes.bili, com.flyfish.supermario, com.picsart.studio, com.netease.dwrg.mi, com.netease.dwrg.bili, com.netease.dwrg.nearme.gamecenter, com.netease.dwrg, com.netease.dwrg.huawei, com.tencent.tmgp.dwrg, com.netease.dwrg.m4399, com.netease.dwrg.mz, com.netease.dwrg.aligames, com.netease.dwrg.baidu, com.netease.dwrg.qihoo, com.moji.mjweather, com.tencent.tmgp.kof98, com.netease.onmyoji, com.taobao.idlefish, com.ledou.mhhy.mi, com.hzfy.ddzbs.mi, com.qsmy.walkmonkey, com.fy.bzzbc.mi, com.dw.xprqj.mi, com.miui.accessibility, com.ymt.nbaftx.mi]
06-19 18:34:59.841   992 17258 I vendor.qti.hardware.servicetracker@1.2-service: Activity state is changed to : 0
06-19 18:34:59.841   988   988 I ANDR-PERF-LM: LMPerfGlue: perfmodule_submit_request() 132: perfmodule_submit_request()
06-19 18:34:59.841   988   988 I ANDR-PERF-LM: Core: getInstance() 84: LM getInstance
06-19 18:34:59.841   988   988 I ANDR-PERF-LM: WQ: push() 59: LMTriggerQ push() size=0
06-19 18:34:59.841   988   988 I ANDR-PERF-LM: WQ: push() 61: LMTriggerQ push() done size=1
06-19 18:34:59.841   988  1035 I ANDR-PERF-LM: WQ: pop() 42: LMTriggerQ pop() done size=0
06-19 18:34:59.841   988  1035 I ANDR-PERF-LM: Core: lmMain() 381: Calling runAsync for PreKill
06-19 18:34:59.842   988  1035 I ANDR-PERF-LM: Core: lmMain() 391: runAsync for PreKill returned
06-19 18:34:59.842   988  1035 I ANDR-PERF-LM: Core: lmMain() 381: Calling runAsync for AdaptLaunch
06-19 18:34:59.842   988  1035 I ANDR-PERF-LM: Core: lmMain() 391: runAsync for AdaptLaunch returned
06-19 18:34:59.842   988  1035 I ANDR-PERF-LM: Core: lmMain() 373: Waiting on trigger Queue
06-19 18:34:59.842   988  1035 I ANDR-PERF-LM: WQ: pop() 31: LMTriggerQ pop() size=0
06-19 18:34:59.842   992 17258 I vendor.qti.hardware.servicetracker@1.2-service: Activity state is changed to : 0
06-19 18:34:59.843  1143  1268 I SystemUpdate-AutoUpdateScheduler: [Update] scheduleAutoUpdateOnAppStart
06-19 18:34:59.844  1777  3143 D CompatibilityInfo: mCompatibilityFlags - 0
06-19 18:34:59.844  1777  3143 D CompatibilityInfo: applicationDensity - 440
06-19 18:34:59.844  1777  3143 D CompatibilityInfo: applicationScale - 1.0
06-19 18:34:59.846   992 17258 I vendor.qti.hardware.servicetracker@1.2-service: Activity state is changed to : 2
06-19 18:34:59.846   988   988 I ANDR-PERF-LM: LMPerfGlue: perfmodule_submit_request() 132: perfmodule_submit_request()
06-19 18:34:59.846   988   988 I ANDR-PERF-LM: Core: getInstance() 84: LM getInstance
06-19 18:34:59.846   988   988 I ANDR-PERF-LM: WQ: push() 59: LMTriggerQ push() size=0
06-19 18:34:59.846   988   988 I ANDR-PERF-LM: WQ: push() 61: LMTriggerQ push() done size=1
06-19 18:34:59.846   988  1035 I ANDR-PERF-LM: WQ: pop() 42: LMTriggerQ pop() done size=0
06-19 18:34:59.846   988  1035 I ANDR-PERF-LM: Core: lmMain() 381: Calling runAsync for GameOptimization
06-19 18:34:59.846   988  1035 D ANDR-PERF-LM: Feature: lookup() 101: Feature Name = AppClassifier, total featuers = 4, featureFound = 1
06-19 18:34:59.846   988  1035 D ANDR-PERF-LM: Feature: getData() 112: data.data = 0
06-19 18:34:59.846   988  1035 I ANDR-PERF-LM: Core: lmMain() 391: runAsync for GameOptimization returned
06-19 18:34:59.846   988  1035 I ANDR-PERF-LM: Core: lmMain() 373: Waiting on trigger Queue
06-19 18:34:59.846   988  1035 I ANDR-PERF-LM: WQ: pop() 31: LMTriggerQ pop() size=0
06-19 18:34:59.846  1777  3143 D ActivityTrigger: ActivityTrigger activityPauseTrigger 
06-19 18:34:59.846   992 17258 I vendor.qti.hardware.servicetracker@1.2-service: Activity state is changed to : 3
06-19 18:34:59.847   988   988 I ANDR-PERF-LM: LMPerfGlue: perfmodule_submit_request() 132: perfmodule_submit_request()
06-19 18:34:59.847   988   988 I ANDR-PERF-LM: Core: getInstance() 84: LM getInstance
06-19 18:34:59.847   988   988 I ANDR-PERF-LM: WQ: push() 59: LMTriggerQ push() size=0
06-19 18:34:59.847   988   988 I ANDR-PERF-LM: WQ: push() 61: LMTriggerQ push() done size=1
06-19 18:34:59.847   988  1035 I ANDR-PERF-LM: WQ: pop() 42: LMTriggerQ pop() done size=0
06-19 18:34:59.847   988  1035 I ANDR-PERF-LM: Core: lmMain() 381: Calling runAsync for GameOptimization
06-19 18:34:59.847   988  1035 D ANDR-PERF-LM: Feature: lookup() 101: Feature Name = AppClassifier, total featuers = 4, featureFound = 1
06-19 18:34:59.847   988  1035 D ANDR-PERF-LM: Feature: getData() 112: data.data = 0
06-19 18:34:59.847   988  1035 I ANDR-PERF-LM: Core: lmMain() 391: runAsync for GameOptimization returned
06-19 18:34:59.847   988  1035 I ANDR-PERF-LM: Core: lmMain() 373: Waiting on trigger Queue
06-19 18:34:59.847   988  1035 I ANDR-PERF-LM: WQ: pop() 31: LMTriggerQ pop() size=0
06-19 18:34:59.847   992 17258 I vendor.qti.hardware.servicetracker@1.2-service: Activity state is changed to : 3
06-19 18:34:59.852  1143  1253 I SystemUpdate-MeteredUpdateConfirmUtils: set value to Settings: app_update_notify false
06-19 18:34:59.856  1137  1137 V UE4     : [GameApp] App in foreground
06-19 18:34:59.858  1143  1253 I TetheringManager: registerTetheringEventCallback:com.xiaomi.discover
06-19 18:34:59.874  1137  1137 D DecorView[]: getWindowModeFromSystem  windowmode is 1
06-19 18:34:59.879  2821  2821 D RecentsImpl: mActivityStateObserver com.epicgames.ue4.SplashActivity
06-19 18:34:59.879  2821  2821 W RecentsImpl: onResumed className=com.epicgames.ue4.SplashActivity   mIsInAnotherPro=false
06-19 18:34:59.879  2821  3022 D RecentsImpl: showNavStubView
06-19 18:34:59.879  2821  3021 W RecentsImpl: disableBackStubWindow    disableTouch=false
06-19 18:34:59.880   992 17258 I vendor.qti.hardware.servicetracker@1.2-service: Activity state is changed to : 4
06-19 18:34:59.880   992 17258 I vendor.qti.hardware.servicetracker@1.2-service: Activity state is changed to : 4
06-19 18:34:59.882  2821  3021 D RecentsImpl: showBackStubWindow  mHasNavigationBar=true   mDisabledByDriveMode=false
06-19 18:34:59.882  2821  3021 W GestureStubView: adaptRotation   currentRotation=0   mRotation=0
06-19 18:34:59.882  2821  3021 D GestureStubView: resetRenderProperty: showGestureStub
06-19 18:34:59.882  2821  3021 D GestureStubView: showGestureStub
06-19 18:34:59.882  2821  3021 W GestureStubView: adaptRotation   currentRotation=0   mRotation=0
06-19 18:34:59.882  2821  3021 D GestureStubView: resetRenderProperty: showGestureStub
06-19 18:34:59.882  2821  3021 D GestureStubView: showGestureStub
06-19 18:34:59.883   992 17258 I vendor.qti.hardware.servicetracker@1.2-service: Activity state is changed to : 2
06-19 18:34:59.883   988   988 I ANDR-PERF-LM: LMPerfGlue: perfmodule_submit_request() 132: perfmodule_submit_request()
06-19 18:34:59.883   988   988 I ANDR-PERF-LM: Core: getInstance() 84: LM getInstance
06-19 18:34:59.883   988   988 I ANDR-PERF-LM: WQ: push() 59: LMTriggerQ push() size=0
06-19 18:34:59.883   988   988 I ANDR-PERF-LM: WQ: push() 61: LMTriggerQ push() done size=1
06-19 18:34:59.883   988  1035 I ANDR-PERF-LM: WQ: pop() 42: LMTriggerQ pop() done size=0
06-19 18:34:59.883   988  1035 I ANDR-PERF-LM: Core: lmMain() 381: Calling runAsync for GameOptimization
06-19 18:34:59.883   988  1035 D ANDR-PERF-LM: Feature: lookup() 101: Feature Name = AppClassifier, total featuers = 4, featureFound = 1
06-19 18:34:59.883   988  1035 D ANDR-PERF-LM: Feature: getData() 112: data.data = 0
06-19 18:34:59.884   988  1035 I ANDR-PERF-LM: Core: lmMain() 391: runAsync for GameOptimization returned
06-19 18:34:59.884   988  1035 I ANDR-PERF-LM: Core: lmMain() 373: Waiting on trigger Queue
06-19 18:34:59.884   988  1035 I ANDR-PERF-LM: WQ: pop() 31: LMTriggerQ pop() size=0
06-19 18:34:59.884  1777  4881 I ActivityTaskManager: The Process com.google.android.permissioncontroller Already Exists in BG. So sending its PID: 32507
06-19 18:34:59.884   988   988 I ANDR-PERF-LM: LMPerfGlue: perfmodule_submit_request() 132: perfmodule_submit_request()
06-19 18:34:59.884   988   988 I ANDR-PERF-LM: Core: getInstance() 84: LM getInstance
06-19 18:34:59.884   988   988 I ANDR-PERF-LM: WQ: push() 59: LMTriggerQ push() size=0
06-19 18:34:59.884   988   988 I ANDR-PERF-LM: WQ: push() 61: LMTriggerQ push() done size=1
06-19 18:34:59.884   988  1035 I ANDR-PERF-LM: WQ: pop() 42: LMTriggerQ pop() done size=0
06-19 18:34:59.884   988  1035 I ANDR-PERF-LM: Core: lmMain() 381: Calling runAsync for PreKill
06-19 18:34:59.884   988  1035 I ANDR-PERF-LM: Core: lmMain() 391: runAsync for PreKill returned
06-19 18:34:59.884   988  1035 I ANDR-PERF-LM: Core: lmMain() 381: Calling runAsync for AdaptLaunch
06-19 18:34:59.884   988  1035 I ANDR-PERF-LM: MetaMeter: isValidAsync() 194: AsyncInfo: hintID = 4225
06-19 18:34:59.884   988  1035 I ANDR-PERF-LM: hintType: 102
06-19 18:34:59.884   988  1035 I ANDR-PERF-LM: isPrimary = 0
06-19 18:34:59.884   988  1035 I ANDR-PERF-LM: MetaMeter: isValidAsync() 203: Invalid (hintID,hintType,appName,duration,appPID,appThreadTID) = (4225, 102,com.google.android.permissioncontroller,32507,1777,4881)
06-19 18:34:59.884   988  1035 E ANDR-PERF-LM: MetaMeter: handleAsync() 164: AdaptLaunch Invalid Async
06-19 18:34:59.884   988  1035 I ANDR-PERF-LM: Core: lmMain() 391: runAsync for AdaptLaunch returned
06-19 18:34:59.884   988  1035 I ANDR-PERF-LM: Core: lmMain() 373: Waiting on trigger Queue
06-19 18:34:59.884   988  1035 I ANDR-PERF-LM: WQ: pop() 31: LMTriggerQ pop() size=0
06-19 18:34:59.885  1777  4881 D CompatibilityInfo: mCompatibilityFlags - 0
06-19 18:34:59.885  1777  4881 D CompatibilityInfo: applicationDensity - 440
06-19 18:34:59.885  1777  4881 D CompatibilityInfo: applicationScale - 1.0
06-19 18:34:59.885 14337 14356 D AutoInstallService: onForegroundInfoChanged: com.google.android.permissioncontroller
06-19 18:34:59.885  4860 11662 I ProcessMonitor: onForegroundInfoChanged: ForegroundInfo{mForegroundPackageName='com.google.android.permissioncontroller', mForegroundUid=10094, mForegroundPid=32507, mLastForegroundPackageName='es.udc.DDM.Grupo3DDM', mLastForegroundUid=10513, mLastForegroundPid=1137, mMultiWindowForegroundPackageName='null', mMultiWindowForegroundUid=-1, mFlags=0}
06-19 18:34:59.885  4860 11662 I VideoBoxUtils: isSupportVideoBox: false
06-19 18:34:59.887  4860 11662 I VideoToolBoxService: onForegroundInfoChanged: Exit Vtb
06-19 18:34:59.887 11216 11234 I GST     : forePkg: com.google.android.permissioncontroller, preForePkg: es.udc.DDM.Grupo3DDM
06-19 18:34:59.887  6689 29955 D PerfEngineController: ForegroundInfo{mForegroundPackageName='com.google.android.permissioncontroller', mForegroundUid=10094, mForegroundPid=32507, mLastForegroundPackageName='es.udc.DDM.Grupo3DDM', mLastForegroundUid=10513, mLastForegroundPid=1137, mMultiWindowForegroundPackageName='null', mMultiWindowForegroundUid=-1, mFlags=0}
06-19 18:34:59.887  6689  6842 I ThermalInfoCollector: collectForgroundAppsInfo
06-19 18:34:59.889   992 17258 I vendor.qti.hardware.servicetracker@1.2-service: Activity state is changed to : 2
06-19 18:34:59.889  1777  4881 I Timeline: Timeline: App_transition_ready time:167939928
06-19 18:34:59.889   992 17258 I vendor.qti.hardware.servicetracker@1.2-service: Activity state is changed to : 2
06-19 18:34:59.893  1143  1143 I SystemUpdate-LocalAppManager: load local apps from system : finish
