06-19 19:24:26.459 17544 17641 D UE4     : [2022.06.19-17.24.26:459][  0]LogTexture: Warning: VolumeTexture /Engine/EngineSky/VolumetricClouds/T_VolumeNoiseShape64.T_VolumeNoiseShape64 cannot be created, rhi does not support format ETC2_RGB.
06-19 19:24:26.460 17544 17641 D UE4     : [2022.06.19-17.24.26:460][  0]LogTexture: Warning: VolumeTexture /Engine/EngineSky/VolumetricClouds/T_VolumeNoiseErosion32.T_VolumeNoiseErosion32 cannot be created, rhi does not support format ETC2_RGB.
06-19 19:24:26.460   887   887 E libc    : Access denied finding property "ro.hardware.fp.fod"
06-19 19:24:26.460   887   887 E libc    : Access denied finding property "ro.hardware.fp.sideCap"
06-19 19:24:26.476 17544 17641 D UE4     : [2022.06.19-17.24.26:476][  0]LogAudioCaptureCore: Display: No Audio Capture implementations found. Audio input will be silent.
06-19 19:24:26.476 17544 17641 D UE4     : [2022.06.19-17.24.26:476][  0]LogAudioCaptureCore: Display: No Audio Capture implementations found. Audio input will be silent.
06-19 19:24:26.477   887   887 E libc    : Access denied finding property "ro.hardware.fp.fod"
06-19 19:24:26.477   887   887 E libc    : Access denied finding property "ro.hardware.fp.sideCap"
06-19 19:24:26.478 17544 17641 D UE4     : [2022.06.19-17.24.26:478][  0]LogHMD: PokeAHoleMaterial loaded successfully
06-19 19:24:26.510   887   887 E libc    : Access denied finding property "ro.hardware.fp.fod"
06-19 19:24:26.510   887   887 E libc    : Access denied finding property "ro.hardware.fp.sideCap"
06-19 19:24:26.526   887   887 E libc    : Access denied finding property "ro.hardware.fp.fod"
06-19 19:24:26.526   887   887 E libc    : Access denied finding property "ro.hardware.fp.sideCap"
06-19 19:24:26.544   887   887 E libc    : Access denied finding property "ro.hardware.fp.fod"
06-19 19:24:26.544 17544 17641 D UE4     : [2022.06.19-17.24.26:544][  0]LogMoviePlayer: Initializing movie player
06-19 19:24:26.544   887   887 E libc    : Access denied finding property "ro.hardware.fp.sideCap"
06-19 19:24:26.561   887   887 E libc    : Access denied finding property "ro.hardware.fp.fod"
06-19 19:24:26.561   887   887 E libc    : Access denied finding property "ro.hardware.fp.sideCap"
06-19 19:24:26.593   887   887 E libc    : Access denied finding property "ro.hardware.fp.fod"
06-19 19:24:26.593   887   887 E libc    : Access denied finding property "ro.hardware.fp.sideCap"
06-19 19:24:26.609   887   887 E libc    : Access denied finding property "ro.hardware.fp.fod"
06-19 19:24:26.609   887   887 E libc    : Access denied finding property "ro.hardware.fp.sideCap"
06-19 19:24:26.626   887   887 E libc    : Access denied finding property "ro.hardware.fp.fod"
06-19 19:24:26.626   887   887 E libc    : Access denied finding property "ro.hardware.fp.sideCap"
06-19 19:24:26.643 17544 17641 D UE4     : [2022.06.19-17.24.26:643][  0]LogUdpMessaging: Initializing bridge on interface 0.0.0.0:0 to multicast group 230.0.0.1:6666.
06-19 19:24:26.644   887   887 E libc    : Access denied finding property "ro.hardware.fp.fod"
06-19 19:24:26.644   887   887 E libc    : Access denied finding property "ro.hardware.fp.sideCap"
06-19 19:24:26.646 17544 17641 D UE4     : [2022.06.19-17.24.26:646][  0]LogTcpMessaging: Initializing TcpMessaging bridge, listening on 127.0.0.1:6666
06-19 19:24:26.649 17544 17641 D UE4     : [2022.06.19-17.24.26:649][  0]LogAndroidPermission: UAndroidPermissionCallbackProxy::GetInstance
06-19 19:24:26.649 17544 17641 D UE4     : [2022.06.19-17.24.26:649][  0]LogGooglePAD: Display: GooglePAD disabled.
06-19 19:24:26.650 17544 17641 D UE4     : [2022.06.19-17.24.26:650][  0]LogOcInput: OculusInput pre-init called
06-19 19:24:26.652   887   887 W surfaceflinger: type=1400 audit(0.0:3191592): avc: denied { read } for name="u:object_r:vendor_fp_prop:s0" dev="tmpfs" ino=16614 scontext=u:r:surfaceflinger:s0 tcontext=u:object_r:vendor_fp_prop:s0 tclass=file permissive=0
06-19 19:24:26.652   887   887 W surfaceflinger: type=1400 audit(0.0:3191593): avc: denied { read } for name="u:object_r:vendor_fp_prop:s0" dev="tmpfs" ino=16614 scontext=u:r:surfaceflinger:s0 tcontext=u:object_r:vendor_fp_prop:s0 tclass=file permissive=0
06-19 19:24:26.660   887   887 E libc    : Access denied finding property "ro.hardware.fp.fod"
06-19 19:24:26.660   887   887 E libc    : Access denied finding property "ro.hardware.fp.sideCap"
06-19 19:24:26.661 17544 17641 D UE4     : [2022.06.19-17.24.26:661][  0]LogUObjectArray: 14621 objects as part of root set at end of initial load.
06-19 19:24:26.661 17544 17641 D UE4     : [2022.06.19-17.24.26:661][  0]LogUObjectArray: 2 objects are not in the root set, but can never be destroyed because they are in the DisregardForGC set.
06-19 19:24:26.661 17544 17641 D UE4     : [2022.06.19-17.24.26:661][  0]LogUObjectAllocator: 2964216 out of 0 bytes used by permanent object pool.
06-19 19:24:26.661 17544 17641 D UE4     : [2022.06.19-17.24.26:661][  0]LogUObjectArray: CloseDisregardForGC: 14621/14621 objects in disregard for GC pool
06-19 19:24:26.672 17544 17641 D UE4     : [2022.06.19-17.24.26:672][  0]LogAndroid: Display: Passed PreInit()
06-19 19:24:26.672 17544 17641 D UE4     : [2022.06.19-17.24.26:672][  0]LogEngine: Initializing Engine...
06-19 19:24:26.674 17544 17641 D UE4     : [2022.06.19-17.24.26:674][  0]LogStats: UGameplayTagsManager::InitializeManager -  0.000 s
06-19 19:24:26.672   887   887 W surfaceflinger: type=1400 audit(0.0:3191594): avc: denied { read } for name="u:object_r:vendor_fp_prop:s0" dev="tmpfs" ino=16614 scontext=u:r:surfaceflinger:s0 tcontext=u:object_r:vendor_fp_prop:s0 tclass=file permissive=0
06-19 19:24:26.672   887   887 W surfaceflinger: type=1400 audit(0.0:3191595): avc: denied { read } for name="u:object_r:vendor_fp_prop:s0" dev="tmpfs" ino=16614 scontext=u:r:surfaceflinger:s0 tcontext=u:object_r:vendor_fp_prop:s0 tclass=file permissive=0
06-19 19:24:26.679   887   887 E libc    : Access denied finding property "ro.hardware.fp.fod"
06-19 19:24:26.679   887   887 E libc    : Access denied finding property "ro.hardware.fp.sideCap"
06-19 19:24:26.682   887   887 W surfaceflinger: type=1400 audit(0.0:3191596): avc: denied { read } for name="u:object_r:vendor_fp_prop:s0" dev="tmpfs" ino=16614 scontext=u:r:surfaceflinger:s0 tcontext=u:object_r:vendor_fp_prop:s0 tclass=file permissive=0
06-19 19:24:26.695   887   887 E libc    : Access denied finding property "ro.hardware.fp.fod"
06-19 19:24:26.695   887   887 E libc    : Access denied finding property "ro.hardware.fp.sideCap"
06-19 19:24:26.695 17544 17641 D UE4     : [2022.06.19-17.24.26:695][  0]LogInit: Initializing FReadOnlyCVARCache
06-19 19:24:26.695 17544 17641 D UE4     : [2022.06.19-17.24.26:695][  0]LogAudio: Display: Initializing Audio Device Manager...
06-19 19:24:26.696 17544 17641 D UE4     : [2022.06.19-17.24.26:696][  0]LogAudio: Display: Audio Device Manager Initialized
06-19 19:24:26.696 17544 17641 D UE4     : [2022.06.19-17.24.26:696][  0]LogAudio: Display: Creating Audio Device:                 Id: 1, Scope: Shared, Realtime: True
06-19 19:24:26.697 17544 17641 D UE4     : [GameActivity] [JAVA] audiomanager.framesPerBuffer = 144
06-19 19:24:26.697 17544 17641 D UE4     : [2022.06.19-17.24.26:697][  0]LogAudioMixer: Display: Audio Mixer Platform Settings:
06-19 19:24:26.697 17544 17641 D UE4     : [2022.06.19-17.24.26:697][  0]LogAudioMixer: Display: 	Sample Rate:						  44100
06-19 19:24:26.697 17544 17641 D UE4     : [2022.06.19-17.24.26:697][  0]LogAudioMixer: Display: 	Callback Buffer Frame Size Requested: 1152
06-19 19:24:26.697 17544 17641 D UE4     : [2022.06.19-17.24.26:697][  0]LogAudioMixer: Display: 	Callback Buffer Frame Size To Use:	  1152
06-19 19:24:26.697 17544 17641 D UE4     : [2022.06.19-17.24.26:697][  0]LogAudioMixer: Display: 	Number of buffers to queue:			  4
06-19 19:24:26.697 17544 17641 D UE4     : [2022.06.19-17.24.26:697][  0]LogAudioMixer: Display: 	Max Channels (voices):				  0
06-19 19:24:26.697 17544 17641 D UE4     : [2022.06.19-17.24.26:697][  0]LogAudioMixer: Display: 	Number of Async Source Workers:		  0
06-19 19:24:26.697 17544 17641 D UE4     : [2022.06.19-17.24.26:697][  0]LogAudio: Display: AudioDevice MaxSources: 32
06-19 19:24:26.697 17544 17641 D UE4     : [2022.06.19-17.24.26:697][  0]LogAudio: Display: Using built-in audio occlusion.
06-19 19:24:26.697 17544 17641 D UE4     : [2022.06.19-17.24.26:697][  0]LogAudioMixer: Display: Initializing audio mixer.
06-19 19:24:26.698 17544 17641 D UE4     : [GameActivity] [JAVA] audiomanager.optimalSampleRate = 48000
06-19 19:24:26.698 17544 17641 D UE4     : [GameActivity] [JAVA] audiomanager.framesPerBuffer = 144
06-19 19:24:26.698 17544 17641 D         : PlayerBase::PlayerBase()
06-19 19:24:26.699 17544 17641 D         : TrackPlayerBase::TrackPlayerBase()
06-19 19:24:26.699 17544 17641 I libOpenSLES: Emulating old channel mask behavior (ignoring positional mask 0x3, using default mask 0x3 based on channel count of 2)
06-19 19:24:26.699 17544 17641 D AudioTrack: set(sessionID=3657)
06-19 19:24:26.699 17544 17641 D AudioTrack: set(): streamType 3, sampleRate 44100, format 0x1, channelMask 0x3, frameCount 0, flags #104, notificationFrames -1, sessionId 3657, transferType 0, uid -1, pid -1
06-19 19:24:26.700   764  1187 D audio_hw_primary: adev_get_parameters:audio_game_sound_volume_gap_switch
06-19 19:24:26.700   764  1187 D audio_hw_spkr_prot: fbsp_get_parameters: Speaker protection disabled
06-19 19:24:26.700   764  1187 D soundtrigger: audio_extn_sound_trigger_get_parameters input string<audio_game_sound_volume_gap_switch=>
06-19 19:24:26.700   764  1187 D soundtrigger: extract_sm_handle input string <audio_game_sound_volume_gap_switch=> param string <audio_game_sound_volume_gap_switch=>
06-19 19:24:26.700   764  1187 D audio_hw_extn: audio_extn_fm_get_parameters: Enter
06-19 19:24:26.700   764  1187 D audio_hw_extn: audio_extn_get_parameters: returns 
06-19 19:24:26.700   764  1187 V msm8974_platform: platform_get_parameters: exit: returns - audio_game_sound_volume_gap_switch=off
06-19 19:24:26.700   764  1187 D audio_hw_primary: adev_get_parameters: exit: returns - audio_game_sound_volume_gap_switch=off
06-19 19:24:26.700   878  1108 I hash_map_utils: key: 'audio_game_sound_volume_gap_switch' value: ''
06-19 19:24:26.702   878  1108 D APM_AudioPolicyManager: getOutputForAttrInt() attributes={ Content type: AUDIO_CONTENT_TYPE_UNKNOWN Usage: AUDIO_USAGE_MEDIA Source: AUDIO_SOURCE_DEFAULT Flags: 0x0 Tags:  } stream=AUDIO_STREAM_MUSIC session 3657 selectedDeviceId 0
06-19 19:24:26.702   878  1108 D APM_AudioPolicyManager: getOutputForAttrInt() device {type:0x2,@:}, sampling rate 44100, format 0x1, channel mask 0x3, flags 0x104 stream AUDIO_STREAM_MUSIC
06-19 19:24:26.703   878  1108 V AudioPolicyManagerCustom: getPackageName: es.udc.DDM.Grupo3DDM  uid 10488
06-19 19:24:26.704   764  1187 D audio_hw_primary: adev_get_parameters:vr_audio_mode_on
06-19 19:24:26.704   764  1187 I audio_hw_primary: getting vr mode to 0
06-19 19:24:26.704   764  1187 D audio_hw_primary: adev_get_parameters: exit: returns - vr_audio_mode_on=false
06-19 19:24:26.704   878  1108 I hash_map_utils: key: 'vr_audio_mode_on' value: ''
06-19 19:24:26.705   878  1108 I AudioPolicyManagerCustom: VR mode is 0, switch to primary output if request is for fast|raw
06-19 19:24:26.706   878  1108 V AudioPolicyManagerCustom: getOutputForDevice() returns output 13
06-19 19:24:26.706   878  1108 D APM_AudioPolicyManager: getOutputForAttrInt returns output 13 selectedDeviceId 3
06-19 19:24:26.708   878  1108 W AudioFlinger: createTrack_l(): mismatch between requested flags (00000104) and output flags (00000006)
06-19 19:24:26.709   878  1108 I AudioFlinger: create audiotrack for es.udc.DDM.Grupo3DDM  uid 10488
06-19 19:24:26.709   878  1108 D AudioFlinger: Client defaulted notificationFrames to 882 for frameCount 1772
06-19 19:24:26.711   887   887 E libc    : Access denied finding property "ro.hardware.fp.fod"
06-19 19:24:26.711   887   887 E libc    : Access denied finding property "ro.hardware.fp.sideCap"
06-19 19:24:26.712   878  1108 D AF::TrackHandle: OpPlayAudio: track:774 usage:1 not muted
06-19 19:24:26.716 17544 17641 W AudioTrack: createTrack_l(979658103): AUDIO_OUTPUT_FLAG_FAST denied by server; frameCount 0 -> 1772
06-19 19:24:26.717 17544 17641 D UE4     : [2022.06.19-17.24.26:717][  0]LogAudioMixer: Display: Using Audio Device Android Audio Device
06-19 19:24:26.718 17544 17641 D UE4     : [2022.06.19-17.24.26:718][  0]LogAudioMixer: Display: Initializing Sound Submixes...
06-19 19:24:26.721 17544 17641 D UE4     : [2022.06.19-17.24.26:721][  0]LogAudioMixer: Display: Creating Master Submix 'MasterSubmixDefault'
06-19 19:24:26.722 17544 17641 D UE4     : [2022.06.19-17.24.26:722][  0]LogAudioMixer: Display: Creating Master Submix 'MasterReverbSubmixDefault'
06-19 19:24:26.725 17544 17641 D UE4     : [2022.06.19-17.24.26:725][  0]LogAudioMixer: Display: Creating Master Submix 'MasterEQSubmixDefault'
06-19 19:24:26.725 17544 17641 D UE4     : [2022.06.19-17.24.26:725][  0]LogAudioMixer: Display: Output buffers initialized: Frames=1152, Channels=2, Samples=2304
06-19 19:24:26.725 17544 17716 D UE4     : [2022.06.19-17.24.26:725][  0]LogAudioMixer: Display: Starting AudioMixerPlatformInterface::RunInternal()
06-19 19:24:26.729   887   887 E libc    : Access denied finding property "ro.hardware.fp.fod"
06-19 19:24:26.729   887   887 E libc    : Access denied finding property "ro.hardware.fp.sideCap"
06-19 19:24:26.733  3394  4071 D AudioManager: getStreamVolume isRestricted mode = 0
06-19 19:24:26.735   878  1104 D APM_AudioPolicyManager: startOutput portId 993
06-19 19:24:26.736   878  1104 D APM_AudioPolicyManager: getNewOutputDevices selected devices {type:0x2,@:}
06-19 19:24:26.736   878  1104 D APM_AudioPolicyManager: setOutputDevices device {type:0x2,@:} delayMs 0 force 0
06-19 19:24:26.736   878  1104 D APM_AudioPolicyManager: setOutputDevices() prevDevice {type:0x2,@:}
06-19 19:24:26.736   878  1104 D APM_AudioPolicyManager: setOutputDevices setting same device {type:0x2,@:} or null device, force=0, patch handle=783
06-19 19:24:26.736   878  1104 V AudioPolicyManagerCustom: checkAndSetVolume() set volumeSource 4 volume index 10 for device 0x02
06-19 19:24:26.737   878  1108 E AudioFlinger: open /proc/17544/cmdline error
06-19 19:24:26.737   878  1108 I AudioFlinger: setAppName(), name=[], active=[1]
06-19 19:24:26.738 17544 17641 D UE4     : [2022.06.19-17.24.26:738][  0]LogInit: FAudioDevice initialized.
06-19 19:24:26.738 17544 17715 D UE4     : [2022.06.19-17.24.26:738][  0]LogAudioMixer: Display: Audio Buffer Underrun (starvation) detected.
06-19 19:24:26.739 17544 17641 D UE4     : [2022.06.19-17.24.26:739][  0]LogNetVersion: Set ProjectVersion to 1.0.0.0. Version Checksum will be recalculated on next use.
06-19 19:24:26.739 17544 17641 D UE4     : [2022.06.19-17.24.26:739][  0]LogInit: Texture streaming: Enabled
06-19 19:24:26.739   764  1187 E volume_listener: check_and_set_gain_dep_cal: Failed to set gain dep cal level
06-19 19:24:26.740   764 13753 D audio_hw_primary: start_output_stream: enter: stream(0xf2cd2000)usecase(1: low-latency-playback) devices(0x2) is_haptic_usecase(0)
06-19 19:24:26.740   764 13753 D audio_hw_primary: select_devices for use case (low-latency-playback)
06-19 19:24:26.740   764 13753 I msm8974_platform: platform_check_and_set_codec_backend_cfg:becf: afe: bitwidth 24, samplerate 48000 channels 2, backend_idx 4 usecase = 1 device (speaker)
06-19 19:24:26.740   764 13753 D msm8974_platform: platform_split_snd_device: snd_device(2) num devices(1) new_snd_devices(0)
06-19 19:24:26.741   764 13753 I msm8974_platform: platform_check_and_set_codec_backend_cfg: new_snd_devices[0] is 2
06-19 19:24:26.741   764 13753 I msm8974_platform: platform_check_codec_backend_cfg:becf: afe: bitwidth 24, samplerate 48000 channels 2, backend_idx 4 usecase = 1 device (speaker)
06-19 19:24:26.741   764 13753 D msm8974_platform: platform_check_codec_backend_cfg:becf: afe: playback on codec device not supporting native playback set default Sample Rate(48k)
06-19 19:24:26.741   764 13753 I msm8974_platform: platform_check_codec_backend_cfg:becf: afe: Codec selected backend: 4 updated bit width: 24 and sample rate: 48000
06-19 19:24:26.741   764 13753 D audio_hw_primary: check_usecases_codec_backend:becf: force routing 0
06-19 19:24:26.741   764 13753 E msm8974_platform: platform_check_backends_match: Invalid snd_device = 
06-19 19:24:26.741   764 13753 D audio_hw_primary: check_usecases_codec_backend:becf: (76) check_usecases curr device: speaker, usecase device: backends match 0
06-19 19:24:26.741   764 13753 D audio_hw_primary: check_usecases_codec_backend:becf: check_usecases num.of Usecases to switch 0
06-19 19:24:26.741   764 13753 D msm8974_platform: platform_split_snd_device: snd_device(2) num devices(0) new_snd_devices(0)
06-19 19:24:26.741   764 13753 D hardware_info: hw_info_append_hw_type : device_name = speaker
06-19 19:24:26.741   764 13753 D msm8974_platform: platform_split_snd_device: snd_device(2) num devices(0) new_snd_devices(0)
06-19 19:24:26.741   764 13753 D audio_hw_primary: enable_snd_device: snd_device(2: speaker)
06-19 19:24:26.741   764 13753 I soundtrigger: audio_extn_sound_trigger_update_device_status: device 0x2 of type 0 for Event 1, with Raise=0
06-19 19:24:26.741   764 13753 E audio_route: # Path: speaker, length: 1
06-19 19:24:26.741   764 13753 E audio_route: #  id=0: ctl=Configuration
06-19 19:24:26.741   764 13753 E audio_route: #    id=0 value=14
06-19 19:24:26.741   764 13753 D audio_route: Apply path: speaker
06-19 19:24:26.741   764 13753 D audio_route: audio_route_apply_and_update_path name speaker
06-19 19:24:26.741   764 13753 I audio_hw_utils: audio_extn_utils_update_stream_output_app_type_cfg Allowing 24 and above bits playback on speaker ONLY at default sampling rate
06-19 19:24:26.741   764 13753 E soundtrigger: audio_extn_sound_trigger_update_stream_status: invalid input device 0x0, for event 3
06-19 19:24:26.741   764 13753 D soundtrigger: audio_extn_sound_trigger_update_stream_status: uc_info->id 1 of type 0 device 0x02 for Event 3, with Raise=0
06-19 19:24:26.741   764 13753 W soundtrigger: audio_extn_sound_trigger_update_stream_status: device[0x02]: speaker is NOT used, do NOT transit to adsp. 
06-19 19:24:26.741   764 13753 D audio_hw_utils: audio_extn_utils_send_app_type_cfg: usecase->out_snd_device speaker
06-19 19:24:26.741   764 13753 D msm8974_platform: platform_split_snd_device: snd_device(2) num devices(0) new_snd_devices(0)
06-19 19:24:26.741   764 13753 D audio_hw_utils: audio_extn_btsco_get_sample_rate:Not a BT SCO device, need not update sampling rate
06-19 19:24:26.741   764 13753 I audio_hw_utils: send_app_type_cfg_for_device PLAYBACK app_type 69937, acdb_dev_id 15, sample_rate 48000, snd_device_be_idx 39
06-19 19:24:26.742   764 13753 D msm8974_platform: platform_split_snd_device: snd_device(2) num devices(1) new_snd_devices(0)
06-19 19:24:26.742   764 13753 D audio_hw_utils: audio_extn_btsco_get_sample_rate:Not a BT SCO device, need not update sampling rate
06-19 19:24:26.742   764 13753 D ACDB-LOADER: ACDB -> send_audio_cal, acdb_id = 15, path = 0, app id = 0x11131, sample rate = 48000
06-19 19:24:26.742   764 13753 D ACDB-LOADER: ACDB -> send_asm_topology
06-19 19:24:26.742   764 13753 D ACDB-LOADER: ACDB -> ACDB_CMD_GET_AUDPROC_STREAM_TOPOLOGY_ID
06-19 19:24:26.742   764 13753 D ACDB-LOADER: ACDB -> send_adm_topology
06-19 19:24:26.742   764 13753 D ACDB-LOADER: ACDB -> ACDB_CMD_GET_AUDPROC_COMMON_TOPOLOGY_ID
06-19 19:24:26.742   764 13753 D ACDB-LOADER: ACDB -> send_audtable
06-19 19:24:26.742   764 13753 D ACDB-LOADER: ACDB -> ACDB_CMD_GET_AUDPROC_COMMON_TABLE_SIZE
06-19 19:24:26.742   764 13753 D ACDB-LOADER: ACDB -> ACDB_CMD_GET_AUDPROC_COMMON_TABLE
06-19 19:24:26.742   764 13753 D ACDB-LOADER: ACDB -> AUDIO_SET_AUDPROC_CAL
06-19 19:24:26.742   764 13753 D ACDB-LOADER: ACDB -> send_audvoltable
06-19 19:24:26.742   764 13753 D ACDB-LOADER: ACDB -> ACDB_CMD_GET_AUDPROC_VOL_STEP_TABLE_SIZE
06-19 19:24:26.742   764 13753 D ACDB-LOADER: ACDB -> ACDB_CMD_GET_AUDPROC_GAIN_DEP_STEP_TABLE, vol index 0
06-19 19:24:26.743   764 13753 D         : Failed to fetch the lookup information of the device 0000000F 
06-19 19:24:26.743   764 13753 E ACDB-LOADER: Error: ACDB AudProc vol returned = -19
06-19 19:24:26.743   764 13753 D ACDB-LOADER: ACDB -> AUDIO_SET_VOL_CAL cal type = 12
06-19 19:24:26.743   764 13753 D ACDB-LOADER: ACDB -> ACDB_CMD_GET_AUDPROC_STREAM_TABLE_SIZE
06-19 19:24:26.743   764 13753 D ACDB-LOADER: ACDB -> send_audstrmtable
06-19 19:24:26.743   764 13753 D ACDB-LOADER: ACDB -> ACDB_CMD_GET_AUDPROC_STREAM_TABLE_V2
06-19 19:24:26.743   764 13753 D ACDB-LOADER: ACDB -> audstrm_cal->cal_type.cal_data.cal_size = 16
06-19 19:24:26.743   764 13753 D ACDB-LOADER: ACDB -> send_afe_topology
06-19 19:24:26.743   764 13753 D ACDB-LOADER: ACDB -> ACDB_CMD_GET_AFE_TOPOLOGY_ID
06-19 19:24:26.743   764 13753 D ACDB-LOADER: ACDB -> GET_AFE_TOPOLOGY_ID for adcd_id 15, Topology Id 112fc
06-19 19:24:26.743   764 13753 D ACDB-LOADER: ACDB -> send_afe_cal
06-19 19:24:26.743   764 13753 D ACDB-LOADER: ACDB -> ACDB_CMD_GET_AFE_COMMON_TABLE_SIZE
06-19 19:24:26.743   764 13753 D         : Failed to fetch the lookup information of the device 0000000F 
06-19 19:24:26.743   764 13753 E ACDB-LOADER: Error: ACDB_CMD_GET_AFE_COMMON_TABLE_SIZE Returned = -19
06-19 19:24:26.743   764 13753 D ACDB-LOADER: ACDB -> ACDB_CMD_GET_AFE_COMMON_TABLE
06-19 19:24:26.743   764 13753 D         : Failed to fetch the lookup information of the device 0000000F 
06-19 19:24:26.743   764 13753 E ACDB-LOADER: Error: ACDB AFE returned = -19
06-19 19:24:26.743   764 13753 D ACDB-LOADER: ACDB -> AUDIO_SET_AFE_CAL
06-19 19:24:26.743   764 13753 D ACDB-LOADER: ACDB -> send_hw_delay : acdb_id = 15 path = 0
06-19 19:24:26.743   764 13753 D ACDB-LOADER: ACDB -> ACDB_AVSYNC_INFO: ACDB_CMD_GET_DEVICE_PROPERTY
06-19 19:24:26.743   764 13753 D msm8974_platform: platform_split_snd_device: snd_device(2) num devices(0) new_snd_devices(0)
06-19 19:24:26.743   764 13753 I msm8974_platform: platform_get_custom_mtmx_params: no matching param with id 0 ip_ch 2 op_ch 2 uc_id 1 snd_dev 2
06-19 19:24:26.743   764 13753 D audio_hw_primary: enable_audio_route: apply mixer and update path: low-latency-playback speaker
06-19 19:24:26.743   764 13753 E audio_route: # Path: low-latency-playback speaker, length: 1
06-19 19:24:26.743   764 13753 E audio_route: #  id=0: ctl=QUAT_MI2S_RX Audio Mixer MultiMedia5
06-19 19:24:26.743   764 13753 E audio_route: #    id=0 value=1
06-19 19:24:26.743   764 13753 D audio_route: Apply path: low-latency-playback speaker
06-19 19:24:26.743   764 13753 D audio_route: audio_route_apply_and_update_path name low-latency-playback speaker
06-19 19:24:26.743   887   887 E libc    : Access denied finding property "ro.hardware.fp.fod"
06-19 19:24:26.744   887   887 E libc    : Access denied finding property "ro.hardware.fp.sideCap"
06-19 19:24:26.744   764 13753 D send_data_to_xlog: send_misound_data_to_xlog: enter: usecase(1)
06-19 19:24:26.744   764 13753 D audio_hw_primary: select_devices: done
06-19 19:24:26.744   764 13753 D audio_hw_primary: start_output_stream: Opening PCM device card_id(0) device_id(13) format(0x4)
06-19 19:24:26.751 17544 17641 D UE4     : [2022.06.19-17.24.26:751][  0]LogAudio: Display: Audio Device (ID: 1) registered with world 'Untitled'.
06-19 19:24:26.752 17544 17641 D UE4     : [2022.06.19-17.24.26:752][  0]LogSlate: Updating window title bar state: overlay mode, drag disabled, window buttons hidden, title bar hidden
06-19 19:24:26.753 17544 17641 D UE4     : [2022.06.19-17.24.26:753][  0]LogInit: Display: Game Engine Initialized.
06-19 19:24:26.754 17544 17641 D UE4     : [2022.06.19-17.24.26:754][  0]LogInit: Display: Starting Game.
06-19 19:24:26.754 17544 17641 D UE4     : [2022.06.19-17.24.26:754][  0]LogNet: Browse: /Game/2DSideScrollerBP/Maps/2DSideScrollerExampleMap?Name=Player
06-19 19:24:26.754 17544 17641 D UE4     : [2022.06.19-17.24.26:754][  0]LogLoad: LoadMap: /Game/2DSideScrollerBP/Maps/2DSideScrollerExampleMap?Name=Player
06-19 19:24:26.754 17544 17641 D UE4     : [2022.06.19-17.24.26:754][  0]LogWorld: BeginTearingDown for /Temp/Untitled_0
06-19 19:24:26.756 17544 17641 D UE4     : [2022.06.19-17.24.26:756][  0]LogWorld: UWorld::CleanupWorld for Untitled, bSessionEnded=true, bCleanupResources=true
06-19 19:24:26.756 17544 17641 D UE4     : [2022.06.19-17.24.26:756][  0]LogSlate: InvalidateAllWidgets triggered.  All widgets were invalidated
06-19 19:24:26.761   887   887 E libc    : Access denied finding property "ro.hardware.fp.fod"
06-19 19:24:26.761   887   887 E libc    : Access denied finding property "ro.hardware.fp.sideCap"
06-19 19:24:26.762 17544 17641 D UE4     : [2022.06.19-17.24.26:762][  0]LogAudio: Display: Audio Device unregistered from world 'None'.
06-19 19:24:26.766 17544 17641 D UE4     : [2022.06.19-17.24.26:766][  0]LogUObjectHash: Compacting FUObjectHashTables data took   2.02ms
06-19 19:24:26.782   887   887 E libc    : Access denied finding property "ro.hardware.fp.fod"
06-19 19:24:26.783   887   887 E libc    : Access denied finding property "ro.hardware.fp.sideCap"
06-19 19:24:26.795   887   887 E libc    : Access denied finding property "ro.hardware.fp.fod"
06-19 19:24:26.795   887   887 E libc    : Access denied finding property "ro.hardware.fp.sideCap"
06-19 19:24:26.810   764 13753 D msm8974_platform: platform_set_channel_map mixer_ctl_name:Playback Channel Map13
06-19 19:24:26.810   764 13753 D msm8974_platform: platform_set_channel_map: set mapping(1 2 0 0 0 0 0 0) for channel:2
06-19 19:24:26.810   764 13753 E msm8974_platform: platform_set_channel_map: Could not set ctl, error:-22 ch_count:2
06-19 19:24:26.811   764 13753 D audio_hw_primary: start_output_stream: pcm_prepare
06-19 19:24:26.811   764 13753 D audio_hw_primary: start_output_stream: exit
06-19 19:24:26.811   764 13753 D audio_hw_primary: out_write: retry previous failed cal level set
06-19 19:24:26.811   764 13753 D msm8974_platform: platform_split_snd_device: snd_device(2) num devices(1) new_snd_devices(0)
06-19 19:24:26.811   764 13753 D ACDB-LOADER: ACDB -> send_audvoltable
06-19 19:24:26.811   764 13753 D ACDB-LOADER: ACDB -> ACDB_CMD_GET_AUDPROC_VOL_STEP_TABLE_SIZE
06-19 19:24:26.811   764 13753 D ACDB-LOADER: ACDB -> ACDB_CMD_GET_AUDPROC_GAIN_DEP_STEP_TABLE, vol index 5
06-19 19:24:26.811   764 13753 D         : Failed to fetch the lookup information of the device 0000000F 
06-19 19:24:26.811   764 13753 E ACDB-LOADER: Error: ACDB AudProc vol returned = -19
06-19 19:24:26.811   764 13753 D ACDB-LOADER: ACDB -> AUDIO_SET_VOL_CAL cal type = 40
06-19 19:24:26.811   764 13753 D msm8974_platform: platform_split_snd_device: snd_device(2) num devices(0) new_snd_devices(0)
06-19 19:24:26.811   764 13753 I msm8974_platform: platform_get_custom_mtmx_params: no matching param with id 0 ip_ch 2 op_ch 2 uc_id 1 snd_dev 2
06-19 19:24:26.829   887   887 E libc    : Access denied finding property "ro.hardware.fp.fod"
06-19 19:24:26.829   887   887 E libc    : Access denied finding property "ro.hardware.fp.sideCap"
06-19 19:24:26.832   764  1187 D msm8974_platform: platform_split_snd_device: snd_device(2) num devices(1) new_snd_devices(0)
06-19 19:24:26.832   764  1187 D ACDB-LOADER: ACDB -> send_audvoltable
06-19 19:24:26.832   764  1187 D ACDB-LOADER: ACDB -> ACDB_CMD_GET_AUDPROC_VOL_STEP_TABLE_SIZE
06-19 19:24:26.832   764  1187 D ACDB-LOADER: ACDB -> ACDB_CMD_GET_AUDPROC_GAIN_DEP_STEP_TABLE, vol index 3
06-19 19:24:26.832   764  1187 D         : Failed to fetch the lookup information of the device 0000000F 
06-19 19:24:26.832   764  1187 E ACDB-LOADER: Error: ACDB AudProc vol returned = -19
06-19 19:24:26.832   764  1187 D ACDB-LOADER: ACDB -> AUDIO_SET_VOL_CAL cal type = 40
06-19 19:24:26.840 17544 17641 D UE4     : [2022.06.19-17.24.26:840][  0]LogAudio: Display: Audio Device (ID: 1) registered with world '2DSideScrollerExampleMap'.
06-19 19:24:26.841 17544 17641 D UE4     : [2022.06.19-17.24.26:841][  0]LogAIModule: Creating AISystem for world 2DSideScrollerExampleMap
06-19 19:24:26.842 17544 17641 D UE4     : [2022.06.19-17.24.26:842][  0]LogLoad: Game class is 'Taiko_Gamemode_C'
06-19 19:24:26.844 17544 17641 D UE4     : [2022.06.19-17.24.26:844][  0]LogWorld: Bringing World /Game/2DSideScrollerBP/Maps/2DSideScrollerExampleMap.2DSideScrollerExampleMap up for play (max tick rate 0) at 2022.06.19-19.24.26
06-19 19:24:26.844 17544 17641 D UE4     : [2022.06.19-17.24.26:844][  0]LogWorld: Bringing up level for play took: 0.001298
06-19 19:24:26.844   887   887 E libc    : Access denied finding property "ro.hardware.fp.fod"
06-19 19:24:26.844   887   887 E libc    : Access denied finding property "ro.hardware.fp.sideCap"
06-19 19:24:26.845 17544 17641 D UE4     : [2022.06.19-17.24.26:845][  0]LogOnlineIdentity: Display: OSS: FOnlineIdentityGooglePlay::GetPlayerNickname
06-19 19:24:26.849 17544 17641 D UE4     : [2022.06.19-17.24.26:849][  0]LogOnline: OSS: StartShowLoginUITask PlayerId: 0
06-19 19:24:26.849 17544 17641 D UE4     : [2022.06.19-17.24.26:849][  0]LogOnline: OSS: StartShowLoginUITask Game Services was null
06-19 19:24:26.850 17544 17641 D UE4     : [2022.06.19-17.24.26:850][  0]LogLoad: Took 0.095815 seconds to LoadMap(/Game/2DSideScrollerBP/Maps/2DSideScrollerExampleMap)
06-19 19:24:26.863   887   887 E libc    : Access denied finding property "ro.hardware.fp.fod"
06-19 19:24:26.863   887   887 E libc    : Access denied finding property "ro.hardware.fp.sideCap"
06-19 19:24:26.867 17544 17701 D UE4     : AndroidEGL::  ReleaseContextOwnership,  thread releasing rendering context tid: 17701
06-19 19:24:26.867 17544 17701 D UE4     : AndroidEGL::ResetDisplay()
06-19 19:24:26.870 17544 17641 D UE4     : [2022.06.19-17.24.26:870][  0]LogRHI: Display: ShaderPipelineCache: Paused Batching. 1
06-19 19:24:26.870 17544 17641 D UE4     : [2022.06.19-17.24.26:870][  0]LogRHI: Display: ShaderPipelineCache: Resumed Batching. 0
06-19 19:24:26.870 17544 17641 D UE4     : [2022.06.19-17.24.26:870][  0]LogRHI: Display: ShaderPipelineCache: Batching Resumed.
06-19 19:24:26.870 17544 17641 D UE4     : [2022.06.19-17.24.26:870][  0]LogInit: Display: Engine is initialized. Leaving FEngineLoop::Init()
06-19 19:24:26.870 17544 17641 D UE4     : [2022.06.19-17.24.26:870][  0]LogAndroid: Passed GEngineLoop.Init()
06-19 19:24:26.871 17544 17641 D UE4     : [2022.06.19-17.24.26:871][  0]LogAndroidEvents: Display: LogAndroidEvents::DequeueAppEvent : 9, [width=-1, height=-1], APP_EVENT_STATE_ON_START
06-19 19:24:26.871 17544 17641 D UE4     : FAppEventManager::Tick processing, 9
06-19 19:24:26.871 17544 17641 D UE4     : [2022.06.19-17.24.26:871][  0]LogAndroidEvents: Display: LogAndroidEvents::DequeueAppEvent : 7, [width=-1, height=-1], APP_EVENT_STATE_ON_RESUME
06-19 19:24:26.871 17544 17641 D UE4     : FAppEventManager::Tick processing, 7
06-19 19:24:26.871 17544 17641 D UE4     : [2022.06.19-17.24.26:871][  0]LogAndroidEvents: Display: LogAndroidEvents::DequeueAppEvent : 0, [width=1080, height=2157], APP_EVENT_STATE_WINDOW_CREATED
06-19 19:24:26.871 17544 17641 D UE4     : FAppEventManager::Tick processing, 0
06-19 19:24:26.871 17544 17641 D UE4     : [2022.06.19-17.24.26:871][  0]LogAndroidEvents: Display: ExecWindowCreated
06-19 19:24:26.871 17544 17641 D UE4     : AndroidEGL::ReInitWindow()
06-19 19:24:26.871 17544 17641 D UE4     : [2022.06.19-17.24.26:871][  0]LogAndroid: AndroidEGL::RefreshWindowSize updating window size = 640, 1280, cached size : 0, 0 tid : 17641
06-19 19:24:26.871 17544 17641 D UE4     : [2022.06.19-17.24.26:871][  0]LogAndroid: AndroidEGL::ResizeSharedContextSurface, PImplData->Window=0x780d67d010, PImplData->eglWidth=8, PImplData->eglHeight=8!, CachedWidth=640, CachedHeight=1280, tid: 17641
06-19 19:24:26.871 17544 17641 D UE4     : AndroidEGL::UnBindShared()
06-19 19:24:26.871 17544 17641 D UE4     : AndroidEGL::ResetDisplay()
06-19 19:24:26.871 17544 17641 D UE4     : AndroidEGL::DestroySharedSurface()
06-19 19:24:26.871 17544 17641 D UE4     : AndroidEGL::InitSharedSurface 0
06-19 19:24:26.871 17544 17641 D UE4     : AndroidEGL::InitSharedSurface, Using CachedWindowRect, width: 640, height 1280 
06-19 19:24:26.871 17544 17641 D UE4     : AndroidEGL::InitSharedSurface, Using width: 640, height 1280 
06-19 19:24:26.871 17544 17641 D UE4     : AndroidEGL::InitSharedSurface, width: 640, height 1280 
06-19 19:24:26.871 17544 17641 D UE4     : AndroidEGL::CreateEGLSharedSurface(), auxSurface = eglCreatePbufferSurface(), 8x8
06-19 19:24:26.871 17544 17641 D UE4     : ExecWindowCreated, 0, 1, 1
06-19 19:24:26.871 17544 17641 D UE4     : [2022.06.19-17.24.26:871][  0]LogAndroidEvents: Display: LogAndroidEvents::DequeueAppEvent : 11, [width=-1, height=-1], APP_EVENT_STATE_WINDOW_GAINED_FOCUS
06-19 19:24:26.871 17544 17641 D UE4     : FAppEventManager::Tick processing, 11
06-19 19:24:26.872 17544 17641 D UE4     : [2022.06.19-17.24.26:871][  0]LogAndroidEvents: Display: LogAndroidEvents::DequeueAppEvent : 14, [width=-1, height=-1], APP_EVENT_STATE_APP_ACTIVATED
06-19 19:24:26.872 17544 17641 D UE4     : FAppEventManager::Tick processing, 14
06-19 19:24:26.872 17544 17641 D UE4     : Execution will be resumed!
06-19 19:24:26.872 17544 17641 D UE4     : [2022.06.19-17.24.26:872][  0]LogAndroidEvents: Display: LogAndroidEvents::DequeueAppEvent : 15, [width=-1, height=-1], APP_EVENT_RUN_CALLBACK
06-19 19:24:26.872 17544 17641 D UE4     : FAppEventManager::Tick processing, 15
06-19 19:24:26.872 17544 17641 D UE4     : [2022.06.19-17.24.26:872][  0]LogAndroidEvents: Display: Event thread callback running.
06-19 19:24:26.872 17544 17641 D UE4     : [2022.06.19-17.24.26:872][  0]LogAndroid: performing app foregrounding callback.
06-19 19:24:26.872 17544 17641 D UE4     : [GameActivity] Registering volume receiver
06-19 19:24:26.875 17544 17641 D AudioManager: getStreamVolume isRestricted mode = 0
06-19 19:24:26.876 17544 17719 D UE4     : [2022.06.19-17.24.26:876][  0]LogRenderer: Reallocating scene render targets to support 640x1280 Format 2 NumSamples 1 (Frame:1).
06-19 19:24:26.876 17544 17641 D UE4     : [GameActivity] startVolumeReceiver: 10
06-19 19:24:26.876 17544 17641 D UE4     : nativeVolumeEvent(10)
06-19 19:24:26.876 17544 17641 D UE4     : [GameActivity] Registering battery receiver
06-19 19:24:26.877 17544 17701 D UE4     : [2022.06.19-17.24.26:877][  0]LogRHI: AndroidOpenGL: Using a maximum of 510 occlusion queries.
06-19 19:24:26.877 17544 17641 D UE4     : [GameActivity] Registering headset receiver
06-19 19:24:26.878 17544 17641 D UE4     : [GameActivity] startHeadsetReceiver: 0
06-19 19:24:26.878 17544 17641 D UE4     : nativeHeadsetEvent(0)
06-19 19:24:26.878 17544 17641 D UE4     : [2022.06.19-17.24.26:878][  0]LogCore: Display: AppLifetime: Application has entered foreground
06-19 19:24:26.879 17544 17544 D UE4     : [GameActivity] Battery: status = 5, rawlevel = 100, scale = 100
06-19 19:24:26.879 17544 17544 D UE4     : nativeBatteryEvent(stat = 5, lvl = 100  temp = 32.00 C)
06-19 19:24:26.879 17544 17544 D UE4     : [GameActivity] headsetReceiver::onReceive
06-19 19:24:26.879 17544 17544 D UE4     : nativeHeadsetEvent(0)
06-19 19:24:26.884   887   887 E libc    : Access denied finding property "ro.hardware.fp.fod"
06-19 19:24:26.884   887   887 E libc    : Access denied finding property "ro.hardware.fp.sideCap"
06-19 19:24:26.890 17544 17701 D UE4     : [2022.06.19-17.24.26:890][  0]LogRHI: Using OpenGL program LRU cache: 0
06-19 19:24:26.896   887   887 E libc    : Access denied finding property "ro.hardware.fp.fod"
06-19 19:24:26.896   887   887 E libc    : Access denied finding property "ro.hardware.fp.sideCap"
06-19 19:24:26.913   887   887 E libc    : Access denied finding property "ro.hardware.fp.fod"
06-19 19:24:26.914   887   887 E libc    : Access denied finding property "ro.hardware.fp.sideCap"
06-19 19:24:26.945   887   887 E libc    : Access denied finding property "ro.hardware.fp.fod"
06-19 19:24:26.945   887   887 E libc    : Access denied finding property "ro.hardware.fp.sideCap"
06-19 19:24:26.963   887   887 E libc    : Access denied finding property "ro.hardware.fp.fod"
06-19 19:24:26.963   887   887 E libc    : Access denied finding property "ro.hardware.fp.sideCap"
06-19 19:24:26.979   887   887 E libc    : Access denied finding property "ro.hardware.fp.fod"
06-19 19:24:26.979   887   887 E libc    : Access denied finding property "ro.hardware.fp.sideCap"
06-19 19:24:26.996   887   887 E libc    : Access denied finding property "ro.hardware.fp.fod"
06-19 19:24:26.996   887   887 E libc    : Access denied finding property "ro.hardware.fp.sideCap"
06-19 19:24:27.001 17544 17641 D UE4     : [2022.06.19-17.24.27:001][  0]LogTcpMessaging: Initializing TcpMessaging bridge, listening on 127.0.0.1:6666
06-19 19:24:27.014   887   887 E libc    : Access denied finding property "ro.hardware.fp.fod"
06-19 19:24:27.014   887   887 E libc    : Access denied finding property "ro.hardware.fp.sideCap"
06-19 19:24:27.029   887   887 E libc    : Access denied finding property "ro.hardware.fp.fod"
06-19 19:24:27.029   887   887 E libc    : Access denied finding property "ro.hardware.fp.sideCap"
06-19 19:24:27.047   887   887 E libc    : Access denied finding property "ro.hardware.fp.fod"
06-19 19:24:27.047   887   887 E libc    : Access denied finding property "ro.hardware.fp.sideCap"
06-19 19:24:27.062   887   887 E libc    : Access denied finding property "ro.hardware.fp.fod"
06-19 19:24:27.063   887   887 E libc    : Access denied finding property "ro.hardware.fp.sideCap"
06-19 19:24:27.080   887   887 E libc    : Access denied finding property "ro.hardware.fp.fod"
06-19 19:24:27.081   887   887 E libc    : Access denied finding property "ro.hardware.fp.sideCap"
06-19 19:24:27.096   887   887 E libc    : Access denied finding property "ro.hardware.fp.fod"
06-19 19:24:27.097   887   887 E libc    : Access denied finding property "ro.hardware.fp.sideCap"
06-19 19:24:27.112   887   887 E libc    : Access denied finding property "ro.hardware.fp.fod"
06-19 19:24:27.112   887   887 E libc    : Access denied finding property "ro.hardware.fp.sideCap"
06-19 19:24:27.146   887   887 E libc    : Access denied finding property "ro.hardware.fp.fod"
06-19 19:24:27.146   887   887 E libc    : Access denied finding property "ro.hardware.fp.sideCap"
06-19 19:24:27.163   887   887 E libc    : Access denied finding property "ro.hardware.fp.fod"
06-19 19:24:27.164   887   887 E libc    : Access denied finding property "ro.hardware.fp.sideCap"
06-19 19:24:27.180   887   887 E libc    : Access denied finding property "ro.hardware.fp.fod"
06-19 19:24:27.180   887   887 E libc    : Access denied finding property "ro.hardware.fp.sideCap"
06-19 19:24:27.197   887   887 E libc    : Access denied finding property "ro.hardware.fp.fod"
06-19 19:24:27.197   887   887 E libc    : Access denied finding property "ro.hardware.fp.sideCap"
06-19 19:24:27.214   887   887 E libc    : Access denied finding property "ro.hardware.fp.fod"
06-19 19:24:27.214   887   887 E libc    : Access denied finding property "ro.hardware.fp.sideCap"
06-19 19:24:27.230   887   887 E libc    : Access denied finding property "ro.hardware.fp.fod"
06-19 19:24:27.230   887   887 E libc    : Access denied finding property "ro.hardware.fp.sideCap"
06-19 19:24:27.247   887   887 E libc    : Access denied finding property "ro.hardware.fp.fod"
06-19 19:24:27.247   887   887 E libc    : Access denied finding property "ro.hardware.fp.sideCap"
06-19 19:24:27.263   887   887 E libc    : Access denied finding property "ro.hardware.fp.fod"
06-19 19:24:27.264   887   887 E libc    : Access denied finding property "ro.hardware.fp.sideCap"
06-19 19:24:27.280   887   887 E libc    : Access denied finding property "ro.hardware.fp.fod"
06-19 19:24:27.281   887   887 E libc    : Access denied finding property "ro.hardware.fp.sideCap"
06-19 19:24:27.296   887   887 E libc    : Access denied finding property "ro.hardware.fp.fod"
06-19 19:24:27.296   887   887 E libc    : Access denied finding property "ro.hardware.fp.sideCap"
06-19 19:24:27.313   887   887 E libc    : Access denied finding property "ro.hardware.fp.fod"
06-19 19:24:27.314   887   887 E libc    : Access denied finding property "ro.hardware.fp.sideCap"
06-19 19:24:27.330   887   887 E libc    : Access denied finding property "ro.hardware.fp.fod"
06-19 19:24:27.330   887   887 E libc    : Access denied finding property "ro.hardware.fp.sideCap"
06-19 19:24:27.345   887   887 E libc    : Access denied finding property "ro.hardware.fp.fod"
06-19 19:24:27.345   887   887 E libc    : Access denied finding property "ro.hardware.fp.sideCap"
06-19 19:24:27.363   887   887 E libc    : Access denied finding property "ro.hardware.fp.fod"
06-19 19:24:27.363   887   887 E libc    : Access denied finding property "ro.hardware.fp.sideCap"
06-19 19:24:27.379   887   887 E libc    : Access denied finding property "ro.hardware.fp.fod"
06-19 19:24:27.379   887   887 E libc    : Access denied finding property "ro.hardware.fp.sideCap"
06-19 19:24:27.397   887   887 E libc    : Access denied finding property "ro.hardware.fp.fod"
06-19 19:24:27.397   887   887 E libc    : Access denied finding property "ro.hardware.fp.sideCap"
06-19 19:24:27.413   887   887 E libc    : Access denied finding property "ro.hardware.fp.fod"
06-19 19:24:27.413   887   887 E libc    : Access denied finding property "ro.hardware.fp.sideCap"
06-19 19:24:27.430   887   887 E libc    : Access denied finding property "ro.hardware.fp.fod"
06-19 19:24:27.430   887   887 E libc    : Access denied finding property "ro.hardware.fp.sideCap"
06-19 19:24:27.448   887   887 E libc    : Access denied finding property "ro.hardware.fp.fod"
06-19 19:24:27.448   887   887 E libc    : Access denied finding property "ro.hardware.fp.sideCap"
06-19 19:24:27.456  2328  2328 D SignalClusterView: updateMobileTypeImage  0
06-19 19:24:27.463  2328  2328 I chatty  : uid=1000(system) com.android.systemui identical 5 lines
06-19 19:24:27.464  2328  2328 D SignalClusterView: updateMobileTypeImage  0
06-19 19:24:27.479   887   887 E libc    : Access denied finding property "ro.hardware.fp.fod"
06-19 19:24:27.479   887   887 E libc    : Access denied finding property "ro.hardware.fp.sideCap"
06-19 19:24:27.496   887   887 E libc    : Access denied finding property "ro.hardware.fp.fod"
06-19 19:24:27.496   887   887 E libc    : Access denied finding property "ro.hardware.fp.sideCap"
06-19 19:24:27.513   887   887 E libc    : Access denied finding property "ro.hardware.fp.fod"
06-19 19:24:27.513   887   887 E libc    : Access denied finding property "ro.hardware.fp.sideCap"
06-19 19:24:27.532   887   887 E libc    : Access denied finding property "ro.hardware.fp.fod"
06-19 19:24:27.532   887   887 E libc    : Access denied finding property "ro.hardware.fp.sideCap"
06-19 19:24:27.549   887   887 E libc    : Access denied finding property "ro.hardware.fp.fod"
06-19 19:24:27.549   887   887 E libc    : Access denied finding property "ro.hardware.fp.sideCap"
06-19 19:24:27.564   887   887 E libc    : Access denied finding property "ro.hardware.fp.fod"
06-19 19:24:27.564   887   887 E libc    : Access denied finding property "ro.hardware.fp.sideCap"
06-19 19:24:27.581   887   887 E libc    : Access denied finding property "ro.hardware.fp.fod"
06-19 19:24:27.581   887   887 E libc    : Access denied finding property "ro.hardware.fp.sideCap"
06-19 19:24:27.613   887   887 E libc    : Access denied finding property "ro.hardware.fp.fod"
06-19 19:24:27.613   887   887 E libc    : Access denied finding property "ro.hardware.fp.sideCap"
06-19 19:24:27.630   887   887 E libc    : Access denied finding property "ro.hardware.fp.fod"
06-19 19:24:27.630   887   887 E libc    : Access denied finding property "ro.hardware.fp.sideCap"
06-19 19:24:27.646   887   887 E libc    : Access denied finding property "ro.hardware.fp.fod"
06-19 19:24:27.646   887   887 E libc    : Access denied finding property "ro.hardware.fp.sideCap"
06-19 19:24:27.664   887   887 E libc    : Access denied finding property "ro.hardware.fp.fod"
06-19 19:24:27.664   887   887 E libc    : Access denied finding property "ro.hardware.fp.sideCap"
06-19 19:24:27.672   887   887 W surfaceflinger: type=1400 audit(0.0:3191705): avc: denied { read } for name="u:object_r:vendor_fp_prop:s0" dev="tmpfs" ino=16614 scontext=u:r:surfaceflinger:s0 tcontext=u:object_r:vendor_fp_prop:s0 tclass=file permissive=0
06-19 19:24:27.681   887   887 E libc    : Access denied finding property "ro.hardware.fp.fod"
06-19 19:24:27.681   887   887 E libc    : Access denied finding property "ro.hardware.fp.sideCap"
06-19 19:24:27.672   887   887 W surfaceflinger: type=1400 audit(0.0:3191706): avc: denied { read } for name="u:object_r:vendor_fp_prop:s0" dev="tmpfs" ino=16614 scontext=u:r:surfaceflinger:s0 tcontext=u:object_r:vendor_fp_prop:s0 tclass=file permissive=0
06-19 19:24:27.697   887   887 E libc    : Access denied finding property "ro.hardware.fp.fod"
06-19 19:24:27.698   887   887 E libc    : Access denied finding property "ro.hardware.fp.sideCap"
06-19 19:24:27.682   887   887 W surfaceflinger: type=1400 audit(0.0:3191707): avc: denied { read } for name="u:object_r:vendor_fp_prop:s0" dev="tmpfs" ino=16614 scontext=u:r:surfaceflinger:s0 tcontext=u:object_r:vendor_fp_prop:s0 tclass=file permissive=0
06-19 19:24:27.682   887   887 I chatty  : uid=1000(system) /system/bin/surfaceflinger identical 1 line
06-19 19:24:27.702   887   887 W surfaceflinger: type=1400 audit(0.0:3191709): avc: denied { read } for name="u:object_r:vendor_fp_prop:s0" dev="tmpfs" ino=16614 scontext=u:r:surfaceflinger:s0 tcontext=u:object_r:vendor_fp_prop:s0 tclass=file permissive=0
06-19 19:24:27.714   887   887 E libc    : Access denied finding property "ro.hardware.fp.fod"
06-19 19:24:27.714   887   887 E libc    : Access denied finding property "ro.hardware.fp.sideCap"
06-19 19:24:27.732   887   887 E libc    : Access denied finding property "ro.hardware.fp.fod"
06-19 19:24:27.732   887   887 E libc    : Access denied finding property "ro.hardware.fp.sideCap"
06-19 19:24:27.747   887   887 E libc    : Access denied finding property "ro.hardware.fp.fod"
06-19 19:24:27.747   887   887 E libc    : Access denied finding property "ro.hardware.fp.sideCap"
06-19 19:24:27.749 17544 17641 D UE4     : [2022.06.19-17.24.27:749][  0]LogUdpMessaging: Initializing bridge on interface 0.0.0.0:0 to multicast group 230.0.0.1:6666.
06-19 19:24:27.752 17544 17641 D UE4     : [2022.06.19-17.24.27:752][  0]LogCore: Display: AppLifetime: Application has reactivated
06-19 19:24:27.752 17544 17641 D UE4     : [2022.06.19-17.24.27:752][  0]LogTemp: Android resume audio
06-19 19:24:27.752 17544 17641 D UE4     : [2022.06.19-17.24.27:752][  0]LogInit: First time updating LLM stats...
06-19 19:24:27.756 17544 17701 D UE4     : [2022.06.19-17.24.27:755][  0]LogAndroid: AndroidEGL::ResizeRenderContextSurface, PImplData->Window=0x780d67d010, PImplData->eglWidth=8, PImplData->eglHeight=8!, CachedWidth=640, CachedHeight=1280, tid: 17701
06-19 19:24:27.756 17544 17701 D UE4     : AndroidEGL::UnBindRender()
06-19 19:24:27.756 17544 17701 D UE4     : AndroidEGL::ResetDisplay()
06-19 19:24:27.758 17544 17701 D UE4     : AndroidEGL::DestroyRenderSurface()
06-19 19:24:27.765   887   887 E libc    : Access denied finding property "ro.hardware.fp.fod"
06-19 19:24:27.765   887   887 E libc    : Access denied finding property "ro.hardware.fp.sideCap"
06-19 19:24:27.766 17544 17701 D UE4     : AndroidEGL::InitRenderSurface 0, 1
06-19 19:24:27.766 17544 17701 D UE4     : AndroidEGL::InitRenderSurface, Using CachedWindowRect, width: 640, height 1280 
06-19 19:24:27.766 17544 17701 D UE4     : AndroidEGL::InitRenderSurface, Using width: 640, height 1280 
06-19 19:24:27.766 17544 17701 D UE4     : AndroidEGL::InitRenderSurface, wnd: 0x780d67d010, width: 640, height 1280 
06-19 19:24:27.766 17544 17701 D UE4     : AndroidEGL::CreateEGLRenderSurface() 0x7863b28000
06-19 19:24:27.771 17544 17641 D UE4     : [2022.06.19-17.24.27:771][  0]LogAndroid: Display: Low Power Mode Changed: 0
06-19 19:24:27.777 17544 17641 D UE4     : [2022.06.19-17.24.27:777][  0]LogSlate: Took 0.000926 seconds to synchronously load lazily loaded font '../../../Engine/Content/Slate/Fonts/Roboto-Regular.ttf' (155K)
06-19 19:24:27.781   887   887 E libc    : Access denied finding property "ro.hardware.fp.fod"
06-19 19:24:27.782   887   887 E libc    : Access denied finding property "ro.hardware.fp.sideCap"
06-19 19:24:27.784 17544 17692 D UE4     : [2022.06.19-17.24.27:784][  1]LogOnline: OSS: FOnlineAsyncTaskGooglePlayLogin::Start_OnTaskThread
06-19 19:24:27.784 17544 17692 D UE4     : [2022.06.19-17.24.27:784][  1]LogOnline: OSS: FOnlineAsyncTaskGooglePlayLogin::Start_OnTaskThread initializing game services
06-19 19:24:27.785 17544 17692 V GamesNativeSDK: Attached to JVM on thread 514796707152
06-19 19:24:27.787 17544 17692 V GamesNativeSDK: Using classes from /data/user/0/es.udc.DDM.Grupo3DDM/app_.gpg.classloader/2e190de0913242cfb3e30a895073c67e_games.jar.
06-19 19:24:27.787 17544 17692 I GamesNativeSDK: Writing 1941 bytes to jar file
06-19 19:24:27.791 17544 17692 V GamesNativeSDK: Using classes from /data/user/0/es.udc.DDM.Grupo3DDM/app_.gpg.classloader/d4a165677a8f8e2f478bf30b197f93de_nearby.jar.
06-19 19:24:27.791 17544 17692 I GamesNativeSDK: Writing 1066 bytes to jar file
